-- The C compiler identification is GNU 11.4.0
-- The CXX compiler identification is GNU 11.4.0
-- Detecting C compiler ABI info
-- Detecting C compiler ABI info - done
-- Check for working C compiler: /usr/bin/cc - skipped
-- Detecting C compile features
-- Detecting C compile features - done
-- Detecting CXX compiler ABI info
-- Detecting CXX compiler ABI info - done
-- Check for working CXX compiler: /usr/bin/c++ - skipped
-- Detecting CXX compile features
-- Detecting CXX compile features - done
-- Found ament_cmake: 1.3.11 (/opt/ros/humble/share/ament_cmake/cmake)
-- Found Python3: /usr/bin/python3 (found version "3.10.12") found components: Interpreter 
-- Configuring done
-- Generating done
-- Build files have been written to: /home/ivan/Webots_YOLOv8/build/soccer_interfaces
-- Install configuration: ""
-- Installing: /home/ivan/Webots_YOLOv8/install/soccer_interfaces/share/ament_index/resource_index/package_run_dependencies/soccer_interfaces
-- Installing: /home/ivan/Webots_YOLOv8/install/soccer_interfaces/share/ament_index/resource_index/parent_prefix_path/soccer_interfaces
-- Installing: /home/ivan/Webots_YOLOv8/install/soccer_interfaces/share/soccer_interfaces/environment/ament_prefix_path.sh
-- Installing: /home/ivan/Webots_YOLOv8/install/soccer_interfaces/share/soccer_interfaces/environment/ament_prefix_path.dsv
-- Installing: /home/ivan/Webots_YOLOv8/install/soccer_interfaces/share/soccer_interfaces/environment/path.sh
-- Installing: /home/ivan/Webots_YOLOv8/install/soccer_interfaces/share/soccer_interfaces/environment/path.dsv
-- Installing: /home/ivan/Webots_YOLOv8/install/soccer_interfaces/share/soccer_interfaces/local_setup.bash
-- Installing: /home/ivan/Webots_YOLOv8/install/soccer_interfaces/share/soccer_interfaces/local_setup.sh
-- Installing: /home/ivan/Webots_YOLOv8/install/soccer_interfaces/share/soccer_interfaces/local_setup.zsh
-- Installing: /home/ivan/Webots_YOLOv8/install/soccer_interfaces/share/soccer_interfaces/local_setup.dsv
-- Installing: /home/ivan/Webots_YOLOv8/install/soccer_interfaces/share/soccer_interfaces/package.dsv
-- Installing: /home/ivan/Webots_YOLOv8/install/soccer_interfaces/share/ament_index/resource_index/packages/soccer_interfaces
-- Installing: /home/ivan/Webots_YOLOv8/install/soccer_interfaces/share/soccer_interfaces/cmake/soccer_interfacesConfig.cmake
-- Installing: /home/ivan/Webots_YOLOv8/install/soccer_interfaces/share/soccer_interfaces/cmake/soccer_interfacesConfig-version.cmake
-- Installing: /home/ivan/Webots_YOLOv8/install/soccer_interfaces/share/soccer_interfaces/package.xml
