[1.505s] Invoking command in '/home/ivan/Webots_YOLOv8/src/my_package': PYTHONPATH=/home/ivan/Webots_YOLOv8/build/my_package/prefix_override:/usr/lib/python3/dist-packages/colcon_core/task/python/colcon_distutils_commands:/home/ivan/Webots_YOLOv8/install/my_package/lib/python3.10/site-packages:${PYTHONPATH} /usr/bin/python3 -W ignore:setup.py install is deprecated -W ignore:easy_install command is deprecated setup.py egg_info --egg-base ../../build/my_package build --build-base /home/ivan/Webots_YOLOv8/build/my_package/build install --record /home/ivan/Webots_YOLOv8/build/my_package/install.log --single-version-externally-managed install_data
[2.028s] running egg_info
[2.028s] writing ../../build/my_package/my_package.egg-info/PKG-INFO
[2.028s] writing dependency_links to ../../build/my_package/my_package.egg-info/dependency_links.txt
[2.028s] writing entry points to ../../build/my_package/my_package.egg-info/entry_points.txt
[2.028s] writing requirements to ../../build/my_package/my_package.egg-info/requires.txt
[2.029s] writing top-level names to ../../build/my_package/my_package.egg-info/top_level.txt
[2.032s] reading manifest file '../../build/my_package/my_package.egg-info/SOURCES.txt'
[2.034s] adding license file 'LICENSE'
[2.035s] writing manifest file '../../build/my_package/my_package.egg-info/SOURCES.txt'
[2.035s] running build
[2.036s] running build_py
[2.036s] copying my_package/my_robot_driver.py -> /home/ivan/Webots_YOLOv8/build/my_package/build/lib/my_package
[2.037s] running install
[2.038s] running install_lib
[2.042s] copying /home/ivan/Webots_YOLOv8/build/my_package/build/lib/my_package/my_robot_driver.py -> /home/ivan/Webots_YOLOv8/install/my_package/lib/python3.10/site-packages/my_package
[2.042s] byte-compiling /home/ivan/Webots_YOLOv8/install/my_package/lib/python3.10/site-packages/my_package/my_robot_driver.py to my_robot_driver.cpython-310.pyc
[2.043s] running install_data
[2.043s] copying launch/robot_launch.py -> /home/ivan/Webots_YOLOv8/install/my_package/share/my_package/launch
[2.043s] running install_egg_info
[2.047s] removing '/home/ivan/Webots_YOLOv8/install/my_package/lib/python3.10/site-packages/my_package-0.0.0-py3.10.egg-info' (and everything under it)
[2.047s] Copying ../../build/my_package/my_package.egg-info to /home/ivan/Webots_YOLOv8/install/my_package/lib/python3.10/site-packages/my_package-0.0.0-py3.10.egg-info
[2.049s] running install_scripts
[2.084s] Installing keyboard_teleop script to /home/ivan/Webots_YOLOv8/install/my_package/lib/my_package
[2.084s] Installing my_robot_driver script to /home/ivan/Webots_YOLOv8/install/my_package/lib/my_package
[2.085s] writing list of installed files to '/home/ivan/Webots_YOLOv8/build/my_package/install.log'
[2.131s] Invoked command in '/home/ivan/Webots_YOLOv8/src/my_package' returned '0': PYTHONPATH=/home/ivan/Webots_YOLOv8/build/my_package/prefix_override:/usr/lib/python3/dist-packages/colcon_core/task/python/colcon_distutils_commands:/home/ivan/Webots_YOLOv8/install/my_package/lib/python3.10/site-packages:${PYTHONPATH} /usr/bin/python3 -W ignore:setup.py install is deprecated -W ignore:easy_install command is deprecated setup.py egg_info --egg-base ../../build/my_package build --build-base /home/ivan/Webots_YOLOv8/build/my_package/build install --record /home/ivan/Webots_YOLOv8/build/my_package/install.log --single-version-externally-managed install_data
