[1.041s] Invoking command in '/home/ivan/Webots_YOLOv8/src/Webots_YOLOv8': CMAKE_PREFIX_PATH=/home/ivan/Webots_YOLOv8/install/soccer_vision_2d_msgs:/home/ivan/Webots_YOLOv8/install/soccer_vision_attribute_msgs:/home/ivan/Webots_YOLOv8/install/soccer_interfaces:/home/ivan/Webots_YOLOv8/install/soccer_vision_3d_msgs:/home/ivan/Webots_YOLOv8/install/soccer_model_msgs:/home/ivan/Webots_YOLOv8/install/soccer_geometry_msgs:/home/ivan/Webots_YOLOv8/install/ipm_interfaces:/home/ivan/ros2_ws/install/edrom_msgs LD_LIBRARY_PATH=/home/ivan/Webots_YOLOv8/install/soccer_vision_2d_msgs/lib:/home/ivan/Webots_YOLOv8/install/soccer_vision_attribute_msgs/lib:/home/ivan/Webots_YOLOv8/install/soccer_vision_3d_msgs/lib:/home/ivan/Webots_YOLOv8/install/soccer_model_msgs/lib:/home/ivan/Webots_YOLOv8/install/soccer_geometry_msgs/lib:/home/ivan/Webots_YOLOv8/install/ipm_interfaces/lib:/home/ivan/ros2_ws/install/edrom_msgs/lib:/opt/ros/humble/opt/rviz_ogre_vendor/lib:/opt/ros/humble/lib/x86_64-linux-gnu:/opt/ros/humble/lib PYTHONPATH=/home/ivan/Webots_YOLOv8/build/Webots_YOLOv8/prefix_override:/usr/lib/python3/dist-packages/colcon_core/task/python/colcon_distutils_commands:/home/ivan/Webots_YOLOv8/install/Webots_YOLOv8/lib/python3.10/site-packages:${PYTHONPATH} /usr/bin/python3 -W ignore:setup.py install is deprecated -W ignore:easy_install command is deprecated setup.py egg_info --egg-base ../../build/Webots_YOLOv8 build --build-base /home/ivan/Webots_YOLOv8/build/Webots_YOLOv8/build install --record /home/ivan/Webots_YOLOv8/build/Webots_YOLOv8/install.log --single-version-externally-managed install_data
[1.354s] running egg_info
[1.355s] creating ../../build/Webots_YOLOv8/Webots_YOLOv8.egg-info
[1.356s] writing ../../build/Webots_YOLOv8/Webots_YOLOv8.egg-info/PKG-INFO
[1.356s] writing dependency_links to ../../build/Webots_YOLOv8/Webots_YOLOv8.egg-info/dependency_links.txt
[1.356s] writing entry points to ../../build/Webots_YOLOv8/Webots_YOLOv8.egg-info/entry_points.txt
[1.356s] writing requirements to ../../build/Webots_YOLOv8/Webots_YOLOv8.egg-info/requires.txt
[1.357s] writing top-level names to ../../build/Webots_YOLOv8/Webots_YOLOv8.egg-info/top_level.txt
[1.357s] writing manifest file '../../build/Webots_YOLOv8/Webots_YOLOv8.egg-info/SOURCES.txt'
[1.361s] reading manifest file '../../build/Webots_YOLOv8/Webots_YOLOv8.egg-info/SOURCES.txt'
[1.362s] writing manifest file '../../build/Webots_YOLOv8/Webots_YOLOv8.egg-info/SOURCES.txt'
[1.362s] running build
[1.362s] running build_py
[1.362s] creating /home/ivan/Webots_YOLOv8/build/Webots_YOLOv8/build
[1.362s] creating /home/ivan/Webots_YOLOv8/build/Webots_YOLOv8/build/lib
[1.363s] creating /home/ivan/Webots_YOLOv8/build/Webots_YOLOv8/build/lib/Webots_YOLOv8
[1.363s] copying Webots_YOLOv8/yolo_simulation.py -> /home/ivan/Webots_YOLOv8/build/Webots_YOLOv8/build/lib/Webots_YOLOv8
[1.363s] copying Webots_YOLOv8/__init__.py -> /home/ivan/Webots_YOLOv8/build/Webots_YOLOv8/build/lib/Webots_YOLOv8
[1.363s] copying Webots_YOLOv8/running_inference.py -> /home/ivan/Webots_YOLOv8/build/Webots_YOLOv8/build/lib/Webots_YOLOv8
[1.364s] running install
[1.364s] running install_lib
[1.365s] creating /home/ivan/Webots_YOLOv8/install/Webots_YOLOv8/lib/python3.10/site-packages/Webots_YOLOv8
[1.365s] copying /home/ivan/Webots_YOLOv8/build/Webots_YOLOv8/build/lib/Webots_YOLOv8/yolo_simulation.py -> /home/ivan/Webots_YOLOv8/install/Webots_YOLOv8/lib/python3.10/site-packages/Webots_YOLOv8
[1.365s] copying /home/ivan/Webots_YOLOv8/build/Webots_YOLOv8/build/lib/Webots_YOLOv8/__init__.py -> /home/ivan/Webots_YOLOv8/install/Webots_YOLOv8/lib/python3.10/site-packages/Webots_YOLOv8
[1.365s] copying /home/ivan/Webots_YOLOv8/build/Webots_YOLOv8/build/lib/Webots_YOLOv8/running_inference.py -> /home/ivan/Webots_YOLOv8/install/Webots_YOLOv8/lib/python3.10/site-packages/Webots_YOLOv8
[1.366s] byte-compiling /home/ivan/Webots_YOLOv8/install/Webots_YOLOv8/lib/python3.10/site-packages/Webots_YOLOv8/yolo_simulation.py to yolo_simulation.cpython-310.pyc
[1.367s] byte-compiling /home/ivan/Webots_YOLOv8/install/Webots_YOLOv8/lib/python3.10/site-packages/Webots_YOLOv8/__init__.py to __init__.cpython-310.pyc
[1.368s] byte-compiling /home/ivan/Webots_YOLOv8/install/Webots_YOLOv8/lib/python3.10/site-packages/Webots_YOLOv8/running_inference.py to running_inference.cpython-310.pyc
[1.368s] running install_data
[1.368s] copying package.xml -> /home/ivan/Webots_YOLOv8/install/Webots_YOLOv8/share/Webots_YOLOv8
[1.368s] creating /home/ivan/Webots_YOLOv8/install/Webots_YOLOv8/share/Webots_YOLOv8/launch
[1.369s] copying launch/vision.launch.py -> /home/ivan/Webots_YOLOv8/install/Webots_YOLOv8/share/Webots_YOLOv8/launch
[1.369s] creating /home/ivan/Webots_YOLOv8/install/Webots_YOLOv8/share/Webots_YOLOv8/modelo
[1.369s] copying modelo/best.pt -> /home/ivan/Webots_YOLOv8/install/Webots_YOLOv8/share/Webots_YOLOv8/modelo
[1.382s] creating /home/ivan/Webots_YOLOv8/install/Webots_YOLOv8/share/Webots_YOLOv8/resource
[1.383s] copying resource/Webots_YOLOv8 -> /home/ivan/Webots_YOLOv8/install/Webots_YOLOv8/share/Webots_YOLOv8/resource
[1.383s] running install_egg_info
[1.386s] Copying ../../build/Webots_YOLOv8/Webots_YOLOv8.egg-info to /home/ivan/Webots_YOLOv8/install/Webots_YOLOv8/lib/python3.10/site-packages/Webots_YOLOv8-0.0.1-py3.10.egg-info
[1.387s] running install_scripts
[1.421s] Installing finder script to /home/ivan/Webots_YOLOv8/install/Webots_YOLOv8/lib/Webots_YOLOv8
[1.422s] writing list of installed files to '/home/ivan/Webots_YOLOv8/build/Webots_YOLOv8/install.log'
[1.485s] Invoked command in '/home/ivan/Webots_YOLOv8/src/Webots_YOLOv8' returned '0': CMAKE_PREFIX_PATH=/home/ivan/Webots_YOLOv8/install/soccer_vision_2d_msgs:/home/ivan/Webots_YOLOv8/install/soccer_vision_attribute_msgs:/home/ivan/Webots_YOLOv8/install/soccer_interfaces:/home/ivan/Webots_YOLOv8/install/soccer_vision_3d_msgs:/home/ivan/Webots_YOLOv8/install/soccer_model_msgs:/home/ivan/Webots_YOLOv8/install/soccer_geometry_msgs:/home/ivan/Webots_YOLOv8/install/ipm_interfaces:/home/ivan/ros2_ws/install/edrom_msgs LD_LIBRARY_PATH=/home/ivan/Webots_YOLOv8/install/soccer_vision_2d_msgs/lib:/home/ivan/Webots_YOLOv8/install/soccer_vision_attribute_msgs/lib:/home/ivan/Webots_YOLOv8/install/soccer_vision_3d_msgs/lib:/home/ivan/Webots_YOLOv8/install/soccer_model_msgs/lib:/home/ivan/Webots_YOLOv8/install/soccer_geometry_msgs/lib:/home/ivan/Webots_YOLOv8/install/ipm_interfaces/lib:/home/ivan/ros2_ws/install/edrom_msgs/lib:/opt/ros/humble/opt/rviz_ogre_vendor/lib:/opt/ros/humble/lib/x86_64-linux-gnu:/opt/ros/humble/lib PYTHONPATH=/home/ivan/Webots_YOLOv8/build/Webots_YOLOv8/prefix_override:/usr/lib/python3/dist-packages/colcon_core/task/python/colcon_distutils_commands:/home/ivan/Webots_YOLOv8/install/Webots_YOLOv8/lib/python3.10/site-packages:${PYTHONPATH} /usr/bin/python3 -W ignore:setup.py install is deprecated -W ignore:easy_install command is deprecated setup.py egg_info --egg-base ../../build/Webots_YOLOv8 build --build-base /home/ivan/Webots_YOLOv8/build/Webots_YOLOv8/build install --record /home/ivan/Webots_YOLOv8/build/Webots_YOLOv8/install.log --single-version-externally-managed install_data
