/home/ivan/Webots_YOLOv8/install/soccer_ipm/lib/python3.10/site-packages/soccer_ipm/utils.py
/home/ivan/Webots_YOLOv8/install/soccer_ipm/lib/python3.10/site-packages/soccer_ipm/__init__.py
/home/ivan/Webots_YOLOv8/install/soccer_ipm/lib/python3.10/site-packages/soccer_ipm/soccer_ipm.py
/home/ivan/Webots_YOLOv8/install/soccer_ipm/lib/python3.10/site-packages/soccer_ipm/msgs/obstacles.py
/home/ivan/Webots_YOLOv8/install/soccer_ipm/lib/python3.10/site-packages/soccer_ipm/msgs/__init__.py
/home/ivan/Webots_YOLOv8/install/soccer_ipm/lib/python3.10/site-packages/soccer_ipm/msgs/markings.py
/home/ivan/Webots_YOLOv8/install/soccer_ipm/lib/python3.10/site-packages/soccer_ipm/msgs/robots.py
/home/ivan/Webots_YOLOv8/install/soccer_ipm/lib/python3.10/site-packages/soccer_ipm/msgs/ball.py
/home/ivan/Webots_YOLOv8/install/soccer_ipm/lib/python3.10/site-packages/soccer_ipm/msgs/goalpost.py
/home/ivan/Webots_YOLOv8/install/soccer_ipm/lib/python3.10/site-packages/soccer_ipm/msgs/field_boundary.py
/home/ivan/Webots_YOLOv8/install/soccer_ipm/lib/python3.10/site-packages/soccer_ipm/__pycache__/utils.cpython-310.pyc
/home/ivan/Webots_YOLOv8/install/soccer_ipm/lib/python3.10/site-packages/soccer_ipm/__pycache__/__init__.cpython-310.pyc
/home/ivan/Webots_YOLOv8/install/soccer_ipm/lib/python3.10/site-packages/soccer_ipm/__pycache__/soccer_ipm.cpython-310.pyc
/home/ivan/Webots_YOLOv8/install/soccer_ipm/lib/python3.10/site-packages/soccer_ipm/msgs/__pycache__/obstacles.cpython-310.pyc
/home/ivan/Webots_YOLOv8/install/soccer_ipm/lib/python3.10/site-packages/soccer_ipm/msgs/__pycache__/__init__.cpython-310.pyc
/home/ivan/Webots_YOLOv8/install/soccer_ipm/lib/python3.10/site-packages/soccer_ipm/msgs/__pycache__/markings.cpython-310.pyc
/home/ivan/Webots_YOLOv8/install/soccer_ipm/lib/python3.10/site-packages/soccer_ipm/msgs/__pycache__/robots.cpython-310.pyc
/home/ivan/Webots_YOLOv8/install/soccer_ipm/lib/python3.10/site-packages/soccer_ipm/msgs/__pycache__/ball.cpython-310.pyc
/home/ivan/Webots_YOLOv8/install/soccer_ipm/lib/python3.10/site-packages/soccer_ipm/msgs/__pycache__/goalpost.cpython-310.pyc
/home/ivan/Webots_YOLOv8/install/soccer_ipm/lib/python3.10/site-packages/soccer_ipm/msgs/__pycache__/field_boundary.cpython-310.pyc
/home/ivan/Webots_YOLOv8/install/soccer_ipm/share/ament_index/resource_index/packages/soccer_ipm
/home/ivan/Webots_YOLOv8/install/soccer_ipm/share/soccer_ipm/package.xml
/home/ivan/Webots_YOLOv8/install/soccer_ipm/share/soccer_ipm/config/hl_kid.yaml
/home/ivan/Webots_YOLOv8/install/soccer_ipm/lib/python3.10/site-packages/soccer_ipm-0.0.0-py3.10.egg-info/top_level.txt
/home/ivan/Webots_YOLOv8/install/soccer_ipm/lib/python3.10/site-packages/soccer_ipm-0.0.0-py3.10.egg-info/zip-safe
/home/ivan/Webots_YOLOv8/install/soccer_ipm/lib/python3.10/site-packages/soccer_ipm-0.0.0-py3.10.egg-info/dependency_links.txt
/home/ivan/Webots_YOLOv8/install/soccer_ipm/lib/python3.10/site-packages/soccer_ipm-0.0.0-py3.10.egg-info/requires.txt
/home/ivan/Webots_YOLOv8/install/soccer_ipm/lib/python3.10/site-packages/soccer_ipm-0.0.0-py3.10.egg-info/SOURCES.txt
/home/ivan/Webots_YOLOv8/install/soccer_ipm/lib/python3.10/site-packages/soccer_ipm-0.0.0-py3.10.egg-info/PKG-INFO
/home/ivan/Webots_YOLOv8/install/soccer_ipm/lib/python3.10/site-packages/soccer_ipm-0.0.0-py3.10.egg-info/entry_points.txt
/home/ivan/Webots_YOLOv8/install/soccer_ipm/lib/soccer_ipm/ipm
