[0.028s] Invoking command in '/home/ivan/Webots_YOLOv8/build/ipm_interfaces': CMAKE_PREFIX_PATH=${CMAKE_PREFIX_PATH}:/home/ivan/Webots_YOLOv8/install/soccer_ipm:/home/ivan/Webots_YOLOv8/install/Webots_YOLOv8:/home/ivan/Webots_YOLOv8/install/my_package:/home/ivan/Webots_YOLOv8/install/ipm_service:/home/ivan/Webots_YOLOv8/install/ipm_image_node:/home/ivan/Webots_YOLOv8/install/ipm_library:/home/ivan/ros2_ws/install/object_finder_onnx:/home/ivan/ros2_ws/install/object_finder:/home/ivan/ros2_ws/install/my_package:/home/ivan/ros2_ws/install/Webots_YOLOv8:/opt/ros/humble /usr/bin/cmake /home/ivan/Webots_YOLOv8/src/ipm/ipm_interfaces -DCMAKE_INSTALL_PREFIX=/home/ivan/Webots_YOLOv8/install/ipm_interfaces
[0.163s] -- The C compiler identification is GNU 11.4.0
[0.269s] -- The CXX compiler identification is GNU 11.4.0
[0.280s] -- Detecting C compiler ABI info
[0.370s] -- Detecting C compiler ABI info - done
[0.381s] -- Check for working C compiler: /usr/bin/cc - skipped
[0.381s] -- Detecting C compile features
[0.382s] -- Detecting C compile features - done
[0.388s] -- Detecting CXX compiler ABI info
[0.485s] -- Detecting CXX compiler ABI info - done
[0.492s] -- Check for working CXX compiler: /usr/bin/c++ - skipped
[0.492s] -- Detecting CXX compile features
[0.492s] -- Detecting CXX compile features - done
[0.498s] -- Found ament_cmake: 1.3.11 (/opt/ros/humble/share/ament_cmake/cmake)
[0.670s] -- Found Python3: /usr/bin/python3 (found version "3.10.12") found components: Interpreter 
[0.790s] -- Found builtin_interfaces: 1.2.1 (/opt/ros/humble/share/builtin_interfaces/cmake)
[0.834s] -- Found rosidl_generator_c: 3.1.6 (/opt/ros/humble/share/rosidl_generator_c/cmake)
[0.840s] -- Found rosidl_adapter: 3.1.6 (/opt/ros/humble/share/rosidl_adapter/cmake)
[0.849s] -- Found rosidl_generator_cpp: 3.1.6 (/opt/ros/humble/share/rosidl_generator_cpp/cmake)
[0.865s] -- Using all available rosidl_typesupport_c: rosidl_typesupport_fastrtps_c;rosidl_typesupport_introspection_c
[0.886s] -- Using all available rosidl_typesupport_cpp: rosidl_typesupport_fastrtps_cpp;rosidl_typesupport_introspection_cpp
[0.903s] -- Found geometry_msgs: 4.9.0 (/opt/ros/humble/share/geometry_msgs/cmake)
[0.932s] -- Found rosidl_default_generators: 1.2.0 (/opt/ros/humble/share/rosidl_default_generators/cmake)
[0.944s] -- Found sensor_msgs: 4.9.0 (/opt/ros/humble/share/sensor_msgs/cmake)
[0.964s] -- Found shape_msgs: 4.9.0 (/opt/ros/humble/share/shape_msgs/cmake)
[0.984s] -- Found vision_msgs: 4.1.1 (/opt/ros/humble/share/vision_msgs/cmake)
[1.002s] -- Found ament_lint_auto: 0.12.12 (/opt/ros/humble/share/ament_lint_auto/cmake)
[1.387s] -- Found ament_cmake_ros: 0.10.0 (/opt/ros/humble/share/ament_cmake_ros/cmake)
[1.919s] -- Using all available rosidl_typesupport_c: rosidl_typesupport_fastrtps_c;rosidl_typesupport_introspection_c
[2.169s] -- Using all available rosidl_typesupport_cpp: rosidl_typesupport_fastrtps_cpp;rosidl_typesupport_introspection_cpp
[2.198s] -- Found PythonInterp: /usr/bin/python3 (found suitable version "3.10.12", minimum required is "3.6") 
[2.201s] -- Found python_cmake_module: 0.10.0 (/opt/ros/humble/share/python_cmake_module/cmake)
[2.241s] -- Found PythonLibs: /usr/lib/x86_64-linux-gnu/libpython3.10.so (found suitable version "3.10.12", minimum required is "3.5") 
[2.241s] -- Using PYTHON_EXECUTABLE: /usr/bin/python3
[2.241s] -- Using PYTHON_INCLUDE_DIRS: /usr/include/python3.10
[2.241s] -- Using PYTHON_LIBRARIES: /usr/lib/x86_64-linux-gnu/libpython3.10.so
[2.272s] -- Found PythonExtra: .so  
[2.405s] -- Added test 'copyright' to check source files copyright and LICENSE
[2.407s] -- Added test 'lint_cmake' to check CMake code style
[2.409s] -- Added test 'xmllint' to check XML markup files
[2.416s] -- Configuring done
[2.488s] -- Generating done
[2.517s] -- Build files have been written to: /home/ivan/Webots_YOLOv8/build/ipm_interfaces
[2.546s] Invoked command in '/home/ivan/Webots_YOLOv8/build/ipm_interfaces' returned '0': CMAKE_PREFIX_PATH=${CMAKE_PREFIX_PATH}:/home/ivan/Webots_YOLOv8/install/soccer_ipm:/home/ivan/Webots_YOLOv8/install/Webots_YOLOv8:/home/ivan/Webots_YOLOv8/install/my_package:/home/ivan/Webots_YOLOv8/install/ipm_service:/home/ivan/Webots_YOLOv8/install/ipm_image_node:/home/ivan/Webots_YOLOv8/install/ipm_library:/home/ivan/ros2_ws/install/object_finder_onnx:/home/ivan/ros2_ws/install/object_finder:/home/ivan/ros2_ws/install/my_package:/home/ivan/ros2_ws/install/Webots_YOLOv8:/opt/ros/humble /usr/bin/cmake /home/ivan/Webots_YOLOv8/src/ipm/ipm_interfaces -DCMAKE_INSTALL_PREFIX=/home/ivan/Webots_YOLOv8/install/ipm_interfaces
[2.551s] Invoking command in '/home/ivan/Webots_YOLOv8/build/ipm_interfaces': CMAKE_PREFIX_PATH=${CMAKE_PREFIX_PATH}:/home/ivan/Webots_YOLOv8/install/soccer_ipm:/home/ivan/Webots_YOLOv8/install/Webots_YOLOv8:/home/ivan/Webots_YOLOv8/install/my_package:/home/ivan/Webots_YOLOv8/install/ipm_service:/home/ivan/Webots_YOLOv8/install/ipm_image_node:/home/ivan/Webots_YOLOv8/install/ipm_library:/home/ivan/ros2_ws/install/object_finder_onnx:/home/ivan/ros2_ws/install/object_finder:/home/ivan/ros2_ws/install/my_package:/home/ivan/ros2_ws/install/Webots_YOLOv8:/opt/ros/humble /usr/bin/cmake --build /home/ivan/Webots_YOLOv8/build/ipm_interfaces -- -j12 -l12
[2.639s] [  2%] [34m[1mGenerating C code for ROS interfaces[0m
[2.656s] [  5%] [34m[1mGenerating C++ code for ROS interfaces[0m
[2.670s] [  5%] Built target ament_cmake_python_copy_ipm_interfaces
[3.323s] running egg_info
[3.325s] creating ipm_interfaces.egg-info
[3.325s] writing ipm_interfaces.egg-info/PKG-INFO
[3.328s] writing dependency_links to ipm_interfaces.egg-info/dependency_links.txt
[3.333s] writing top-level names to ipm_interfaces.egg-info/top_level.txt
[3.333s] writing manifest file 'ipm_interfaces.egg-info/SOURCES.txt'
[3.335s] reading manifest file 'ipm_interfaces.egg-info/SOURCES.txt'
[3.337s] writing manifest file 'ipm_interfaces.egg-info/SOURCES.txt'
[3.426s] [  5%] Built target ament_cmake_python_build_ipm_interfaces_egg
[3.721s] [  7%] [32mBuilding C object CMakeFiles/ipm_interfaces__rosidl_generator_c.dir/rosidl_generator_c/ipm_interfaces/srv/detail/map_point__functions.c.o[0m
[3.742s] [ 10%] [32mBuilding C object CMakeFiles/ipm_interfaces__rosidl_generator_c.dir/rosidl_generator_c/ipm_interfaces/srv/detail/map_point_cloud2__functions.c.o[0m
[3.775s] [ 10%] Built target ipm_interfaces__cpp
[3.828s] [ 12%] [34m[1mGenerating C++ type support dispatch for ROS interfaces[0m
[3.842s] [ 15%] [34m[1mGenerating C++ type support for eProsima Fast-RTPS[0m
[3.842s] [ 17%] [34m[1mGenerating C++ introspection for ROS interfaces[0m
[4.078s] [ 20%] [32m[1mLinking C shared library libipm_interfaces__rosidl_generator_c.so[0m
[4.255s] [ 20%] Built target ipm_interfaces__rosidl_generator_c
[4.300s] [ 23%] [34m[1mGenerating C introspection for ROS interfaces[0m
[4.306s] [ 25%] [34m[1mGenerating C type support for eProsima Fast-RTPS[0m
[4.306s] [ 28%] [34m[1mGenerating C type support dispatch for ROS interfaces[0m
[5.239s] [ 30%] [32mBuilding CXX object CMakeFiles/ipm_interfaces__rosidl_typesupport_fastrtps_cpp.dir/rosidl_typesupport_fastrtps_cpp/ipm_interfaces/srv/detail/dds_fastrtps/map_point__type_support.cpp.o[0m
[5.242s] [ 33%] [32mBuilding CXX object CMakeFiles/ipm_interfaces__rosidl_typesupport_fastrtps_cpp.dir/rosidl_typesupport_fastrtps_cpp/ipm_interfaces/srv/detail/dds_fastrtps/map_point_cloud2__type_support.cpp.o[0m
[5.259s] [ 35%] [32mBuilding CXX object CMakeFiles/ipm_interfaces__rosidl_typesupport_cpp.dir/rosidl_typesupport_cpp/ipm_interfaces/srv/map_point_cloud2__type_support.cpp.o[0m
[5.259s] [ 38%] [32mBuilding CXX object CMakeFiles/ipm_interfaces__rosidl_typesupport_cpp.dir/rosidl_typesupport_cpp/ipm_interfaces/srv/map_point__type_support.cpp.o[0m
[5.299s] [ 41%] [32mBuilding CXX object CMakeFiles/ipm_interfaces__rosidl_typesupport_introspection_cpp.dir/rosidl_typesupport_introspection_cpp/ipm_interfaces/srv/detail/map_point_cloud2__type_support.cpp.o[0m
[5.318s] [ 43%] [32mBuilding CXX object CMakeFiles/ipm_interfaces__rosidl_typesupport_introspection_cpp.dir/rosidl_typesupport_introspection_cpp/ipm_interfaces/srv/detail/map_point__type_support.cpp.o[0m
[5.422s] [ 48%] [32mBuilding CXX object CMakeFiles/ipm_interfaces__rosidl_typesupport_fastrtps_c.dir/rosidl_typesupport_fastrtps_c/ipm_interfaces/srv/detail/map_point__type_support_c.cpp.o[0m
[5.422s] [ 48%] [32mBuilding CXX object CMakeFiles/ipm_interfaces__rosidl_typesupport_c.dir/rosidl_typesupport_c/ipm_interfaces/srv/map_point__type_support.cpp.o[0m
[5.428s] [ 51%] [32mBuilding CXX object CMakeFiles/ipm_interfaces__rosidl_typesupport_c.dir/rosidl_typesupport_c/ipm_interfaces/srv/map_point_cloud2__type_support.cpp.o[0m
[5.428s] [ 53%] [32mBuilding CXX object CMakeFiles/ipm_interfaces__rosidl_typesupport_fastrtps_c.dir/rosidl_typesupport_fastrtps_c/ipm_interfaces/srv/detail/map_point_cloud2__type_support_c.cpp.o[0m
[5.546s] [ 56%] [32m[1mLinking CXX shared library libipm_interfaces__rosidl_typesupport_c.so[0m
[5.593s] [ 58%] [32mBuilding C object CMakeFiles/ipm_interfaces__rosidl_typesupport_introspection_c.dir/rosidl_typesupport_introspection_c/ipm_interfaces/srv/detail/map_point__type_support.c.o[0m
[5.596s] [ 61%] [32mBuilding C object CMakeFiles/ipm_interfaces__rosidl_typesupport_introspection_c.dir/rosidl_typesupport_introspection_c/ipm_interfaces/srv/detail/map_point_cloud2__type_support.c.o[0m
[5.702s] [ 61%] Built target ipm_interfaces__rosidl_typesupport_c
[5.770s] [ 64%] [32m[1mLinking C shared library libipm_interfaces__rosidl_typesupport_introspection_c.so[0m
[5.837s] [ 66%] [32m[1mLinking CXX shared library libipm_interfaces__rosidl_typesupport_cpp.so[0m
[5.884s] [ 66%] Built target ipm_interfaces__rosidl_typesupport_introspection_c
[5.941s] [ 66%] Built target ipm_interfaces__rosidl_typesupport_cpp
[6.095s] [ 69%] [32m[1mLinking CXX shared library libipm_interfaces__rosidl_typesupport_fastrtps_cpp.so[0m
[6.118s] [ 71%] [32m[1mLinking CXX shared library libipm_interfaces__rosidl_typesupport_introspection_cpp.so[0m
[6.164s] [ 74%] [32m[1mLinking CXX shared library libipm_interfaces__rosidl_typesupport_fastrtps_c.so[0m
[6.230s] [ 74%] Built target ipm_interfaces__rosidl_typesupport_fastrtps_cpp
[6.250s] [ 74%] Built target ipm_interfaces__rosidl_typesupport_introspection_cpp
[6.287s] [ 74%] Built target ipm_interfaces__rosidl_typesupport_fastrtps_c
[6.312s] [ 74%] Built target ipm_interfaces
[6.340s] [ 76%] [34m[1mGenerating Python code for ROS interfaces[0m
[6.991s] [ 76%] Built target ipm_interfaces__py
[7.019s] [ 79%] [32mBuilding C object CMakeFiles/ipm_interfaces__rosidl_generator_py.dir/rosidl_generator_py/ipm_interfaces/srv/_map_point_s.c.o[0m
[7.021s] [ 82%] [32mBuilding C object CMakeFiles/ipm_interfaces__rosidl_generator_py.dir/rosidl_generator_py/ipm_interfaces/srv/_map_point_cloud2_s.c.o[0m
[7.143s] [ 84%] [32m[1mLinking C shared library rosidl_generator_py/ipm_interfaces/libipm_interfaces__rosidl_generator_py.so[0m
[7.198s] [ 84%] Built target ipm_interfaces__rosidl_generator_py
[7.224s] [ 92%] [32mBuilding C object CMakeFiles/ipm_interfaces__rosidl_typesupport_c__pyext.dir/rosidl_generator_py/ipm_interfaces/_ipm_interfaces_s.ep.rosidl_typesupport_c.c.o[0m
[7.224s] [ 92%] [32mBuilding C object CMakeFiles/ipm_interfaces__rosidl_typesupport_fastrtps_c__pyext.dir/rosidl_generator_py/ipm_interfaces/_ipm_interfaces_s.ep.rosidl_typesupport_fastrtps_c.c.o[0m
[7.224s] [ 92%] [32mBuilding C object CMakeFiles/ipm_interfaces__rosidl_typesupport_introspection_c__pyext.dir/rosidl_generator_py/ipm_interfaces/_ipm_interfaces_s.ep.rosidl_typesupport_introspection_c.c.o[0m
[7.366s] [ 97%] [32m[1mLinking C shared library rosidl_generator_py/ipm_interfaces/ipm_interfaces_s__rosidl_typesupport_fastrtps_c.cpython-310-x86_64-linux-gnu.so[0m
[7.366s] [ 97%] [32m[1mLinking C shared library rosidl_generator_py/ipm_interfaces/ipm_interfaces_s__rosidl_typesupport_introspection_c.cpython-310-x86_64-linux-gnu.so[0m
[7.369s] [100%] [32m[1mLinking C shared library rosidl_generator_py/ipm_interfaces/ipm_interfaces_s__rosidl_typesupport_c.cpython-310-x86_64-linux-gnu.so[0m
[7.438s] [100%] Built target ipm_interfaces__rosidl_typesupport_introspection_c__pyext
[7.438s] [100%] Built target ipm_interfaces__rosidl_typesupport_fastrtps_c__pyext
[7.441s] [100%] Built target ipm_interfaces__rosidl_typesupport_c__pyext
[7.463s] Invoked command in '/home/ivan/Webots_YOLOv8/build/ipm_interfaces' returned '0': CMAKE_PREFIX_PATH=${CMAKE_PREFIX_PATH}:/home/ivan/Webots_YOLOv8/install/soccer_ipm:/home/ivan/Webots_YOLOv8/install/Webots_YOLOv8:/home/ivan/Webots_YOLOv8/install/my_package:/home/ivan/Webots_YOLOv8/install/ipm_service:/home/ivan/Webots_YOLOv8/install/ipm_image_node:/home/ivan/Webots_YOLOv8/install/ipm_library:/home/ivan/ros2_ws/install/object_finder_onnx:/home/ivan/ros2_ws/install/object_finder:/home/ivan/ros2_ws/install/my_package:/home/ivan/ros2_ws/install/Webots_YOLOv8:/opt/ros/humble /usr/bin/cmake --build /home/ivan/Webots_YOLOv8/build/ipm_interfaces -- -j12 -l12
[7.465s] Invoking command in '/home/ivan/Webots_YOLOv8/build/ipm_interfaces': CMAKE_PREFIX_PATH=${CMAKE_PREFIX_PATH}:/home/ivan/Webots_YOLOv8/install/soccer_ipm:/home/ivan/Webots_YOLOv8/install/Webots_YOLOv8:/home/ivan/Webots_YOLOv8/install/my_package:/home/ivan/Webots_YOLOv8/install/ipm_service:/home/ivan/Webots_YOLOv8/install/ipm_image_node:/home/ivan/Webots_YOLOv8/install/ipm_library:/home/ivan/ros2_ws/install/object_finder_onnx:/home/ivan/ros2_ws/install/object_finder:/home/ivan/ros2_ws/install/my_package:/home/ivan/ros2_ws/install/Webots_YOLOv8:/opt/ros/humble /usr/bin/cmake --install /home/ivan/Webots_YOLOv8/build/ipm_interfaces
[7.475s] -- Install configuration: ""
[7.475s] -- Installing: /home/ivan/Webots_YOLOv8/install/ipm_interfaces/share/ament_index/resource_index/rosidl_interfaces/ipm_interfaces
[7.475s] -- Installing: /home/ivan/Webots_YOLOv8/install/ipm_interfaces/include/ipm_interfaces/ipm_interfaces
[7.475s] -- Installing: /home/ivan/Webots_YOLOv8/install/ipm_interfaces/include/ipm_interfaces/ipm_interfaces/srv
[7.475s] -- Installing: /home/ivan/Webots_YOLOv8/install/ipm_interfaces/include/ipm_interfaces/ipm_interfaces/srv/detail
[7.478s] -- Installing: /home/ivan/Webots_YOLOv8/install/ipm_interfaces/include/ipm_interfaces/ipm_interfaces/srv/detail/map_point__functions.c
[7.478s] -- Installing: /home/ivan/Webots_YOLOv8/install/ipm_interfaces/include/ipm_interfaces/ipm_interfaces/srv/detail/map_point__struct.h
[7.478s] -- Installing: /home/ivan/Webots_YOLOv8/install/ipm_interfaces/include/ipm_interfaces/ipm_interfaces/srv/detail/map_point__functions.h
[7.478s] -- Installing: /home/ivan/Webots_YOLOv8/install/ipm_interfaces/include/ipm_interfaces/ipm_interfaces/srv/detail/map_point_cloud2__type_support.h
[7.478s] -- Installing: /home/ivan/Webots_YOLOv8/install/ipm_interfaces/include/ipm_interfaces/ipm_interfaces/srv/detail/map_point_cloud2__functions.c
[7.478s] -- Installing: /home/ivan/Webots_YOLOv8/install/ipm_interfaces/include/ipm_interfaces/ipm_interfaces/srv/detail/map_point_cloud2__struct.h
[7.478s] -- Installing: /home/ivan/Webots_YOLOv8/install/ipm_interfaces/include/ipm_interfaces/ipm_interfaces/srv/detail/map_point__type_support.h
[7.478s] -- Installing: /home/ivan/Webots_YOLOv8/install/ipm_interfaces/include/ipm_interfaces/ipm_interfaces/srv/detail/map_point_cloud2__functions.h
[7.479s] -- Installing: /home/ivan/Webots_YOLOv8/install/ipm_interfaces/include/ipm_interfaces/ipm_interfaces/srv/map_point.h
[7.479s] -- Installing: /home/ivan/Webots_YOLOv8/install/ipm_interfaces/include/ipm_interfaces/ipm_interfaces/srv/map_point_cloud2.h
[7.479s] -- Installing: /home/ivan/Webots_YOLOv8/install/ipm_interfaces/include/ipm_interfaces/ipm_interfaces/msg
[7.479s] -- Installing: /home/ivan/Webots_YOLOv8/install/ipm_interfaces/include/ipm_interfaces/ipm_interfaces/msg/rosidl_generator_c__visibility_control.h
[7.479s] -- Installing: /home/ivan/Webots_YOLOv8/install/ipm_interfaces/share/ipm_interfaces/environment/library_path.sh
[7.480s] -- Installing: /home/ivan/Webots_YOLOv8/install/ipm_interfaces/share/ipm_interfaces/environment/library_path.dsv
[7.480s] -- Installing: /home/ivan/Webots_YOLOv8/install/ipm_interfaces/lib/libipm_interfaces__rosidl_generator_c.so
[7.480s] -- Set runtime path of "/home/ivan/Webots_YOLOv8/install/ipm_interfaces/lib/libipm_interfaces__rosidl_generator_c.so" to ""
[7.480s] -- Up-to-date: /home/ivan/Webots_YOLOv8/install/ipm_interfaces/include/ipm_interfaces/ipm_interfaces
[7.480s] -- Up-to-date: /home/ivan/Webots_YOLOv8/install/ipm_interfaces/include/ipm_interfaces/ipm_interfaces/srv
[7.481s] -- Up-to-date: /home/ivan/Webots_YOLOv8/install/ipm_interfaces/include/ipm_interfaces/ipm_interfaces/srv/detail
[7.481s] -- Installing: /home/ivan/Webots_YOLOv8/install/ipm_interfaces/include/ipm_interfaces/ipm_interfaces/srv/detail/map_point__rosidl_typesupport_fastrtps_c.h
[7.481s] -- Installing: /home/ivan/Webots_YOLOv8/install/ipm_interfaces/include/ipm_interfaces/ipm_interfaces/srv/detail/map_point_cloud2__rosidl_typesupport_fastrtps_c.h
[7.481s] -- Up-to-date: /home/ivan/Webots_YOLOv8/install/ipm_interfaces/include/ipm_interfaces/ipm_interfaces/msg
[7.481s] -- Installing: /home/ivan/Webots_YOLOv8/install/ipm_interfaces/include/ipm_interfaces/ipm_interfaces/msg/rosidl_typesupport_fastrtps_c__visibility_control.h
[7.481s] -- Installing: /home/ivan/Webots_YOLOv8/install/ipm_interfaces/lib/libipm_interfaces__rosidl_typesupport_fastrtps_c.so
[7.482s] -- Set runtime path of "/home/ivan/Webots_YOLOv8/install/ipm_interfaces/lib/libipm_interfaces__rosidl_typesupport_fastrtps_c.so" to ""
[7.482s] -- Up-to-date: /home/ivan/Webots_YOLOv8/install/ipm_interfaces/include/ipm_interfaces/ipm_interfaces
[7.482s] -- Up-to-date: /home/ivan/Webots_YOLOv8/install/ipm_interfaces/include/ipm_interfaces/ipm_interfaces/srv
[7.482s] -- Up-to-date: /home/ivan/Webots_YOLOv8/install/ipm_interfaces/include/ipm_interfaces/ipm_interfaces/srv/detail
[7.482s] -- Installing: /home/ivan/Webots_YOLOv8/install/ipm_interfaces/include/ipm_interfaces/ipm_interfaces/srv/detail/map_point_cloud2__traits.hpp
[7.482s] -- Installing: /home/ivan/Webots_YOLOv8/install/ipm_interfaces/include/ipm_interfaces/ipm_interfaces/srv/detail/map_point_cloud2__type_support.hpp
[7.482s] -- Installing: /home/ivan/Webots_YOLOv8/install/ipm_interfaces/include/ipm_interfaces/ipm_interfaces/srv/detail/map_point_cloud2__struct.hpp
[7.482s] -- Installing: /home/ivan/Webots_YOLOv8/install/ipm_interfaces/include/ipm_interfaces/ipm_interfaces/srv/detail/map_point_cloud2__builder.hpp
[7.483s] -- Installing: /home/ivan/Webots_YOLOv8/install/ipm_interfaces/include/ipm_interfaces/ipm_interfaces/srv/detail/map_point__struct.hpp
[7.483s] -- Installing: /home/ivan/Webots_YOLOv8/install/ipm_interfaces/include/ipm_interfaces/ipm_interfaces/srv/detail/map_point__builder.hpp
[7.483s] -- Installing: /home/ivan/Webots_YOLOv8/install/ipm_interfaces/include/ipm_interfaces/ipm_interfaces/srv/detail/map_point__type_support.hpp
[7.483s] -- Installing: /home/ivan/Webots_YOLOv8/install/ipm_interfaces/include/ipm_interfaces/ipm_interfaces/srv/detail/map_point__traits.hpp
[7.483s] -- Installing: /home/ivan/Webots_YOLOv8/install/ipm_interfaces/include/ipm_interfaces/ipm_interfaces/srv/map_point_cloud2.hpp
[7.484s] -- Installing: /home/ivan/Webots_YOLOv8/install/ipm_interfaces/include/ipm_interfaces/ipm_interfaces/srv/map_point.hpp
[7.484s] -- Up-to-date: /home/ivan/Webots_YOLOv8/install/ipm_interfaces/include/ipm_interfaces/ipm_interfaces/msg
[7.485s] -- Installing: /home/ivan/Webots_YOLOv8/install/ipm_interfaces/include/ipm_interfaces/ipm_interfaces/msg/rosidl_generator_cpp__visibility_control.hpp
[7.485s] -- Up-to-date: /home/ivan/Webots_YOLOv8/install/ipm_interfaces/include/ipm_interfaces/ipm_interfaces
[7.485s] -- Up-to-date: /home/ivan/Webots_YOLOv8/install/ipm_interfaces/include/ipm_interfaces/ipm_interfaces/srv
[7.485s] -- Up-to-date: /home/ivan/Webots_YOLOv8/install/ipm_interfaces/include/ipm_interfaces/ipm_interfaces/srv/detail
[7.485s] -- Installing: /home/ivan/Webots_YOLOv8/install/ipm_interfaces/include/ipm_interfaces/ipm_interfaces/srv/detail/dds_fastrtps
[7.485s] -- Installing: /home/ivan/Webots_YOLOv8/install/ipm_interfaces/include/ipm_interfaces/ipm_interfaces/srv/detail/map_point_cloud2__rosidl_typesupport_fastrtps_cpp.hpp
[7.485s] -- Installing: /home/ivan/Webots_YOLOv8/install/ipm_interfaces/include/ipm_interfaces/ipm_interfaces/srv/detail/map_point__rosidl_typesupport_fastrtps_cpp.hpp
[7.485s] -- Up-to-date: /home/ivan/Webots_YOLOv8/install/ipm_interfaces/include/ipm_interfaces/ipm_interfaces/msg
[7.485s] -- Installing: /home/ivan/Webots_YOLOv8/install/ipm_interfaces/include/ipm_interfaces/ipm_interfaces/msg/rosidl_typesupport_fastrtps_cpp__visibility_control.h
[7.485s] -- Installing: /home/ivan/Webots_YOLOv8/install/ipm_interfaces/lib/libipm_interfaces__rosidl_typesupport_fastrtps_cpp.so
[7.486s] -- Set runtime path of "/home/ivan/Webots_YOLOv8/install/ipm_interfaces/lib/libipm_interfaces__rosidl_typesupport_fastrtps_cpp.so" to ""
[7.486s] -- Up-to-date: /home/ivan/Webots_YOLOv8/install/ipm_interfaces/include/ipm_interfaces/ipm_interfaces
[7.486s] -- Up-to-date: /home/ivan/Webots_YOLOv8/install/ipm_interfaces/include/ipm_interfaces/ipm_interfaces/srv
[7.486s] -- Up-to-date: /home/ivan/Webots_YOLOv8/install/ipm_interfaces/include/ipm_interfaces/ipm_interfaces/srv/detail
[7.486s] -- Installing: /home/ivan/Webots_YOLOv8/install/ipm_interfaces/include/ipm_interfaces/ipm_interfaces/srv/detail/map_point_cloud2__rosidl_typesupport_introspection_c.h
[7.487s] -- Installing: /home/ivan/Webots_YOLOv8/install/ipm_interfaces/include/ipm_interfaces/ipm_interfaces/srv/detail/map_point_cloud2__type_support.c
[7.487s] -- Installing: /home/ivan/Webots_YOLOv8/install/ipm_interfaces/include/ipm_interfaces/ipm_interfaces/srv/detail/map_point__rosidl_typesupport_introspection_c.h
[7.487s] -- Installing: /home/ivan/Webots_YOLOv8/install/ipm_interfaces/include/ipm_interfaces/ipm_interfaces/srv/detail/map_point__type_support.c
[7.487s] -- Up-to-date: /home/ivan/Webots_YOLOv8/install/ipm_interfaces/include/ipm_interfaces/ipm_interfaces/msg
[7.487s] -- Installing: /home/ivan/Webots_YOLOv8/install/ipm_interfaces/include/ipm_interfaces/ipm_interfaces/msg/rosidl_typesupport_introspection_c__visibility_control.h
[7.487s] -- Installing: /home/ivan/Webots_YOLOv8/install/ipm_interfaces/lib/libipm_interfaces__rosidl_typesupport_introspection_c.so
[7.488s] -- Set runtime path of "/home/ivan/Webots_YOLOv8/install/ipm_interfaces/lib/libipm_interfaces__rosidl_typesupport_introspection_c.so" to ""
[7.488s] -- Installing: /home/ivan/Webots_YOLOv8/install/ipm_interfaces/lib/libipm_interfaces__rosidl_typesupport_c.so
[7.490s] -- Set runtime path of "/home/ivan/Webots_YOLOv8/install/ipm_interfaces/lib/libipm_interfaces__rosidl_typesupport_c.so" to ""
[7.490s] -- Up-to-date: /home/ivan/Webots_YOLOv8/install/ipm_interfaces/include/ipm_interfaces/ipm_interfaces
[7.490s] -- Up-to-date: /home/ivan/Webots_YOLOv8/install/ipm_interfaces/include/ipm_interfaces/ipm_interfaces/srv
[7.490s] -- Up-to-date: /home/ivan/Webots_YOLOv8/install/ipm_interfaces/include/ipm_interfaces/ipm_interfaces/srv/detail
[7.490s] -- Installing: /home/ivan/Webots_YOLOv8/install/ipm_interfaces/include/ipm_interfaces/ipm_interfaces/srv/detail/map_point__rosidl_typesupport_introspection_cpp.hpp
[7.490s] -- Installing: /home/ivan/Webots_YOLOv8/install/ipm_interfaces/include/ipm_interfaces/ipm_interfaces/srv/detail/map_point_cloud2__type_support.cpp
[7.490s] -- Installing: /home/ivan/Webots_YOLOv8/install/ipm_interfaces/include/ipm_interfaces/ipm_interfaces/srv/detail/map_point__type_support.cpp
[7.490s] -- Installing: /home/ivan/Webots_YOLOv8/install/ipm_interfaces/include/ipm_interfaces/ipm_interfaces/srv/detail/map_point_cloud2__rosidl_typesupport_introspection_cpp.hpp
[7.491s] -- Installing: /home/ivan/Webots_YOLOv8/install/ipm_interfaces/lib/libipm_interfaces__rosidl_typesupport_introspection_cpp.so
[7.491s] -- Set runtime path of "/home/ivan/Webots_YOLOv8/install/ipm_interfaces/lib/libipm_interfaces__rosidl_typesupport_introspection_cpp.so" to ""
[7.492s] -- Installing: /home/ivan/Webots_YOLOv8/install/ipm_interfaces/lib/libipm_interfaces__rosidl_typesupport_cpp.so
[7.492s] -- Set runtime path of "/home/ivan/Webots_YOLOv8/install/ipm_interfaces/lib/libipm_interfaces__rosidl_typesupport_cpp.so" to ""
[7.492s] -- Installing: /home/ivan/Webots_YOLOv8/install/ipm_interfaces/share/ipm_interfaces/environment/pythonpath.sh
[7.492s] -- Installing: /home/ivan/Webots_YOLOv8/install/ipm_interfaces/share/ipm_interfaces/environment/pythonpath.dsv
[7.493s] -- Installing: /home/ivan/Webots_YOLOv8/install/ipm_interfaces/local/lib/python3.10/dist-packages/ipm_interfaces-0.0.0-py3.10.egg-info
[7.493s] -- Installing: /home/ivan/Webots_YOLOv8/install/ipm_interfaces/local/lib/python3.10/dist-packages/ipm_interfaces-0.0.0-py3.10.egg-info/top_level.txt
[7.493s] -- Installing: /home/ivan/Webots_YOLOv8/install/ipm_interfaces/local/lib/python3.10/dist-packages/ipm_interfaces-0.0.0-py3.10.egg-info/dependency_links.txt
[7.493s] -- Installing: /home/ivan/Webots_YOLOv8/install/ipm_interfaces/local/lib/python3.10/dist-packages/ipm_interfaces-0.0.0-py3.10.egg-info/SOURCES.txt
[7.493s] -- Installing: /home/ivan/Webots_YOLOv8/install/ipm_interfaces/local/lib/python3.10/dist-packages/ipm_interfaces-0.0.0-py3.10.egg-info/PKG-INFO
[7.494s] -- Installing: /home/ivan/Webots_YOLOv8/install/ipm_interfaces/local/lib/python3.10/dist-packages/ipm_interfaces
[7.494s] -- Installing: /home/ivan/Webots_YOLOv8/install/ipm_interfaces/local/lib/python3.10/dist-packages/ipm_interfaces/ipm_interfaces_s__rosidl_typesupport_fastrtps_c.cpython-310-x86_64-linux-gnu.so
[7.494s] -- Installing: /home/ivan/Webots_YOLOv8/install/ipm_interfaces/local/lib/python3.10/dist-packages/ipm_interfaces/srv
[7.494s] -- Installing: /home/ivan/Webots_YOLOv8/install/ipm_interfaces/local/lib/python3.10/dist-packages/ipm_interfaces/srv/_map_point_cloud2.py
[7.494s] -- Installing: /home/ivan/Webots_YOLOv8/install/ipm_interfaces/local/lib/python3.10/dist-packages/ipm_interfaces/srv/_map_point_cloud2_s.c
[7.494s] -- Installing: /home/ivan/Webots_YOLOv8/install/ipm_interfaces/local/lib/python3.10/dist-packages/ipm_interfaces/srv/_map_point.py
[7.495s] -- Installing: /home/ivan/Webots_YOLOv8/install/ipm_interfaces/local/lib/python3.10/dist-packages/ipm_interfaces/srv/__init__.py
[7.495s] -- Installing: /home/ivan/Webots_YOLOv8/install/ipm_interfaces/local/lib/python3.10/dist-packages/ipm_interfaces/srv/_map_point_s.c
[7.495s] -- Installing: /home/ivan/Webots_YOLOv8/install/ipm_interfaces/local/lib/python3.10/dist-packages/ipm_interfaces/_ipm_interfaces_s.ep.rosidl_typesupport_c.c
[7.495s] -- Installing: /home/ivan/Webots_YOLOv8/install/ipm_interfaces/local/lib/python3.10/dist-packages/ipm_interfaces/__init__.py
[7.495s] -- Installing: /home/ivan/Webots_YOLOv8/install/ipm_interfaces/local/lib/python3.10/dist-packages/ipm_interfaces/_ipm_interfaces_s.ep.rosidl_typesupport_fastrtps_c.c
[7.495s] -- Installing: /home/ivan/Webots_YOLOv8/install/ipm_interfaces/local/lib/python3.10/dist-packages/ipm_interfaces/ipm_interfaces_s__rosidl_typesupport_c.cpython-310-x86_64-linux-gnu.so
[7.496s] -- Installing: /home/ivan/Webots_YOLOv8/install/ipm_interfaces/local/lib/python3.10/dist-packages/ipm_interfaces/ipm_interfaces_s__rosidl_typesupport_introspection_c.cpython-310-x86_64-linux-gnu.so
[7.496s] -- Installing: /home/ivan/Webots_YOLOv8/install/ipm_interfaces/local/lib/python3.10/dist-packages/ipm_interfaces/_ipm_interfaces_s.ep.rosidl_typesupport_introspection_c.c
[7.496s] -- Installing: /home/ivan/Webots_YOLOv8/install/ipm_interfaces/local/lib/python3.10/dist-packages/ipm_interfaces/libipm_interfaces__rosidl_generator_py.so
[7.551s] Listing '/home/ivan/Webots_YOLOv8/install/ipm_interfaces/local/lib/python3.10/dist-packages/ipm_interfaces'...
[7.551s] Compiling '/home/ivan/Webots_YOLOv8/install/ipm_interfaces/local/lib/python3.10/dist-packages/ipm_interfaces/__init__.py'...
[7.551s] Listing '/home/ivan/Webots_YOLOv8/install/ipm_interfaces/local/lib/python3.10/dist-packages/ipm_interfaces/srv'...
[7.551s] Compiling '/home/ivan/Webots_YOLOv8/install/ipm_interfaces/local/lib/python3.10/dist-packages/ipm_interfaces/srv/__init__.py'...
[7.551s] Compiling '/home/ivan/Webots_YOLOv8/install/ipm_interfaces/local/lib/python3.10/dist-packages/ipm_interfaces/srv/_map_point.py'...
[7.551s] Compiling '/home/ivan/Webots_YOLOv8/install/ipm_interfaces/local/lib/python3.10/dist-packages/ipm_interfaces/srv/_map_point_cloud2.py'...
[7.559s] -- Installing: /home/ivan/Webots_YOLOv8/install/ipm_interfaces/local/lib/python3.10/dist-packages/ipm_interfaces/ipm_interfaces_s__rosidl_typesupport_fastrtps_c.cpython-310-x86_64-linux-gnu.so
[7.559s] -- Set runtime path of "/home/ivan/Webots_YOLOv8/install/ipm_interfaces/local/lib/python3.10/dist-packages/ipm_interfaces/ipm_interfaces_s__rosidl_typesupport_fastrtps_c.cpython-310-x86_64-linux-gnu.so" to ""
[7.559s] -- Installing: /home/ivan/Webots_YOLOv8/install/ipm_interfaces/local/lib/python3.10/dist-packages/ipm_interfaces/ipm_interfaces_s__rosidl_typesupport_introspection_c.cpython-310-x86_64-linux-gnu.so
[7.560s] -- Set runtime path of "/home/ivan/Webots_YOLOv8/install/ipm_interfaces/local/lib/python3.10/dist-packages/ipm_interfaces/ipm_interfaces_s__rosidl_typesupport_introspection_c.cpython-310-x86_64-linux-gnu.so" to ""
[7.560s] -- Installing: /home/ivan/Webots_YOLOv8/install/ipm_interfaces/local/lib/python3.10/dist-packages/ipm_interfaces/ipm_interfaces_s__rosidl_typesupport_c.cpython-310-x86_64-linux-gnu.so
[7.560s] -- Set runtime path of "/home/ivan/Webots_YOLOv8/install/ipm_interfaces/local/lib/python3.10/dist-packages/ipm_interfaces/ipm_interfaces_s__rosidl_typesupport_c.cpython-310-x86_64-linux-gnu.so" to ""
[7.561s] -- Installing: /home/ivan/Webots_YOLOv8/install/ipm_interfaces/lib/libipm_interfaces__rosidl_generator_py.so
[7.561s] -- Set runtime path of "/home/ivan/Webots_YOLOv8/install/ipm_interfaces/lib/libipm_interfaces__rosidl_generator_py.so" to ""
[7.561s] -- Installing: /home/ivan/Webots_YOLOv8/install/ipm_interfaces/share/ipm_interfaces/srv/MapPoint.idl
[7.563s] -- Installing: /home/ivan/Webots_YOLOv8/install/ipm_interfaces/share/ipm_interfaces/srv/MapPointCloud2.idl
[7.563s] -- Installing: /home/ivan/Webots_YOLOv8/install/ipm_interfaces/share/ipm_interfaces/srv/MapPoint.srv
[7.563s] -- Installing: /home/ivan/Webots_YOLOv8/install/ipm_interfaces/share/ipm_interfaces/srv/MapPoint_Request.msg
[7.563s] -- Installing: /home/ivan/Webots_YOLOv8/install/ipm_interfaces/share/ipm_interfaces/srv/MapPoint_Response.msg
[7.563s] -- Installing: /home/ivan/Webots_YOLOv8/install/ipm_interfaces/share/ipm_interfaces/srv/MapPointCloud2.srv
[7.563s] -- Installing: /home/ivan/Webots_YOLOv8/install/ipm_interfaces/share/ipm_interfaces/srv/MapPointCloud2_Request.msg
[7.563s] -- Installing: /home/ivan/Webots_YOLOv8/install/ipm_interfaces/share/ipm_interfaces/srv/MapPointCloud2_Response.msg
[7.564s] -- Installing: /home/ivan/Webots_YOLOv8/install/ipm_interfaces/share/ament_index/resource_index/package_run_dependencies/ipm_interfaces
[7.564s] -- Installing: /home/ivan/Webots_YOLOv8/install/ipm_interfaces/share/ament_index/resource_index/parent_prefix_path/ipm_interfaces
[7.564s] -- Installing: /home/ivan/Webots_YOLOv8/install/ipm_interfaces/share/ipm_interfaces/environment/ament_prefix_path.sh
[7.564s] -- Installing: /home/ivan/Webots_YOLOv8/install/ipm_interfaces/share/ipm_interfaces/environment/ament_prefix_path.dsv
[7.564s] -- Installing: /home/ivan/Webots_YOLOv8/install/ipm_interfaces/share/ipm_interfaces/environment/path.sh
[7.565s] -- Installing: /home/ivan/Webots_YOLOv8/install/ipm_interfaces/share/ipm_interfaces/environment/path.dsv
[7.565s] -- Installing: /home/ivan/Webots_YOLOv8/install/ipm_interfaces/share/ipm_interfaces/local_setup.bash
[7.565s] -- Installing: /home/ivan/Webots_YOLOv8/install/ipm_interfaces/share/ipm_interfaces/local_setup.sh
[7.565s] -- Installing: /home/ivan/Webots_YOLOv8/install/ipm_interfaces/share/ipm_interfaces/local_setup.zsh
[7.565s] -- Installing: /home/ivan/Webots_YOLOv8/install/ipm_interfaces/share/ipm_interfaces/local_setup.dsv
[7.565s] -- Installing: /home/ivan/Webots_YOLOv8/install/ipm_interfaces/share/ipm_interfaces/package.dsv
[7.566s] -- Installing: /home/ivan/Webots_YOLOv8/install/ipm_interfaces/share/ament_index/resource_index/packages/ipm_interfaces
[7.566s] -- Installing: /home/ivan/Webots_YOLOv8/install/ipm_interfaces/share/ipm_interfaces/cmake/export_ipm_interfaces__rosidl_generator_cExport.cmake
[7.566s] -- Installing: /home/ivan/Webots_YOLOv8/install/ipm_interfaces/share/ipm_interfaces/cmake/export_ipm_interfaces__rosidl_generator_cExport-noconfig.cmake
[7.566s] -- Installing: /home/ivan/Webots_YOLOv8/install/ipm_interfaces/share/ipm_interfaces/cmake/export_ipm_interfaces__rosidl_typesupport_fastrtps_cExport.cmake
[7.566s] -- Installing: /home/ivan/Webots_YOLOv8/install/ipm_interfaces/share/ipm_interfaces/cmake/export_ipm_interfaces__rosidl_typesupport_fastrtps_cExport-noconfig.cmake
[7.567s] -- Installing: /home/ivan/Webots_YOLOv8/install/ipm_interfaces/share/ipm_interfaces/cmake/export_ipm_interfaces__rosidl_generator_cppExport.cmake
[7.567s] -- Installing: /home/ivan/Webots_YOLOv8/install/ipm_interfaces/share/ipm_interfaces/cmake/export_ipm_interfaces__rosidl_typesupport_fastrtps_cppExport.cmake
[7.567s] -- Installing: /home/ivan/Webots_YOLOv8/install/ipm_interfaces/share/ipm_interfaces/cmake/export_ipm_interfaces__rosidl_typesupport_fastrtps_cppExport-noconfig.cmake
[7.567s] -- Installing: /home/ivan/Webots_YOLOv8/install/ipm_interfaces/share/ipm_interfaces/cmake/ipm_interfaces__rosidl_typesupport_introspection_cExport.cmake
[7.567s] -- Installing: /home/ivan/Webots_YOLOv8/install/ipm_interfaces/share/ipm_interfaces/cmake/ipm_interfaces__rosidl_typesupport_introspection_cExport-noconfig.cmake
[7.567s] -- Installing: /home/ivan/Webots_YOLOv8/install/ipm_interfaces/share/ipm_interfaces/cmake/ipm_interfaces__rosidl_typesupport_cExport.cmake
[7.568s] -- Installing: /home/ivan/Webots_YOLOv8/install/ipm_interfaces/share/ipm_interfaces/cmake/ipm_interfaces__rosidl_typesupport_cExport-noconfig.cmake
[7.568s] -- Installing: /home/ivan/Webots_YOLOv8/install/ipm_interfaces/share/ipm_interfaces/cmake/ipm_interfaces__rosidl_typesupport_introspection_cppExport.cmake
[7.568s] -- Installing: /home/ivan/Webots_YOLOv8/install/ipm_interfaces/share/ipm_interfaces/cmake/ipm_interfaces__rosidl_typesupport_introspection_cppExport-noconfig.cmake
[7.568s] -- Installing: /home/ivan/Webots_YOLOv8/install/ipm_interfaces/share/ipm_interfaces/cmake/ipm_interfaces__rosidl_typesupport_cppExport.cmake
[7.568s] -- Installing: /home/ivan/Webots_YOLOv8/install/ipm_interfaces/share/ipm_interfaces/cmake/ipm_interfaces__rosidl_typesupport_cppExport-noconfig.cmake
[7.569s] -- Installing: /home/ivan/Webots_YOLOv8/install/ipm_interfaces/share/ipm_interfaces/cmake/export_ipm_interfaces__rosidl_generator_pyExport.cmake
[7.569s] -- Installing: /home/ivan/Webots_YOLOv8/install/ipm_interfaces/share/ipm_interfaces/cmake/export_ipm_interfaces__rosidl_generator_pyExport-noconfig.cmake
[7.569s] -- Installing: /home/ivan/Webots_YOLOv8/install/ipm_interfaces/share/ipm_interfaces/cmake/rosidl_cmake-extras.cmake
[7.569s] -- Installing: /home/ivan/Webots_YOLOv8/install/ipm_interfaces/share/ipm_interfaces/cmake/ament_cmake_export_dependencies-extras.cmake
[7.569s] -- Installing: /home/ivan/Webots_YOLOv8/install/ipm_interfaces/share/ipm_interfaces/cmake/ament_cmake_export_include_directories-extras.cmake
[7.569s] -- Installing: /home/ivan/Webots_YOLOv8/install/ipm_interfaces/share/ipm_interfaces/cmake/ament_cmake_export_libraries-extras.cmake
[7.570s] -- Installing: /home/ivan/Webots_YOLOv8/install/ipm_interfaces/share/ipm_interfaces/cmake/ament_cmake_export_targets-extras.cmake
[7.570s] -- Installing: /home/ivan/Webots_YOLOv8/install/ipm_interfaces/share/ipm_interfaces/cmake/rosidl_cmake_export_typesupport_targets-extras.cmake
[7.570s] -- Installing: /home/ivan/Webots_YOLOv8/install/ipm_interfaces/share/ipm_interfaces/cmake/rosidl_cmake_export_typesupport_libraries-extras.cmake
[7.570s] -- Installing: /home/ivan/Webots_YOLOv8/install/ipm_interfaces/share/ipm_interfaces/cmake/ipm_interfacesConfig.cmake
[7.570s] -- Installing: /home/ivan/Webots_YOLOv8/install/ipm_interfaces/share/ipm_interfaces/cmake/ipm_interfacesConfig-version.cmake
[7.570s] -- Installing: /home/ivan/Webots_YOLOv8/install/ipm_interfaces/share/ipm_interfaces/package.xml
[7.574s] Invoked command in '/home/ivan/Webots_YOLOv8/build/ipm_interfaces' returned '0': CMAKE_PREFIX_PATH=${CMAKE_PREFIX_PATH}:/home/ivan/Webots_YOLOv8/install/soccer_ipm:/home/ivan/Webots_YOLOv8/install/Webots_YOLOv8:/home/ivan/Webots_YOLOv8/install/my_package:/home/ivan/Webots_YOLOv8/install/ipm_service:/home/ivan/Webots_YOLOv8/install/ipm_image_node:/home/ivan/Webots_YOLOv8/install/ipm_library:/home/ivan/ros2_ws/install/object_finder_onnx:/home/ivan/ros2_ws/install/object_finder:/home/ivan/ros2_ws/install/my_package:/home/ivan/ros2_ws/install/Webots_YOLOv8:/opt/ros/humble /usr/bin/cmake --install /home/ivan/Webots_YOLOv8/build/ipm_interfaces
