[0.052s] Invoking command in '/home/ivan/Webots_YOLOv8/build/soccer_geometry_msgs': CMAKE_PREFIX_PATH=${CMAKE_PREFIX_PATH}:/home/ivan/Webots_YOLOv8/install/soccer_ipm:/home/ivan/Webots_YOLOv8/install/Webots_YOLOv8:/home/ivan/Webots_YOLOv8/install/my_package:/home/ivan/Webots_YOLOv8/install/ipm_service:/home/ivan/Webots_YOLOv8/install/ipm_image_node:/home/ivan/Webots_YOLOv8/install/ipm_library:/home/ivan/ros2_ws/install/object_finder_onnx:/home/ivan/ros2_ws/install/object_finder:/home/ivan/ros2_ws/install/my_package:/home/ivan/ros2_ws/install/Webots_YOLOv8:/opt/ros/humble /usr/bin/cmake --build /home/ivan/Webots_YOLOv8/build/soccer_geometry_msgs -- -j12 -l12
[0.187s] [  6%] Built target soccer_geometry_msgs__cpp
[0.190s] [ 12%] Built target soccer_geometry_msgs__rosidl_generator_c
[0.231s] [ 12%] Built target ament_cmake_python_copy_soccer_geometry_msgs
[0.295s] [ 22%] Built target soccer_geometry_msgs__rosidl_typesupport_c
[0.340s] [ 32%] Built target soccer_geometry_msgs__rosidl_typesupport_fastrtps_c
[0.340s] [ 41%] Built target soccer_geometry_msgs__rosidl_typesupport_introspection_cpp
[0.347s] [ 61%] Built target soccer_geometry_msgs__rosidl_typesupport_cpp
[0.347s] [ 61%] Built target soccer_geometry_msgs__rosidl_typesupport_introspection_c
[0.368s] [ 70%] Built target soccer_geometry_msgs__rosidl_typesupport_fastrtps_cpp
[0.413s] [ 70%] Built target soccer_geometry_msgs
[0.455s] [ 74%] Built target soccer_geometry_msgs__py
[0.500s] [ 80%] Built target soccer_geometry_msgs__rosidl_generator_py
[0.568s] [ 87%] Built target soccer_geometry_msgs__rosidl_typesupport_introspection_c__pyext
[0.573s] [ 93%] Built target soccer_geometry_msgs__rosidl_typesupport_c__pyext
[0.578s] [100%] Built target soccer_geometry_msgs__rosidl_typesupport_fastrtps_c__pyext
[0.792s] running egg_info
[0.795s] writing soccer_geometry_msgs.egg-info/PKG-INFO
[0.795s] writing dependency_links to soccer_geometry_msgs.egg-info/dependency_links.txt
[0.795s] writing top-level names to soccer_geometry_msgs.egg-info/top_level.txt
[0.799s] reading manifest file 'soccer_geometry_msgs.egg-info/SOURCES.txt'
[0.799s] writing manifest file 'soccer_geometry_msgs.egg-info/SOURCES.txt'
[0.853s] [100%] Built target ament_cmake_python_build_soccer_geometry_msgs_egg
[0.893s] Invoked command in '/home/ivan/Webots_YOLOv8/build/soccer_geometry_msgs' returned '0': CMAKE_PREFIX_PATH=${CMAKE_PREFIX_PATH}:/home/ivan/Webots_YOLOv8/install/soccer_ipm:/home/ivan/Webots_YOLOv8/install/Webots_YOLOv8:/home/ivan/Webots_YOLOv8/install/my_package:/home/ivan/Webots_YOLOv8/install/ipm_service:/home/ivan/Webots_YOLOv8/install/ipm_image_node:/home/ivan/Webots_YOLOv8/install/ipm_library:/home/ivan/ros2_ws/install/object_finder_onnx:/home/ivan/ros2_ws/install/object_finder:/home/ivan/ros2_ws/install/my_package:/home/ivan/ros2_ws/install/Webots_YOLOv8:/opt/ros/humble /usr/bin/cmake --build /home/ivan/Webots_YOLOv8/build/soccer_geometry_msgs -- -j12 -l12
[0.896s] Invoking command in '/home/ivan/Webots_YOLOv8/build/soccer_geometry_msgs': CMAKE_PREFIX_PATH=${CMAKE_PREFIX_PATH}:/home/ivan/Webots_YOLOv8/install/soccer_ipm:/home/ivan/Webots_YOLOv8/install/Webots_YOLOv8:/home/ivan/Webots_YOLOv8/install/my_package:/home/ivan/Webots_YOLOv8/install/ipm_service:/home/ivan/Webots_YOLOv8/install/ipm_image_node:/home/ivan/Webots_YOLOv8/install/ipm_library:/home/ivan/ros2_ws/install/object_finder_onnx:/home/ivan/ros2_ws/install/object_finder:/home/ivan/ros2_ws/install/my_package:/home/ivan/ros2_ws/install/Webots_YOLOv8:/opt/ros/humble /usr/bin/cmake --install /home/ivan/Webots_YOLOv8/build/soccer_geometry_msgs
[0.911s] -- Install configuration: ""
[0.912s] -- Up-to-date: /home/ivan/Webots_YOLOv8/install/soccer_geometry_msgs/share/ament_index/resource_index/rosidl_interfaces/soccer_geometry_msgs
[0.912s] -- Up-to-date: /home/ivan/Webots_YOLOv8/install/soccer_geometry_msgs/include/soccer_geometry_msgs/soccer_geometry_msgs
[0.912s] -- Up-to-date: /home/ivan/Webots_YOLOv8/install/soccer_geometry_msgs/include/soccer_geometry_msgs/soccer_geometry_msgs/msg
[0.912s] -- Up-to-date: /home/ivan/Webots_YOLOv8/install/soccer_geometry_msgs/include/soccer_geometry_msgs/soccer_geometry_msgs/msg/detail
[0.912s] -- Up-to-date: /home/ivan/Webots_YOLOv8/install/soccer_geometry_msgs/include/soccer_geometry_msgs/soccer_geometry_msgs/msg/detail/point_with_covariance__struct.h
[0.912s] -- Up-to-date: /home/ivan/Webots_YOLOv8/install/soccer_geometry_msgs/include/soccer_geometry_msgs/soccer_geometry_msgs/msg/detail/point_with_covariance__type_support.h
[0.912s] -- Up-to-date: /home/ivan/Webots_YOLOv8/install/soccer_geometry_msgs/include/soccer_geometry_msgs/soccer_geometry_msgs/msg/detail/point_with_covariance__functions.c
[0.913s] -- Up-to-date: /home/ivan/Webots_YOLOv8/install/soccer_geometry_msgs/include/soccer_geometry_msgs/soccer_geometry_msgs/msg/detail/point_with_covariance__functions.h
[0.913s] -- Up-to-date: /home/ivan/Webots_YOLOv8/install/soccer_geometry_msgs/include/soccer_geometry_msgs/soccer_geometry_msgs/msg/rosidl_generator_c__visibility_control.h
[0.913s] -- Up-to-date: /home/ivan/Webots_YOLOv8/install/soccer_geometry_msgs/include/soccer_geometry_msgs/soccer_geometry_msgs/msg/point_with_covariance.h
[0.913s] -- Up-to-date: /home/ivan/Webots_YOLOv8/install/soccer_geometry_msgs/share/soccer_geometry_msgs/environment/library_path.sh
[0.913s] -- Up-to-date: /home/ivan/Webots_YOLOv8/install/soccer_geometry_msgs/share/soccer_geometry_msgs/environment/library_path.dsv
[0.913s] -- Up-to-date: /home/ivan/Webots_YOLOv8/install/soccer_geometry_msgs/lib/libsoccer_geometry_msgs__rosidl_generator_c.so
[0.916s] -- Up-to-date: /home/ivan/Webots_YOLOv8/install/soccer_geometry_msgs/include/soccer_geometry_msgs/soccer_geometry_msgs
[0.916s] -- Up-to-date: /home/ivan/Webots_YOLOv8/install/soccer_geometry_msgs/include/soccer_geometry_msgs/soccer_geometry_msgs/msg
[0.916s] -- Up-to-date: /home/ivan/Webots_YOLOv8/install/soccer_geometry_msgs/include/soccer_geometry_msgs/soccer_geometry_msgs/msg/detail
[0.916s] -- Up-to-date: /home/ivan/Webots_YOLOv8/install/soccer_geometry_msgs/include/soccer_geometry_msgs/soccer_geometry_msgs/msg/detail/point_with_covariance__rosidl_typesupport_fastrtps_c.h
[0.916s] -- Up-to-date: /home/ivan/Webots_YOLOv8/install/soccer_geometry_msgs/include/soccer_geometry_msgs/soccer_geometry_msgs/msg/rosidl_typesupport_fastrtps_c__visibility_control.h
[0.916s] -- Up-to-date: /home/ivan/Webots_YOLOv8/install/soccer_geometry_msgs/lib/libsoccer_geometry_msgs__rosidl_typesupport_fastrtps_c.so
[0.916s] -- Up-to-date: /home/ivan/Webots_YOLOv8/install/soccer_geometry_msgs/include/soccer_geometry_msgs/soccer_geometry_msgs
[0.916s] -- Up-to-date: /home/ivan/Webots_YOLOv8/install/soccer_geometry_msgs/include/soccer_geometry_msgs/soccer_geometry_msgs/msg
[0.917s] -- Up-to-date: /home/ivan/Webots_YOLOv8/install/soccer_geometry_msgs/include/soccer_geometry_msgs/soccer_geometry_msgs/msg/detail
[0.917s] -- Up-to-date: /home/ivan/Webots_YOLOv8/install/soccer_geometry_msgs/include/soccer_geometry_msgs/soccer_geometry_msgs/msg/detail/point_with_covariance__traits.hpp
[0.917s] -- Up-to-date: /home/ivan/Webots_YOLOv8/install/soccer_geometry_msgs/include/soccer_geometry_msgs/soccer_geometry_msgs/msg/detail/point_with_covariance__type_support.hpp
[0.917s] -- Up-to-date: /home/ivan/Webots_YOLOv8/install/soccer_geometry_msgs/include/soccer_geometry_msgs/soccer_geometry_msgs/msg/detail/point_with_covariance__struct.hpp
[0.917s] -- Up-to-date: /home/ivan/Webots_YOLOv8/install/soccer_geometry_msgs/include/soccer_geometry_msgs/soccer_geometry_msgs/msg/detail/point_with_covariance__builder.hpp
[0.917s] -- Up-to-date: /home/ivan/Webots_YOLOv8/install/soccer_geometry_msgs/include/soccer_geometry_msgs/soccer_geometry_msgs/msg/rosidl_generator_cpp__visibility_control.hpp
[0.917s] -- Up-to-date: /home/ivan/Webots_YOLOv8/install/soccer_geometry_msgs/include/soccer_geometry_msgs/soccer_geometry_msgs/msg/point_with_covariance.hpp
[0.917s] -- Up-to-date: /home/ivan/Webots_YOLOv8/install/soccer_geometry_msgs/include/soccer_geometry_msgs/soccer_geometry_msgs
[0.917s] -- Up-to-date: /home/ivan/Webots_YOLOv8/install/soccer_geometry_msgs/include/soccer_geometry_msgs/soccer_geometry_msgs/msg
[0.917s] -- Up-to-date: /home/ivan/Webots_YOLOv8/install/soccer_geometry_msgs/include/soccer_geometry_msgs/soccer_geometry_msgs/msg/detail
[0.918s] -- Up-to-date: /home/ivan/Webots_YOLOv8/install/soccer_geometry_msgs/include/soccer_geometry_msgs/soccer_geometry_msgs/msg/detail/dds_fastrtps
[0.918s] -- Up-to-date: /home/ivan/Webots_YOLOv8/install/soccer_geometry_msgs/include/soccer_geometry_msgs/soccer_geometry_msgs/msg/detail/point_with_covariance__rosidl_typesupport_fastrtps_cpp.hpp
[0.918s] -- Up-to-date: /home/ivan/Webots_YOLOv8/install/soccer_geometry_msgs/include/soccer_geometry_msgs/soccer_geometry_msgs/msg/rosidl_typesupport_fastrtps_cpp__visibility_control.h
[0.918s] -- Up-to-date: /home/ivan/Webots_YOLOv8/install/soccer_geometry_msgs/lib/libsoccer_geometry_msgs__rosidl_typesupport_fastrtps_cpp.so
[0.919s] -- Up-to-date: /home/ivan/Webots_YOLOv8/install/soccer_geometry_msgs/include/soccer_geometry_msgs/soccer_geometry_msgs
[0.919s] -- Up-to-date: /home/ivan/Webots_YOLOv8/install/soccer_geometry_msgs/include/soccer_geometry_msgs/soccer_geometry_msgs/msg
[0.919s] -- Up-to-date: /home/ivan/Webots_YOLOv8/install/soccer_geometry_msgs/include/soccer_geometry_msgs/soccer_geometry_msgs/msg/detail
[0.919s] -- Up-to-date: /home/ivan/Webots_YOLOv8/install/soccer_geometry_msgs/include/soccer_geometry_msgs/soccer_geometry_msgs/msg/detail/point_with_covariance__rosidl_typesupport_introspection_c.h
[0.919s] -- Up-to-date: /home/ivan/Webots_YOLOv8/install/soccer_geometry_msgs/include/soccer_geometry_msgs/soccer_geometry_msgs/msg/detail/point_with_covariance__type_support.c
[0.919s] -- Up-to-date: /home/ivan/Webots_YOLOv8/install/soccer_geometry_msgs/include/soccer_geometry_msgs/soccer_geometry_msgs/msg/rosidl_typesupport_introspection_c__visibility_control.h
[0.919s] -- Up-to-date: /home/ivan/Webots_YOLOv8/install/soccer_geometry_msgs/lib/libsoccer_geometry_msgs__rosidl_typesupport_introspection_c.so
[0.919s] -- Up-to-date: /home/ivan/Webots_YOLOv8/install/soccer_geometry_msgs/lib/libsoccer_geometry_msgs__rosidl_typesupport_c.so
[0.920s] -- Up-to-date: /home/ivan/Webots_YOLOv8/install/soccer_geometry_msgs/include/soccer_geometry_msgs/soccer_geometry_msgs
[0.920s] -- Up-to-date: /home/ivan/Webots_YOLOv8/install/soccer_geometry_msgs/include/soccer_geometry_msgs/soccer_geometry_msgs/msg
[0.920s] -- Up-to-date: /home/ivan/Webots_YOLOv8/install/soccer_geometry_msgs/include/soccer_geometry_msgs/soccer_geometry_msgs/msg/detail
[0.920s] -- Up-to-date: /home/ivan/Webots_YOLOv8/install/soccer_geometry_msgs/include/soccer_geometry_msgs/soccer_geometry_msgs/msg/detail/point_with_covariance__type_support.cpp
[0.920s] -- Up-to-date: /home/ivan/Webots_YOLOv8/install/soccer_geometry_msgs/include/soccer_geometry_msgs/soccer_geometry_msgs/msg/detail/point_with_covariance__rosidl_typesupport_introspection_cpp.hpp
[0.920s] -- Up-to-date: /home/ivan/Webots_YOLOv8/install/soccer_geometry_msgs/lib/libsoccer_geometry_msgs__rosidl_typesupport_introspection_cpp.so
[0.921s] -- Up-to-date: /home/ivan/Webots_YOLOv8/install/soccer_geometry_msgs/lib/libsoccer_geometry_msgs__rosidl_typesupport_cpp.so
[0.921s] -- Up-to-date: /home/ivan/Webots_YOLOv8/install/soccer_geometry_msgs/share/soccer_geometry_msgs/environment/pythonpath.sh
[0.921s] -- Up-to-date: /home/ivan/Webots_YOLOv8/install/soccer_geometry_msgs/share/soccer_geometry_msgs/environment/pythonpath.dsv
[0.921s] -- Up-to-date: /home/ivan/Webots_YOLOv8/install/soccer_geometry_msgs/local/lib/python3.10/dist-packages/soccer_geometry_msgs-1.0.0-py3.10.egg-info
[0.921s] -- Installing: /home/ivan/Webots_YOLOv8/install/soccer_geometry_msgs/local/lib/python3.10/dist-packages/soccer_geometry_msgs-1.0.0-py3.10.egg-info/top_level.txt
[0.921s] -- Installing: /home/ivan/Webots_YOLOv8/install/soccer_geometry_msgs/local/lib/python3.10/dist-packages/soccer_geometry_msgs-1.0.0-py3.10.egg-info/dependency_links.txt
[0.922s] -- Installing: /home/ivan/Webots_YOLOv8/install/soccer_geometry_msgs/local/lib/python3.10/dist-packages/soccer_geometry_msgs-1.0.0-py3.10.egg-info/SOURCES.txt
[0.922s] -- Installing: /home/ivan/Webots_YOLOv8/install/soccer_geometry_msgs/local/lib/python3.10/dist-packages/soccer_geometry_msgs-1.0.0-py3.10.egg-info/PKG-INFO
[0.922s] -- Up-to-date: /home/ivan/Webots_YOLOv8/install/soccer_geometry_msgs/local/lib/python3.10/dist-packages/soccer_geometry_msgs
[0.922s] -- Up-to-date: /home/ivan/Webots_YOLOv8/install/soccer_geometry_msgs/local/lib/python3.10/dist-packages/soccer_geometry_msgs/libsoccer_geometry_msgs__rosidl_generator_py.so
[0.922s] -- Up-to-date: /home/ivan/Webots_YOLOv8/install/soccer_geometry_msgs/local/lib/python3.10/dist-packages/soccer_geometry_msgs/_soccer_geometry_msgs_s.ep.rosidl_typesupport_introspection_c.c
[0.922s] -- Up-to-date: /home/ivan/Webots_YOLOv8/install/soccer_geometry_msgs/local/lib/python3.10/dist-packages/soccer_geometry_msgs/soccer_geometry_msgs_s__rosidl_typesupport_introspection_c.cpython-310-x86_64-linux-gnu.so
[0.922s] -- Up-to-date: /home/ivan/Webots_YOLOv8/install/soccer_geometry_msgs/local/lib/python3.10/dist-packages/soccer_geometry_msgs/msg
[0.922s] -- Up-to-date: /home/ivan/Webots_YOLOv8/install/soccer_geometry_msgs/local/lib/python3.10/dist-packages/soccer_geometry_msgs/msg/_point_with_covariance_s.c
[0.922s] -- Up-to-date: /home/ivan/Webots_YOLOv8/install/soccer_geometry_msgs/local/lib/python3.10/dist-packages/soccer_geometry_msgs/msg/_point_with_covariance.py
[0.922s] -- Up-to-date: /home/ivan/Webots_YOLOv8/install/soccer_geometry_msgs/local/lib/python3.10/dist-packages/soccer_geometry_msgs/msg/__init__.py
[0.923s] -- Up-to-date: /home/ivan/Webots_YOLOv8/install/soccer_geometry_msgs/local/lib/python3.10/dist-packages/soccer_geometry_msgs/_soccer_geometry_msgs_s.ep.rosidl_typesupport_c.c
[0.923s] -- Up-to-date: /home/ivan/Webots_YOLOv8/install/soccer_geometry_msgs/local/lib/python3.10/dist-packages/soccer_geometry_msgs/soccer_geometry_msgs_s__rosidl_typesupport_fastrtps_c.cpython-310-x86_64-linux-gnu.so
[0.923s] -- Up-to-date: /home/ivan/Webots_YOLOv8/install/soccer_geometry_msgs/local/lib/python3.10/dist-packages/soccer_geometry_msgs/_soccer_geometry_msgs_s.ep.rosidl_typesupport_fastrtps_c.c
[0.923s] -- Up-to-date: /home/ivan/Webots_YOLOv8/install/soccer_geometry_msgs/local/lib/python3.10/dist-packages/soccer_geometry_msgs/__init__.py
[0.923s] -- Up-to-date: /home/ivan/Webots_YOLOv8/install/soccer_geometry_msgs/local/lib/python3.10/dist-packages/soccer_geometry_msgs/soccer_geometry_msgs_s__rosidl_typesupport_c.cpython-310-x86_64-linux-gnu.so
[0.967s] Listing '/home/ivan/Webots_YOLOv8/install/soccer_geometry_msgs/local/lib/python3.10/dist-packages/soccer_geometry_msgs'...
[0.967s] Listing '/home/ivan/Webots_YOLOv8/install/soccer_geometry_msgs/local/lib/python3.10/dist-packages/soccer_geometry_msgs/msg'...
[0.975s] -- Up-to-date: /home/ivan/Webots_YOLOv8/install/soccer_geometry_msgs/local/lib/python3.10/dist-packages/soccer_geometry_msgs/soccer_geometry_msgs_s__rosidl_typesupport_fastrtps_c.cpython-310-x86_64-linux-gnu.so
[0.975s] -- Up-to-date: /home/ivan/Webots_YOLOv8/install/soccer_geometry_msgs/local/lib/python3.10/dist-packages/soccer_geometry_msgs/soccer_geometry_msgs_s__rosidl_typesupport_introspection_c.cpython-310-x86_64-linux-gnu.so
[0.976s] -- Up-to-date: /home/ivan/Webots_YOLOv8/install/soccer_geometry_msgs/local/lib/python3.10/dist-packages/soccer_geometry_msgs/soccer_geometry_msgs_s__rosidl_typesupport_c.cpython-310-x86_64-linux-gnu.so
[0.976s] -- Up-to-date: /home/ivan/Webots_YOLOv8/install/soccer_geometry_msgs/lib/libsoccer_geometry_msgs__rosidl_generator_py.so
[0.976s] -- Up-to-date: /home/ivan/Webots_YOLOv8/install/soccer_geometry_msgs/share/soccer_geometry_msgs/msg/PointWithCovariance.idl
[0.977s] -- Up-to-date: /home/ivan/Webots_YOLOv8/install/soccer_geometry_msgs/share/soccer_geometry_msgs/msg/PointWithCovariance.msg
[0.977s] -- Up-to-date: /home/ivan/Webots_YOLOv8/install/soccer_geometry_msgs/share/ament_index/resource_index/package_run_dependencies/soccer_geometry_msgs
[0.977s] -- Up-to-date: /home/ivan/Webots_YOLOv8/install/soccer_geometry_msgs/share/ament_index/resource_index/parent_prefix_path/soccer_geometry_msgs
[0.977s] -- Up-to-date: /home/ivan/Webots_YOLOv8/install/soccer_geometry_msgs/share/soccer_geometry_msgs/environment/ament_prefix_path.sh
[0.977s] -- Up-to-date: /home/ivan/Webots_YOLOv8/install/soccer_geometry_msgs/share/soccer_geometry_msgs/environment/ament_prefix_path.dsv
[0.977s] -- Up-to-date: /home/ivan/Webots_YOLOv8/install/soccer_geometry_msgs/share/soccer_geometry_msgs/environment/path.sh
[0.978s] -- Up-to-date: /home/ivan/Webots_YOLOv8/install/soccer_geometry_msgs/share/soccer_geometry_msgs/environment/path.dsv
[0.978s] -- Up-to-date: /home/ivan/Webots_YOLOv8/install/soccer_geometry_msgs/share/soccer_geometry_msgs/local_setup.bash
[0.978s] -- Up-to-date: /home/ivan/Webots_YOLOv8/install/soccer_geometry_msgs/share/soccer_geometry_msgs/local_setup.sh
[0.978s] -- Up-to-date: /home/ivan/Webots_YOLOv8/install/soccer_geometry_msgs/share/soccer_geometry_msgs/local_setup.zsh
[0.978s] -- Up-to-date: /home/ivan/Webots_YOLOv8/install/soccer_geometry_msgs/share/soccer_geometry_msgs/local_setup.dsv
[0.978s] -- Installing: /home/ivan/Webots_YOLOv8/install/soccer_geometry_msgs/share/soccer_geometry_msgs/package.dsv
[0.978s] -- Up-to-date: /home/ivan/Webots_YOLOv8/install/soccer_geometry_msgs/share/ament_index/resource_index/packages/soccer_geometry_msgs
[0.979s] -- Up-to-date: /home/ivan/Webots_YOLOv8/install/soccer_geometry_msgs/share/soccer_geometry_msgs/cmake/export_soccer_geometry_msgs__rosidl_generator_cExport.cmake
[0.979s] -- Up-to-date: /home/ivan/Webots_YOLOv8/install/soccer_geometry_msgs/share/soccer_geometry_msgs/cmake/export_soccer_geometry_msgs__rosidl_generator_cExport-noconfig.cmake
[0.979s] -- Up-to-date: /home/ivan/Webots_YOLOv8/install/soccer_geometry_msgs/share/soccer_geometry_msgs/cmake/export_soccer_geometry_msgs__rosidl_typesupport_fastrtps_cExport.cmake
[0.979s] -- Up-to-date: /home/ivan/Webots_YOLOv8/install/soccer_geometry_msgs/share/soccer_geometry_msgs/cmake/export_soccer_geometry_msgs__rosidl_typesupport_fastrtps_cExport-noconfig.cmake
[0.979s] -- Up-to-date: /home/ivan/Webots_YOLOv8/install/soccer_geometry_msgs/share/soccer_geometry_msgs/cmake/export_soccer_geometry_msgs__rosidl_generator_cppExport.cmake
[0.980s] -- Up-to-date: /home/ivan/Webots_YOLOv8/install/soccer_geometry_msgs/share/soccer_geometry_msgs/cmake/export_soccer_geometry_msgs__rosidl_typesupport_fastrtps_cppExport.cmake
[0.980s] -- Up-to-date: /home/ivan/Webots_YOLOv8/install/soccer_geometry_msgs/share/soccer_geometry_msgs/cmake/export_soccer_geometry_msgs__rosidl_typesupport_fastrtps_cppExport-noconfig.cmake
[0.980s] -- Up-to-date: /home/ivan/Webots_YOLOv8/install/soccer_geometry_msgs/share/soccer_geometry_msgs/cmake/soccer_geometry_msgs__rosidl_typesupport_introspection_cExport.cmake
[0.980s] -- Up-to-date: /home/ivan/Webots_YOLOv8/install/soccer_geometry_msgs/share/soccer_geometry_msgs/cmake/soccer_geometry_msgs__rosidl_typesupport_introspection_cExport-noconfig.cmake
[0.981s] -- Up-to-date: /home/ivan/Webots_YOLOv8/install/soccer_geometry_msgs/share/soccer_geometry_msgs/cmake/soccer_geometry_msgs__rosidl_typesupport_cExport.cmake
[0.981s] -- Up-to-date: /home/ivan/Webots_YOLOv8/install/soccer_geometry_msgs/share/soccer_geometry_msgs/cmake/soccer_geometry_msgs__rosidl_typesupport_cExport-noconfig.cmake
[0.981s] -- Up-to-date: /home/ivan/Webots_YOLOv8/install/soccer_geometry_msgs/share/soccer_geometry_msgs/cmake/soccer_geometry_msgs__rosidl_typesupport_introspection_cppExport.cmake
[0.981s] -- Up-to-date: /home/ivan/Webots_YOLOv8/install/soccer_geometry_msgs/share/soccer_geometry_msgs/cmake/soccer_geometry_msgs__rosidl_typesupport_introspection_cppExport-noconfig.cmake
[0.983s] -- Up-to-date: /home/ivan/Webots_YOLOv8/install/soccer_geometry_msgs/share/soccer_geometry_msgs/cmake/soccer_geometry_msgs__rosidl_typesupport_cppExport.cmake
[0.986s] -- Up-to-date: /home/ivan/Webots_YOLOv8/install/soccer_geometry_msgs/share/soccer_geometry_msgs/cmake/soccer_geometry_msgs__rosidl_typesupport_cppExport-noconfig.cmake
[0.986s] -- Up-to-date: /home/ivan/Webots_YOLOv8/install/soccer_geometry_msgs/share/soccer_geometry_msgs/cmake/export_soccer_geometry_msgs__rosidl_generator_pyExport.cmake
[0.986s] -- Up-to-date: /home/ivan/Webots_YOLOv8/install/soccer_geometry_msgs/share/soccer_geometry_msgs/cmake/export_soccer_geometry_msgs__rosidl_generator_pyExport-noconfig.cmake
[0.986s] -- Up-to-date: /home/ivan/Webots_YOLOv8/install/soccer_geometry_msgs/share/soccer_geometry_msgs/cmake/rosidl_cmake-extras.cmake
[0.986s] -- Up-to-date: /home/ivan/Webots_YOLOv8/install/soccer_geometry_msgs/share/soccer_geometry_msgs/cmake/ament_cmake_export_dependencies-extras.cmake
[0.986s] -- Up-to-date: /home/ivan/Webots_YOLOv8/install/soccer_geometry_msgs/share/soccer_geometry_msgs/cmake/ament_cmake_export_include_directories-extras.cmake
[0.987s] -- Up-to-date: /home/ivan/Webots_YOLOv8/install/soccer_geometry_msgs/share/soccer_geometry_msgs/cmake/ament_cmake_export_libraries-extras.cmake
[0.987s] -- Up-to-date: /home/ivan/Webots_YOLOv8/install/soccer_geometry_msgs/share/soccer_geometry_msgs/cmake/ament_cmake_export_targets-extras.cmake
[0.987s] -- Up-to-date: /home/ivan/Webots_YOLOv8/install/soccer_geometry_msgs/share/soccer_geometry_msgs/cmake/rosidl_cmake_export_typesupport_targets-extras.cmake
[0.987s] -- Up-to-date: /home/ivan/Webots_YOLOv8/install/soccer_geometry_msgs/share/soccer_geometry_msgs/cmake/rosidl_cmake_export_typesupport_libraries-extras.cmake
[0.988s] -- Up-to-date: /home/ivan/Webots_YOLOv8/install/soccer_geometry_msgs/share/soccer_geometry_msgs/cmake/soccer_geometry_msgsConfig.cmake
[0.988s] -- Up-to-date: /home/ivan/Webots_YOLOv8/install/soccer_geometry_msgs/share/soccer_geometry_msgs/cmake/soccer_geometry_msgsConfig-version.cmake
[0.989s] -- Up-to-date: /home/ivan/Webots_YOLOv8/install/soccer_geometry_msgs/share/soccer_geometry_msgs/package.xml
[0.991s] Invoked command in '/home/ivan/Webots_YOLOv8/build/soccer_geometry_msgs' returned '0': CMAKE_PREFIX_PATH=${CMAKE_PREFIX_PATH}:/home/ivan/Webots_YOLOv8/install/soccer_ipm:/home/ivan/Webots_YOLOv8/install/Webots_YOLOv8:/home/ivan/Webots_YOLOv8/install/my_package:/home/ivan/Webots_YOLOv8/install/ipm_service:/home/ivan/Webots_YOLOv8/install/ipm_image_node:/home/ivan/Webots_YOLOv8/install/ipm_library:/home/ivan/ros2_ws/install/object_finder_onnx:/home/ivan/ros2_ws/install/object_finder:/home/ivan/ros2_ws/install/my_package:/home/ivan/ros2_ws/install/Webots_YOLOv8:/opt/ros/humble /usr/bin/cmake --install /home/ivan/Webots_YOLOv8/build/soccer_geometry_msgs
