[1.064s] Invoking command in '/home/ivan/Webots_YOLOv8/src/soccer_ipm/soccer_ipm': AMENT_PREFIX_PATH=/home/ivan/Webots_YOLOv8/install/ipm_library:/home/ivan/Webots_YOLOv8/install/soccer_ipm:/home/ivan/Webots_YOLOv8/install/soccer_interfaces:/home/ivan/Webots_YOLOv8/install/soccer_vision_3d_msgs:/home/ivan/Webots_YOLOv8/install/Webots_YOLOv8:/home/ivan/Webots_YOLOv8/install/soccer_vision_2d_msgs:/home/ivan/Webots_YOLOv8/install/soccer_model_msgs:/home/ivan/Webots_YOLOv8/install/soccer_vision_attribute_msgs:/home/ivan/Webots_YOLOv8/install/soccer_geometry_msgs:/home/ivan/Webots_YOLOv8/install/my_package:/home/ivan/Webots_YOLOv8/install/ipm_service:/home/ivan/Webots_YOLOv8/install/ipm_image_node:/home/ivan/Webots_YOLOv8/install/ipm_interfaces:/home/ivan/ros2_ws/install/object_finder_onnx:/home/ivan/ros2_ws/install/object_finder:/home/ivan/ros2_ws/install/my_package:/home/ivan/ros2_ws/install/Webots_YOLOv8:/home/ivan/ros2_ws/install/edrom_msgs:/opt/ros/humble CMAKE_PREFIX_PATH=/home/ivan/Webots_YOLOv8/install/soccer_vision_3d_msgs:/home/ivan/Webots_YOLOv8/install/soccer_vision_2d_msgs:/home/ivan/Webots_YOLOv8/install/soccer_vision_attribute_msgs:/home/ivan/Webots_YOLOv8/install/ipm_interfaces:/home/ivan/Webots_YOLOv8/install/soccer_interfaces:/home/ivan/Webots_YOLOv8/install/soccer_model_msgs:/home/ivan/Webots_YOLOv8/install/soccer_geometry_msgs:/home/ivan/ros2_ws/install/edrom_msgs LD_LIBRARY_PATH=/home/ivan/Webots_YOLOv8/install/soccer_vision_3d_msgs/lib:/home/ivan/Webots_YOLOv8/install/soccer_vision_2d_msgs/lib:/home/ivan/Webots_YOLOv8/install/soccer_vision_attribute_msgs/lib:/home/ivan/Webots_YOLOv8/install/ipm_interfaces/lib:/home/ivan/Webots_YOLOv8/install/soccer_model_msgs/lib:/home/ivan/Webots_YOLOv8/install/soccer_geometry_msgs/lib:/home/ivan/ros2_ws/install/edrom_msgs/lib:/opt/ros/humble/opt/rviz_ogre_vendor/lib:/opt/ros/humble/lib/x86_64-linux-gnu:/opt/ros/humble/lib PYTHONPATH=/home/ivan/Webots_YOLOv8/build/soccer_ipm/prefix_override:/usr/lib/python3/dist-packages/colcon_core/task/python/colcon_distutils_commands:/home/ivan/Webots_YOLOv8/install/soccer_ipm/lib/python3.10/site-packages:/home/ivan/Webots_YOLOv8/install/ipm_library/lib/python3.10/site-packages:/home/ivan/Webots_YOLOv8/install/soccer_ipm/lib/python3.10/site-packages:/home/ivan/Webots_YOLOv8/install/soccer_vision_3d_msgs/local/lib/python3.10/dist-packages:/home/ivan/Webots_YOLOv8/install/Webots_YOLOv8/lib/python3.10/site-packages:/home/ivan/Webots_YOLOv8/install/soccer_vision_2d_msgs/local/lib/python3.10/dist-packages:/home/ivan/Webots_YOLOv8/install/soccer_model_msgs/local/lib/python3.10/dist-packages:/home/ivan/Webots_YOLOv8/install/soccer_vision_attribute_msgs/local/lib/python3.10/dist-packages:/home/ivan/Webots_YOLOv8/install/soccer_geometry_msgs/local/lib/python3.10/dist-packages:/home/ivan/Webots_YOLOv8/install/my_package/lib/python3.10/site-packages:/home/ivan/Webots_YOLOv8/install/ipm_service/lib/python3.10/site-packages:/home/ivan/Webots_YOLOv8/install/ipm_image_node/lib/python3.10/site-packages:/home/ivan/Webots_YOLOv8/install/ipm_interfaces/local/lib/python3.10/dist-packages:/home/ivan/ros2_ws/install/object_finder_onnx/lib/python3.10/site-packages:/home/ivan/ros2_ws/install/object_finder/lib/python3.10/site-packages:/home/ivan/ros2_ws/install/my_package/lib/python3.10/site-packages:/home/ivan/ros2_ws/install/Webots_YOLOv8/lib/python3.10/site-packages:/home/ivan/ros2_ws/install/edrom_msgs/local/lib/python3.10/dist-packages:/opt/ros/humble/lib/python3.10/site-packages:/opt/ros/humble/local/lib/python3.10/dist-packages /usr/bin/python3 -W ignore:setup.py install is deprecated -W ignore:easy_install command is deprecated setup.py egg_info --egg-base ../../../build/soccer_ipm build --build-base /home/ivan/Webots_YOLOv8/build/soccer_ipm/build install --record /home/ivan/Webots_YOLOv8/build/soccer_ipm/install.log --single-version-externally-managed install_data
[1.389s] running egg_info
[1.390s] creating ../../../build/soccer_ipm/soccer_ipm.egg-info
[1.390s] writing ../../../build/soccer_ipm/soccer_ipm.egg-info/PKG-INFO
[1.390s] writing dependency_links to ../../../build/soccer_ipm/soccer_ipm.egg-info/dependency_links.txt
[1.391s] writing entry points to ../../../build/soccer_ipm/soccer_ipm.egg-info/entry_points.txt
[1.391s] writing requirements to ../../../build/soccer_ipm/soccer_ipm.egg-info/requires.txt
[1.391s] writing top-level names to ../../../build/soccer_ipm/soccer_ipm.egg-info/top_level.txt
[1.391s] writing manifest file '../../../build/soccer_ipm/soccer_ipm.egg-info/SOURCES.txt'
[1.394s] reading manifest file '../../../build/soccer_ipm/soccer_ipm.egg-info/SOURCES.txt'
[1.395s] writing manifest file '../../../build/soccer_ipm/soccer_ipm.egg-info/SOURCES.txt'
[1.395s] running build
[1.395s] running build_py
[1.395s] creating /home/ivan/Webots_YOLOv8/build/soccer_ipm/build
[1.395s] creating /home/ivan/Webots_YOLOv8/build/soccer_ipm/build/lib
[1.395s] creating /home/ivan/Webots_YOLOv8/build/soccer_ipm/build/lib/soccer_ipm
[1.395s] copying soccer_ipm/utils.py -> /home/ivan/Webots_YOLOv8/build/soccer_ipm/build/lib/soccer_ipm
[1.396s] copying soccer_ipm/__init__.py -> /home/ivan/Webots_YOLOv8/build/soccer_ipm/build/lib/soccer_ipm
[1.396s] copying soccer_ipm/soccer_ipm.py -> /home/ivan/Webots_YOLOv8/build/soccer_ipm/build/lib/soccer_ipm
[1.397s] creating /home/ivan/Webots_YOLOv8/build/soccer_ipm/build/lib/soccer_ipm/msgs
[1.397s] copying soccer_ipm/msgs/obstacles.py -> /home/ivan/Webots_YOLOv8/build/soccer_ipm/build/lib/soccer_ipm/msgs
[1.397s] copying soccer_ipm/msgs/__init__.py -> /home/ivan/Webots_YOLOv8/build/soccer_ipm/build/lib/soccer_ipm/msgs
[1.397s] copying soccer_ipm/msgs/markings.py -> /home/ivan/Webots_YOLOv8/build/soccer_ipm/build/lib/soccer_ipm/msgs
[1.398s] copying soccer_ipm/msgs/robots.py -> /home/ivan/Webots_YOLOv8/build/soccer_ipm/build/lib/soccer_ipm/msgs
[1.398s] copying soccer_ipm/msgs/ball.py -> /home/ivan/Webots_YOLOv8/build/soccer_ipm/build/lib/soccer_ipm/msgs
[1.398s] copying soccer_ipm/msgs/goalpost.py -> /home/ivan/Webots_YOLOv8/build/soccer_ipm/build/lib/soccer_ipm/msgs
[1.398s] copying soccer_ipm/msgs/field_boundary.py -> /home/ivan/Webots_YOLOv8/build/soccer_ipm/build/lib/soccer_ipm/msgs
[1.399s] running install
[1.399s] running install_lib
[1.400s] creating /home/ivan/Webots_YOLOv8/install/soccer_ipm/lib/python3.10/site-packages/soccer_ipm
[1.401s] copying /home/ivan/Webots_YOLOv8/build/soccer_ipm/build/lib/soccer_ipm/utils.py -> /home/ivan/Webots_YOLOv8/install/soccer_ipm/lib/python3.10/site-packages/soccer_ipm
[1.401s] copying /home/ivan/Webots_YOLOv8/build/soccer_ipm/build/lib/soccer_ipm/__init__.py -> /home/ivan/Webots_YOLOv8/install/soccer_ipm/lib/python3.10/site-packages/soccer_ipm
[1.401s] creating /home/ivan/Webots_YOLOv8/install/soccer_ipm/lib/python3.10/site-packages/soccer_ipm/msgs
[1.401s] copying /home/ivan/Webots_YOLOv8/build/soccer_ipm/build/lib/soccer_ipm/msgs/obstacles.py -> /home/ivan/Webots_YOLOv8/install/soccer_ipm/lib/python3.10/site-packages/soccer_ipm/msgs
[1.401s] copying /home/ivan/Webots_YOLOv8/build/soccer_ipm/build/lib/soccer_ipm/msgs/__init__.py -> /home/ivan/Webots_YOLOv8/install/soccer_ipm/lib/python3.10/site-packages/soccer_ipm/msgs
[1.401s] copying /home/ivan/Webots_YOLOv8/build/soccer_ipm/build/lib/soccer_ipm/msgs/markings.py -> /home/ivan/Webots_YOLOv8/install/soccer_ipm/lib/python3.10/site-packages/soccer_ipm/msgs
[1.401s] copying /home/ivan/Webots_YOLOv8/build/soccer_ipm/build/lib/soccer_ipm/msgs/robots.py -> /home/ivan/Webots_YOLOv8/install/soccer_ipm/lib/python3.10/site-packages/soccer_ipm/msgs
[1.401s] copying /home/ivan/Webots_YOLOv8/build/soccer_ipm/build/lib/soccer_ipm/msgs/ball.py -> /home/ivan/Webots_YOLOv8/install/soccer_ipm/lib/python3.10/site-packages/soccer_ipm/msgs
[1.401s] copying /home/ivan/Webots_YOLOv8/build/soccer_ipm/build/lib/soccer_ipm/msgs/goalpost.py -> /home/ivan/Webots_YOLOv8/install/soccer_ipm/lib/python3.10/site-packages/soccer_ipm/msgs
[1.402s] copying /home/ivan/Webots_YOLOv8/build/soccer_ipm/build/lib/soccer_ipm/msgs/field_boundary.py -> /home/ivan/Webots_YOLOv8/install/soccer_ipm/lib/python3.10/site-packages/soccer_ipm/msgs
[1.402s] copying /home/ivan/Webots_YOLOv8/build/soccer_ipm/build/lib/soccer_ipm/soccer_ipm.py -> /home/ivan/Webots_YOLOv8/install/soccer_ipm/lib/python3.10/site-packages/soccer_ipm
[1.403s] byte-compiling /home/ivan/Webots_YOLOv8/install/soccer_ipm/lib/python3.10/site-packages/soccer_ipm/utils.py to utils.cpython-310.pyc
[1.403s] byte-compiling /home/ivan/Webots_YOLOv8/install/soccer_ipm/lib/python3.10/site-packages/soccer_ipm/__init__.py to __init__.cpython-310.pyc
[1.404s] byte-compiling /home/ivan/Webots_YOLOv8/install/soccer_ipm/lib/python3.10/site-packages/soccer_ipm/msgs/obstacles.py to obstacles.cpython-310.pyc
[1.404s] byte-compiling /home/ivan/Webots_YOLOv8/install/soccer_ipm/lib/python3.10/site-packages/soccer_ipm/msgs/__init__.py to __init__.cpython-310.pyc
[1.404s] byte-compiling /home/ivan/Webots_YOLOv8/install/soccer_ipm/lib/python3.10/site-packages/soccer_ipm/msgs/markings.py to markings.cpython-310.pyc
[1.405s] byte-compiling /home/ivan/Webots_YOLOv8/install/soccer_ipm/lib/python3.10/site-packages/soccer_ipm/msgs/robots.py to robots.cpython-310.pyc
[1.406s] byte-compiling /home/ivan/Webots_YOLOv8/install/soccer_ipm/lib/python3.10/site-packages/soccer_ipm/msgs/ball.py to ball.cpython-310.pyc
[1.406s] byte-compiling /home/ivan/Webots_YOLOv8/install/soccer_ipm/lib/python3.10/site-packages/soccer_ipm/msgs/goalpost.py to goalpost.cpython-310.pyc
[1.407s] byte-compiling /home/ivan/Webots_YOLOv8/install/soccer_ipm/lib/python3.10/site-packages/soccer_ipm/msgs/field_boundary.py to field_boundary.cpython-310.pyc
[1.407s] byte-compiling /home/ivan/Webots_YOLOv8/install/soccer_ipm/lib/python3.10/site-packages/soccer_ipm/soccer_ipm.py to soccer_ipm.cpython-310.pyc
[1.408s] running install_data
[1.408s] creating /home/ivan/Webots_YOLOv8/install/soccer_ipm/share/ament_index
[1.409s] creating /home/ivan/Webots_YOLOv8/install/soccer_ipm/share/ament_index/resource_index
[1.409s] creating /home/ivan/Webots_YOLOv8/install/soccer_ipm/share/ament_index/resource_index/packages
[1.409s] copying resource/soccer_ipm -> /home/ivan/Webots_YOLOv8/install/soccer_ipm/share/ament_index/resource_index/packages
[1.409s] copying package.xml -> /home/ivan/Webots_YOLOv8/install/soccer_ipm/share/soccer_ipm
[1.409s] creating /home/ivan/Webots_YOLOv8/install/soccer_ipm/share/soccer_ipm/config
[1.409s] copying config/hl_kid.yaml -> /home/ivan/Webots_YOLOv8/install/soccer_ipm/share/soccer_ipm/config
[1.409s] running install_egg_info
[1.413s] Copying ../../../build/soccer_ipm/soccer_ipm.egg-info to /home/ivan/Webots_YOLOv8/install/soccer_ipm/lib/python3.10/site-packages/soccer_ipm-0.0.0-py3.10.egg-info
[1.415s] running install_scripts
[1.445s] Installing ipm script to /home/ivan/Webots_YOLOv8/install/soccer_ipm/lib/soccer_ipm
[1.446s] writing list of installed files to '/home/ivan/Webots_YOLOv8/build/soccer_ipm/install.log'
[1.500s] Invoked command in '/home/ivan/Webots_YOLOv8/src/soccer_ipm/soccer_ipm' returned '0': AMENT_PREFIX_PATH=/home/ivan/Webots_YOLOv8/install/ipm_library:/home/ivan/Webots_YOLOv8/install/soccer_ipm:/home/ivan/Webots_YOLOv8/install/soccer_interfaces:/home/ivan/Webots_YOLOv8/install/soccer_vision_3d_msgs:/home/ivan/Webots_YOLOv8/install/Webots_YOLOv8:/home/ivan/Webots_YOLOv8/install/soccer_vision_2d_msgs:/home/ivan/Webots_YOLOv8/install/soccer_model_msgs:/home/ivan/Webots_YOLOv8/install/soccer_vision_attribute_msgs:/home/ivan/Webots_YOLOv8/install/soccer_geometry_msgs:/home/ivan/Webots_YOLOv8/install/my_package:/home/ivan/Webots_YOLOv8/install/ipm_service:/home/ivan/Webots_YOLOv8/install/ipm_image_node:/home/ivan/Webots_YOLOv8/install/ipm_interfaces:/home/ivan/ros2_ws/install/object_finder_onnx:/home/ivan/ros2_ws/install/object_finder:/home/ivan/ros2_ws/install/my_package:/home/ivan/ros2_ws/install/Webots_YOLOv8:/home/ivan/ros2_ws/install/edrom_msgs:/opt/ros/humble CMAKE_PREFIX_PATH=/home/ivan/Webots_YOLOv8/install/soccer_vision_3d_msgs:/home/ivan/Webots_YOLOv8/install/soccer_vision_2d_msgs:/home/ivan/Webots_YOLOv8/install/soccer_vision_attribute_msgs:/home/ivan/Webots_YOLOv8/install/ipm_interfaces:/home/ivan/Webots_YOLOv8/install/soccer_interfaces:/home/ivan/Webots_YOLOv8/install/soccer_model_msgs:/home/ivan/Webots_YOLOv8/install/soccer_geometry_msgs:/home/ivan/ros2_ws/install/edrom_msgs LD_LIBRARY_PATH=/home/ivan/Webots_YOLOv8/install/soccer_vision_3d_msgs/lib:/home/ivan/Webots_YOLOv8/install/soccer_vision_2d_msgs/lib:/home/ivan/Webots_YOLOv8/install/soccer_vision_attribute_msgs/lib:/home/ivan/Webots_YOLOv8/install/ipm_interfaces/lib:/home/ivan/Webots_YOLOv8/install/soccer_model_msgs/lib:/home/ivan/Webots_YOLOv8/install/soccer_geometry_msgs/lib:/home/ivan/ros2_ws/install/edrom_msgs/lib:/opt/ros/humble/opt/rviz_ogre_vendor/lib:/opt/ros/humble/lib/x86_64-linux-gnu:/opt/ros/humble/lib PYTHONPATH=/home/ivan/Webots_YOLOv8/build/soccer_ipm/prefix_override:/usr/lib/python3/dist-packages/colcon_core/task/python/colcon_distutils_commands:/home/ivan/Webots_YOLOv8/install/soccer_ipm/lib/python3.10/site-packages:/home/ivan/Webots_YOLOv8/install/ipm_library/lib/python3.10/site-packages:/home/ivan/Webots_YOLOv8/install/soccer_ipm/lib/python3.10/site-packages:/home/ivan/Webots_YOLOv8/install/soccer_vision_3d_msgs/local/lib/python3.10/dist-packages:/home/ivan/Webots_YOLOv8/install/Webots_YOLOv8/lib/python3.10/site-packages:/home/ivan/Webots_YOLOv8/install/soccer_vision_2d_msgs/local/lib/python3.10/dist-packages:/home/ivan/Webots_YOLOv8/install/soccer_model_msgs/local/lib/python3.10/dist-packages:/home/ivan/Webots_YOLOv8/install/soccer_vision_attribute_msgs/local/lib/python3.10/dist-packages:/home/ivan/Webots_YOLOv8/install/soccer_geometry_msgs/local/lib/python3.10/dist-packages:/home/ivan/Webots_YOLOv8/install/my_package/lib/python3.10/site-packages:/home/ivan/Webots_YOLOv8/install/ipm_service/lib/python3.10/site-packages:/home/ivan/Webots_YOLOv8/install/ipm_image_node/lib/python3.10/site-packages:/home/ivan/Webots_YOLOv8/install/ipm_interfaces/local/lib/python3.10/dist-packages:/home/ivan/ros2_ws/install/object_finder_onnx/lib/python3.10/site-packages:/home/ivan/ros2_ws/install/object_finder/lib/python3.10/site-packages:/home/ivan/ros2_ws/install/my_package/lib/python3.10/site-packages:/home/ivan/ros2_ws/install/Webots_YOLOv8/lib/python3.10/site-packages:/home/ivan/ros2_ws/install/edrom_msgs/local/lib/python3.10/dist-packages:/opt/ros/humble/lib/python3.10/site-packages:/opt/ros/humble/local/lib/python3.10/dist-packages /usr/bin/python3 -W ignore:setup.py install is deprecated -W ignore:easy_install command is deprecated setup.py egg_info --egg-base ../../../build/soccer_ipm build --build-base /home/ivan/Webots_YOLOv8/build/soccer_ipm/build install --record /home/ivan/Webots_YOLOv8/build/soccer_ipm/install.log --single-version-externally-managed install_data
