[1.806s] Invoking command in '/home/ivan/Webots_YOLOv8/src/Webots_YOLOv8': CMAKE_PREFIX_PATH=/home/ivan/Webots_YOLOv8/install/soccer_vision_2d_msgs:/home/ivan/Webots_YOLOv8/install/soccer_vision_attribute_msgs:/home/ivan/Webots_YOLOv8/install/soccer_interfaces:/home/ivan/Webots_YOLOv8/install/soccer_vision_3d_msgs:/home/ivan/Webots_YOLOv8/install/soccer_model_msgs:/home/ivan/Webots_YOLOv8/install/soccer_geometry_msgs:/home/ivan/Webots_YOLOv8/install/ipm_interfaces:/home/ivan/ros2_ws/install/edrom_msgs LD_LIBRARY_PATH=/home/ivan/Webots_YOLOv8/install/soccer_vision_2d_msgs/lib:/home/ivan/Webots_YOLOv8/install/soccer_vision_attribute_msgs/lib:/home/ivan/Webots_YOLOv8/install/soccer_vision_3d_msgs/lib:/home/ivan/Webots_YOLOv8/install/soccer_model_msgs/lib:/home/ivan/Webots_YOLOv8/install/soccer_geometry_msgs/lib:/home/ivan/Webots_YOLOv8/install/ipm_interfaces/lib:/home/ivan/ros2_ws/install/edrom_msgs/lib:/opt/ros/humble/opt/rviz_ogre_vendor/lib:/opt/ros/humble/lib/x86_64-linux-gnu:/opt/ros/humble/lib PYTHONPATH=/home/ivan/Webots_YOLOv8/build/Webots_YOLOv8/prefix_override:/usr/lib/python3/dist-packages/colcon_core/task/python/colcon_distutils_commands:/home/ivan/Webots_YOLOv8/install/Webots_YOLOv8/lib/python3.10/site-packages:${PYTHONPATH} /usr/bin/python3 -W ignore:setup.py install is deprecated -W ignore:easy_install command is deprecated setup.py egg_info --egg-base ../../build/Webots_YOLOv8 build --build-base /home/ivan/Webots_YOLOv8/build/Webots_YOLOv8/build install --record /home/ivan/Webots_YOLOv8/build/Webots_YOLOv8/install.log --single-version-externally-managed install_data
[2.200s] running egg_info
[2.201s] writing ../../build/Webots_YOLOv8/Webots_YOLOv8.egg-info/PKG-INFO
[2.201s] writing dependency_links to ../../build/Webots_YOLOv8/Webots_YOLOv8.egg-info/dependency_links.txt
[2.201s] writing entry points to ../../build/Webots_YOLOv8/Webots_YOLOv8.egg-info/entry_points.txt
[2.201s] writing requirements to ../../build/Webots_YOLOv8/Webots_YOLOv8.egg-info/requires.txt
[2.201s] writing top-level names to ../../build/Webots_YOLOv8/Webots_YOLOv8.egg-info/top_level.txt
[2.201s] reading manifest file '../../build/Webots_YOLOv8/Webots_YOLOv8.egg-info/SOURCES.txt'
[2.201s] writing manifest file '../../build/Webots_YOLOv8/Webots_YOLOv8.egg-info/SOURCES.txt'
[2.201s] running build
[2.202s] running build_py
[2.202s] copying Webots_YOLOv8/yolo_simulation.py -> /home/ivan/Webots_YOLOv8/build/Webots_YOLOv8/build/lib/Webots_YOLOv8
[2.202s] running install
[2.202s] running install_lib
[2.202s] copying /home/ivan/Webots_YOLOv8/build/Webots_YOLOv8/build/lib/Webots_YOLOv8/yolo_simulation.py -> /home/ivan/Webots_YOLOv8/install/Webots_YOLOv8/lib/python3.10/site-packages/Webots_YOLOv8
[2.202s] byte-compiling /home/ivan/Webots_YOLOv8/install/Webots_YOLOv8/lib/python3.10/site-packages/Webots_YOLOv8/yolo_simulation.py to yolo_simulation.cpython-310.pyc
[2.202s] running install_data
[2.203s] copying launch/vision.launch.py -> /home/ivan/Webots_YOLOv8/install/Webots_YOLOv8/share/Webots_YOLOv8/launch
[2.203s] running install_egg_info
[2.203s] removing '/home/ivan/Webots_YOLOv8/install/Webots_YOLOv8/lib/python3.10/site-packages/Webots_YOLOv8-0.0.1-py3.10.egg-info' (and everything under it)
[2.204s] Copying ../../build/Webots_YOLOv8/Webots_YOLOv8.egg-info to /home/ivan/Webots_YOLOv8/install/Webots_YOLOv8/lib/python3.10/site-packages/Webots_YOLOv8-0.0.1-py3.10.egg-info
[2.204s] running install_scripts
[2.209s] Installing finder script to /home/ivan/Webots_YOLOv8/install/Webots_YOLOv8/lib/Webots_YOLOv8
[2.209s] writing list of installed files to '/home/ivan/Webots_YOLOv8/build/Webots_YOLOv8/install.log'
[2.256s] Invoked command in '/home/ivan/Webots_YOLOv8/src/Webots_YOLOv8' returned '0': CMAKE_PREFIX_PATH=/home/ivan/Webots_YOLOv8/install/soccer_vision_2d_msgs:/home/ivan/Webots_YOLOv8/install/soccer_vision_attribute_msgs:/home/ivan/Webots_YOLOv8/install/soccer_interfaces:/home/ivan/Webots_YOLOv8/install/soccer_vision_3d_msgs:/home/ivan/Webots_YOLOv8/install/soccer_model_msgs:/home/ivan/Webots_YOLOv8/install/soccer_geometry_msgs:/home/ivan/Webots_YOLOv8/install/ipm_interfaces:/home/ivan/ros2_ws/install/edrom_msgs LD_LIBRARY_PATH=/home/ivan/Webots_YOLOv8/install/soccer_vision_2d_msgs/lib:/home/ivan/Webots_YOLOv8/install/soccer_vision_attribute_msgs/lib:/home/ivan/Webots_YOLOv8/install/soccer_vision_3d_msgs/lib:/home/ivan/Webots_YOLOv8/install/soccer_model_msgs/lib:/home/ivan/Webots_YOLOv8/install/soccer_geometry_msgs/lib:/home/ivan/Webots_YOLOv8/install/ipm_interfaces/lib:/home/ivan/ros2_ws/install/edrom_msgs/lib:/opt/ros/humble/opt/rviz_ogre_vendor/lib:/opt/ros/humble/lib/x86_64-linux-gnu:/opt/ros/humble/lib PYTHONPATH=/home/ivan/Webots_YOLOv8/build/Webots_YOLOv8/prefix_override:/usr/lib/python3/dist-packages/colcon_core/task/python/colcon_distutils_commands:/home/ivan/Webots_YOLOv8/install/Webots_YOLOv8/lib/python3.10/site-packages:${PYTHONPATH} /usr/bin/python3 -W ignore:setup.py install is deprecated -W ignore:easy_install command is deprecated setup.py egg_info --egg-base ../../build/Webots_YOLOv8 build --build-base /home/ivan/Webots_YOLOv8/build/Webots_YOLOv8/build install --record /home/ivan/Webots_YOLOv8/build/Webots_YOLOv8/install.log --single-version-externally-managed install_data
