running egg_info
creating ../../../build/ipm_library/ipm_library.egg-info
writing ../../../build/ipm_library/ipm_library.egg-info/PKG-INFO
writing dependency_links to ../../../build/ipm_library/ipm_library.egg-info/dependency_links.txt
writing entry points to ../../../build/ipm_library/ipm_library.egg-info/entry_points.txt
writing requirements to ../../../build/ipm_library/ipm_library.egg-info/requires.txt
writing top-level names to ../../../build/ipm_library/ipm_library.egg-info/top_level.txt
writing manifest file '../../../build/ipm_library/ipm_library.egg-info/SOURCES.txt'
reading manifest file '../../../build/ipm_library/ipm_library.egg-info/SOURCES.txt'
writing manifest file '../../../build/ipm_library/ipm_library.egg-info/SOURCES.txt'
running build
running build_py
creating /home/ivan/Webots_YOLOv8/build/ipm_library/build
creating /home/ivan/Webots_YOLOv8/build/ipm_library/build/lib
creating /home/ivan/Webots_YOLOv8/build/ipm_library/build/lib/ipm_library
copying ipm_library/utils.py -> /home/ivan/Webots_YOLOv8/build/ipm_library/build/lib/ipm_library
copying ipm_library/exceptions.py -> /home/ivan/Webots_YOLOv8/build/ipm_library/build/lib/ipm_library
copying ipm_library/__init__.py -> /home/ivan/Webots_YOLOv8/build/ipm_library/build/lib/ipm_library
copying ipm_library/ipm.py -> /home/ivan/Webots_YOLOv8/build/ipm_library/build/lib/ipm_library
running install
running install_lib
creating /home/ivan/Webots_YOLOv8/install/ipm_library/lib/python3.10/site-packages/ipm_library
copying /home/ivan/Webots_YOLOv8/build/ipm_library/build/lib/ipm_library/utils.py -> /home/ivan/Webots_YOLOv8/install/ipm_library/lib/python3.10/site-packages/ipm_library
copying /home/ivan/Webots_YOLOv8/build/ipm_library/build/lib/ipm_library/exceptions.py -> /home/ivan/Webots_YOLOv8/install/ipm_library/lib/python3.10/site-packages/ipm_library
copying /home/ivan/Webots_YOLOv8/build/ipm_library/build/lib/ipm_library/__init__.py -> /home/ivan/Webots_YOLOv8/install/ipm_library/lib/python3.10/site-packages/ipm_library
copying /home/ivan/Webots_YOLOv8/build/ipm_library/build/lib/ipm_library/ipm.py -> /home/ivan/Webots_YOLOv8/install/ipm_library/lib/python3.10/site-packages/ipm_library
byte-compiling /home/ivan/Webots_YOLOv8/install/ipm_library/lib/python3.10/site-packages/ipm_library/utils.py to utils.cpython-310.pyc
byte-compiling /home/ivan/Webots_YOLOv8/install/ipm_library/lib/python3.10/site-packages/ipm_library/exceptions.py to exceptions.cpython-310.pyc
byte-compiling /home/ivan/Webots_YOLOv8/install/ipm_library/lib/python3.10/site-packages/ipm_library/__init__.py to __init__.cpython-310.pyc
byte-compiling /home/ivan/Webots_YOLOv8/install/ipm_library/lib/python3.10/site-packages/ipm_library/ipm.py to ipm.cpython-310.pyc
running install_data
creating /home/ivan/Webots_YOLOv8/install/ipm_library/share/ament_index
creating /home/ivan/Webots_YOLOv8/install/ipm_library/share/ament_index/resource_index
creating /home/ivan/Webots_YOLOv8/install/ipm_library/share/ament_index/resource_index/packages
copying resource/ipm_library -> /home/ivan/Webots_YOLOv8/install/ipm_library/share/ament_index/resource_index/packages
copying package.xml -> /home/ivan/Webots_YOLOv8/install/ipm_library/share/ipm_library
running install_egg_info
Copying ../../../build/ipm_library/ipm_library.egg-info to /home/ivan/Webots_YOLOv8/install/ipm_library/lib/python3.10/site-packages/ipm_library-0.0.0-py3.10.egg-info
running install_scripts
writing list of installed files to '/home/ivan/Webots_YOLOv8/build/ipm_library/install.log'
