[0.762s] Invoking command in '/home/ivan/Webots_YOLOv8/src/ipm/ipm_library': CMAKE_PREFIX_PATH=/home/ivan/Webots_YOLOv8/install/ipm_interfaces:/home/ivan/Webots_YOLOv8/install/soccer_interfaces:/home/ivan/Webots_YOLOv8/install/soccer_vision_3d_msgs:/home/ivan/Webots_YOLOv8/install/soccer_vision_2d_msgs:/home/ivan/Webots_YOLOv8/install/soccer_model_msgs:/home/ivan/Webots_YOLOv8/install/soccer_vision_attribute_msgs:/home/ivan/Webots_YOLOv8/install/soccer_geometry_msgs:/home/ivan/ros2_ws/install/edrom_msgs LD_LIBRARY_PATH=/home/ivan/Webots_YOLOv8/install/ipm_interfaces/lib:/home/ivan/Webots_YOLOv8/install/soccer_vision_3d_msgs/lib:/home/ivan/Webots_YOLOv8/install/soccer_vision_2d_msgs/lib:/home/ivan/Webots_YOLOv8/install/soccer_model_msgs/lib:/home/ivan/Webots_YOLOv8/install/soccer_vision_attribute_msgs/lib:/home/ivan/Webots_YOLOv8/install/soccer_geometry_msgs/lib:/home/ivan/ros2_ws/install/edrom_msgs/lib:/opt/ros/humble/opt/rviz_ogre_vendor/lib:/opt/ros/humble/lib/x86_64-linux-gnu:/opt/ros/humble/lib PYTHONPATH=/home/ivan/Webots_YOLOv8/build/ipm_library/prefix_override:/usr/lib/python3/dist-packages/colcon_core/task/python/colcon_distutils_commands:/home/ivan/Webots_YOLOv8/install/ipm_library/lib/python3.10/site-packages:${PYTHONPATH} /usr/bin/python3 -W ignore:setup.py install is deprecated -W ignore:easy_install command is deprecated setup.py egg_info --egg-base ../../../build/ipm_library build --build-base /home/ivan/Webots_YOLOv8/build/ipm_library/build install --record /home/ivan/Webots_YOLOv8/build/ipm_library/install.log --single-version-externally-managed install_data
[1.052s] running egg_info
[1.053s] creating ../../../build/ipm_library/ipm_library.egg-info
[1.053s] writing ../../../build/ipm_library/ipm_library.egg-info/PKG-INFO
[1.054s] writing dependency_links to ../../../build/ipm_library/ipm_library.egg-info/dependency_links.txt
[1.054s] writing entry points to ../../../build/ipm_library/ipm_library.egg-info/entry_points.txt
[1.054s] writing requirements to ../../../build/ipm_library/ipm_library.egg-info/requires.txt
[1.054s] writing top-level names to ../../../build/ipm_library/ipm_library.egg-info/top_level.txt
[1.054s] writing manifest file '../../../build/ipm_library/ipm_library.egg-info/SOURCES.txt'
[1.056s] reading manifest file '../../../build/ipm_library/ipm_library.egg-info/SOURCES.txt'
[1.057s] writing manifest file '../../../build/ipm_library/ipm_library.egg-info/SOURCES.txt'
[1.057s] running build
[1.057s] running build_py
[1.057s] creating /home/ivan/Webots_YOLOv8/build/ipm_library/build
[1.057s] creating /home/ivan/Webots_YOLOv8/build/ipm_library/build/lib
[1.057s] creating /home/ivan/Webots_YOLOv8/build/ipm_library/build/lib/ipm_library
[1.057s] copying ipm_library/utils.py -> /home/ivan/Webots_YOLOv8/build/ipm_library/build/lib/ipm_library
[1.059s] copying ipm_library/exceptions.py -> /home/ivan/Webots_YOLOv8/build/ipm_library/build/lib/ipm_library
[1.059s] copying ipm_library/__init__.py -> /home/ivan/Webots_YOLOv8/build/ipm_library/build/lib/ipm_library
[1.059s] copying ipm_library/ipm.py -> /home/ivan/Webots_YOLOv8/build/ipm_library/build/lib/ipm_library
[1.059s] running install
[1.060s] running install_lib
[1.061s] creating /home/ivan/Webots_YOLOv8/install/ipm_library/lib/python3.10/site-packages/ipm_library
[1.061s] copying /home/ivan/Webots_YOLOv8/build/ipm_library/build/lib/ipm_library/utils.py -> /home/ivan/Webots_YOLOv8/install/ipm_library/lib/python3.10/site-packages/ipm_library
[1.061s] copying /home/ivan/Webots_YOLOv8/build/ipm_library/build/lib/ipm_library/exceptions.py -> /home/ivan/Webots_YOLOv8/install/ipm_library/lib/python3.10/site-packages/ipm_library
[1.061s] copying /home/ivan/Webots_YOLOv8/build/ipm_library/build/lib/ipm_library/__init__.py -> /home/ivan/Webots_YOLOv8/install/ipm_library/lib/python3.10/site-packages/ipm_library
[1.061s] copying /home/ivan/Webots_YOLOv8/build/ipm_library/build/lib/ipm_library/ipm.py -> /home/ivan/Webots_YOLOv8/install/ipm_library/lib/python3.10/site-packages/ipm_library
[1.062s] byte-compiling /home/ivan/Webots_YOLOv8/install/ipm_library/lib/python3.10/site-packages/ipm_library/utils.py to utils.cpython-310.pyc
[1.064s] byte-compiling /home/ivan/Webots_YOLOv8/install/ipm_library/lib/python3.10/site-packages/ipm_library/exceptions.py to exceptions.cpython-310.pyc
[1.064s] byte-compiling /home/ivan/Webots_YOLOv8/install/ipm_library/lib/python3.10/site-packages/ipm_library/__init__.py to __init__.cpython-310.pyc
[1.064s] byte-compiling /home/ivan/Webots_YOLOv8/install/ipm_library/lib/python3.10/site-packages/ipm_library/ipm.py to ipm.cpython-310.pyc
[1.065s] running install_data
[1.065s] creating /home/ivan/Webots_YOLOv8/install/ipm_library/share/ament_index
[1.065s] creating /home/ivan/Webots_YOLOv8/install/ipm_library/share/ament_index/resource_index
[1.065s] creating /home/ivan/Webots_YOLOv8/install/ipm_library/share/ament_index/resource_index/packages
[1.065s] copying resource/ipm_library -> /home/ivan/Webots_YOLOv8/install/ipm_library/share/ament_index/resource_index/packages
[1.065s] copying package.xml -> /home/ivan/Webots_YOLOv8/install/ipm_library/share/ipm_library
[1.065s] running install_egg_info
[1.067s] Copying ../../../build/ipm_library/ipm_library.egg-info to /home/ivan/Webots_YOLOv8/install/ipm_library/lib/python3.10/site-packages/ipm_library-0.0.0-py3.10.egg-info
[1.068s] running install_scripts
[1.091s] writing list of installed files to '/home/ivan/Webots_YOLOv8/build/ipm_library/install.log'
[1.129s] Invoked command in '/home/ivan/Webots_YOLOv8/src/ipm/ipm_library' returned '0': CMAKE_PREFIX_PATH=/home/ivan/Webots_YOLOv8/install/ipm_interfaces:/home/ivan/Webots_YOLOv8/install/soccer_interfaces:/home/ivan/Webots_YOLOv8/install/soccer_vision_3d_msgs:/home/ivan/Webots_YOLOv8/install/soccer_vision_2d_msgs:/home/ivan/Webots_YOLOv8/install/soccer_model_msgs:/home/ivan/Webots_YOLOv8/install/soccer_vision_attribute_msgs:/home/ivan/Webots_YOLOv8/install/soccer_geometry_msgs:/home/ivan/ros2_ws/install/edrom_msgs LD_LIBRARY_PATH=/home/ivan/Webots_YOLOv8/install/ipm_interfaces/lib:/home/ivan/Webots_YOLOv8/install/soccer_vision_3d_msgs/lib:/home/ivan/Webots_YOLOv8/install/soccer_vision_2d_msgs/lib:/home/ivan/Webots_YOLOv8/install/soccer_model_msgs/lib:/home/ivan/Webots_YOLOv8/install/soccer_vision_attribute_msgs/lib:/home/ivan/Webots_YOLOv8/install/soccer_geometry_msgs/lib:/home/ivan/ros2_ws/install/edrom_msgs/lib:/opt/ros/humble/opt/rviz_ogre_vendor/lib:/opt/ros/humble/lib/x86_64-linux-gnu:/opt/ros/humble/lib PYTHONPATH=/home/ivan/Webots_YOLOv8/build/ipm_library/prefix_override:/usr/lib/python3/dist-packages/colcon_core/task/python/colcon_distutils_commands:/home/ivan/Webots_YOLOv8/install/ipm_library/lib/python3.10/site-packages:${PYTHONPATH} /usr/bin/python3 -W ignore:setup.py install is deprecated -W ignore:easy_install command is deprecated setup.py egg_info --egg-base ../../../build/ipm_library build --build-base /home/ivan/Webots_YOLOv8/build/ipm_library/build install --record /home/ivan/Webots_YOLOv8/build/ipm_library/install.log --single-version-externally-managed install_data
