[0.031s] Invoking command in '/home/ivan/Webots_YOLOv8/build/soccer_vision_attribute_msgs': CMAKE_PREFIX_PATH=${CMAKE_PREFIX_PATH}:/home/ivan/Webots_YOLOv8/install/Webots_YOLOv8:/home/ivan/Webots_YOLOv8/install/soccer_ipm:/home/ivan/Webots_YOLOv8/install/my_package:/home/ivan/Webots_YOLOv8/install/ipm_service:/home/ivan/Webots_YOLOv8/install/ipm_image_node:/home/ivan/Webots_YOLOv8/install/ipm_library:/home/ivan/ros2_ws/install/object_finder_onnx:/home/ivan/ros2_ws/install/object_finder:/home/ivan/ros2_ws/install/my_package:/home/ivan/ros2_ws/install/Webots_YOLOv8:/opt/ros/humble /usr/bin/cmake --build /home/ivan/Webots_YOLOv8/build/soccer_vision_attribute_msgs -- -j12 -l12
[0.104s] [  2%] Built target soccer_vision_attribute_msgs__cpp
[0.108s] [ 12%] Built target soccer_vision_attribute_msgs__rosidl_generator_c
[0.140s] [ 12%] Built target ament_cmake_python_copy_soccer_vision_attribute_msgs
[0.161s] [ 23%] Built target soccer_vision_attribute_msgs__rosidl_typesupport_fastrtps_cpp
[0.180s] [ 34%] Built target soccer_vision_attribute_msgs__rosidl_typesupport_introspection_cpp
[0.180s] [ 44%] Built target soccer_vision_attribute_msgs__rosidl_typesupport_cpp
[0.180s] [ 55%] Built target soccer_vision_attribute_msgs__rosidl_typesupport_c
[0.182s] [ 65%] Built target soccer_vision_attribute_msgs__rosidl_typesupport_introspection_c
[0.182s] [ 76%] Built target soccer_vision_attribute_msgs__rosidl_typesupport_fastrtps_c
[0.216s] [ 76%] Built target soccer_vision_attribute_msgs
[0.248s] [ 78%] Built target soccer_vision_attribute_msgs__py
[0.281s] [ 87%] Built target soccer_vision_attribute_msgs__rosidl_generator_py
[0.325s] [ 91%] Built target soccer_vision_attribute_msgs__rosidl_typesupport_c__pyext
[0.330s] [100%] Built target soccer_vision_attribute_msgs__rosidl_typesupport_introspection_c__pyext
[0.330s] [100%] Built target soccer_vision_attribute_msgs__rosidl_typesupport_fastrtps_c__pyext
[0.464s] running egg_info
[0.466s] writing soccer_vision_attribute_msgs.egg-info/PKG-INFO
[0.466s] writing dependency_links to soccer_vision_attribute_msgs.egg-info/dependency_links.txt
[0.466s] writing top-level names to soccer_vision_attribute_msgs.egg-info/top_level.txt
[0.470s] reading manifest file 'soccer_vision_attribute_msgs.egg-info/SOURCES.txt'
[0.470s] writing manifest file 'soccer_vision_attribute_msgs.egg-info/SOURCES.txt'
[0.510s] [100%] Built target ament_cmake_python_build_soccer_vision_attribute_msgs_egg
[0.528s] Invoked command in '/home/ivan/Webots_YOLOv8/build/soccer_vision_attribute_msgs' returned '0': CMAKE_PREFIX_PATH=${CMAKE_PREFIX_PATH}:/home/ivan/Webots_YOLOv8/install/Webots_YOLOv8:/home/ivan/Webots_YOLOv8/install/soccer_ipm:/home/ivan/Webots_YOLOv8/install/my_package:/home/ivan/Webots_YOLOv8/install/ipm_service:/home/ivan/Webots_YOLOv8/install/ipm_image_node:/home/ivan/Webots_YOLOv8/install/ipm_library:/home/ivan/ros2_ws/install/object_finder_onnx:/home/ivan/ros2_ws/install/object_finder:/home/ivan/ros2_ws/install/my_package:/home/ivan/ros2_ws/install/Webots_YOLOv8:/opt/ros/humble /usr/bin/cmake --build /home/ivan/Webots_YOLOv8/build/soccer_vision_attribute_msgs -- -j12 -l12
[0.542s] Invoking command in '/home/ivan/Webots_YOLOv8/build/soccer_vision_attribute_msgs': CMAKE_PREFIX_PATH=${CMAKE_PREFIX_PATH}:/home/ivan/Webots_YOLOv8/install/Webots_YOLOv8:/home/ivan/Webots_YOLOv8/install/soccer_ipm:/home/ivan/Webots_YOLOv8/install/my_package:/home/ivan/Webots_YOLOv8/install/ipm_service:/home/ivan/Webots_YOLOv8/install/ipm_image_node:/home/ivan/Webots_YOLOv8/install/ipm_library:/home/ivan/ros2_ws/install/object_finder_onnx:/home/ivan/ros2_ws/install/object_finder:/home/ivan/ros2_ws/install/my_package:/home/ivan/ros2_ws/install/Webots_YOLOv8:/opt/ros/humble /usr/bin/cmake --install /home/ivan/Webots_YOLOv8/build/soccer_vision_attribute_msgs
[0.550s] -- Install configuration: ""
[0.550s] -- Up-to-date: /home/ivan/Webots_YOLOv8/install/soccer_vision_attribute_msgs/share/ament_index/resource_index/rosidl_interfaces/soccer_vision_attribute_msgs
[0.551s] -- Up-to-date: /home/ivan/Webots_YOLOv8/install/soccer_vision_attribute_msgs/include/soccer_vision_attribute_msgs/soccer_vision_attribute_msgs
[0.551s] -- Up-to-date: /home/ivan/Webots_YOLOv8/install/soccer_vision_attribute_msgs/include/soccer_vision_attribute_msgs/soccer_vision_attribute_msgs/msg
[0.551s] -- Up-to-date: /home/ivan/Webots_YOLOv8/install/soccer_vision_attribute_msgs/include/soccer_vision_attribute_msgs/soccer_vision_attribute_msgs/msg/detail
[0.551s] -- Up-to-date: /home/ivan/Webots_YOLOv8/install/soccer_vision_attribute_msgs/include/soccer_vision_attribute_msgs/soccer_vision_attribute_msgs/msg/detail/robot__functions.h
[0.551s] -- Up-to-date: /home/ivan/Webots_YOLOv8/install/soccer_vision_attribute_msgs/include/soccer_vision_attribute_msgs/soccer_vision_attribute_msgs/msg/detail/robot__struct.h
[0.551s] -- Up-to-date: /home/ivan/Webots_YOLOv8/install/soccer_vision_attribute_msgs/include/soccer_vision_attribute_msgs/soccer_vision_attribute_msgs/msg/detail/confidence__functions.c
[0.551s] -- Up-to-date: /home/ivan/Webots_YOLOv8/install/soccer_vision_attribute_msgs/include/soccer_vision_attribute_msgs/soccer_vision_attribute_msgs/msg/detail/confidence__struct.h
[0.551s] -- Up-to-date: /home/ivan/Webots_YOLOv8/install/soccer_vision_attribute_msgs/include/soccer_vision_attribute_msgs/soccer_vision_attribute_msgs/msg/detail/confidence__type_support.h
[0.551s] -- Up-to-date: /home/ivan/Webots_YOLOv8/install/soccer_vision_attribute_msgs/include/soccer_vision_attribute_msgs/soccer_vision_attribute_msgs/msg/detail/robot__functions.c
[0.551s] -- Up-to-date: /home/ivan/Webots_YOLOv8/install/soccer_vision_attribute_msgs/include/soccer_vision_attribute_msgs/soccer_vision_attribute_msgs/msg/detail/confidence__functions.h
[0.551s] -- Up-to-date: /home/ivan/Webots_YOLOv8/install/soccer_vision_attribute_msgs/include/soccer_vision_attribute_msgs/soccer_vision_attribute_msgs/msg/detail/robot__type_support.h
[0.552s] -- Up-to-date: /home/ivan/Webots_YOLOv8/install/soccer_vision_attribute_msgs/include/soccer_vision_attribute_msgs/soccer_vision_attribute_msgs/msg/detail/goalpost__functions.h
[0.552s] -- Up-to-date: /home/ivan/Webots_YOLOv8/install/soccer_vision_attribute_msgs/include/soccer_vision_attribute_msgs/soccer_vision_attribute_msgs/msg/detail/goalpost__functions.c
[0.552s] -- Up-to-date: /home/ivan/Webots_YOLOv8/install/soccer_vision_attribute_msgs/include/soccer_vision_attribute_msgs/soccer_vision_attribute_msgs/msg/detail/goalpost__type_support.h
[0.552s] -- Up-to-date: /home/ivan/Webots_YOLOv8/install/soccer_vision_attribute_msgs/include/soccer_vision_attribute_msgs/soccer_vision_attribute_msgs/msg/detail/goalpost__struct.h
[0.552s] -- Up-to-date: /home/ivan/Webots_YOLOv8/install/soccer_vision_attribute_msgs/include/soccer_vision_attribute_msgs/soccer_vision_attribute_msgs/msg/rosidl_generator_c__visibility_control.h
[0.552s] -- Up-to-date: /home/ivan/Webots_YOLOv8/install/soccer_vision_attribute_msgs/include/soccer_vision_attribute_msgs/soccer_vision_attribute_msgs/msg/goalpost.h
[0.552s] -- Up-to-date: /home/ivan/Webots_YOLOv8/install/soccer_vision_attribute_msgs/include/soccer_vision_attribute_msgs/soccer_vision_attribute_msgs/msg/robot.h
[0.552s] -- Up-to-date: /home/ivan/Webots_YOLOv8/install/soccer_vision_attribute_msgs/include/soccer_vision_attribute_msgs/soccer_vision_attribute_msgs/msg/confidence.h
[0.552s] -- Up-to-date: /home/ivan/Webots_YOLOv8/install/soccer_vision_attribute_msgs/share/soccer_vision_attribute_msgs/environment/library_path.sh
[0.552s] -- Up-to-date: /home/ivan/Webots_YOLOv8/install/soccer_vision_attribute_msgs/share/soccer_vision_attribute_msgs/environment/library_path.dsv
[0.552s] -- Up-to-date: /home/ivan/Webots_YOLOv8/install/soccer_vision_attribute_msgs/lib/libsoccer_vision_attribute_msgs__rosidl_generator_c.so
[0.552s] -- Up-to-date: /home/ivan/Webots_YOLOv8/install/soccer_vision_attribute_msgs/include/soccer_vision_attribute_msgs/soccer_vision_attribute_msgs
[0.552s] -- Up-to-date: /home/ivan/Webots_YOLOv8/install/soccer_vision_attribute_msgs/include/soccer_vision_attribute_msgs/soccer_vision_attribute_msgs/msg
[0.552s] -- Up-to-date: /home/ivan/Webots_YOLOv8/install/soccer_vision_attribute_msgs/include/soccer_vision_attribute_msgs/soccer_vision_attribute_msgs/msg/detail
[0.552s] -- Up-to-date: /home/ivan/Webots_YOLOv8/install/soccer_vision_attribute_msgs/include/soccer_vision_attribute_msgs/soccer_vision_attribute_msgs/msg/detail/confidence__rosidl_typesupport_fastrtps_c.h
[0.552s] -- Up-to-date: /home/ivan/Webots_YOLOv8/install/soccer_vision_attribute_msgs/include/soccer_vision_attribute_msgs/soccer_vision_attribute_msgs/msg/detail/goalpost__rosidl_typesupport_fastrtps_c.h
[0.553s] -- Up-to-date: /home/ivan/Webots_YOLOv8/install/soccer_vision_attribute_msgs/include/soccer_vision_attribute_msgs/soccer_vision_attribute_msgs/msg/detail/robot__rosidl_typesupport_fastrtps_c.h
[0.553s] -- Up-to-date: /home/ivan/Webots_YOLOv8/install/soccer_vision_attribute_msgs/include/soccer_vision_attribute_msgs/soccer_vision_attribute_msgs/msg/rosidl_typesupport_fastrtps_c__visibility_control.h
[0.553s] -- Up-to-date: /home/ivan/Webots_YOLOv8/install/soccer_vision_attribute_msgs/lib/libsoccer_vision_attribute_msgs__rosidl_typesupport_fastrtps_c.so
[0.553s] -- Up-to-date: /home/ivan/Webots_YOLOv8/install/soccer_vision_attribute_msgs/include/soccer_vision_attribute_msgs/soccer_vision_attribute_msgs
[0.553s] -- Up-to-date: /home/ivan/Webots_YOLOv8/install/soccer_vision_attribute_msgs/include/soccer_vision_attribute_msgs/soccer_vision_attribute_msgs/msg
[0.553s] -- Up-to-date: /home/ivan/Webots_YOLOv8/install/soccer_vision_attribute_msgs/include/soccer_vision_attribute_msgs/soccer_vision_attribute_msgs/msg/detail
[0.553s] -- Up-to-date: /home/ivan/Webots_YOLOv8/install/soccer_vision_attribute_msgs/include/soccer_vision_attribute_msgs/soccer_vision_attribute_msgs/msg/detail/robot__rosidl_typesupport_introspection_c.h
[0.553s] -- Up-to-date: /home/ivan/Webots_YOLOv8/install/soccer_vision_attribute_msgs/include/soccer_vision_attribute_msgs/soccer_vision_attribute_msgs/msg/detail/confidence__type_support.c
[0.553s] -- Up-to-date: /home/ivan/Webots_YOLOv8/install/soccer_vision_attribute_msgs/include/soccer_vision_attribute_msgs/soccer_vision_attribute_msgs/msg/detail/goalpost__type_support.c
[0.553s] -- Up-to-date: /home/ivan/Webots_YOLOv8/install/soccer_vision_attribute_msgs/include/soccer_vision_attribute_msgs/soccer_vision_attribute_msgs/msg/detail/goalpost__rosidl_typesupport_introspection_c.h
[0.553s] -- Up-to-date: /home/ivan/Webots_YOLOv8/install/soccer_vision_attribute_msgs/include/soccer_vision_attribute_msgs/soccer_vision_attribute_msgs/msg/detail/robot__type_support.c
[0.553s] -- Up-to-date: /home/ivan/Webots_YOLOv8/install/soccer_vision_attribute_msgs/include/soccer_vision_attribute_msgs/soccer_vision_attribute_msgs/msg/detail/confidence__rosidl_typesupport_introspection_c.h
[0.553s] -- Up-to-date: /home/ivan/Webots_YOLOv8/install/soccer_vision_attribute_msgs/include/soccer_vision_attribute_msgs/soccer_vision_attribute_msgs/msg/rosidl_typesupport_introspection_c__visibility_control.h
[0.553s] -- Up-to-date: /home/ivan/Webots_YOLOv8/install/soccer_vision_attribute_msgs/lib/libsoccer_vision_attribute_msgs__rosidl_typesupport_introspection_c.so
[0.553s] -- Up-to-date: /home/ivan/Webots_YOLOv8/install/soccer_vision_attribute_msgs/lib/libsoccer_vision_attribute_msgs__rosidl_typesupport_c.so
[0.553s] -- Up-to-date: /home/ivan/Webots_YOLOv8/install/soccer_vision_attribute_msgs/include/soccer_vision_attribute_msgs/soccer_vision_attribute_msgs
[0.553s] -- Up-to-date: /home/ivan/Webots_YOLOv8/install/soccer_vision_attribute_msgs/include/soccer_vision_attribute_msgs/soccer_vision_attribute_msgs/msg
[0.554s] -- Up-to-date: /home/ivan/Webots_YOLOv8/install/soccer_vision_attribute_msgs/include/soccer_vision_attribute_msgs/soccer_vision_attribute_msgs/msg/detail
[0.554s] -- Up-to-date: /home/ivan/Webots_YOLOv8/install/soccer_vision_attribute_msgs/include/soccer_vision_attribute_msgs/soccer_vision_attribute_msgs/msg/detail/robot__traits.hpp
[0.554s] -- Up-to-date: /home/ivan/Webots_YOLOv8/install/soccer_vision_attribute_msgs/include/soccer_vision_attribute_msgs/soccer_vision_attribute_msgs/msg/detail/robot__struct.hpp
[0.554s] -- Up-to-date: /home/ivan/Webots_YOLOv8/install/soccer_vision_attribute_msgs/include/soccer_vision_attribute_msgs/soccer_vision_attribute_msgs/msg/detail/confidence__struct.hpp
[0.554s] -- Up-to-date: /home/ivan/Webots_YOLOv8/install/soccer_vision_attribute_msgs/include/soccer_vision_attribute_msgs/soccer_vision_attribute_msgs/msg/detail/confidence__type_support.hpp
[0.554s] -- Up-to-date: /home/ivan/Webots_YOLOv8/install/soccer_vision_attribute_msgs/include/soccer_vision_attribute_msgs/soccer_vision_attribute_msgs/msg/detail/goalpost__builder.hpp
[0.554s] -- Up-to-date: /home/ivan/Webots_YOLOv8/install/soccer_vision_attribute_msgs/include/soccer_vision_attribute_msgs/soccer_vision_attribute_msgs/msg/detail/goalpost__type_support.hpp
[0.554s] -- Up-to-date: /home/ivan/Webots_YOLOv8/install/soccer_vision_attribute_msgs/include/soccer_vision_attribute_msgs/soccer_vision_attribute_msgs/msg/detail/confidence__traits.hpp
[0.554s] -- Up-to-date: /home/ivan/Webots_YOLOv8/install/soccer_vision_attribute_msgs/include/soccer_vision_attribute_msgs/soccer_vision_attribute_msgs/msg/detail/goalpost__traits.hpp
[0.555s] -- Up-to-date: /home/ivan/Webots_YOLOv8/install/soccer_vision_attribute_msgs/include/soccer_vision_attribute_msgs/soccer_vision_attribute_msgs/msg/detail/goalpost__struct.hpp
[0.555s] -- Up-to-date: /home/ivan/Webots_YOLOv8/install/soccer_vision_attribute_msgs/include/soccer_vision_attribute_msgs/soccer_vision_attribute_msgs/msg/detail/confidence__builder.hpp
[0.555s] -- Up-to-date: /home/ivan/Webots_YOLOv8/install/soccer_vision_attribute_msgs/include/soccer_vision_attribute_msgs/soccer_vision_attribute_msgs/msg/detail/robot__builder.hpp
[0.555s] -- Up-to-date: /home/ivan/Webots_YOLOv8/install/soccer_vision_attribute_msgs/include/soccer_vision_attribute_msgs/soccer_vision_attribute_msgs/msg/detail/robot__type_support.hpp
[0.555s] -- Up-to-date: /home/ivan/Webots_YOLOv8/install/soccer_vision_attribute_msgs/include/soccer_vision_attribute_msgs/soccer_vision_attribute_msgs/msg/rosidl_generator_cpp__visibility_control.hpp
[0.555s] -- Up-to-date: /home/ivan/Webots_YOLOv8/install/soccer_vision_attribute_msgs/include/soccer_vision_attribute_msgs/soccer_vision_attribute_msgs/msg/robot.hpp
[0.555s] -- Up-to-date: /home/ivan/Webots_YOLOv8/install/soccer_vision_attribute_msgs/include/soccer_vision_attribute_msgs/soccer_vision_attribute_msgs/msg/confidence.hpp
[0.555s] -- Up-to-date: /home/ivan/Webots_YOLOv8/install/soccer_vision_attribute_msgs/include/soccer_vision_attribute_msgs/soccer_vision_attribute_msgs/msg/goalpost.hpp
[0.555s] -- Up-to-date: /home/ivan/Webots_YOLOv8/install/soccer_vision_attribute_msgs/include/soccer_vision_attribute_msgs/soccer_vision_attribute_msgs
[0.555s] -- Up-to-date: /home/ivan/Webots_YOLOv8/install/soccer_vision_attribute_msgs/include/soccer_vision_attribute_msgs/soccer_vision_attribute_msgs/msg
[0.555s] -- Up-to-date: /home/ivan/Webots_YOLOv8/install/soccer_vision_attribute_msgs/include/soccer_vision_attribute_msgs/soccer_vision_attribute_msgs/msg/detail
[0.555s] -- Up-to-date: /home/ivan/Webots_YOLOv8/install/soccer_vision_attribute_msgs/include/soccer_vision_attribute_msgs/soccer_vision_attribute_msgs/msg/detail/dds_fastrtps
[0.555s] -- Up-to-date: /home/ivan/Webots_YOLOv8/install/soccer_vision_attribute_msgs/include/soccer_vision_attribute_msgs/soccer_vision_attribute_msgs/msg/detail/robot__rosidl_typesupport_fastrtps_cpp.hpp
[0.555s] -- Up-to-date: /home/ivan/Webots_YOLOv8/install/soccer_vision_attribute_msgs/include/soccer_vision_attribute_msgs/soccer_vision_attribute_msgs/msg/detail/goalpost__rosidl_typesupport_fastrtps_cpp.hpp
[0.555s] -- Up-to-date: /home/ivan/Webots_YOLOv8/install/soccer_vision_attribute_msgs/include/soccer_vision_attribute_msgs/soccer_vision_attribute_msgs/msg/detail/confidence__rosidl_typesupport_fastrtps_cpp.hpp
[0.555s] -- Up-to-date: /home/ivan/Webots_YOLOv8/install/soccer_vision_attribute_msgs/include/soccer_vision_attribute_msgs/soccer_vision_attribute_msgs/msg/rosidl_typesupport_fastrtps_cpp__visibility_control.h
[0.556s] -- Up-to-date: /home/ivan/Webots_YOLOv8/install/soccer_vision_attribute_msgs/lib/libsoccer_vision_attribute_msgs__rosidl_typesupport_fastrtps_cpp.so
[0.556s] -- Up-to-date: /home/ivan/Webots_YOLOv8/install/soccer_vision_attribute_msgs/include/soccer_vision_attribute_msgs/soccer_vision_attribute_msgs
[0.556s] -- Up-to-date: /home/ivan/Webots_YOLOv8/install/soccer_vision_attribute_msgs/include/soccer_vision_attribute_msgs/soccer_vision_attribute_msgs/msg
[0.556s] -- Up-to-date: /home/ivan/Webots_YOLOv8/install/soccer_vision_attribute_msgs/include/soccer_vision_attribute_msgs/soccer_vision_attribute_msgs/msg/detail
[0.556s] -- Up-to-date: /home/ivan/Webots_YOLOv8/install/soccer_vision_attribute_msgs/include/soccer_vision_attribute_msgs/soccer_vision_attribute_msgs/msg/detail/robot__rosidl_typesupport_introspection_cpp.hpp
[0.556s] -- Up-to-date: /home/ivan/Webots_YOLOv8/install/soccer_vision_attribute_msgs/include/soccer_vision_attribute_msgs/soccer_vision_attribute_msgs/msg/detail/confidence__type_support.cpp
[0.556s] -- Up-to-date: /home/ivan/Webots_YOLOv8/install/soccer_vision_attribute_msgs/include/soccer_vision_attribute_msgs/soccer_vision_attribute_msgs/msg/detail/goalpost__rosidl_typesupport_introspection_cpp.hpp
[0.556s] -- Up-to-date: /home/ivan/Webots_YOLOv8/install/soccer_vision_attribute_msgs/include/soccer_vision_attribute_msgs/soccer_vision_attribute_msgs/msg/detail/goalpost__type_support.cpp
[0.556s] -- Up-to-date: /home/ivan/Webots_YOLOv8/install/soccer_vision_attribute_msgs/include/soccer_vision_attribute_msgs/soccer_vision_attribute_msgs/msg/detail/confidence__rosidl_typesupport_introspection_cpp.hpp
[0.556s] -- Up-to-date: /home/ivan/Webots_YOLOv8/install/soccer_vision_attribute_msgs/include/soccer_vision_attribute_msgs/soccer_vision_attribute_msgs/msg/detail/robot__type_support.cpp
[0.556s] -- Up-to-date: /home/ivan/Webots_YOLOv8/install/soccer_vision_attribute_msgs/lib/libsoccer_vision_attribute_msgs__rosidl_typesupport_introspection_cpp.so
[0.557s] -- Up-to-date: /home/ivan/Webots_YOLOv8/install/soccer_vision_attribute_msgs/lib/libsoccer_vision_attribute_msgs__rosidl_typesupport_cpp.so
[0.557s] -- Up-to-date: /home/ivan/Webots_YOLOv8/install/soccer_vision_attribute_msgs/share/soccer_vision_attribute_msgs/environment/pythonpath.sh
[0.557s] -- Up-to-date: /home/ivan/Webots_YOLOv8/install/soccer_vision_attribute_msgs/share/soccer_vision_attribute_msgs/environment/pythonpath.dsv
[0.557s] -- Up-to-date: /home/ivan/Webots_YOLOv8/install/soccer_vision_attribute_msgs/local/lib/python3.10/dist-packages/soccer_vision_attribute_msgs-1.0.0-py3.10.egg-info
[0.557s] -- Installing: /home/ivan/Webots_YOLOv8/install/soccer_vision_attribute_msgs/local/lib/python3.10/dist-packages/soccer_vision_attribute_msgs-1.0.0-py3.10.egg-info/top_level.txt
[0.558s] -- Installing: /home/ivan/Webots_YOLOv8/install/soccer_vision_attribute_msgs/local/lib/python3.10/dist-packages/soccer_vision_attribute_msgs-1.0.0-py3.10.egg-info/dependency_links.txt
[0.560s] -- Installing: /home/ivan/Webots_YOLOv8/install/soccer_vision_attribute_msgs/local/lib/python3.10/dist-packages/soccer_vision_attribute_msgs-1.0.0-py3.10.egg-info/SOURCES.txt
[0.560s] -- Installing: /home/ivan/Webots_YOLOv8/install/soccer_vision_attribute_msgs/local/lib/python3.10/dist-packages/soccer_vision_attribute_msgs-1.0.0-py3.10.egg-info/PKG-INFO
[0.560s] -- Up-to-date: /home/ivan/Webots_YOLOv8/install/soccer_vision_attribute_msgs/local/lib/python3.10/dist-packages/soccer_vision_attribute_msgs
[0.560s] -- Up-to-date: /home/ivan/Webots_YOLOv8/install/soccer_vision_attribute_msgs/local/lib/python3.10/dist-packages/soccer_vision_attribute_msgs/libsoccer_vision_attribute_msgs__rosidl_generator_py.so
[0.560s] -- Up-to-date: /home/ivan/Webots_YOLOv8/install/soccer_vision_attribute_msgs/local/lib/python3.10/dist-packages/soccer_vision_attribute_msgs/_soccer_vision_attribute_msgs_s.ep.rosidl_typesupport_introspection_c.c
[0.560s] -- Up-to-date: /home/ivan/Webots_YOLOv8/install/soccer_vision_attribute_msgs/local/lib/python3.10/dist-packages/soccer_vision_attribute_msgs/soccer_vision_attribute_msgs_s__rosidl_typesupport_fastrtps_c.cpython-310-x86_64-linux-gnu.so
[0.560s] -- Up-to-date: /home/ivan/Webots_YOLOv8/install/soccer_vision_attribute_msgs/local/lib/python3.10/dist-packages/soccer_vision_attribute_msgs/msg
[0.560s] -- Up-to-date: /home/ivan/Webots_YOLOv8/install/soccer_vision_attribute_msgs/local/lib/python3.10/dist-packages/soccer_vision_attribute_msgs/msg/_goalpost.py
[0.561s] -- Up-to-date: /home/ivan/Webots_YOLOv8/install/soccer_vision_attribute_msgs/local/lib/python3.10/dist-packages/soccer_vision_attribute_msgs/msg/_robot_s.c
[0.561s] -- Up-to-date: /home/ivan/Webots_YOLOv8/install/soccer_vision_attribute_msgs/local/lib/python3.10/dist-packages/soccer_vision_attribute_msgs/msg/__init__.py
[0.561s] -- Up-to-date: /home/ivan/Webots_YOLOv8/install/soccer_vision_attribute_msgs/local/lib/python3.10/dist-packages/soccer_vision_attribute_msgs/msg/_confidence_s.c
[0.562s] -- Up-to-date: /home/ivan/Webots_YOLOv8/install/soccer_vision_attribute_msgs/local/lib/python3.10/dist-packages/soccer_vision_attribute_msgs/msg/_robot.py
[0.562s] -- Up-to-date: /home/ivan/Webots_YOLOv8/install/soccer_vision_attribute_msgs/local/lib/python3.10/dist-packages/soccer_vision_attribute_msgs/msg/_goalpost_s.c
[0.562s] -- Up-to-date: /home/ivan/Webots_YOLOv8/install/soccer_vision_attribute_msgs/local/lib/python3.10/dist-packages/soccer_vision_attribute_msgs/msg/_confidence.py
[0.562s] -- Up-to-date: /home/ivan/Webots_YOLOv8/install/soccer_vision_attribute_msgs/local/lib/python3.10/dist-packages/soccer_vision_attribute_msgs/soccer_vision_attribute_msgs_s__rosidl_typesupport_c.cpython-310-x86_64-linux-gnu.so
[0.562s] -- Up-to-date: /home/ivan/Webots_YOLOv8/install/soccer_vision_attribute_msgs/local/lib/python3.10/dist-packages/soccer_vision_attribute_msgs/__init__.py
[0.562s] -- Up-to-date: /home/ivan/Webots_YOLOv8/install/soccer_vision_attribute_msgs/local/lib/python3.10/dist-packages/soccer_vision_attribute_msgs/_soccer_vision_attribute_msgs_s.ep.rosidl_typesupport_c.c
[0.562s] -- Up-to-date: /home/ivan/Webots_YOLOv8/install/soccer_vision_attribute_msgs/local/lib/python3.10/dist-packages/soccer_vision_attribute_msgs/_soccer_vision_attribute_msgs_s.ep.rosidl_typesupport_fastrtps_c.c
[0.562s] -- Up-to-date: /home/ivan/Webots_YOLOv8/install/soccer_vision_attribute_msgs/local/lib/python3.10/dist-packages/soccer_vision_attribute_msgs/soccer_vision_attribute_msgs_s__rosidl_typesupport_introspection_c.cpython-310-x86_64-linux-gnu.so
[0.599s] Listing '/home/ivan/Webots_YOLOv8/install/soccer_vision_attribute_msgs/local/lib/python3.10/dist-packages/soccer_vision_attribute_msgs'...
[0.599s] Listing '/home/ivan/Webots_YOLOv8/install/soccer_vision_attribute_msgs/local/lib/python3.10/dist-packages/soccer_vision_attribute_msgs/msg'...
[0.606s] -- Up-to-date: /home/ivan/Webots_YOLOv8/install/soccer_vision_attribute_msgs/local/lib/python3.10/dist-packages/soccer_vision_attribute_msgs/soccer_vision_attribute_msgs_s__rosidl_typesupport_fastrtps_c.cpython-310-x86_64-linux-gnu.so
[0.606s] -- Up-to-date: /home/ivan/Webots_YOLOv8/install/soccer_vision_attribute_msgs/local/lib/python3.10/dist-packages/soccer_vision_attribute_msgs/soccer_vision_attribute_msgs_s__rosidl_typesupport_introspection_c.cpython-310-x86_64-linux-gnu.so
[0.606s] -- Up-to-date: /home/ivan/Webots_YOLOv8/install/soccer_vision_attribute_msgs/local/lib/python3.10/dist-packages/soccer_vision_attribute_msgs/soccer_vision_attribute_msgs_s__rosidl_typesupport_c.cpython-310-x86_64-linux-gnu.so
[0.607s] -- Up-to-date: /home/ivan/Webots_YOLOv8/install/soccer_vision_attribute_msgs/lib/libsoccer_vision_attribute_msgs__rosidl_generator_py.so
[0.607s] -- Up-to-date: /home/ivan/Webots_YOLOv8/install/soccer_vision_attribute_msgs/share/soccer_vision_attribute_msgs/msg/Confidence.idl
[0.607s] -- Up-to-date: /home/ivan/Webots_YOLOv8/install/soccer_vision_attribute_msgs/share/soccer_vision_attribute_msgs/msg/Goalpost.idl
[0.607s] -- Up-to-date: /home/ivan/Webots_YOLOv8/install/soccer_vision_attribute_msgs/share/soccer_vision_attribute_msgs/msg/Robot.idl
[0.607s] -- Up-to-date: /home/ivan/Webots_YOLOv8/install/soccer_vision_attribute_msgs/share/soccer_vision_attribute_msgs/msg/Confidence.msg
[0.607s] -- Up-to-date: /home/ivan/Webots_YOLOv8/install/soccer_vision_attribute_msgs/share/soccer_vision_attribute_msgs/msg/Goalpost.msg
[0.607s] -- Up-to-date: /home/ivan/Webots_YOLOv8/install/soccer_vision_attribute_msgs/share/soccer_vision_attribute_msgs/msg/Robot.msg
[0.607s] -- Up-to-date: /home/ivan/Webots_YOLOv8/install/soccer_vision_attribute_msgs/share/ament_index/resource_index/package_run_dependencies/soccer_vision_attribute_msgs
[0.607s] -- Up-to-date: /home/ivan/Webots_YOLOv8/install/soccer_vision_attribute_msgs/share/ament_index/resource_index/parent_prefix_path/soccer_vision_attribute_msgs
[0.608s] -- Up-to-date: /home/ivan/Webots_YOLOv8/install/soccer_vision_attribute_msgs/share/soccer_vision_attribute_msgs/environment/ament_prefix_path.sh
[0.608s] -- Up-to-date: /home/ivan/Webots_YOLOv8/install/soccer_vision_attribute_msgs/share/soccer_vision_attribute_msgs/environment/ament_prefix_path.dsv
[0.608s] -- Up-to-date: /home/ivan/Webots_YOLOv8/install/soccer_vision_attribute_msgs/share/soccer_vision_attribute_msgs/environment/path.sh
[0.608s] -- Up-to-date: /home/ivan/Webots_YOLOv8/install/soccer_vision_attribute_msgs/share/soccer_vision_attribute_msgs/environment/path.dsv
[0.608s] -- Up-to-date: /home/ivan/Webots_YOLOv8/install/soccer_vision_attribute_msgs/share/soccer_vision_attribute_msgs/local_setup.bash
[0.608s] -- Up-to-date: /home/ivan/Webots_YOLOv8/install/soccer_vision_attribute_msgs/share/soccer_vision_attribute_msgs/local_setup.sh
[0.608s] -- Up-to-date: /home/ivan/Webots_YOLOv8/install/soccer_vision_attribute_msgs/share/soccer_vision_attribute_msgs/local_setup.zsh
[0.608s] -- Up-to-date: /home/ivan/Webots_YOLOv8/install/soccer_vision_attribute_msgs/share/soccer_vision_attribute_msgs/local_setup.dsv
[0.608s] -- Installing: /home/ivan/Webots_YOLOv8/install/soccer_vision_attribute_msgs/share/soccer_vision_attribute_msgs/package.dsv
[0.608s] -- Up-to-date: /home/ivan/Webots_YOLOv8/install/soccer_vision_attribute_msgs/share/ament_index/resource_index/packages/soccer_vision_attribute_msgs
[0.609s] -- Up-to-date: /home/ivan/Webots_YOLOv8/install/soccer_vision_attribute_msgs/share/soccer_vision_attribute_msgs/cmake/export_soccer_vision_attribute_msgs__rosidl_generator_cExport.cmake
[0.609s] -- Up-to-date: /home/ivan/Webots_YOLOv8/install/soccer_vision_attribute_msgs/share/soccer_vision_attribute_msgs/cmake/export_soccer_vision_attribute_msgs__rosidl_generator_cExport-noconfig.cmake
[0.609s] -- Up-to-date: /home/ivan/Webots_YOLOv8/install/soccer_vision_attribute_msgs/share/soccer_vision_attribute_msgs/cmake/export_soccer_vision_attribute_msgs__rosidl_typesupport_fastrtps_cExport.cmake
[0.609s] -- Up-to-date: /home/ivan/Webots_YOLOv8/install/soccer_vision_attribute_msgs/share/soccer_vision_attribute_msgs/cmake/export_soccer_vision_attribute_msgs__rosidl_typesupport_fastrtps_cExport-noconfig.cmake
[0.610s] -- Up-to-date: /home/ivan/Webots_YOLOv8/install/soccer_vision_attribute_msgs/share/soccer_vision_attribute_msgs/cmake/soccer_vision_attribute_msgs__rosidl_typesupport_introspection_cExport.cmake
[0.610s] -- Up-to-date: /home/ivan/Webots_YOLOv8/install/soccer_vision_attribute_msgs/share/soccer_vision_attribute_msgs/cmake/soccer_vision_attribute_msgs__rosidl_typesupport_introspection_cExport-noconfig.cmake
[0.610s] -- Up-to-date: /home/ivan/Webots_YOLOv8/install/soccer_vision_attribute_msgs/share/soccer_vision_attribute_msgs/cmake/soccer_vision_attribute_msgs__rosidl_typesupport_cExport.cmake
[0.610s] -- Up-to-date: /home/ivan/Webots_YOLOv8/install/soccer_vision_attribute_msgs/share/soccer_vision_attribute_msgs/cmake/soccer_vision_attribute_msgs__rosidl_typesupport_cExport-noconfig.cmake
[0.611s] -- Up-to-date: /home/ivan/Webots_YOLOv8/install/soccer_vision_attribute_msgs/share/soccer_vision_attribute_msgs/cmake/export_soccer_vision_attribute_msgs__rosidl_generator_cppExport.cmake
[0.611s] -- Up-to-date: /home/ivan/Webots_YOLOv8/install/soccer_vision_attribute_msgs/share/soccer_vision_attribute_msgs/cmake/export_soccer_vision_attribute_msgs__rosidl_typesupport_fastrtps_cppExport.cmake
[0.611s] -- Up-to-date: /home/ivan/Webots_YOLOv8/install/soccer_vision_attribute_msgs/share/soccer_vision_attribute_msgs/cmake/export_soccer_vision_attribute_msgs__rosidl_typesupport_fastrtps_cppExport-noconfig.cmake
[0.612s] -- Up-to-date: /home/ivan/Webots_YOLOv8/install/soccer_vision_attribute_msgs/share/soccer_vision_attribute_msgs/cmake/soccer_vision_attribute_msgs__rosidl_typesupport_introspection_cppExport.cmake
[0.612s] -- Up-to-date: /home/ivan/Webots_YOLOv8/install/soccer_vision_attribute_msgs/share/soccer_vision_attribute_msgs/cmake/soccer_vision_attribute_msgs__rosidl_typesupport_introspection_cppExport-noconfig.cmake
[0.612s] -- Up-to-date: /home/ivan/Webots_YOLOv8/install/soccer_vision_attribute_msgs/share/soccer_vision_attribute_msgs/cmake/soccer_vision_attribute_msgs__rosidl_typesupport_cppExport.cmake
[0.612s] -- Up-to-date: /home/ivan/Webots_YOLOv8/install/soccer_vision_attribute_msgs/share/soccer_vision_attribute_msgs/cmake/soccer_vision_attribute_msgs__rosidl_typesupport_cppExport-noconfig.cmake
[0.614s] -- Up-to-date: /home/ivan/Webots_YOLOv8/install/soccer_vision_attribute_msgs/share/soccer_vision_attribute_msgs/cmake/export_soccer_vision_attribute_msgs__rosidl_generator_pyExport.cmake
[0.614s] -- Up-to-date: /home/ivan/Webots_YOLOv8/install/soccer_vision_attribute_msgs/share/soccer_vision_attribute_msgs/cmake/export_soccer_vision_attribute_msgs__rosidl_generator_pyExport-noconfig.cmake
[0.614s] -- Up-to-date: /home/ivan/Webots_YOLOv8/install/soccer_vision_attribute_msgs/share/soccer_vision_attribute_msgs/cmake/rosidl_cmake-extras.cmake
[0.614s] -- Up-to-date: /home/ivan/Webots_YOLOv8/install/soccer_vision_attribute_msgs/share/soccer_vision_attribute_msgs/cmake/ament_cmake_export_include_directories-extras.cmake
[0.614s] -- Up-to-date: /home/ivan/Webots_YOLOv8/install/soccer_vision_attribute_msgs/share/soccer_vision_attribute_msgs/cmake/ament_cmake_export_libraries-extras.cmake
[0.614s] -- Up-to-date: /home/ivan/Webots_YOLOv8/install/soccer_vision_attribute_msgs/share/soccer_vision_attribute_msgs/cmake/ament_cmake_export_targets-extras.cmake
[0.614s] -- Up-to-date: /home/ivan/Webots_YOLOv8/install/soccer_vision_attribute_msgs/share/soccer_vision_attribute_msgs/cmake/rosidl_cmake_export_typesupport_targets-extras.cmake
[0.614s] -- Up-to-date: /home/ivan/Webots_YOLOv8/install/soccer_vision_attribute_msgs/share/soccer_vision_attribute_msgs/cmake/ament_cmake_export_dependencies-extras.cmake
[0.614s] -- Up-to-date: /home/ivan/Webots_YOLOv8/install/soccer_vision_attribute_msgs/share/soccer_vision_attribute_msgs/cmake/rosidl_cmake_export_typesupport_libraries-extras.cmake
[0.614s] -- Up-to-date: /home/ivan/Webots_YOLOv8/install/soccer_vision_attribute_msgs/share/soccer_vision_attribute_msgs/cmake/soccer_vision_attribute_msgsConfig.cmake
[0.614s] -- Up-to-date: /home/ivan/Webots_YOLOv8/install/soccer_vision_attribute_msgs/share/soccer_vision_attribute_msgs/cmake/soccer_vision_attribute_msgsConfig-version.cmake
[0.614s] -- Up-to-date: /home/ivan/Webots_YOLOv8/install/soccer_vision_attribute_msgs/share/soccer_vision_attribute_msgs/package.xml
[0.618s] Invoked command in '/home/ivan/Webots_YOLOv8/build/soccer_vision_attribute_msgs' returned '0': CMAKE_PREFIX_PATH=${CMAKE_PREFIX_PATH}:/home/ivan/Webots_YOLOv8/install/Webots_YOLOv8:/home/ivan/Webots_YOLOv8/install/soccer_ipm:/home/ivan/Webots_YOLOv8/install/my_package:/home/ivan/Webots_YOLOv8/install/ipm_service:/home/ivan/Webots_YOLOv8/install/ipm_image_node:/home/ivan/Webots_YOLOv8/install/ipm_library:/home/ivan/ros2_ws/install/object_finder_onnx:/home/ivan/ros2_ws/install/object_finder:/home/ivan/ros2_ws/install/my_package:/home/ivan/ros2_ws/install/Webots_YOLOv8:/opt/ros/humble /usr/bin/cmake --install /home/ivan/Webots_YOLOv8/build/soccer_vision_attribute_msgs
