-- Found ament_cmake: 1.3.11 (/opt/ros/humble/share/ament_cmake/cmake)
-- Found rosidl_default_generators: 1.2.0 (/opt/ros/humble/share/rosidl_default_generators/cmake)
-- Using all available rosidl_typesupport_c: rosidl_typesupport_fastrtps_c;rosidl_typesupport_introspection_c
-- Found rosidl_adapter: 3.1.6 (/opt/ros/humble/share/rosidl_adapter/cmake)
-- Using all available rosidl_typesupport_cpp: rosidl_typesupport_fastrtps_cpp;rosidl_typesupport_introspection_cpp
-- Found vision_msgs: 4.1.1 (/opt/ros/humble/share/vision_msgs/cmake)
-- Found soccer_vision_attribute_msgs: 1.0.0 (/home/ivan/Webots_YOLOv8/install/soccer_vision_attribute_msgs/share/soccer_vision_attribute_msgs/cmake)
-- Found ament_cmake_ros: 0.10.0 (/opt/ros/humble/share/ament_cmake_ros/cmake)
-- Using all available rosidl_typesupport_c: rosidl_typesupport_fastrtps_c;rosidl_typesupport_introspection_c
-- Using all available rosidl_typesupport_cpp: rosidl_typesupport_fastrtps_cpp;rosidl_typesupport_introspection_cpp
-- Found python_cmake_module: 0.10.0 (/opt/ros/humble/share/python_cmake_module/cmake)
-- Using PYTHON_EXECUTABLE: /usr/bin/python3
-- Using PYTHON_INCLUDE_DIRS: /usr/include/python3.10
-- Using PYTHON_LIBRARIES: /usr/lib/x86_64-linux-gnu/libpython3.10.so
-- Found ament_lint_auto: 0.12.12 (/opt/ros/humble/share/ament_lint_auto/cmake)
-- Added test 'copyright' to check source files copyright and LICENSE
-- Added test 'lint_cmake' to check CMake code style
-- Added test 'xmllint' to check XML markup files
-- Configuring done
-- Generating done
-- Build files have been written to: /home/ivan/Webots_YOLOv8/build/soccer_vision_3d_msgs
[  1%] [34m[1mGenerating C code for ROS interfaces[0m
[  1%] [34m[1mGenerating C++ code for ROS interfaces[0m
[  1%] Built target ament_cmake_python_copy_soccer_vision_3d_msgs
running egg_info
writing soccer_vision_3d_msgs.egg-info/PKG-INFO
writing dependency_links to soccer_vision_3d_msgs.egg-info/dependency_links.txt
writing top-level names to soccer_vision_3d_msgs.egg-info/top_level.txt
reading manifest file 'soccer_vision_3d_msgs.egg-info/SOURCES.txt'
writing manifest file 'soccer_vision_3d_msgs.egg-info/SOURCES.txt'
[  1%] Built target ament_cmake_python_build_soccer_vision_3d_msgs_egg
[35m[1mConsolidate compiler generated dependencies of target soccer_vision_3d_msgs__rosidl_generator_c[0m
[  2%] [32mBuilding C object CMakeFiles/soccer_vision_3d_msgs__rosidl_generator_c.dir/rosidl_generator_c/soccer_vision_3d_msgs/msg/detail/goalpost_array__functions.c.o[0m
[  2%] [32mBuilding C object CMakeFiles/soccer_vision_3d_msgs__rosidl_generator_c.dir/rosidl_generator_c/soccer_vision_3d_msgs/msg/detail/ball_array__functions.c.o[0m
[  4%] [32mBuilding C object CMakeFiles/soccer_vision_3d_msgs__rosidl_generator_c.dir/rosidl_generator_c/soccer_vision_3d_msgs/msg/detail/goalpost__functions.c.o[0m
[  5%] [32mBuilding C object CMakeFiles/soccer_vision_3d_msgs__rosidl_generator_c.dir/rosidl_generator_c/soccer_vision_3d_msgs/msg/detail/field_boundary__functions.c.o[0m
[  3%] [32mBuilding C object CMakeFiles/soccer_vision_3d_msgs__rosidl_generator_c.dir/rosidl_generator_c/soccer_vision_3d_msgs/msg/detail/ball__functions.c.o[0m
[  5%] [32mBuilding C object CMakeFiles/soccer_vision_3d_msgs__rosidl_generator_c.dir/rosidl_generator_c/soccer_vision_3d_msgs/msg/detail/marking_intersection__functions.c.o[0m
[  6%] [32mBuilding C object CMakeFiles/soccer_vision_3d_msgs__rosidl_generator_c.dir/rosidl_generator_c/soccer_vision_3d_msgs/msg/detail/marking_array__functions.c.o[0m
[  7%] [32mBuilding C object CMakeFiles/soccer_vision_3d_msgs__rosidl_generator_c.dir/rosidl_generator_c/soccer_vision_3d_msgs/msg/detail/marking_segment__functions.c.o[0m
[  8%] [32mBuilding C object CMakeFiles/soccer_vision_3d_msgs__rosidl_generator_c.dir/rosidl_generator_c/soccer_vision_3d_msgs/msg/detail/marking_ellipse__functions.c.o[0m
[  9%] [32mBuilding C object CMakeFiles/soccer_vision_3d_msgs__rosidl_generator_c.dir/rosidl_generator_c/soccer_vision_3d_msgs/msg/detail/obstacle__functions.c.o[0m
[ 10%] [32mBuilding C object CMakeFiles/soccer_vision_3d_msgs__rosidl_generator_c.dir/rosidl_generator_c/soccer_vision_3d_msgs/msg/detail/obstacle_array__functions.c.o[0m
[ 10%] [32mBuilding C object CMakeFiles/soccer_vision_3d_msgs__rosidl_generator_c.dir/rosidl_generator_c/soccer_vision_3d_msgs/msg/detail/robot__functions.c.o[0m
[ 11%] [32mBuilding C object CMakeFiles/soccer_vision_3d_msgs__rosidl_generator_c.dir/rosidl_generator_c/soccer_vision_3d_msgs/msg/detail/robot_array__functions.c.o[0m
[ 12%] [32m[1mLinking C shared library libsoccer_vision_3d_msgs__rosidl_generator_c.so[0m
[ 12%] Built target soccer_vision_3d_msgs__cpp
[ 13%] [34m[1mGenerating C++ type support for eProsima Fast-RTPS[0m
[ 14%] [34m[1mGenerating C++ type support dispatch for ROS interfaces[0m
[ 14%] [34m[1mGenerating C++ introspection for ROS interfaces[0m
[ 14%] Built target soccer_vision_3d_msgs__rosidl_generator_c
[ 15%] [34m[1mGenerating C type support for eProsima Fast-RTPS[0m
[ 16%] [34m[1mGenerating C type support dispatch for ROS interfaces[0m
[ 17%] [34m[1mGenerating C introspection for ROS interfaces[0m
[35m[1mConsolidate compiler generated dependencies of target soccer_vision_3d_msgs__rosidl_typesupport_c[0m
[ 18%] [32mBuilding CXX object CMakeFiles/soccer_vision_3d_msgs__rosidl_typesupport_c.dir/rosidl_typesupport_c/soccer_vision_3d_msgs/msg/ball_array__type_support.cpp.o[0m
[ 19%] [32mBuilding CXX object CMakeFiles/soccer_vision_3d_msgs__rosidl_typesupport_c.dir/rosidl_typesupport_c/soccer_vision_3d_msgs/msg/goalpost__type_support.cpp.o[0m
[ 19%] [32mBuilding CXX object CMakeFiles/soccer_vision_3d_msgs__rosidl_typesupport_c.dir/rosidl_typesupport_c/soccer_vision_3d_msgs/msg/ball__type_support.cpp.o[0m
[ 20%] [32mBuilding CXX object CMakeFiles/soccer_vision_3d_msgs__rosidl_typesupport_c.dir/rosidl_typesupport_c/soccer_vision_3d_msgs/msg/field_boundary__type_support.cpp.o[0m
[ 21%] [32mBuilding CXX object CMakeFiles/soccer_vision_3d_msgs__rosidl_typesupport_c.dir/rosidl_typesupport_c/soccer_vision_3d_msgs/msg/goalpost_array__type_support.cpp.o[0m
[ 21%] [32mBuilding CXX object CMakeFiles/soccer_vision_3d_msgs__rosidl_typesupport_c.dir/rosidl_typesupport_c/soccer_vision_3d_msgs/msg/marking_ellipse__type_support.cpp.o[0m
[ 22%] [32mBuilding CXX object CMakeFiles/soccer_vision_3d_msgs__rosidl_typesupport_c.dir/rosidl_typesupport_c/soccer_vision_3d_msgs/msg/marking_intersection__type_support.cpp.o[0m
[ 22%] [32mBuilding CXX object CMakeFiles/soccer_vision_3d_msgs__rosidl_typesupport_c.dir/rosidl_typesupport_c/soccer_vision_3d_msgs/msg/obstacle_array__type_support.cpp.o[0m
[ 23%] [32mBuilding CXX object CMakeFiles/soccer_vision_3d_msgs__rosidl_typesupport_c.dir/rosidl_typesupport_c/soccer_vision_3d_msgs/msg/marking_array__type_support.cpp.o[0m
[ 24%] [32mBuilding CXX object CMakeFiles/soccer_vision_3d_msgs__rosidl_typesupport_c.dir/rosidl_typesupport_c/soccer_vision_3d_msgs/msg/marking_segment__type_support.cpp.o[0m
[ 25%] [32mBuilding CXX object CMakeFiles/soccer_vision_3d_msgs__rosidl_typesupport_c.dir/rosidl_typesupport_c/soccer_vision_3d_msgs/msg/robot__type_support.cpp.o[0m
[ 26%] [32mBuilding CXX object CMakeFiles/soccer_vision_3d_msgs__rosidl_typesupport_c.dir/rosidl_typesupport_c/soccer_vision_3d_msgs/msg/obstacle__type_support.cpp.o[0m
[ 27%] [32mBuilding CXX object CMakeFiles/soccer_vision_3d_msgs__rosidl_typesupport_c.dir/rosidl_typesupport_c/soccer_vision_3d_msgs/msg/robot_array__type_support.cpp.o[0m
[ 28%] [32m[1mLinking CXX shared library libsoccer_vision_3d_msgs__rosidl_typesupport_c.so[0m
[35m[1mConsolidate compiler generated dependencies of target soccer_vision_3d_msgs__rosidl_typesupport_cpp[0m
[ 28%] Built target soccer_vision_3d_msgs__rosidl_typesupport_c
[ 30%] [32mBuilding CXX object CMakeFiles/soccer_vision_3d_msgs__rosidl_typesupport_cpp.dir/rosidl_typesupport_cpp/soccer_vision_3d_msgs/msg/ball__type_support.cpp.o[0m
[ 30%] [32mBuilding CXX object CMakeFiles/soccer_vision_3d_msgs__rosidl_typesupport_cpp.dir/rosidl_typesupport_cpp/soccer_vision_3d_msgs/msg/ball_array__type_support.cpp.o[0m
[ 31%] [32mBuilding CXX object CMakeFiles/soccer_vision_3d_msgs__rosidl_typesupport_cpp.dir/rosidl_typesupport_cpp/soccer_vision_3d_msgs/msg/goalpost__type_support.cpp.o[0m
[ 31%] [32mBuilding CXX object CMakeFiles/soccer_vision_3d_msgs__rosidl_typesupport_cpp.dir/rosidl_typesupport_cpp/soccer_vision_3d_msgs/msg/field_boundary__type_support.cpp.o[0m
[ 32%] [32mBuilding CXX object CMakeFiles/soccer_vision_3d_msgs__rosidl_typesupport_cpp.dir/rosidl_typesupport_cpp/soccer_vision_3d_msgs/msg/marking_intersection__type_support.cpp.o[0m
[ 32%] [32mBuilding CXX object CMakeFiles/soccer_vision_3d_msgs__rosidl_typesupport_cpp.dir/rosidl_typesupport_cpp/soccer_vision_3d_msgs/msg/marking_segment__type_support.cpp.o[0m
[ 33%] [32mBuilding CXX object CMakeFiles/soccer_vision_3d_msgs__rosidl_typesupport_cpp.dir/rosidl_typesupport_cpp/soccer_vision_3d_msgs/msg/goalpost_array__type_support.cpp.o[0m
[ 34%] [32mBuilding CXX object CMakeFiles/soccer_vision_3d_msgs__rosidl_typesupport_cpp.dir/rosidl_typesupport_cpp/soccer_vision_3d_msgs/msg/marking_ellipse__type_support.cpp.o[0m
[ 35%] [32mBuilding CXX object CMakeFiles/soccer_vision_3d_msgs__rosidl_typesupport_cpp.dir/rosidl_typesupport_cpp/soccer_vision_3d_msgs/msg/marking_array__type_support.cpp.o[0m
[ 36%] [32mBuilding CXX object CMakeFiles/soccer_vision_3d_msgs__rosidl_typesupport_cpp.dir/rosidl_typesupport_cpp/soccer_vision_3d_msgs/msg/obstacle__type_support.cpp.o[0m
[ 37%] [32mBuilding CXX object CMakeFiles/soccer_vision_3d_msgs__rosidl_typesupport_cpp.dir/rosidl_typesupport_cpp/soccer_vision_3d_msgs/msg/obstacle_array__type_support.cpp.o[0m
[35m[1mConsolidate compiler generated dependencies of target soccer_vision_3d_msgs__rosidl_typesupport_introspection_c[0m
[35m[1mConsolidate compiler generated dependencies of target soccer_vision_3d_msgs__rosidl_typesupport_introspection_cpp[0m
[35m[1mConsolidate compiler generated dependencies of target soccer_vision_3d_msgs__rosidl_typesupport_fastrtps_cpp[0m
[ 38%] [32mBuilding C object CMakeFiles/soccer_vision_3d_msgs__rosidl_typesupport_introspection_c.dir/rosidl_typesupport_introspection_c/soccer_vision_3d_msgs/msg/detail/ball__type_support.c.o[0m
[ 39%] [32mBuilding CXX object CMakeFiles/soccer_vision_3d_msgs__rosidl_typesupport_cpp.dir/rosidl_typesupport_cpp/soccer_vision_3d_msgs/msg/robot__type_support.cpp.o[0m
[ 40%] [32mBuilding C object CMakeFiles/soccer_vision_3d_msgs__rosidl_typesupport_introspection_c.dir/rosidl_typesupport_introspection_c/soccer_vision_3d_msgs/msg/detail/ball_array__type_support.c.o[0m
[ 40%] [32mBuilding CXX object CMakeFiles/soccer_vision_3d_msgs__rosidl_typesupport_cpp.dir/rosidl_typesupport_cpp/soccer_vision_3d_msgs/msg/robot_array__type_support.cpp.o[0m
[ 41%] [32mBuilding CXX object CMakeFiles/soccer_vision_3d_msgs__rosidl_typesupport_fastrtps_cpp.dir/rosidl_typesupport_fastrtps_cpp/soccer_vision_3d_msgs/msg/detail/dds_fastrtps/ball__type_support.cpp.o[0m
[ 42%] [32mBuilding CXX object CMakeFiles/soccer_vision_3d_msgs__rosidl_typesupport_introspection_cpp.dir/rosidl_typesupport_introspection_cpp/soccer_vision_3d_msgs/msg/detail/ball__type_support.cpp.o[0m
[ 42%] [32mBuilding C object CMakeFiles/soccer_vision_3d_msgs__rosidl_typesupport_introspection_c.dir/rosidl_typesupport_introspection_c/soccer_vision_3d_msgs/msg/detail/field_boundary__type_support.c.o[0m
[ 43%] [32mBuilding C object CMakeFiles/soccer_vision_3d_msgs__rosidl_typesupport_introspection_c.dir/rosidl_typesupport_introspection_c/soccer_vision_3d_msgs/msg/detail/goalpost__type_support.c.o[0m
[ 44%] [32mBuilding CXX object CMakeFiles/soccer_vision_3d_msgs__rosidl_typesupport_introspection_cpp.dir/rosidl_typesupport_introspection_cpp/soccer_vision_3d_msgs/msg/detail/ball_array__type_support.cpp.o[0m
[ 45%] [32mBuilding CXX object CMakeFiles/soccer_vision_3d_msgs__rosidl_typesupport_fastrtps_cpp.dir/rosidl_typesupport_fastrtps_cpp/soccer_vision_3d_msgs/msg/detail/dds_fastrtps/ball_array__type_support.cpp.o[0m
[35m[1mConsolidate compiler generated dependencies of target soccer_vision_3d_msgs__rosidl_typesupport_fastrtps_c[0m
[ 46%] [32mBuilding CXX object CMakeFiles/soccer_vision_3d_msgs__rosidl_typesupport_fastrtps_cpp.dir/rosidl_typesupport_fastrtps_cpp/soccer_vision_3d_msgs/msg/detail/dds_fastrtps/field_boundary__type_support.cpp.o[0m
[ 47%] [32mBuilding C object CMakeFiles/soccer_vision_3d_msgs__rosidl_typesupport_introspection_c.dir/rosidl_typesupport_introspection_c/soccer_vision_3d_msgs/msg/detail/goalpost_array__type_support.c.o[0m
[ 48%] [32mBuilding CXX object CMakeFiles/soccer_vision_3d_msgs__rosidl_typesupport_fastrtps_c.dir/rosidl_typesupport_fastrtps_c/soccer_vision_3d_msgs/msg/detail/ball__type_support_c.cpp.o[0m
[ 49%] [32mBuilding C object CMakeFiles/soccer_vision_3d_msgs__rosidl_typesupport_introspection_c.dir/rosidl_typesupport_introspection_c/soccer_vision_3d_msgs/msg/detail/marking_ellipse__type_support.c.o[0m
[ 50%] [32mBuilding CXX object CMakeFiles/soccer_vision_3d_msgs__rosidl_typesupport_introspection_cpp.dir/rosidl_typesupport_introspection_cpp/soccer_vision_3d_msgs/msg/detail/field_boundary__type_support.cpp.o[0m
[ 51%] [32mBuilding C object CMakeFiles/soccer_vision_3d_msgs__rosidl_typesupport_introspection_c.dir/rosidl_typesupport_introspection_c/soccer_vision_3d_msgs/msg/detail/marking_intersection__type_support.c.o[0m
[ 51%] [32mBuilding CXX object CMakeFiles/soccer_vision_3d_msgs__rosidl_typesupport_fastrtps_cpp.dir/rosidl_typesupport_fastrtps_cpp/soccer_vision_3d_msgs/msg/detail/dds_fastrtps/goalpost__type_support.cpp.o[0m
[ 51%] [32mBuilding C object CMakeFiles/soccer_vision_3d_msgs__rosidl_typesupport_introspection_c.dir/rosidl_typesupport_introspection_c/soccer_vision_3d_msgs/msg/detail/marking_segment__type_support.c.o[0m
[ 52%] [32mBuilding CXX object CMakeFiles/soccer_vision_3d_msgs__rosidl_typesupport_introspection_cpp.dir/rosidl_typesupport_introspection_cpp/soccer_vision_3d_msgs/msg/detail/goalpost__type_support.cpp.o[0m
[ 52%] [32mBuilding CXX object CMakeFiles/soccer_vision_3d_msgs__rosidl_typesupport_fastrtps_c.dir/rosidl_typesupport_fastrtps_c/soccer_vision_3d_msgs/msg/detail/ball_array__type_support_c.cpp.o[0m
[ 53%] [32mBuilding C object CMakeFiles/soccer_vision_3d_msgs__rosidl_typesupport_introspection_c.dir/rosidl_typesupport_introspection_c/soccer_vision_3d_msgs/msg/detail/marking_array__type_support.c.o[0m
[ 54%] [32m[1mLinking CXX shared library libsoccer_vision_3d_msgs__rosidl_typesupport_cpp.so[0m
[ 55%] [32mBuilding C object CMakeFiles/soccer_vision_3d_msgs__rosidl_typesupport_introspection_c.dir/rosidl_typesupport_introspection_c/soccer_vision_3d_msgs/msg/detail/obstacle__type_support.c.o[0m
[ 55%] Built target soccer_vision_3d_msgs__rosidl_typesupport_cpp
[ 56%] [32mBuilding CXX object CMakeFiles/soccer_vision_3d_msgs__rosidl_typesupport_fastrtps_cpp.dir/rosidl_typesupport_fastrtps_cpp/soccer_vision_3d_msgs/msg/detail/dds_fastrtps/goalpost_array__type_support.cpp.o[0m
[ 57%] [32mBuilding C object CMakeFiles/soccer_vision_3d_msgs__rosidl_typesupport_introspection_c.dir/rosidl_typesupport_introspection_c/soccer_vision_3d_msgs/msg/detail/obstacle_array__type_support.c.o[0m
[ 58%] [32mBuilding CXX object CMakeFiles/soccer_vision_3d_msgs__rosidl_typesupport_fastrtps_cpp.dir/rosidl_typesupport_fastrtps_cpp/soccer_vision_3d_msgs/msg/detail/dds_fastrtps/marking_ellipse__type_support.cpp.o[0m
[ 58%] [32mBuilding CXX object CMakeFiles/soccer_vision_3d_msgs__rosidl_typesupport_introspection_cpp.dir/rosidl_typesupport_introspection_cpp/soccer_vision_3d_msgs/msg/detail/goalpost_array__type_support.cpp.o[0m
[ 59%] [32mBuilding C object CMakeFiles/soccer_vision_3d_msgs__rosidl_typesupport_introspection_c.dir/rosidl_typesupport_introspection_c/soccer_vision_3d_msgs/msg/detail/robot__type_support.c.o[0m
[ 59%] [32mBuilding C object CMakeFiles/soccer_vision_3d_msgs__rosidl_typesupport_introspection_c.dir/rosidl_typesupport_introspection_c/soccer_vision_3d_msgs/msg/detail/robot_array__type_support.c.o[0m
[ 60%] [32m[1mLinking C shared library libsoccer_vision_3d_msgs__rosidl_typesupport_introspection_c.so[0m
[ 61%] [32mBuilding CXX object CMakeFiles/soccer_vision_3d_msgs__rosidl_typesupport_fastrtps_c.dir/rosidl_typesupport_fastrtps_c/soccer_vision_3d_msgs/msg/detail/field_boundary__type_support_c.cpp.o[0m
[ 62%] [32mBuilding CXX object CMakeFiles/soccer_vision_3d_msgs__rosidl_typesupport_introspection_cpp.dir/rosidl_typesupport_introspection_cpp/soccer_vision_3d_msgs/msg/detail/marking_ellipse__type_support.cpp.o[0m
[ 62%] Built target soccer_vision_3d_msgs__rosidl_typesupport_introspection_c
[ 63%] [32mBuilding CXX object CMakeFiles/soccer_vision_3d_msgs__rosidl_typesupport_introspection_cpp.dir/rosidl_typesupport_introspection_cpp/soccer_vision_3d_msgs/msg/detail/marking_intersection__type_support.cpp.o[0m
[ 64%] [32mBuilding CXX object CMakeFiles/soccer_vision_3d_msgs__rosidl_typesupport_fastrtps_c.dir/rosidl_typesupport_fastrtps_c/soccer_vision_3d_msgs/msg/detail/goalpost__type_support_c.cpp.o[0m
[ 65%] [32mBuilding CXX object CMakeFiles/soccer_vision_3d_msgs__rosidl_typesupport_fastrtps_cpp.dir/rosidl_typesupport_fastrtps_cpp/soccer_vision_3d_msgs/msg/detail/dds_fastrtps/marking_intersection__type_support.cpp.o[0m
[ 66%] [32mBuilding CXX object CMakeFiles/soccer_vision_3d_msgs__rosidl_typesupport_introspection_cpp.dir/rosidl_typesupport_introspection_cpp/soccer_vision_3d_msgs/msg/detail/marking_segment__type_support.cpp.o[0m
[ 67%] [32mBuilding CXX object CMakeFiles/soccer_vision_3d_msgs__rosidl_typesupport_fastrtps_cpp.dir/rosidl_typesupport_fastrtps_cpp/soccer_vision_3d_msgs/msg/detail/dds_fastrtps/marking_segment__type_support.cpp.o[0m
[ 68%] [32mBuilding CXX object CMakeFiles/soccer_vision_3d_msgs__rosidl_typesupport_introspection_cpp.dir/rosidl_typesupport_introspection_cpp/soccer_vision_3d_msgs/msg/detail/marking_array__type_support.cpp.o[0m
[ 68%] [32mBuilding CXX object CMakeFiles/soccer_vision_3d_msgs__rosidl_typesupport_fastrtps_cpp.dir/rosidl_typesupport_fastrtps_cpp/soccer_vision_3d_msgs/msg/detail/dds_fastrtps/marking_array__type_support.cpp.o[0m
[ 69%] [32mBuilding CXX object CMakeFiles/soccer_vision_3d_msgs__rosidl_typesupport_fastrtps_c.dir/rosidl_typesupport_fastrtps_c/soccer_vision_3d_msgs/msg/detail/goalpost_array__type_support_c.cpp.o[0m
[ 70%] [32mBuilding CXX object CMakeFiles/soccer_vision_3d_msgs__rosidl_typesupport_fastrtps_cpp.dir/rosidl_typesupport_fastrtps_cpp/soccer_vision_3d_msgs/msg/detail/dds_fastrtps/obstacle__type_support.cpp.o[0m
[ 71%] [32mBuilding CXX object CMakeFiles/soccer_vision_3d_msgs__rosidl_typesupport_fastrtps_c.dir/rosidl_typesupport_fastrtps_c/soccer_vision_3d_msgs/msg/detail/marking_ellipse__type_support_c.cpp.o[0m
[ 71%] [32mBuilding CXX object CMakeFiles/soccer_vision_3d_msgs__rosidl_typesupport_introspection_cpp.dir/rosidl_typesupport_introspection_cpp/soccer_vision_3d_msgs/msg/detail/obstacle__type_support.cpp.o[0m
[ 72%] [32mBuilding CXX object CMakeFiles/soccer_vision_3d_msgs__rosidl_typesupport_fastrtps_cpp.dir/rosidl_typesupport_fastrtps_cpp/soccer_vision_3d_msgs/msg/detail/dds_fastrtps/obstacle_array__type_support.cpp.o[0m
[ 72%] [32mBuilding CXX object CMakeFiles/soccer_vision_3d_msgs__rosidl_typesupport_fastrtps_c.dir/rosidl_typesupport_fastrtps_c/soccer_vision_3d_msgs/msg/detail/marking_intersection__type_support_c.cpp.o[0m
[ 73%] [32mBuilding CXX object CMakeFiles/soccer_vision_3d_msgs__rosidl_typesupport_introspection_cpp.dir/rosidl_typesupport_introspection_cpp/soccer_vision_3d_msgs/msg/detail/obstacle_array__type_support.cpp.o[0m
[ 74%] [32mBuilding CXX object CMakeFiles/soccer_vision_3d_msgs__rosidl_typesupport_fastrtps_cpp.dir/rosidl_typesupport_fastrtps_cpp/soccer_vision_3d_msgs/msg/detail/dds_fastrtps/robot__type_support.cpp.o[0m
[ 75%] [32mBuilding CXX object CMakeFiles/soccer_vision_3d_msgs__rosidl_typesupport_fastrtps_cpp.dir/rosidl_typesupport_fastrtps_cpp/soccer_vision_3d_msgs/msg/detail/dds_fastrtps/robot_array__type_support.cpp.o[0m
[ 76%] [32mBuilding CXX object CMakeFiles/soccer_vision_3d_msgs__rosidl_typesupport_fastrtps_c.dir/rosidl_typesupport_fastrtps_c/soccer_vision_3d_msgs/msg/detail/marking_segment__type_support_c.cpp.o[0m
[ 77%] [32mBuilding CXX object CMakeFiles/soccer_vision_3d_msgs__rosidl_typesupport_fastrtps_c.dir/rosidl_typesupport_fastrtps_c/soccer_vision_3d_msgs/msg/detail/marking_array__type_support_c.cpp.o[0m
[ 78%] [32mBuilding CXX object CMakeFiles/soccer_vision_3d_msgs__rosidl_typesupport_fastrtps_c.dir/rosidl_typesupport_fastrtps_c/soccer_vision_3d_msgs/msg/detail/obstacle__type_support_c.cpp.o[0m
[ 79%] [32mBuilding CXX object CMakeFiles/soccer_vision_3d_msgs__rosidl_typesupport_fastrtps_c.dir/rosidl_typesupport_fastrtps_c/soccer_vision_3d_msgs/msg/detail/obstacle_array__type_support_c.cpp.o[0m
[ 79%] [32mBuilding CXX object CMakeFiles/soccer_vision_3d_msgs__rosidl_typesupport_fastrtps_c.dir/rosidl_typesupport_fastrtps_c/soccer_vision_3d_msgs/msg/detail/robot__type_support_c.cpp.o[0m
[ 80%] [32mBuilding CXX object CMakeFiles/soccer_vision_3d_msgs__rosidl_typesupport_fastrtps_c.dir/rosidl_typesupport_fastrtps_c/soccer_vision_3d_msgs/msg/detail/robot_array__type_support_c.cpp.o[0m
[ 81%] [32mBuilding CXX object CMakeFiles/soccer_vision_3d_msgs__rosidl_typesupport_introspection_cpp.dir/rosidl_typesupport_introspection_cpp/soccer_vision_3d_msgs/msg/detail/robot__type_support.cpp.o[0m
[ 82%] [32mBuilding CXX object CMakeFiles/soccer_vision_3d_msgs__rosidl_typesupport_introspection_cpp.dir/rosidl_typesupport_introspection_cpp/soccer_vision_3d_msgs/msg/detail/robot_array__type_support.cpp.o[0m
[ 82%] [32m[1mLinking CXX shared library libsoccer_vision_3d_msgs__rosidl_typesupport_fastrtps_cpp.so[0m
[ 83%] [32m[1mLinking CXX shared library libsoccer_vision_3d_msgs__rosidl_typesupport_fastrtps_c.so[0m
[ 83%] Built target soccer_vision_3d_msgs__rosidl_typesupport_fastrtps_cpp
[ 84%] [32m[1mLinking CXX shared library libsoccer_vision_3d_msgs__rosidl_typesupport_introspection_cpp.so[0m
[ 84%] Built target soccer_vision_3d_msgs__rosidl_typesupport_fastrtps_c
[ 84%] Built target soccer_vision_3d_msgs__rosidl_typesupport_introspection_cpp
[ 84%] Built target soccer_vision_3d_msgs
[ 85%] [34m[1mGenerating Python code for ROS interfaces[0m
[ 85%] Built target soccer_vision_3d_msgs__py
[35m[1mConsolidate compiler generated dependencies of target soccer_vision_3d_msgs__rosidl_generator_py[0m
[ 87%] [32mBuilding C object CMakeFiles/soccer_vision_3d_msgs__rosidl_generator_py.dir/rosidl_generator_py/soccer_vision_3d_msgs/msg/_field_boundary_s.c.o[0m
[ 87%] [32mBuilding C object CMakeFiles/soccer_vision_3d_msgs__rosidl_generator_py.dir/rosidl_generator_py/soccer_vision_3d_msgs/msg/_ball_array_s.c.o[0m
[ 87%] [32mBuilding C object CMakeFiles/soccer_vision_3d_msgs__rosidl_generator_py.dir/rosidl_generator_py/soccer_vision_3d_msgs/msg/_ball_s.c.o[0m
[ 88%] [32mBuilding C object CMakeFiles/soccer_vision_3d_msgs__rosidl_generator_py.dir/rosidl_generator_py/soccer_vision_3d_msgs/msg/_goalpost_array_s.c.o[0m
[ 89%] [32mBuilding C object CMakeFiles/soccer_vision_3d_msgs__rosidl_generator_py.dir/rosidl_generator_py/soccer_vision_3d_msgs/msg/_marking_intersection_s.c.o[0m
[ 89%] [32mBuilding C object CMakeFiles/soccer_vision_3d_msgs__rosidl_generator_py.dir/rosidl_generator_py/soccer_vision_3d_msgs/msg/_marking_ellipse_s.c.o[0m
[ 90%] [32mBuilding C object CMakeFiles/soccer_vision_3d_msgs__rosidl_generator_py.dir/rosidl_generator_py/soccer_vision_3d_msgs/msg/_marking_array_s.c.o[0m
[ 92%] [32mBuilding C object CMakeFiles/soccer_vision_3d_msgs__rosidl_generator_py.dir/rosidl_generator_py/soccer_vision_3d_msgs/msg/_obstacle_s.c.o[0m
[ 92%] [32mBuilding C object CMakeFiles/soccer_vision_3d_msgs__rosidl_generator_py.dir/rosidl_generator_py/soccer_vision_3d_msgs/msg/_obstacle_array_s.c.o[0m
[ 93%] [32mBuilding C object CMakeFiles/soccer_vision_3d_msgs__rosidl_generator_py.dir/rosidl_generator_py/soccer_vision_3d_msgs/msg/_goalpost_s.c.o[0m
[ 93%] [32mBuilding C object CMakeFiles/soccer_vision_3d_msgs__rosidl_generator_py.dir/rosidl_generator_py/soccer_vision_3d_msgs/msg/_robot_s.c.o[0m
[ 94%] [32mBuilding C object CMakeFiles/soccer_vision_3d_msgs__rosidl_generator_py.dir/rosidl_generator_py/soccer_vision_3d_msgs/msg/_marking_segment_s.c.o[0m
[ 95%] [32mBuilding C object CMakeFiles/soccer_vision_3d_msgs__rosidl_generator_py.dir/rosidl_generator_py/soccer_vision_3d_msgs/msg/_robot_array_s.c.o[0m
[ 96%] [32m[1mLinking C shared library rosidl_generator_py/soccer_vision_3d_msgs/libsoccer_vision_3d_msgs__rosidl_generator_py.so[0m
[ 96%] Built target soccer_vision_3d_msgs__rosidl_generator_py
[35m[1mConsolidate compiler generated dependencies of target soccer_vision_3d_msgs__rosidl_typesupport_fastrtps_c__pyext[0m
[35m[1mConsolidate compiler generated dependencies of target soccer_vision_3d_msgs__rosidl_typesupport_introspection_c__pyext[0m
[35m[1mConsolidate compiler generated dependencies of target soccer_vision_3d_msgs__rosidl_typesupport_c__pyext[0m
[ 97%] [32mBuilding C object CMakeFiles/soccer_vision_3d_msgs__rosidl_typesupport_fastrtps_c__pyext.dir/rosidl_generator_py/soccer_vision_3d_msgs/_soccer_vision_3d_msgs_s.ep.rosidl_typesupport_fastrtps_c.c.o[0m
[ 98%] [32mBuilding C object CMakeFiles/soccer_vision_3d_msgs__rosidl_typesupport_introspection_c__pyext.dir/rosidl_generator_py/soccer_vision_3d_msgs/_soccer_vision_3d_msgs_s.ep.rosidl_typesupport_introspection_c.c.o[0m
[ 99%] [32mBuilding C object CMakeFiles/soccer_vision_3d_msgs__rosidl_typesupport_c__pyext.dir/rosidl_generator_py/soccer_vision_3d_msgs/_soccer_vision_3d_msgs_s.ep.rosidl_typesupport_c.c.o[0m
[ 99%] [32m[1mLinking C shared library rosidl_generator_py/soccer_vision_3d_msgs/soccer_vision_3d_msgs_s__rosidl_typesupport_fastrtps_c.cpython-310-x86_64-linux-gnu.so[0m
[100%] [32m[1mLinking C shared library rosidl_generator_py/soccer_vision_3d_msgs/soccer_vision_3d_msgs_s__rosidl_typesupport_introspection_c.cpython-310-x86_64-linux-gnu.so[0m
[100%] [32m[1mLinking C shared library rosidl_generator_py/soccer_vision_3d_msgs/soccer_vision_3d_msgs_s__rosidl_typesupport_c.cpython-310-x86_64-linux-gnu.so[0m
[100%] Built target soccer_vision_3d_msgs__rosidl_typesupport_fastrtps_c__pyext
[100%] Built target soccer_vision_3d_msgs__rosidl_typesupport_introspection_c__pyext
[100%] Built target soccer_vision_3d_msgs__rosidl_typesupport_c__pyext
-- Install configuration: ""
-- Up-to-date: /home/ivan/Webots_YOLOv8/install/soccer_vision_3d_msgs/share/ament_index/resource_index/rosidl_interfaces/soccer_vision_3d_msgs
-- Up-to-date: /home/ivan/Webots_YOLOv8/install/soccer_vision_3d_msgs/include/soccer_vision_3d_msgs/soccer_vision_3d_msgs
-- Up-to-date: /home/ivan/Webots_YOLOv8/install/soccer_vision_3d_msgs/include/soccer_vision_3d_msgs/soccer_vision_3d_msgs/msg
-- Up-to-date: /home/ivan/Webots_YOLOv8/install/soccer_vision_3d_msgs/include/soccer_vision_3d_msgs/soccer_vision_3d_msgs/msg/detail
-- Installing: /home/ivan/Webots_YOLOv8/install/soccer_vision_3d_msgs/include/soccer_vision_3d_msgs/soccer_vision_3d_msgs/msg/detail/marking_intersection__functions.h
-- Installing: /home/ivan/Webots_YOLOv8/install/soccer_vision_3d_msgs/include/soccer_vision_3d_msgs/soccer_vision_3d_msgs/msg/detail/robot__functions.h
-- Installing: /home/ivan/Webots_YOLOv8/install/soccer_vision_3d_msgs/include/soccer_vision_3d_msgs/soccer_vision_3d_msgs/msg/detail/robot__struct.h
-- Installing: /home/ivan/Webots_YOLOv8/install/soccer_vision_3d_msgs/include/soccer_vision_3d_msgs/soccer_vision_3d_msgs/msg/detail/obstacle_array__functions.c
-- Installing: /home/ivan/Webots_YOLOv8/install/soccer_vision_3d_msgs/include/soccer_vision_3d_msgs/soccer_vision_3d_msgs/msg/detail/obstacle__struct.h
-- Installing: /home/ivan/Webots_YOLOv8/install/soccer_vision_3d_msgs/include/soccer_vision_3d_msgs/soccer_vision_3d_msgs/msg/detail/marking_segment__struct.h
-- Installing: /home/ivan/Webots_YOLOv8/install/soccer_vision_3d_msgs/include/soccer_vision_3d_msgs/soccer_vision_3d_msgs/msg/detail/field_boundary__type_support.h
-- Installing: /home/ivan/Webots_YOLOv8/install/soccer_vision_3d_msgs/include/soccer_vision_3d_msgs/soccer_vision_3d_msgs/msg/detail/obstacle_array__functions.h
-- Installing: /home/ivan/Webots_YOLOv8/install/soccer_vision_3d_msgs/include/soccer_vision_3d_msgs/soccer_vision_3d_msgs/msg/detail/marking_array__functions.h
-- Installing: /home/ivan/Webots_YOLOv8/install/soccer_vision_3d_msgs/include/soccer_vision_3d_msgs/soccer_vision_3d_msgs/msg/detail/robot_array__struct.h
-- Installing: /home/ivan/Webots_YOLOv8/install/soccer_vision_3d_msgs/include/soccer_vision_3d_msgs/soccer_vision_3d_msgs/msg/detail/obstacle_array__type_support.h
-- Installing: /home/ivan/Webots_YOLOv8/install/soccer_vision_3d_msgs/include/soccer_vision_3d_msgs/soccer_vision_3d_msgs/msg/detail/marking_segment__type_support.h
-- Installing: /home/ivan/Webots_YOLOv8/install/soccer_vision_3d_msgs/include/soccer_vision_3d_msgs/soccer_vision_3d_msgs/msg/detail/marking_array__functions.c
-- Installing: /home/ivan/Webots_YOLOv8/install/soccer_vision_3d_msgs/include/soccer_vision_3d_msgs/soccer_vision_3d_msgs/msg/detail/marking_segment__functions.h
-- Installing: /home/ivan/Webots_YOLOv8/install/soccer_vision_3d_msgs/include/soccer_vision_3d_msgs/soccer_vision_3d_msgs/msg/detail/obstacle__functions.c
-- Installing: /home/ivan/Webots_YOLOv8/install/soccer_vision_3d_msgs/include/soccer_vision_3d_msgs/soccer_vision_3d_msgs/msg/detail/marking_intersection__type_support.h
-- Installing: /home/ivan/Webots_YOLOv8/install/soccer_vision_3d_msgs/include/soccer_vision_3d_msgs/soccer_vision_3d_msgs/msg/detail/robot_array__type_support.h
-- Installing: /home/ivan/Webots_YOLOv8/install/soccer_vision_3d_msgs/include/soccer_vision_3d_msgs/soccer_vision_3d_msgs/msg/detail/ball__functions.h
-- Installing: /home/ivan/Webots_YOLOv8/install/soccer_vision_3d_msgs/include/soccer_vision_3d_msgs/soccer_vision_3d_msgs/msg/detail/obstacle_array__struct.h
-- Installing: /home/ivan/Webots_YOLOv8/install/soccer_vision_3d_msgs/include/soccer_vision_3d_msgs/soccer_vision_3d_msgs/msg/detail/goalpost_array__functions.h
-- Installing: /home/ivan/Webots_YOLOv8/install/soccer_vision_3d_msgs/include/soccer_vision_3d_msgs/soccer_vision_3d_msgs/msg/detail/marking_segment__functions.c
-- Installing: /home/ivan/Webots_YOLOv8/install/soccer_vision_3d_msgs/include/soccer_vision_3d_msgs/soccer_vision_3d_msgs/msg/detail/goalpost_array__type_support.h
-- Installing: /home/ivan/Webots_YOLOv8/install/soccer_vision_3d_msgs/include/soccer_vision_3d_msgs/soccer_vision_3d_msgs/msg/detail/robot__functions.c
-- Installing: /home/ivan/Webots_YOLOv8/install/soccer_vision_3d_msgs/include/soccer_vision_3d_msgs/soccer_vision_3d_msgs/msg/detail/goalpost_array__functions.c
-- Installing: /home/ivan/Webots_YOLOv8/install/soccer_vision_3d_msgs/include/soccer_vision_3d_msgs/soccer_vision_3d_msgs/msg/detail/robot_array__functions.h
-- Installing: /home/ivan/Webots_YOLOv8/install/soccer_vision_3d_msgs/include/soccer_vision_3d_msgs/soccer_vision_3d_msgs/msg/detail/obstacle__type_support.h
-- Installing: /home/ivan/Webots_YOLOv8/install/soccer_vision_3d_msgs/include/soccer_vision_3d_msgs/soccer_vision_3d_msgs/msg/detail/robot_array__functions.c
-- Installing: /home/ivan/Webots_YOLOv8/install/soccer_vision_3d_msgs/include/soccer_vision_3d_msgs/soccer_vision_3d_msgs/msg/detail/ball__struct.h
-- Installing: /home/ivan/Webots_YOLOv8/install/soccer_vision_3d_msgs/include/soccer_vision_3d_msgs/soccer_vision_3d_msgs/msg/detail/field_boundary__struct.h
-- Installing: /home/ivan/Webots_YOLOv8/install/soccer_vision_3d_msgs/include/soccer_vision_3d_msgs/soccer_vision_3d_msgs/msg/detail/marking_ellipse__functions.c
-- Installing: /home/ivan/Webots_YOLOv8/install/soccer_vision_3d_msgs/include/soccer_vision_3d_msgs/soccer_vision_3d_msgs/msg/detail/field_boundary__functions.c
-- Installing: /home/ivan/Webots_YOLOv8/install/soccer_vision_3d_msgs/include/soccer_vision_3d_msgs/soccer_vision_3d_msgs/msg/detail/marking_ellipse__struct.h
-- Installing: /home/ivan/Webots_YOLOv8/install/soccer_vision_3d_msgs/include/soccer_vision_3d_msgs/soccer_vision_3d_msgs/msg/detail/ball__type_support.h
-- Installing: /home/ivan/Webots_YOLOv8/install/soccer_vision_3d_msgs/include/soccer_vision_3d_msgs/soccer_vision_3d_msgs/msg/detail/marking_array__type_support.h
-- Installing: /home/ivan/Webots_YOLOv8/install/soccer_vision_3d_msgs/include/soccer_vision_3d_msgs/soccer_vision_3d_msgs/msg/detail/ball_array__functions.h
-- Installing: /home/ivan/Webots_YOLOv8/install/soccer_vision_3d_msgs/include/soccer_vision_3d_msgs/soccer_vision_3d_msgs/msg/detail/marking_ellipse__type_support.h
-- Installing: /home/ivan/Webots_YOLOv8/install/soccer_vision_3d_msgs/include/soccer_vision_3d_msgs/soccer_vision_3d_msgs/msg/detail/marking_array__struct.h
-- Installing: /home/ivan/Webots_YOLOv8/install/soccer_vision_3d_msgs/include/soccer_vision_3d_msgs/soccer_vision_3d_msgs/msg/detail/marking_intersection__functions.c
-- Installing: /home/ivan/Webots_YOLOv8/install/soccer_vision_3d_msgs/include/soccer_vision_3d_msgs/soccer_vision_3d_msgs/msg/detail/robot__type_support.h
-- Installing: /home/ivan/Webots_YOLOv8/install/soccer_vision_3d_msgs/include/soccer_vision_3d_msgs/soccer_vision_3d_msgs/msg/detail/goalpost__functions.h
-- Installing: /home/ivan/Webots_YOLOv8/install/soccer_vision_3d_msgs/include/soccer_vision_3d_msgs/soccer_vision_3d_msgs/msg/detail/goalpost__functions.c
-- Installing: /home/ivan/Webots_YOLOv8/install/soccer_vision_3d_msgs/include/soccer_vision_3d_msgs/soccer_vision_3d_msgs/msg/detail/ball__functions.c
-- Installing: /home/ivan/Webots_YOLOv8/install/soccer_vision_3d_msgs/include/soccer_vision_3d_msgs/soccer_vision_3d_msgs/msg/detail/marking_intersection__struct.h
-- Installing: /home/ivan/Webots_YOLOv8/install/soccer_vision_3d_msgs/include/soccer_vision_3d_msgs/soccer_vision_3d_msgs/msg/detail/goalpost__type_support.h
-- Installing: /home/ivan/Webots_YOLOv8/install/soccer_vision_3d_msgs/include/soccer_vision_3d_msgs/soccer_vision_3d_msgs/msg/detail/ball_array__struct.h
-- Installing: /home/ivan/Webots_YOLOv8/install/soccer_vision_3d_msgs/include/soccer_vision_3d_msgs/soccer_vision_3d_msgs/msg/detail/field_boundary__functions.h
-- Installing: /home/ivan/Webots_YOLOv8/install/soccer_vision_3d_msgs/include/soccer_vision_3d_msgs/soccer_vision_3d_msgs/msg/detail/goalpost_array__struct.h
-- Installing: /home/ivan/Webots_YOLOv8/install/soccer_vision_3d_msgs/include/soccer_vision_3d_msgs/soccer_vision_3d_msgs/msg/detail/marking_ellipse__functions.h
-- Installing: /home/ivan/Webots_YOLOv8/install/soccer_vision_3d_msgs/include/soccer_vision_3d_msgs/soccer_vision_3d_msgs/msg/detail/obstacle__functions.h
-- Installing: /home/ivan/Webots_YOLOv8/install/soccer_vision_3d_msgs/include/soccer_vision_3d_msgs/soccer_vision_3d_msgs/msg/detail/ball_array__type_support.h
-- Installing: /home/ivan/Webots_YOLOv8/install/soccer_vision_3d_msgs/include/soccer_vision_3d_msgs/soccer_vision_3d_msgs/msg/detail/goalpost__struct.h
-- Installing: /home/ivan/Webots_YOLOv8/install/soccer_vision_3d_msgs/include/soccer_vision_3d_msgs/soccer_vision_3d_msgs/msg/detail/ball_array__functions.c
-- Installing: /home/ivan/Webots_YOLOv8/install/soccer_vision_3d_msgs/include/soccer_vision_3d_msgs/soccer_vision_3d_msgs/msg/marking_ellipse.h
-- Installing: /home/ivan/Webots_YOLOv8/install/soccer_vision_3d_msgs/include/soccer_vision_3d_msgs/soccer_vision_3d_msgs/msg/marking_array.h
-- Installing: /home/ivan/Webots_YOLOv8/install/soccer_vision_3d_msgs/include/soccer_vision_3d_msgs/soccer_vision_3d_msgs/msg/marking_intersection.h
-- Installing: /home/ivan/Webots_YOLOv8/install/soccer_vision_3d_msgs/include/soccer_vision_3d_msgs/soccer_vision_3d_msgs/msg/field_boundary.h
-- Installing: /home/ivan/Webots_YOLOv8/install/soccer_vision_3d_msgs/include/soccer_vision_3d_msgs/soccer_vision_3d_msgs/msg/ball.h
-- Up-to-date: /home/ivan/Webots_YOLOv8/install/soccer_vision_3d_msgs/include/soccer_vision_3d_msgs/soccer_vision_3d_msgs/msg/rosidl_generator_c__visibility_control.h
-- Installing: /home/ivan/Webots_YOLOv8/install/soccer_vision_3d_msgs/include/soccer_vision_3d_msgs/soccer_vision_3d_msgs/msg/goalpost.h
-- Installing: /home/ivan/Webots_YOLOv8/install/soccer_vision_3d_msgs/include/soccer_vision_3d_msgs/soccer_vision_3d_msgs/msg/obstacle_array.h
-- Installing: /home/ivan/Webots_YOLOv8/install/soccer_vision_3d_msgs/include/soccer_vision_3d_msgs/soccer_vision_3d_msgs/msg/marking_segment.h
-- Installing: /home/ivan/Webots_YOLOv8/install/soccer_vision_3d_msgs/include/soccer_vision_3d_msgs/soccer_vision_3d_msgs/msg/robot_array.h
-- Installing: /home/ivan/Webots_YOLOv8/install/soccer_vision_3d_msgs/include/soccer_vision_3d_msgs/soccer_vision_3d_msgs/msg/obstacle.h
-- Installing: /home/ivan/Webots_YOLOv8/install/soccer_vision_3d_msgs/include/soccer_vision_3d_msgs/soccer_vision_3d_msgs/msg/robot.h
-- Installing: /home/ivan/Webots_YOLOv8/install/soccer_vision_3d_msgs/include/soccer_vision_3d_msgs/soccer_vision_3d_msgs/msg/goalpost_array.h
-- Installing: /home/ivan/Webots_YOLOv8/install/soccer_vision_3d_msgs/include/soccer_vision_3d_msgs/soccer_vision_3d_msgs/msg/ball_array.h
-- Installing: /home/ivan/Webots_YOLOv8/install/soccer_vision_3d_msgs/share/soccer_vision_3d_msgs/environment/library_path.sh
-- Installing: /home/ivan/Webots_YOLOv8/install/soccer_vision_3d_msgs/share/soccer_vision_3d_msgs/environment/library_path.dsv
-- Installing: /home/ivan/Webots_YOLOv8/install/soccer_vision_3d_msgs/lib/libsoccer_vision_3d_msgs__rosidl_generator_c.so
-- Set runtime path of "/home/ivan/Webots_YOLOv8/install/soccer_vision_3d_msgs/lib/libsoccer_vision_3d_msgs__rosidl_generator_c.so" to ""
-- Up-to-date: /home/ivan/Webots_YOLOv8/install/soccer_vision_3d_msgs/include/soccer_vision_3d_msgs/soccer_vision_3d_msgs
-- Up-to-date: /home/ivan/Webots_YOLOv8/install/soccer_vision_3d_msgs/include/soccer_vision_3d_msgs/soccer_vision_3d_msgs/msg
-- Up-to-date: /home/ivan/Webots_YOLOv8/install/soccer_vision_3d_msgs/include/soccer_vision_3d_msgs/soccer_vision_3d_msgs/msg/detail
-- Installing: /home/ivan/Webots_YOLOv8/install/soccer_vision_3d_msgs/include/soccer_vision_3d_msgs/soccer_vision_3d_msgs/msg/detail/obstacle__rosidl_typesupport_fastrtps_c.h
-- Installing: /home/ivan/Webots_YOLOv8/install/soccer_vision_3d_msgs/include/soccer_vision_3d_msgs/soccer_vision_3d_msgs/msg/detail/goalpost__rosidl_typesupport_fastrtps_c.h
-- Installing: /home/ivan/Webots_YOLOv8/install/soccer_vision_3d_msgs/include/soccer_vision_3d_msgs/soccer_vision_3d_msgs/msg/detail/marking_intersection__rosidl_typesupport_fastrtps_c.h
-- Installing: /home/ivan/Webots_YOLOv8/install/soccer_vision_3d_msgs/include/soccer_vision_3d_msgs/soccer_vision_3d_msgs/msg/detail/obstacle_array__rosidl_typesupport_fastrtps_c.h
-- Installing: /home/ivan/Webots_YOLOv8/install/soccer_vision_3d_msgs/include/soccer_vision_3d_msgs/soccer_vision_3d_msgs/msg/detail/ball_array__rosidl_typesupport_fastrtps_c.h
-- Installing: /home/ivan/Webots_YOLOv8/install/soccer_vision_3d_msgs/include/soccer_vision_3d_msgs/soccer_vision_3d_msgs/msg/detail/marking_segment__rosidl_typesupport_fastrtps_c.h
-- Installing: /home/ivan/Webots_YOLOv8/install/soccer_vision_3d_msgs/include/soccer_vision_3d_msgs/soccer_vision_3d_msgs/msg/detail/marking_ellipse__rosidl_typesupport_fastrtps_c.h
-- Installing: /home/ivan/Webots_YOLOv8/install/soccer_vision_3d_msgs/include/soccer_vision_3d_msgs/soccer_vision_3d_msgs/msg/detail/goalpost_array__rosidl_typesupport_fastrtps_c.h
-- Installing: /home/ivan/Webots_YOLOv8/install/soccer_vision_3d_msgs/include/soccer_vision_3d_msgs/soccer_vision_3d_msgs/msg/detail/ball__rosidl_typesupport_fastrtps_c.h
-- Installing: /home/ivan/Webots_YOLOv8/install/soccer_vision_3d_msgs/include/soccer_vision_3d_msgs/soccer_vision_3d_msgs/msg/detail/field_boundary__rosidl_typesupport_fastrtps_c.h
-- Installing: /home/ivan/Webots_YOLOv8/install/soccer_vision_3d_msgs/include/soccer_vision_3d_msgs/soccer_vision_3d_msgs/msg/detail/robot_array__rosidl_typesupport_fastrtps_c.h
-- Installing: /home/ivan/Webots_YOLOv8/install/soccer_vision_3d_msgs/include/soccer_vision_3d_msgs/soccer_vision_3d_msgs/msg/detail/marking_array__rosidl_typesupport_fastrtps_c.h
-- Installing: /home/ivan/Webots_YOLOv8/install/soccer_vision_3d_msgs/include/soccer_vision_3d_msgs/soccer_vision_3d_msgs/msg/detail/robot__rosidl_typesupport_fastrtps_c.h
-- Up-to-date: /home/ivan/Webots_YOLOv8/install/soccer_vision_3d_msgs/include/soccer_vision_3d_msgs/soccer_vision_3d_msgs/msg/rosidl_typesupport_fastrtps_c__visibility_control.h
-- Installing: /home/ivan/Webots_YOLOv8/install/soccer_vision_3d_msgs/lib/libsoccer_vision_3d_msgs__rosidl_typesupport_fastrtps_c.so
-- Set runtime path of "/home/ivan/Webots_YOLOv8/install/soccer_vision_3d_msgs/lib/libsoccer_vision_3d_msgs__rosidl_typesupport_fastrtps_c.so" to ""
-- Up-to-date: /home/ivan/Webots_YOLOv8/install/soccer_vision_3d_msgs/include/soccer_vision_3d_msgs/soccer_vision_3d_msgs
-- Up-to-date: /home/ivan/Webots_YOLOv8/install/soccer_vision_3d_msgs/include/soccer_vision_3d_msgs/soccer_vision_3d_msgs/msg
-- Up-to-date: /home/ivan/Webots_YOLOv8/install/soccer_vision_3d_msgs/include/soccer_vision_3d_msgs/soccer_vision_3d_msgs/msg/detail
-- Installing: /home/ivan/Webots_YOLOv8/install/soccer_vision_3d_msgs/include/soccer_vision_3d_msgs/soccer_vision_3d_msgs/msg/detail/ball_array__type_support.c
-- Installing: /home/ivan/Webots_YOLOv8/install/soccer_vision_3d_msgs/include/soccer_vision_3d_msgs/soccer_vision_3d_msgs/msg/detail/marking_array__rosidl_typesupport_introspection_c.h
-- Installing: /home/ivan/Webots_YOLOv8/install/soccer_vision_3d_msgs/include/soccer_vision_3d_msgs/soccer_vision_3d_msgs/msg/detail/marking_ellipse__type_support.c
-- Installing: /home/ivan/Webots_YOLOv8/install/soccer_vision_3d_msgs/include/soccer_vision_3d_msgs/soccer_vision_3d_msgs/msg/detail/robot__rosidl_typesupport_introspection_c.h
-- Installing: /home/ivan/Webots_YOLOv8/install/soccer_vision_3d_msgs/include/soccer_vision_3d_msgs/soccer_vision_3d_msgs/msg/detail/field_boundary__type_support.c
-- Installing: /home/ivan/Webots_YOLOv8/install/soccer_vision_3d_msgs/include/soccer_vision_3d_msgs/soccer_vision_3d_msgs/msg/detail/obstacle_array__type_support.c
-- Installing: /home/ivan/Webots_YOLOv8/install/soccer_vision_3d_msgs/include/soccer_vision_3d_msgs/soccer_vision_3d_msgs/msg/detail/ball__type_support.c
-- Installing: /home/ivan/Webots_YOLOv8/install/soccer_vision_3d_msgs/include/soccer_vision_3d_msgs/soccer_vision_3d_msgs/msg/detail/obstacle__rosidl_typesupport_introspection_c.h
-- Installing: /home/ivan/Webots_YOLOv8/install/soccer_vision_3d_msgs/include/soccer_vision_3d_msgs/soccer_vision_3d_msgs/msg/detail/marking_segment__rosidl_typesupport_introspection_c.h
-- Installing: /home/ivan/Webots_YOLOv8/install/soccer_vision_3d_msgs/include/soccer_vision_3d_msgs/soccer_vision_3d_msgs/msg/detail/goalpost__type_support.c
-- Installing: /home/ivan/Webots_YOLOv8/install/soccer_vision_3d_msgs/include/soccer_vision_3d_msgs/soccer_vision_3d_msgs/msg/detail/goalpost_array__type_support.c
-- Installing: /home/ivan/Webots_YOLOv8/install/soccer_vision_3d_msgs/include/soccer_vision_3d_msgs/soccer_vision_3d_msgs/msg/detail/ball_array__rosidl_typesupport_introspection_c.h
-- Installing: /home/ivan/Webots_YOLOv8/install/soccer_vision_3d_msgs/include/soccer_vision_3d_msgs/soccer_vision_3d_msgs/msg/detail/marking_array__type_support.c
-- Installing: /home/ivan/Webots_YOLOv8/install/soccer_vision_3d_msgs/include/soccer_vision_3d_msgs/soccer_vision_3d_msgs/msg/detail/marking_intersection__type_support.c
-- Installing: /home/ivan/Webots_YOLOv8/install/soccer_vision_3d_msgs/include/soccer_vision_3d_msgs/soccer_vision_3d_msgs/msg/detail/marking_ellipse__rosidl_typesupport_introspection_c.h
-- Installing: /home/ivan/Webots_YOLOv8/install/soccer_vision_3d_msgs/include/soccer_vision_3d_msgs/soccer_vision_3d_msgs/msg/detail/goalpost__rosidl_typesupport_introspection_c.h
-- Installing: /home/ivan/Webots_YOLOv8/install/soccer_vision_3d_msgs/include/soccer_vision_3d_msgs/soccer_vision_3d_msgs/msg/detail/robot__type_support.c
-- Installing: /home/ivan/Webots_YOLOv8/install/soccer_vision_3d_msgs/include/soccer_vision_3d_msgs/soccer_vision_3d_msgs/msg/detail/robot_array__rosidl_typesupport_introspection_c.h
-- Installing: /home/ivan/Webots_YOLOv8/install/soccer_vision_3d_msgs/include/soccer_vision_3d_msgs/soccer_vision_3d_msgs/msg/detail/robot_array__type_support.c
-- Installing: /home/ivan/Webots_YOLOv8/install/soccer_vision_3d_msgs/include/soccer_vision_3d_msgs/soccer_vision_3d_msgs/msg/detail/marking_intersection__rosidl_typesupport_introspection_c.h
-- Installing: /home/ivan/Webots_YOLOv8/install/soccer_vision_3d_msgs/include/soccer_vision_3d_msgs/soccer_vision_3d_msgs/msg/detail/obstacle_array__rosidl_typesupport_introspection_c.h
-- Installing: /home/ivan/Webots_YOLOv8/install/soccer_vision_3d_msgs/include/soccer_vision_3d_msgs/soccer_vision_3d_msgs/msg/detail/ball__rosidl_typesupport_introspection_c.h
-- Installing: /home/ivan/Webots_YOLOv8/install/soccer_vision_3d_msgs/include/soccer_vision_3d_msgs/soccer_vision_3d_msgs/msg/detail/obstacle__type_support.c
-- Installing: /home/ivan/Webots_YOLOv8/install/soccer_vision_3d_msgs/include/soccer_vision_3d_msgs/soccer_vision_3d_msgs/msg/detail/field_boundary__rosidl_typesupport_introspection_c.h
-- Installing: /home/ivan/Webots_YOLOv8/install/soccer_vision_3d_msgs/include/soccer_vision_3d_msgs/soccer_vision_3d_msgs/msg/detail/marking_segment__type_support.c
-- Installing: /home/ivan/Webots_YOLOv8/install/soccer_vision_3d_msgs/include/soccer_vision_3d_msgs/soccer_vision_3d_msgs/msg/detail/goalpost_array__rosidl_typesupport_introspection_c.h
-- Up-to-date: /home/ivan/Webots_YOLOv8/install/soccer_vision_3d_msgs/include/soccer_vision_3d_msgs/soccer_vision_3d_msgs/msg/rosidl_typesupport_introspection_c__visibility_control.h
-- Installing: /home/ivan/Webots_YOLOv8/install/soccer_vision_3d_msgs/lib/libsoccer_vision_3d_msgs__rosidl_typesupport_introspection_c.so
-- Set runtime path of "/home/ivan/Webots_YOLOv8/install/soccer_vision_3d_msgs/lib/libsoccer_vision_3d_msgs__rosidl_typesupport_introspection_c.so" to ""
-- Installing: /home/ivan/Webots_YOLOv8/install/soccer_vision_3d_msgs/lib/libsoccer_vision_3d_msgs__rosidl_typesupport_c.so
-- Set runtime path of "/home/ivan/Webots_YOLOv8/install/soccer_vision_3d_msgs/lib/libsoccer_vision_3d_msgs__rosidl_typesupport_c.so" to ""
-- Up-to-date: /home/ivan/Webots_YOLOv8/install/soccer_vision_3d_msgs/include/soccer_vision_3d_msgs/soccer_vision_3d_msgs
-- Up-to-date: /home/ivan/Webots_YOLOv8/install/soccer_vision_3d_msgs/include/soccer_vision_3d_msgs/soccer_vision_3d_msgs/msg
-- Up-to-date: /home/ivan/Webots_YOLOv8/install/soccer_vision_3d_msgs/include/soccer_vision_3d_msgs/soccer_vision_3d_msgs/msg/detail
-- Installing: /home/ivan/Webots_YOLOv8/install/soccer_vision_3d_msgs/include/soccer_vision_3d_msgs/soccer_vision_3d_msgs/msg/detail/obstacle_array__type_support.hpp
-- Installing: /home/ivan/Webots_YOLOv8/install/soccer_vision_3d_msgs/include/soccer_vision_3d_msgs/soccer_vision_3d_msgs/msg/detail/ball__builder.hpp
-- Installing: /home/ivan/Webots_YOLOv8/install/soccer_vision_3d_msgs/include/soccer_vision_3d_msgs/soccer_vision_3d_msgs/msg/detail/ball__struct.hpp
-- Installing: /home/ivan/Webots_YOLOv8/install/soccer_vision_3d_msgs/include/soccer_vision_3d_msgs/soccer_vision_3d_msgs/msg/detail/robot__traits.hpp
-- Installing: /home/ivan/Webots_YOLOv8/install/soccer_vision_3d_msgs/include/soccer_vision_3d_msgs/soccer_vision_3d_msgs/msg/detail/ball_array__builder.hpp
-- Installing: /home/ivan/Webots_YOLOv8/install/soccer_vision_3d_msgs/include/soccer_vision_3d_msgs/soccer_vision_3d_msgs/msg/detail/robot__struct.hpp
-- Installing: /home/ivan/Webots_YOLOv8/install/soccer_vision_3d_msgs/include/soccer_vision_3d_msgs/soccer_vision_3d_msgs/msg/detail/marking_ellipse__traits.hpp
-- Installing: /home/ivan/Webots_YOLOv8/install/soccer_vision_3d_msgs/include/soccer_vision_3d_msgs/soccer_vision_3d_msgs/msg/detail/marking_intersection__traits.hpp
-- Installing: /home/ivan/Webots_YOLOv8/install/soccer_vision_3d_msgs/include/soccer_vision_3d_msgs/soccer_vision_3d_msgs/msg/detail/ball_array__traits.hpp
-- Installing: /home/ivan/Webots_YOLOv8/install/soccer_vision_3d_msgs/include/soccer_vision_3d_msgs/soccer_vision_3d_msgs/msg/detail/robot_array__type_support.hpp
-- Installing: /home/ivan/Webots_YOLOv8/install/soccer_vision_3d_msgs/include/soccer_vision_3d_msgs/soccer_vision_3d_msgs/msg/detail/goalpost_array__type_support.hpp
-- Installing: /home/ivan/Webots_YOLOv8/install/soccer_vision_3d_msgs/include/soccer_vision_3d_msgs/soccer_vision_3d_msgs/msg/detail/marking_segment__builder.hpp
-- Installing: /home/ivan/Webots_YOLOv8/install/soccer_vision_3d_msgs/include/soccer_vision_3d_msgs/soccer_vision_3d_msgs/msg/detail/obstacle__builder.hpp
-- Installing: /home/ivan/Webots_YOLOv8/install/soccer_vision_3d_msgs/include/soccer_vision_3d_msgs/soccer_vision_3d_msgs/msg/detail/marking_intersection__builder.hpp
-- Installing: /home/ivan/Webots_YOLOv8/install/soccer_vision_3d_msgs/include/soccer_vision_3d_msgs/soccer_vision_3d_msgs/msg/detail/obstacle__type_support.hpp
-- Installing: /home/ivan/Webots_YOLOv8/install/soccer_vision_3d_msgs/include/soccer_vision_3d_msgs/soccer_vision_3d_msgs/msg/detail/goalpost__builder.hpp
-- Installing: /home/ivan/Webots_YOLOv8/install/soccer_vision_3d_msgs/include/soccer_vision_3d_msgs/soccer_vision_3d_msgs/msg/detail/field_boundary__builder.hpp
-- Installing: /home/ivan/Webots_YOLOv8/install/soccer_vision_3d_msgs/include/soccer_vision_3d_msgs/soccer_vision_3d_msgs/msg/detail/marking_array__builder.hpp
-- Installing: /home/ivan/Webots_YOLOv8/install/soccer_vision_3d_msgs/include/soccer_vision_3d_msgs/soccer_vision_3d_msgs/msg/detail/marking_ellipse__type_support.hpp
-- Installing: /home/ivan/Webots_YOLOv8/install/soccer_vision_3d_msgs/include/soccer_vision_3d_msgs/soccer_vision_3d_msgs/msg/detail/field_boundary__type_support.hpp
-- Installing: /home/ivan/Webots_YOLOv8/install/soccer_vision_3d_msgs/include/soccer_vision_3d_msgs/soccer_vision_3d_msgs/msg/detail/goalpost_array__struct.hpp
-- Installing: /home/ivan/Webots_YOLOv8/install/soccer_vision_3d_msgs/include/soccer_vision_3d_msgs/soccer_vision_3d_msgs/msg/detail/robot_array__traits.hpp
-- Installing: /home/ivan/Webots_YOLOv8/install/soccer_vision_3d_msgs/include/soccer_vision_3d_msgs/soccer_vision_3d_msgs/msg/detail/obstacle_array__builder.hpp
-- Installing: /home/ivan/Webots_YOLOv8/install/soccer_vision_3d_msgs/include/soccer_vision_3d_msgs/soccer_vision_3d_msgs/msg/detail/ball_array__type_support.hpp
-- Installing: /home/ivan/Webots_YOLOv8/install/soccer_vision_3d_msgs/include/soccer_vision_3d_msgs/soccer_vision_3d_msgs/msg/detail/marking_array__struct.hpp
-- Installing: /home/ivan/Webots_YOLOv8/install/soccer_vision_3d_msgs/include/soccer_vision_3d_msgs/soccer_vision_3d_msgs/msg/detail/field_boundary__traits.hpp
-- Installing: /home/ivan/Webots_YOLOv8/install/soccer_vision_3d_msgs/include/soccer_vision_3d_msgs/soccer_vision_3d_msgs/msg/detail/goalpost__type_support.hpp
-- Installing: /home/ivan/Webots_YOLOv8/install/soccer_vision_3d_msgs/include/soccer_vision_3d_msgs/soccer_vision_3d_msgs/msg/detail/marking_segment__struct.hpp
-- Installing: /home/ivan/Webots_YOLOv8/install/soccer_vision_3d_msgs/include/soccer_vision_3d_msgs/soccer_vision_3d_msgs/msg/detail/marking_intersection__struct.hpp
-- Installing: /home/ivan/Webots_YOLOv8/install/soccer_vision_3d_msgs/include/soccer_vision_3d_msgs/soccer_vision_3d_msgs/msg/detail/ball_array__struct.hpp
-- Installing: /home/ivan/Webots_YOLOv8/install/soccer_vision_3d_msgs/include/soccer_vision_3d_msgs/soccer_vision_3d_msgs/msg/detail/marking_array__type_support.hpp
-- Installing: /home/ivan/Webots_YOLOv8/install/soccer_vision_3d_msgs/include/soccer_vision_3d_msgs/soccer_vision_3d_msgs/msg/detail/marking_intersection__type_support.hpp
-- Installing: /home/ivan/Webots_YOLOv8/install/soccer_vision_3d_msgs/include/soccer_vision_3d_msgs/soccer_vision_3d_msgs/msg/detail/obstacle_array__traits.hpp
-- Installing: /home/ivan/Webots_YOLOv8/install/soccer_vision_3d_msgs/include/soccer_vision_3d_msgs/soccer_vision_3d_msgs/msg/detail/goalpost__traits.hpp
-- Installing: /home/ivan/Webots_YOLOv8/install/soccer_vision_3d_msgs/include/soccer_vision_3d_msgs/soccer_vision_3d_msgs/msg/detail/ball__type_support.hpp
-- Installing: /home/ivan/Webots_YOLOv8/install/soccer_vision_3d_msgs/include/soccer_vision_3d_msgs/soccer_vision_3d_msgs/msg/detail/goalpost_array__traits.hpp
-- Installing: /home/ivan/Webots_YOLOv8/install/soccer_vision_3d_msgs/include/soccer_vision_3d_msgs/soccer_vision_3d_msgs/msg/detail/robot_array__builder.hpp
-- Installing: /home/ivan/Webots_YOLOv8/install/soccer_vision_3d_msgs/include/soccer_vision_3d_msgs/soccer_vision_3d_msgs/msg/detail/field_boundary__struct.hpp
-- Installing: /home/ivan/Webots_YOLOv8/install/soccer_vision_3d_msgs/include/soccer_vision_3d_msgs/soccer_vision_3d_msgs/msg/detail/obstacle__traits.hpp
-- Installing: /home/ivan/Webots_YOLOv8/install/soccer_vision_3d_msgs/include/soccer_vision_3d_msgs/soccer_vision_3d_msgs/msg/detail/goalpost__struct.hpp
-- Installing: /home/ivan/Webots_YOLOv8/install/soccer_vision_3d_msgs/include/soccer_vision_3d_msgs/soccer_vision_3d_msgs/msg/detail/robot_array__struct.hpp
-- Installing: /home/ivan/Webots_YOLOv8/install/soccer_vision_3d_msgs/include/soccer_vision_3d_msgs/soccer_vision_3d_msgs/msg/detail/obstacle__struct.hpp
-- Installing: /home/ivan/Webots_YOLOv8/install/soccer_vision_3d_msgs/include/soccer_vision_3d_msgs/soccer_vision_3d_msgs/msg/detail/marking_ellipse__builder.hpp
-- Installing: /home/ivan/Webots_YOLOv8/install/soccer_vision_3d_msgs/include/soccer_vision_3d_msgs/soccer_vision_3d_msgs/msg/detail/marking_ellipse__struct.hpp
-- Installing: /home/ivan/Webots_YOLOv8/install/soccer_vision_3d_msgs/include/soccer_vision_3d_msgs/soccer_vision_3d_msgs/msg/detail/obstacle_array__struct.hpp
-- Installing: /home/ivan/Webots_YOLOv8/install/soccer_vision_3d_msgs/include/soccer_vision_3d_msgs/soccer_vision_3d_msgs/msg/detail/ball__traits.hpp
-- Installing: /home/ivan/Webots_YOLOv8/install/soccer_vision_3d_msgs/include/soccer_vision_3d_msgs/soccer_vision_3d_msgs/msg/detail/marking_array__traits.hpp
-- Installing: /home/ivan/Webots_YOLOv8/install/soccer_vision_3d_msgs/include/soccer_vision_3d_msgs/soccer_vision_3d_msgs/msg/detail/marking_segment__traits.hpp
-- Installing: /home/ivan/Webots_YOLOv8/install/soccer_vision_3d_msgs/include/soccer_vision_3d_msgs/soccer_vision_3d_msgs/msg/detail/robot__builder.hpp
-- Installing: /home/ivan/Webots_YOLOv8/install/soccer_vision_3d_msgs/include/soccer_vision_3d_msgs/soccer_vision_3d_msgs/msg/detail/robot__type_support.hpp
-- Installing: /home/ivan/Webots_YOLOv8/install/soccer_vision_3d_msgs/include/soccer_vision_3d_msgs/soccer_vision_3d_msgs/msg/detail/marking_segment__type_support.hpp
-- Installing: /home/ivan/Webots_YOLOv8/install/soccer_vision_3d_msgs/include/soccer_vision_3d_msgs/soccer_vision_3d_msgs/msg/detail/goalpost_array__builder.hpp
-- Installing: /home/ivan/Webots_YOLOv8/install/soccer_vision_3d_msgs/include/soccer_vision_3d_msgs/soccer_vision_3d_msgs/msg/ball_array.hpp
-- Installing: /home/ivan/Webots_YOLOv8/install/soccer_vision_3d_msgs/include/soccer_vision_3d_msgs/soccer_vision_3d_msgs/msg/goalpost_array.hpp
-- Installing: /home/ivan/Webots_YOLOv8/install/soccer_vision_3d_msgs/include/soccer_vision_3d_msgs/soccer_vision_3d_msgs/msg/ball.hpp
-- Up-to-date: /home/ivan/Webots_YOLOv8/install/soccer_vision_3d_msgs/include/soccer_vision_3d_msgs/soccer_vision_3d_msgs/msg/rosidl_generator_cpp__visibility_control.hpp
-- Installing: /home/ivan/Webots_YOLOv8/install/soccer_vision_3d_msgs/include/soccer_vision_3d_msgs/soccer_vision_3d_msgs/msg/marking_ellipse.hpp
-- Installing: /home/ivan/Webots_YOLOv8/install/soccer_vision_3d_msgs/include/soccer_vision_3d_msgs/soccer_vision_3d_msgs/msg/robot.hpp
-- Installing: /home/ivan/Webots_YOLOv8/install/soccer_vision_3d_msgs/include/soccer_vision_3d_msgs/soccer_vision_3d_msgs/msg/obstacle_array.hpp
-- Installing: /home/ivan/Webots_YOLOv8/install/soccer_vision_3d_msgs/include/soccer_vision_3d_msgs/soccer_vision_3d_msgs/msg/marking_array.hpp
-- Installing: /home/ivan/Webots_YOLOv8/install/soccer_vision_3d_msgs/include/soccer_vision_3d_msgs/soccer_vision_3d_msgs/msg/marking_segment.hpp
-- Installing: /home/ivan/Webots_YOLOv8/install/soccer_vision_3d_msgs/include/soccer_vision_3d_msgs/soccer_vision_3d_msgs/msg/goalpost.hpp
-- Installing: /home/ivan/Webots_YOLOv8/install/soccer_vision_3d_msgs/include/soccer_vision_3d_msgs/soccer_vision_3d_msgs/msg/obstacle.hpp
-- Installing: /home/ivan/Webots_YOLOv8/install/soccer_vision_3d_msgs/include/soccer_vision_3d_msgs/soccer_vision_3d_msgs/msg/marking_intersection.hpp
-- Installing: /home/ivan/Webots_YOLOv8/install/soccer_vision_3d_msgs/include/soccer_vision_3d_msgs/soccer_vision_3d_msgs/msg/robot_array.hpp
-- Installing: /home/ivan/Webots_YOLOv8/install/soccer_vision_3d_msgs/include/soccer_vision_3d_msgs/soccer_vision_3d_msgs/msg/field_boundary.hpp
-- Up-to-date: /home/ivan/Webots_YOLOv8/install/soccer_vision_3d_msgs/include/soccer_vision_3d_msgs/soccer_vision_3d_msgs
-- Up-to-date: /home/ivan/Webots_YOLOv8/install/soccer_vision_3d_msgs/include/soccer_vision_3d_msgs/soccer_vision_3d_msgs/msg
-- Up-to-date: /home/ivan/Webots_YOLOv8/install/soccer_vision_3d_msgs/include/soccer_vision_3d_msgs/soccer_vision_3d_msgs/msg/detail
-- Installing: /home/ivan/Webots_YOLOv8/install/soccer_vision_3d_msgs/include/soccer_vision_3d_msgs/soccer_vision_3d_msgs/msg/detail/robot_array__rosidl_typesupport_fastrtps_cpp.hpp
-- Installing: /home/ivan/Webots_YOLOv8/install/soccer_vision_3d_msgs/include/soccer_vision_3d_msgs/soccer_vision_3d_msgs/msg/detail/obstacle_array__rosidl_typesupport_fastrtps_cpp.hpp
-- Installing: /home/ivan/Webots_YOLOv8/install/soccer_vision_3d_msgs/include/soccer_vision_3d_msgs/soccer_vision_3d_msgs/msg/detail/dds_fastrtps
-- Installing: /home/ivan/Webots_YOLOv8/install/soccer_vision_3d_msgs/include/soccer_vision_3d_msgs/soccer_vision_3d_msgs/msg/detail/marking_ellipse__rosidl_typesupport_fastrtps_cpp.hpp
-- Installing: /home/ivan/Webots_YOLOv8/install/soccer_vision_3d_msgs/include/soccer_vision_3d_msgs/soccer_vision_3d_msgs/msg/detail/obstacle__rosidl_typesupport_fastrtps_cpp.hpp
-- Installing: /home/ivan/Webots_YOLOv8/install/soccer_vision_3d_msgs/include/soccer_vision_3d_msgs/soccer_vision_3d_msgs/msg/detail/robot__rosidl_typesupport_fastrtps_cpp.hpp
-- Installing: /home/ivan/Webots_YOLOv8/install/soccer_vision_3d_msgs/include/soccer_vision_3d_msgs/soccer_vision_3d_msgs/msg/detail/marking_array__rosidl_typesupport_fastrtps_cpp.hpp
-- Installing: /home/ivan/Webots_YOLOv8/install/soccer_vision_3d_msgs/include/soccer_vision_3d_msgs/soccer_vision_3d_msgs/msg/detail/ball__rosidl_typesupport_fastrtps_cpp.hpp
-- Installing: /home/ivan/Webots_YOLOv8/install/soccer_vision_3d_msgs/include/soccer_vision_3d_msgs/soccer_vision_3d_msgs/msg/detail/field_boundary__rosidl_typesupport_fastrtps_cpp.hpp
-- Installing: /home/ivan/Webots_YOLOv8/install/soccer_vision_3d_msgs/include/soccer_vision_3d_msgs/soccer_vision_3d_msgs/msg/detail/goalpost__rosidl_typesupport_fastrtps_cpp.hpp
-- Installing: /home/ivan/Webots_YOLOv8/install/soccer_vision_3d_msgs/include/soccer_vision_3d_msgs/soccer_vision_3d_msgs/msg/detail/marking_segment__rosidl_typesupport_fastrtps_cpp.hpp
-- Installing: /home/ivan/Webots_YOLOv8/install/soccer_vision_3d_msgs/include/soccer_vision_3d_msgs/soccer_vision_3d_msgs/msg/detail/goalpost_array__rosidl_typesupport_fastrtps_cpp.hpp
-- Installing: /home/ivan/Webots_YOLOv8/install/soccer_vision_3d_msgs/include/soccer_vision_3d_msgs/soccer_vision_3d_msgs/msg/detail/ball_array__rosidl_typesupport_fastrtps_cpp.hpp
-- Installing: /home/ivan/Webots_YOLOv8/install/soccer_vision_3d_msgs/include/soccer_vision_3d_msgs/soccer_vision_3d_msgs/msg/detail/marking_intersection__rosidl_typesupport_fastrtps_cpp.hpp
-- Up-to-date: /home/ivan/Webots_YOLOv8/install/soccer_vision_3d_msgs/include/soccer_vision_3d_msgs/soccer_vision_3d_msgs/msg/rosidl_typesupport_fastrtps_cpp__visibility_control.h
-- Installing: /home/ivan/Webots_YOLOv8/install/soccer_vision_3d_msgs/lib/libsoccer_vision_3d_msgs__rosidl_typesupport_fastrtps_cpp.so
-- Set runtime path of "/home/ivan/Webots_YOLOv8/install/soccer_vision_3d_msgs/lib/libsoccer_vision_3d_msgs__rosidl_typesupport_fastrtps_cpp.so" to ""
-- Up-to-date: /home/ivan/Webots_YOLOv8/install/soccer_vision_3d_msgs/include/soccer_vision_3d_msgs/soccer_vision_3d_msgs
-- Up-to-date: /home/ivan/Webots_YOLOv8/install/soccer_vision_3d_msgs/include/soccer_vision_3d_msgs/soccer_vision_3d_msgs/msg
-- Up-to-date: /home/ivan/Webots_YOLOv8/install/soccer_vision_3d_msgs/include/soccer_vision_3d_msgs/soccer_vision_3d_msgs/msg/detail
-- Installing: /home/ivan/Webots_YOLOv8/install/soccer_vision_3d_msgs/include/soccer_vision_3d_msgs/soccer_vision_3d_msgs/msg/detail/marking_ellipse__type_support.cpp
-- Installing: /home/ivan/Webots_YOLOv8/install/soccer_vision_3d_msgs/include/soccer_vision_3d_msgs/soccer_vision_3d_msgs/msg/detail/robot_array__type_support.cpp
-- Installing: /home/ivan/Webots_YOLOv8/install/soccer_vision_3d_msgs/include/soccer_vision_3d_msgs/soccer_vision_3d_msgs/msg/detail/goalpost_array__type_support.cpp
-- Installing: /home/ivan/Webots_YOLOv8/install/soccer_vision_3d_msgs/include/soccer_vision_3d_msgs/soccer_vision_3d_msgs/msg/detail/ball_array__type_support.cpp
-- Installing: /home/ivan/Webots_YOLOv8/install/soccer_vision_3d_msgs/include/soccer_vision_3d_msgs/soccer_vision_3d_msgs/msg/detail/marking_segment__type_support.cpp
-- Installing: /home/ivan/Webots_YOLOv8/install/soccer_vision_3d_msgs/include/soccer_vision_3d_msgs/soccer_vision_3d_msgs/msg/detail/robot__rosidl_typesupport_introspection_cpp.hpp
-- Installing: /home/ivan/Webots_YOLOv8/install/soccer_vision_3d_msgs/include/soccer_vision_3d_msgs/soccer_vision_3d_msgs/msg/detail/field_boundary__rosidl_typesupport_introspection_cpp.hpp
-- Installing: /home/ivan/Webots_YOLOv8/install/soccer_vision_3d_msgs/include/soccer_vision_3d_msgs/soccer_vision_3d_msgs/msg/detail/ball__rosidl_typesupport_introspection_cpp.hpp
-- Installing: /home/ivan/Webots_YOLOv8/install/soccer_vision_3d_msgs/include/soccer_vision_3d_msgs/soccer_vision_3d_msgs/msg/detail/ball_array__rosidl_typesupport_introspection_cpp.hpp
-- Installing: /home/ivan/Webots_YOLOv8/install/soccer_vision_3d_msgs/include/soccer_vision_3d_msgs/soccer_vision_3d_msgs/msg/detail/obstacle__rosidl_typesupport_introspection_cpp.hpp
-- Installing: /home/ivan/Webots_YOLOv8/install/soccer_vision_3d_msgs/include/soccer_vision_3d_msgs/soccer_vision_3d_msgs/msg/detail/obstacle__type_support.cpp
-- Installing: /home/ivan/Webots_YOLOv8/install/soccer_vision_3d_msgs/include/soccer_vision_3d_msgs/soccer_vision_3d_msgs/msg/detail/robot_array__rosidl_typesupport_introspection_cpp.hpp
-- Installing: /home/ivan/Webots_YOLOv8/install/soccer_vision_3d_msgs/include/soccer_vision_3d_msgs/soccer_vision_3d_msgs/msg/detail/obstacle_array__type_support.cpp
-- Installing: /home/ivan/Webots_YOLOv8/install/soccer_vision_3d_msgs/include/soccer_vision_3d_msgs/soccer_vision_3d_msgs/msg/detail/marking_segment__rosidl_typesupport_introspection_cpp.hpp
-- Installing: /home/ivan/Webots_YOLOv8/install/soccer_vision_3d_msgs/include/soccer_vision_3d_msgs/soccer_vision_3d_msgs/msg/detail/goalpost__rosidl_typesupport_introspection_cpp.hpp
-- Installing: /home/ivan/Webots_YOLOv8/install/soccer_vision_3d_msgs/include/soccer_vision_3d_msgs/soccer_vision_3d_msgs/msg/detail/marking_intersection__rosidl_typesupport_introspection_cpp.hpp
-- Installing: /home/ivan/Webots_YOLOv8/install/soccer_vision_3d_msgs/include/soccer_vision_3d_msgs/soccer_vision_3d_msgs/msg/detail/marking_array__type_support.cpp
-- Installing: /home/ivan/Webots_YOLOv8/install/soccer_vision_3d_msgs/include/soccer_vision_3d_msgs/soccer_vision_3d_msgs/msg/detail/marking_ellipse__rosidl_typesupport_introspection_cpp.hpp
-- Installing: /home/ivan/Webots_YOLOv8/install/soccer_vision_3d_msgs/include/soccer_vision_3d_msgs/soccer_vision_3d_msgs/msg/detail/goalpost_array__rosidl_typesupport_introspection_cpp.hpp
-- Installing: /home/ivan/Webots_YOLOv8/install/soccer_vision_3d_msgs/include/soccer_vision_3d_msgs/soccer_vision_3d_msgs/msg/detail/field_boundary__type_support.cpp
-- Installing: /home/ivan/Webots_YOLOv8/install/soccer_vision_3d_msgs/include/soccer_vision_3d_msgs/soccer_vision_3d_msgs/msg/detail/ball__type_support.cpp
-- Installing: /home/ivan/Webots_YOLOv8/install/soccer_vision_3d_msgs/include/soccer_vision_3d_msgs/soccer_vision_3d_msgs/msg/detail/goalpost__type_support.cpp
-- Installing: /home/ivan/Webots_YOLOv8/install/soccer_vision_3d_msgs/include/soccer_vision_3d_msgs/soccer_vision_3d_msgs/msg/detail/obstacle_array__rosidl_typesupport_introspection_cpp.hpp
-- Installing: /home/ivan/Webots_YOLOv8/install/soccer_vision_3d_msgs/include/soccer_vision_3d_msgs/soccer_vision_3d_msgs/msg/detail/marking_intersection__type_support.cpp
-- Installing: /home/ivan/Webots_YOLOv8/install/soccer_vision_3d_msgs/include/soccer_vision_3d_msgs/soccer_vision_3d_msgs/msg/detail/marking_array__rosidl_typesupport_introspection_cpp.hpp
-- Installing: /home/ivan/Webots_YOLOv8/install/soccer_vision_3d_msgs/include/soccer_vision_3d_msgs/soccer_vision_3d_msgs/msg/detail/robot__type_support.cpp
-- Installing: /home/ivan/Webots_YOLOv8/install/soccer_vision_3d_msgs/lib/libsoccer_vision_3d_msgs__rosidl_typesupport_introspection_cpp.so
-- Set runtime path of "/home/ivan/Webots_YOLOv8/install/soccer_vision_3d_msgs/lib/libsoccer_vision_3d_msgs__rosidl_typesupport_introspection_cpp.so" to ""
-- Installing: /home/ivan/Webots_YOLOv8/install/soccer_vision_3d_msgs/lib/libsoccer_vision_3d_msgs__rosidl_typesupport_cpp.so
-- Set runtime path of "/home/ivan/Webots_YOLOv8/install/soccer_vision_3d_msgs/lib/libsoccer_vision_3d_msgs__rosidl_typesupport_cpp.so" to ""
-- Up-to-date: /home/ivan/Webots_YOLOv8/install/soccer_vision_3d_msgs/share/soccer_vision_3d_msgs/environment/pythonpath.sh
-- Installing: /home/ivan/Webots_YOLOv8/install/soccer_vision_3d_msgs/share/soccer_vision_3d_msgs/environment/pythonpath.dsv
-- Up-to-date: /home/ivan/Webots_YOLOv8/install/soccer_vision_3d_msgs/local/lib/python3.10/dist-packages/soccer_vision_3d_msgs-1.0.0-py3.10.egg-info
-- Installing: /home/ivan/Webots_YOLOv8/install/soccer_vision_3d_msgs/local/lib/python3.10/dist-packages/soccer_vision_3d_msgs-1.0.0-py3.10.egg-info/top_level.txt
-- Installing: /home/ivan/Webots_YOLOv8/install/soccer_vision_3d_msgs/local/lib/python3.10/dist-packages/soccer_vision_3d_msgs-1.0.0-py3.10.egg-info/dependency_links.txt
-- Installing: /home/ivan/Webots_YOLOv8/install/soccer_vision_3d_msgs/local/lib/python3.10/dist-packages/soccer_vision_3d_msgs-1.0.0-py3.10.egg-info/SOURCES.txt
-- Installing: /home/ivan/Webots_YOLOv8/install/soccer_vision_3d_msgs/local/lib/python3.10/dist-packages/soccer_vision_3d_msgs-1.0.0-py3.10.egg-info/PKG-INFO
-- Up-to-date: /home/ivan/Webots_YOLOv8/install/soccer_vision_3d_msgs/local/lib/python3.10/dist-packages/soccer_vision_3d_msgs
-- Installing: /home/ivan/Webots_YOLOv8/install/soccer_vision_3d_msgs/local/lib/python3.10/dist-packages/soccer_vision_3d_msgs/soccer_vision_3d_msgs_s__rosidl_typesupport_c.cpython-310-x86_64-linux-gnu.so
-- Installing: /home/ivan/Webots_YOLOv8/install/soccer_vision_3d_msgs/local/lib/python3.10/dist-packages/soccer_vision_3d_msgs/_soccer_vision_3d_msgs_s.ep.rosidl_typesupport_fastrtps_c.c
-- Up-to-date: /home/ivan/Webots_YOLOv8/install/soccer_vision_3d_msgs/local/lib/python3.10/dist-packages/soccer_vision_3d_msgs/msg
-- Installing: /home/ivan/Webots_YOLOv8/install/soccer_vision_3d_msgs/local/lib/python3.10/dist-packages/soccer_vision_3d_msgs/msg/_ball_array.py
-- Installing: /home/ivan/Webots_YOLOv8/install/soccer_vision_3d_msgs/local/lib/python3.10/dist-packages/soccer_vision_3d_msgs/msg/_marking_segment.py
-- Installing: /home/ivan/Webots_YOLOv8/install/soccer_vision_3d_msgs/local/lib/python3.10/dist-packages/soccer_vision_3d_msgs/msg/_goalpost.py
-- Installing: /home/ivan/Webots_YOLOv8/install/soccer_vision_3d_msgs/local/lib/python3.10/dist-packages/soccer_vision_3d_msgs/msg/_obstacle_s.c
-- Installing: /home/ivan/Webots_YOLOv8/install/soccer_vision_3d_msgs/local/lib/python3.10/dist-packages/soccer_vision_3d_msgs/msg/_robot_s.c
-- Installing: /home/ivan/Webots_YOLOv8/install/soccer_vision_3d_msgs/local/lib/python3.10/dist-packages/soccer_vision_3d_msgs/msg/_robot_array.py
-- Installing: /home/ivan/Webots_YOLOv8/install/soccer_vision_3d_msgs/local/lib/python3.10/dist-packages/soccer_vision_3d_msgs/msg/_marking_array_s.c
-- Installing: /home/ivan/Webots_YOLOv8/install/soccer_vision_3d_msgs/local/lib/python3.10/dist-packages/soccer_vision_3d_msgs/msg/_marking_array.py
-- Installing: /home/ivan/Webots_YOLOv8/install/soccer_vision_3d_msgs/local/lib/python3.10/dist-packages/soccer_vision_3d_msgs/msg/_marking_intersection.py
-- Installing: /home/ivan/Webots_YOLOv8/install/soccer_vision_3d_msgs/local/lib/python3.10/dist-packages/soccer_vision_3d_msgs/msg/_goalpost_array.py
-- Installing: /home/ivan/Webots_YOLOv8/install/soccer_vision_3d_msgs/local/lib/python3.10/dist-packages/soccer_vision_3d_msgs/msg/_ball_array_s.c
-- Installing: /home/ivan/Webots_YOLOv8/install/soccer_vision_3d_msgs/local/lib/python3.10/dist-packages/soccer_vision_3d_msgs/msg/_obstacle_array.py
-- Installing: /home/ivan/Webots_YOLOv8/install/soccer_vision_3d_msgs/local/lib/python3.10/dist-packages/soccer_vision_3d_msgs/msg/__init__.py
-- Installing: /home/ivan/Webots_YOLOv8/install/soccer_vision_3d_msgs/local/lib/python3.10/dist-packages/soccer_vision_3d_msgs/msg/_goalpost_array_s.c
-- Installing: /home/ivan/Webots_YOLOv8/install/soccer_vision_3d_msgs/local/lib/python3.10/dist-packages/soccer_vision_3d_msgs/msg/_ball_s.c
-- Installing: /home/ivan/Webots_YOLOv8/install/soccer_vision_3d_msgs/local/lib/python3.10/dist-packages/soccer_vision_3d_msgs/msg/_marking_intersection_s.c
-- Installing: /home/ivan/Webots_YOLOv8/install/soccer_vision_3d_msgs/local/lib/python3.10/dist-packages/soccer_vision_3d_msgs/msg/_obstacle_array_s.c
-- Installing: /home/ivan/Webots_YOLOv8/install/soccer_vision_3d_msgs/local/lib/python3.10/dist-packages/soccer_vision_3d_msgs/msg/_field_boundary_s.c
-- Installing: /home/ivan/Webots_YOLOv8/install/soccer_vision_3d_msgs/local/lib/python3.10/dist-packages/soccer_vision_3d_msgs/msg/_obstacle.py
-- Installing: /home/ivan/Webots_YOLOv8/install/soccer_vision_3d_msgs/local/lib/python3.10/dist-packages/soccer_vision_3d_msgs/msg/_marking_segment_s.c
-- Installing: /home/ivan/Webots_YOLOv8/install/soccer_vision_3d_msgs/local/lib/python3.10/dist-packages/soccer_vision_3d_msgs/msg/_marking_ellipse_s.c
-- Installing: /home/ivan/Webots_YOLOv8/install/soccer_vision_3d_msgs/local/lib/python3.10/dist-packages/soccer_vision_3d_msgs/msg/_field_boundary.py
-- Installing: /home/ivan/Webots_YOLOv8/install/soccer_vision_3d_msgs/local/lib/python3.10/dist-packages/soccer_vision_3d_msgs/msg/_robot_array_s.c
-- Installing: /home/ivan/Webots_YOLOv8/install/soccer_vision_3d_msgs/local/lib/python3.10/dist-packages/soccer_vision_3d_msgs/msg/_robot.py
-- Installing: /home/ivan/Webots_YOLOv8/install/soccer_vision_3d_msgs/local/lib/python3.10/dist-packages/soccer_vision_3d_msgs/msg/_goalpost_s.c
-- Installing: /home/ivan/Webots_YOLOv8/install/soccer_vision_3d_msgs/local/lib/python3.10/dist-packages/soccer_vision_3d_msgs/msg/_marking_ellipse.py
-- Installing: /home/ivan/Webots_YOLOv8/install/soccer_vision_3d_msgs/local/lib/python3.10/dist-packages/soccer_vision_3d_msgs/msg/_ball.py
-- Installing: /home/ivan/Webots_YOLOv8/install/soccer_vision_3d_msgs/local/lib/python3.10/dist-packages/soccer_vision_3d_msgs/_soccer_vision_3d_msgs_s.ep.rosidl_typesupport_introspection_c.c
-- Installing: /home/ivan/Webots_YOLOv8/install/soccer_vision_3d_msgs/local/lib/python3.10/dist-packages/soccer_vision_3d_msgs/__init__.py
-- Installing: /home/ivan/Webots_YOLOv8/install/soccer_vision_3d_msgs/local/lib/python3.10/dist-packages/soccer_vision_3d_msgs/soccer_vision_3d_msgs_s__rosidl_typesupport_fastrtps_c.cpython-310-x86_64-linux-gnu.so
-- Installing: /home/ivan/Webots_YOLOv8/install/soccer_vision_3d_msgs/local/lib/python3.10/dist-packages/soccer_vision_3d_msgs/_soccer_vision_3d_msgs_s.ep.rosidl_typesupport_c.c
-- Installing: /home/ivan/Webots_YOLOv8/install/soccer_vision_3d_msgs/local/lib/python3.10/dist-packages/soccer_vision_3d_msgs/soccer_vision_3d_msgs_s__rosidl_typesupport_introspection_c.cpython-310-x86_64-linux-gnu.so
-- Installing: /home/ivan/Webots_YOLOv8/install/soccer_vision_3d_msgs/local/lib/python3.10/dist-packages/soccer_vision_3d_msgs/libsoccer_vision_3d_msgs__rosidl_generator_py.so
Listing '/home/ivan/Webots_YOLOv8/install/soccer_vision_3d_msgs/local/lib/python3.10/dist-packages/soccer_vision_3d_msgs'...
Compiling '/home/ivan/Webots_YOLOv8/install/soccer_vision_3d_msgs/local/lib/python3.10/dist-packages/soccer_vision_3d_msgs/__init__.py'...
Listing '/home/ivan/Webots_YOLOv8/install/soccer_vision_3d_msgs/local/lib/python3.10/dist-packages/soccer_vision_3d_msgs/msg'...
Compiling '/home/ivan/Webots_YOLOv8/install/soccer_vision_3d_msgs/local/lib/python3.10/dist-packages/soccer_vision_3d_msgs/msg/__init__.py'...
Compiling '/home/ivan/Webots_YOLOv8/install/soccer_vision_3d_msgs/local/lib/python3.10/dist-packages/soccer_vision_3d_msgs/msg/_ball.py'...
Compiling '/home/ivan/Webots_YOLOv8/install/soccer_vision_3d_msgs/local/lib/python3.10/dist-packages/soccer_vision_3d_msgs/msg/_ball_array.py'...
Compiling '/home/ivan/Webots_YOLOv8/install/soccer_vision_3d_msgs/local/lib/python3.10/dist-packages/soccer_vision_3d_msgs/msg/_field_boundary.py'...
Compiling '/home/ivan/Webots_YOLOv8/install/soccer_vision_3d_msgs/local/lib/python3.10/dist-packages/soccer_vision_3d_msgs/msg/_goalpost.py'...
Compiling '/home/ivan/Webots_YOLOv8/install/soccer_vision_3d_msgs/local/lib/python3.10/dist-packages/soccer_vision_3d_msgs/msg/_goalpost_array.py'...
Compiling '/home/ivan/Webots_YOLOv8/install/soccer_vision_3d_msgs/local/lib/python3.10/dist-packages/soccer_vision_3d_msgs/msg/_marking_array.py'...
Compiling '/home/ivan/Webots_YOLOv8/install/soccer_vision_3d_msgs/local/lib/python3.10/dist-packages/soccer_vision_3d_msgs/msg/_marking_ellipse.py'...
Compiling '/home/ivan/Webots_YOLOv8/install/soccer_vision_3d_msgs/local/lib/python3.10/dist-packages/soccer_vision_3d_msgs/msg/_marking_intersection.py'...
Compiling '/home/ivan/Webots_YOLOv8/install/soccer_vision_3d_msgs/local/lib/python3.10/dist-packages/soccer_vision_3d_msgs/msg/_marking_segment.py'...
Compiling '/home/ivan/Webots_YOLOv8/install/soccer_vision_3d_msgs/local/lib/python3.10/dist-packages/soccer_vision_3d_msgs/msg/_obstacle.py'...
Compiling '/home/ivan/Webots_YOLOv8/install/soccer_vision_3d_msgs/local/lib/python3.10/dist-packages/soccer_vision_3d_msgs/msg/_obstacle_array.py'...
Compiling '/home/ivan/Webots_YOLOv8/install/soccer_vision_3d_msgs/local/lib/python3.10/dist-packages/soccer_vision_3d_msgs/msg/_robot.py'...
Compiling '/home/ivan/Webots_YOLOv8/install/soccer_vision_3d_msgs/local/lib/python3.10/dist-packages/soccer_vision_3d_msgs/msg/_robot_array.py'...
-- Installing: /home/ivan/Webots_YOLOv8/install/soccer_vision_3d_msgs/local/lib/python3.10/dist-packages/soccer_vision_3d_msgs/soccer_vision_3d_msgs_s__rosidl_typesupport_fastrtps_c.cpython-310-x86_64-linux-gnu.so
-- Set runtime path of "/home/ivan/Webots_YOLOv8/install/soccer_vision_3d_msgs/local/lib/python3.10/dist-packages/soccer_vision_3d_msgs/soccer_vision_3d_msgs_s__rosidl_typesupport_fastrtps_c.cpython-310-x86_64-linux-gnu.so" to ""
-- Installing: /home/ivan/Webots_YOLOv8/install/soccer_vision_3d_msgs/local/lib/python3.10/dist-packages/soccer_vision_3d_msgs/soccer_vision_3d_msgs_s__rosidl_typesupport_introspection_c.cpython-310-x86_64-linux-gnu.so
-- Set runtime path of "/home/ivan/Webots_YOLOv8/install/soccer_vision_3d_msgs/local/lib/python3.10/dist-packages/soccer_vision_3d_msgs/soccer_vision_3d_msgs_s__rosidl_typesupport_introspection_c.cpython-310-x86_64-linux-gnu.so" to ""
-- Installing: /home/ivan/Webots_YOLOv8/install/soccer_vision_3d_msgs/local/lib/python3.10/dist-packages/soccer_vision_3d_msgs/soccer_vision_3d_msgs_s__rosidl_typesupport_c.cpython-310-x86_64-linux-gnu.so
-- Set runtime path of "/home/ivan/Webots_YOLOv8/install/soccer_vision_3d_msgs/local/lib/python3.10/dist-packages/soccer_vision_3d_msgs/soccer_vision_3d_msgs_s__rosidl_typesupport_c.cpython-310-x86_64-linux-gnu.so" to ""
-- Installing: /home/ivan/Webots_YOLOv8/install/soccer_vision_3d_msgs/lib/libsoccer_vision_3d_msgs__rosidl_generator_py.so
-- Set runtime path of "/home/ivan/Webots_YOLOv8/install/soccer_vision_3d_msgs/lib/libsoccer_vision_3d_msgs__rosidl_generator_py.so" to ""
-- Up-to-date: /home/ivan/Webots_YOLOv8/install/soccer_vision_3d_msgs/share/soccer_vision_3d_msgs/msg/Ball.idl
-- Up-to-date: /home/ivan/Webots_YOLOv8/install/soccer_vision_3d_msgs/share/soccer_vision_3d_msgs/msg/BallArray.idl
-- Up-to-date: /home/ivan/Webots_YOLOv8/install/soccer_vision_3d_msgs/share/soccer_vision_3d_msgs/msg/FieldBoundary.idl
-- Up-to-date: /home/ivan/Webots_YOLOv8/install/soccer_vision_3d_msgs/share/soccer_vision_3d_msgs/msg/Goalpost.idl
-- Up-to-date: /home/ivan/Webots_YOLOv8/install/soccer_vision_3d_msgs/share/soccer_vision_3d_msgs/msg/GoalpostArray.idl
-- Up-to-date: /home/ivan/Webots_YOLOv8/install/soccer_vision_3d_msgs/share/soccer_vision_3d_msgs/msg/MarkingEllipse.idl
-- Up-to-date: /home/ivan/Webots_YOLOv8/install/soccer_vision_3d_msgs/share/soccer_vision_3d_msgs/msg/MarkingIntersection.idl
-- Up-to-date: /home/ivan/Webots_YOLOv8/install/soccer_vision_3d_msgs/share/soccer_vision_3d_msgs/msg/MarkingSegment.idl
-- Up-to-date: /home/ivan/Webots_YOLOv8/install/soccer_vision_3d_msgs/share/soccer_vision_3d_msgs/msg/MarkingArray.idl
-- Up-to-date: /home/ivan/Webots_YOLOv8/install/soccer_vision_3d_msgs/share/soccer_vision_3d_msgs/msg/Obstacle.idl
-- Up-to-date: /home/ivan/Webots_YOLOv8/install/soccer_vision_3d_msgs/share/soccer_vision_3d_msgs/msg/ObstacleArray.idl
-- Up-to-date: /home/ivan/Webots_YOLOv8/install/soccer_vision_3d_msgs/share/soccer_vision_3d_msgs/msg/Robot.idl
-- Up-to-date: /home/ivan/Webots_YOLOv8/install/soccer_vision_3d_msgs/share/soccer_vision_3d_msgs/msg/RobotArray.idl
-- Up-to-date: /home/ivan/Webots_YOLOv8/install/soccer_vision_3d_msgs/share/soccer_vision_3d_msgs/msg/Ball.msg
-- Up-to-date: /home/ivan/Webots_YOLOv8/install/soccer_vision_3d_msgs/share/soccer_vision_3d_msgs/msg/BallArray.msg
-- Up-to-date: /home/ivan/Webots_YOLOv8/install/soccer_vision_3d_msgs/share/soccer_vision_3d_msgs/msg/FieldBoundary.msg
-- Up-to-date: /home/ivan/Webots_YOLOv8/install/soccer_vision_3d_msgs/share/soccer_vision_3d_msgs/msg/Goalpost.msg
-- Up-to-date: /home/ivan/Webots_YOLOv8/install/soccer_vision_3d_msgs/share/soccer_vision_3d_msgs/msg/GoalpostArray.msg
-- Up-to-date: /home/ivan/Webots_YOLOv8/install/soccer_vision_3d_msgs/share/soccer_vision_3d_msgs/msg/MarkingEllipse.msg
-- Up-to-date: /home/ivan/Webots_YOLOv8/install/soccer_vision_3d_msgs/share/soccer_vision_3d_msgs/msg/MarkingIntersection.msg
-- Up-to-date: /home/ivan/Webots_YOLOv8/install/soccer_vision_3d_msgs/share/soccer_vision_3d_msgs/msg/MarkingSegment.msg
-- Up-to-date: /home/ivan/Webots_YOLOv8/install/soccer_vision_3d_msgs/share/soccer_vision_3d_msgs/msg/MarkingArray.msg
-- Up-to-date: /home/ivan/Webots_YOLOv8/install/soccer_vision_3d_msgs/share/soccer_vision_3d_msgs/msg/Obstacle.msg
-- Up-to-date: /home/ivan/Webots_YOLOv8/install/soccer_vision_3d_msgs/share/soccer_vision_3d_msgs/msg/ObstacleArray.msg
-- Up-to-date: /home/ivan/Webots_YOLOv8/install/soccer_vision_3d_msgs/share/soccer_vision_3d_msgs/msg/Robot.msg
-- Up-to-date: /home/ivan/Webots_YOLOv8/install/soccer_vision_3d_msgs/share/soccer_vision_3d_msgs/msg/RobotArray.msg
-- Up-to-date: /home/ivan/Webots_YOLOv8/install/soccer_vision_3d_msgs/share/ament_index/resource_index/package_run_dependencies/soccer_vision_3d_msgs
-- Installing: /home/ivan/Webots_YOLOv8/install/soccer_vision_3d_msgs/share/ament_index/resource_index/parent_prefix_path/soccer_vision_3d_msgs
-- Installing: /home/ivan/Webots_YOLOv8/install/soccer_vision_3d_msgs/share/soccer_vision_3d_msgs/environment/ament_prefix_path.sh
-- Installing: /home/ivan/Webots_YOLOv8/install/soccer_vision_3d_msgs/share/soccer_vision_3d_msgs/environment/ament_prefix_path.dsv
-- Installing: /home/ivan/Webots_YOLOv8/install/soccer_vision_3d_msgs/share/soccer_vision_3d_msgs/environment/path.sh
-- Installing: /home/ivan/Webots_YOLOv8/install/soccer_vision_3d_msgs/share/soccer_vision_3d_msgs/environment/path.dsv
-- Up-to-date: /home/ivan/Webots_YOLOv8/install/soccer_vision_3d_msgs/share/soccer_vision_3d_msgs/local_setup.bash
-- Up-to-date: /home/ivan/Webots_YOLOv8/install/soccer_vision_3d_msgs/share/soccer_vision_3d_msgs/local_setup.sh
-- Up-to-date: /home/ivan/Webots_YOLOv8/install/soccer_vision_3d_msgs/share/soccer_vision_3d_msgs/local_setup.zsh
-- Installing: /home/ivan/Webots_YOLOv8/install/soccer_vision_3d_msgs/share/soccer_vision_3d_msgs/local_setup.dsv
-- Installing: /home/ivan/Webots_YOLOv8/install/soccer_vision_3d_msgs/share/soccer_vision_3d_msgs/package.dsv
-- Up-to-date: /home/ivan/Webots_YOLOv8/install/soccer_vision_3d_msgs/share/ament_index/resource_index/packages/soccer_vision_3d_msgs
-- Up-to-date: /home/ivan/Webots_YOLOv8/install/soccer_vision_3d_msgs/share/soccer_vision_3d_msgs/cmake/export_soccer_vision_3d_msgs__rosidl_generator_cExport.cmake
-- Up-to-date: /home/ivan/Webots_YOLOv8/install/soccer_vision_3d_msgs/share/soccer_vision_3d_msgs/cmake/export_soccer_vision_3d_msgs__rosidl_generator_cExport-noconfig.cmake
-- Up-to-date: /home/ivan/Webots_YOLOv8/install/soccer_vision_3d_msgs/share/soccer_vision_3d_msgs/cmake/export_soccer_vision_3d_msgs__rosidl_typesupport_fastrtps_cExport.cmake
-- Up-to-date: /home/ivan/Webots_YOLOv8/install/soccer_vision_3d_msgs/share/soccer_vision_3d_msgs/cmake/export_soccer_vision_3d_msgs__rosidl_typesupport_fastrtps_cExport-noconfig.cmake
-- Up-to-date: /home/ivan/Webots_YOLOv8/install/soccer_vision_3d_msgs/share/soccer_vision_3d_msgs/cmake/soccer_vision_3d_msgs__rosidl_typesupport_introspection_cExport.cmake
-- Up-to-date: /home/ivan/Webots_YOLOv8/install/soccer_vision_3d_msgs/share/soccer_vision_3d_msgs/cmake/soccer_vision_3d_msgs__rosidl_typesupport_introspection_cExport-noconfig.cmake
-- Up-to-date: /home/ivan/Webots_YOLOv8/install/soccer_vision_3d_msgs/share/soccer_vision_3d_msgs/cmake/soccer_vision_3d_msgs__rosidl_typesupport_cExport.cmake
-- Up-to-date: /home/ivan/Webots_YOLOv8/install/soccer_vision_3d_msgs/share/soccer_vision_3d_msgs/cmake/soccer_vision_3d_msgs__rosidl_typesupport_cExport-noconfig.cmake
-- Up-to-date: /home/ivan/Webots_YOLOv8/install/soccer_vision_3d_msgs/share/soccer_vision_3d_msgs/cmake/export_soccer_vision_3d_msgs__rosidl_generator_cppExport.cmake
-- Up-to-date: /home/ivan/Webots_YOLOv8/install/soccer_vision_3d_msgs/share/soccer_vision_3d_msgs/cmake/export_soccer_vision_3d_msgs__rosidl_typesupport_fastrtps_cppExport.cmake
-- Up-to-date: /home/ivan/Webots_YOLOv8/install/soccer_vision_3d_msgs/share/soccer_vision_3d_msgs/cmake/export_soccer_vision_3d_msgs__rosidl_typesupport_fastrtps_cppExport-noconfig.cmake
-- Up-to-date: /home/ivan/Webots_YOLOv8/install/soccer_vision_3d_msgs/share/soccer_vision_3d_msgs/cmake/soccer_vision_3d_msgs__rosidl_typesupport_introspection_cppExport.cmake
-- Up-to-date: /home/ivan/Webots_YOLOv8/install/soccer_vision_3d_msgs/share/soccer_vision_3d_msgs/cmake/soccer_vision_3d_msgs__rosidl_typesupport_introspection_cppExport-noconfig.cmake
-- Up-to-date: /home/ivan/Webots_YOLOv8/install/soccer_vision_3d_msgs/share/soccer_vision_3d_msgs/cmake/soccer_vision_3d_msgs__rosidl_typesupport_cppExport.cmake
-- Up-to-date: /home/ivan/Webots_YOLOv8/install/soccer_vision_3d_msgs/share/soccer_vision_3d_msgs/cmake/soccer_vision_3d_msgs__rosidl_typesupport_cppExport-noconfig.cmake
-- Up-to-date: /home/ivan/Webots_YOLOv8/install/soccer_vision_3d_msgs/share/soccer_vision_3d_msgs/cmake/export_soccer_vision_3d_msgs__rosidl_generator_pyExport.cmake
-- Up-to-date: /home/ivan/Webots_YOLOv8/install/soccer_vision_3d_msgs/share/soccer_vision_3d_msgs/cmake/export_soccer_vision_3d_msgs__rosidl_generator_pyExport-noconfig.cmake
-- Up-to-date: /home/ivan/Webots_YOLOv8/install/soccer_vision_3d_msgs/share/soccer_vision_3d_msgs/cmake/rosidl_cmake-extras.cmake
-- Up-to-date: /home/ivan/Webots_YOLOv8/install/soccer_vision_3d_msgs/share/soccer_vision_3d_msgs/cmake/ament_cmake_export_dependencies-extras.cmake
-- Up-to-date: /home/ivan/Webots_YOLOv8/install/soccer_vision_3d_msgs/share/soccer_vision_3d_msgs/cmake/ament_cmake_export_include_directories-extras.cmake
-- Up-to-date: /home/ivan/Webots_YOLOv8/install/soccer_vision_3d_msgs/share/soccer_vision_3d_msgs/cmake/ament_cmake_export_libraries-extras.cmake
-- Up-to-date: /home/ivan/Webots_YOLOv8/install/soccer_vision_3d_msgs/share/soccer_vision_3d_msgs/cmake/ament_cmake_export_targets-extras.cmake
-- Up-to-date: /home/ivan/Webots_YOLOv8/install/soccer_vision_3d_msgs/share/soccer_vision_3d_msgs/cmake/rosidl_cmake_export_typesupport_targets-extras.cmake
-- Up-to-date: /home/ivan/Webots_YOLOv8/install/soccer_vision_3d_msgs/share/soccer_vision_3d_msgs/cmake/rosidl_cmake_export_typesupport_libraries-extras.cmake
-- Up-to-date: /home/ivan/Webots_YOLOv8/install/soccer_vision_3d_msgs/share/soccer_vision_3d_msgs/cmake/soccer_vision_3d_msgsConfig.cmake
-- Up-to-date: /home/ivan/Webots_YOLOv8/install/soccer_vision_3d_msgs/share/soccer_vision_3d_msgs/cmake/soccer_vision_3d_msgsConfig-version.cmake
-- Up-to-date: /home/ivan/Webots_YOLOv8/install/soccer_vision_3d_msgs/share/soccer_vision_3d_msgs/package.xml
