[0.020s] Invoking command in '/home/ivan/Webots_YOLOv8/build/soccer_vision_3d_msgs': CMAKE_PREFIX_PATH=/home/ivan/Webots_YOLOv8/install/soccer_vision_attribute_msgs:/home/ivan/Webots_YOLOv8/install/soccer_interfaces:/home/ivan/Webots_YOLOv8/install/soccer_vision_3d_msgs:/home/ivan/Webots_YOLOv8/install/soccer_vision_2d_msgs:/home/ivan/Webots_YOLOv8/install/soccer_model_msgs:/home/ivan/Webots_YOLOv8/install/soccer_geometry_msgs:/home/ivan/Webots_YOLOv8/install/ipm_interfaces:/home/ivan/Webots_YOLOv8/install/Webots_YOLOv8:/home/ivan/Webots_YOLOv8/install/soccer_ipm:/home/ivan/Webots_YOLOv8/install/my_package:/home/ivan/Webots_YOLOv8/install/ipm_service:/home/ivan/Webots_YOLOv8/install/ipm_image_node:/home/ivan/Webots_YOLOv8/install/ipm_library:/opt/ros/humble LD_LIBRARY_PATH=/home/ivan/Webots_YOLOv8/install/soccer_vision_attribute_msgs/lib:/home/ivan/Webots_YOLOv8/install/soccer_vision_3d_msgs/lib:/home/ivan/Webots_YOLOv8/install/soccer_vision_2d_msgs/lib:/home/ivan/Webots_YOLOv8/install/soccer_model_msgs/lib:/home/ivan/Webots_YOLOv8/install/soccer_geometry_msgs/lib:/home/ivan/Webots_YOLOv8/install/ipm_interfaces/lib:/opt/ros/humble/opt/rviz_ogre_vendor/lib:/opt/ros/humble/lib/x86_64-linux-gnu:/opt/ros/humble/lib /usr/bin/cmake --build /home/ivan/Webots_YOLOv8/build/soccer_vision_3d_msgs -- -j12 -l12
[0.052s] -- Found ament_cmake: 1.3.11 (/opt/ros/humble/share/ament_cmake/cmake)
[0.234s] -- Found rosidl_default_generators: 1.2.0 (/opt/ros/humble/share/rosidl_default_generators/cmake)
[0.239s] -- Using all available rosidl_typesupport_c: rosidl_typesupport_fastrtps_c;rosidl_typesupport_introspection_c
[0.243s] -- Found rosidl_adapter: 3.1.6 (/opt/ros/humble/share/rosidl_adapter/cmake)
[0.286s] -- Using all available rosidl_typesupport_cpp: rosidl_typesupport_fastrtps_cpp;rosidl_typesupport_introspection_cpp
[0.320s] -- Found vision_msgs: 4.1.1 (/opt/ros/humble/share/vision_msgs/cmake)
[0.374s] -- Found soccer_vision_attribute_msgs: 1.0.0 (/home/ivan/Webots_YOLOv8/install/soccer_vision_attribute_msgs/share/soccer_vision_attribute_msgs/cmake)
[0.833s] -- Found ament_cmake_ros: 0.10.0 (/opt/ros/humble/share/ament_cmake_ros/cmake)
[1.145s] -- Using all available rosidl_typesupport_c: rosidl_typesupport_fastrtps_c;rosidl_typesupport_introspection_c
[1.569s] -- Using all available rosidl_typesupport_cpp: rosidl_typesupport_fastrtps_cpp;rosidl_typesupport_introspection_cpp
[1.597s] -- Found python_cmake_module: 0.10.0 (/opt/ros/humble/share/python_cmake_module/cmake)
[1.628s] -- Using PYTHON_EXECUTABLE: /usr/bin/python3
[1.628s] -- Using PYTHON_INCLUDE_DIRS: /usr/include/python3.10
[1.628s] -- Using PYTHON_LIBRARIES: /usr/lib/x86_64-linux-gnu/libpython3.10.so
[1.693s] -- Found ament_lint_auto: 0.12.12 (/opt/ros/humble/share/ament_lint_auto/cmake)
[1.708s] -- Added test 'copyright' to check source files copyright and LICENSE
[1.712s] -- Added test 'lint_cmake' to check CMake code style
[1.714s] -- Added test 'xmllint' to check XML markup files
[1.719s] -- Configuring done
[1.837s] -- Generating done
[1.864s] -- Build files have been written to: /home/ivan/Webots_YOLOv8/build/soccer_vision_3d_msgs
[1.920s] [  1%] [34m[1mGenerating C code for ROS interfaces[0m
[1.945s] [  1%] [34m[1mGenerating C++ code for ROS interfaces[0m
[1.972s] [  1%] Built target ament_cmake_python_copy_soccer_vision_3d_msgs
[2.458s] running egg_info
[2.460s] writing soccer_vision_3d_msgs.egg-info/PKG-INFO
[2.462s] writing dependency_links to soccer_vision_3d_msgs.egg-info/dependency_links.txt
[2.462s] writing top-level names to soccer_vision_3d_msgs.egg-info/top_level.txt
[2.466s] reading manifest file 'soccer_vision_3d_msgs.egg-info/SOURCES.txt'
[2.468s] writing manifest file 'soccer_vision_3d_msgs.egg-info/SOURCES.txt'
[2.543s] [  1%] Built target ament_cmake_python_build_soccer_vision_3d_msgs_egg
[4.026s] [35m[1mConsolidate compiler generated dependencies of target soccer_vision_3d_msgs__rosidl_generator_c[0m
[4.103s] [  2%] [32mBuilding C object CMakeFiles/soccer_vision_3d_msgs__rosidl_generator_c.dir/rosidl_generator_c/soccer_vision_3d_msgs/msg/detail/goalpost_array__functions.c.o[0m
[4.113s] [  2%] [32mBuilding C object CMakeFiles/soccer_vision_3d_msgs__rosidl_generator_c.dir/rosidl_generator_c/soccer_vision_3d_msgs/msg/detail/ball_array__functions.c.o[0m
[4.114s] [  4%] [32mBuilding C object CMakeFiles/soccer_vision_3d_msgs__rosidl_generator_c.dir/rosidl_generator_c/soccer_vision_3d_msgs/msg/detail/goalpost__functions.c.o[0m
[4.117s] [  5%] [32mBuilding C object CMakeFiles/soccer_vision_3d_msgs__rosidl_generator_c.dir/rosidl_generator_c/soccer_vision_3d_msgs/msg/detail/field_boundary__functions.c.o[0m
[4.125s] [  3%] [32mBuilding C object CMakeFiles/soccer_vision_3d_msgs__rosidl_generator_c.dir/rosidl_generator_c/soccer_vision_3d_msgs/msg/detail/ball__functions.c.o[0m
[4.125s] [  5%] [32mBuilding C object CMakeFiles/soccer_vision_3d_msgs__rosidl_generator_c.dir/rosidl_generator_c/soccer_vision_3d_msgs/msg/detail/marking_intersection__functions.c.o[0m
[4.130s] [  6%] [32mBuilding C object CMakeFiles/soccer_vision_3d_msgs__rosidl_generator_c.dir/rosidl_generator_c/soccer_vision_3d_msgs/msg/detail/marking_array__functions.c.o[0m
[4.133s] [  7%] [32mBuilding C object CMakeFiles/soccer_vision_3d_msgs__rosidl_generator_c.dir/rosidl_generator_c/soccer_vision_3d_msgs/msg/detail/marking_segment__functions.c.o[0m
[4.141s] [  8%] [32mBuilding C object CMakeFiles/soccer_vision_3d_msgs__rosidl_generator_c.dir/rosidl_generator_c/soccer_vision_3d_msgs/msg/detail/marking_ellipse__functions.c.o[0m
[4.148s] [  9%] [32mBuilding C object CMakeFiles/soccer_vision_3d_msgs__rosidl_generator_c.dir/rosidl_generator_c/soccer_vision_3d_msgs/msg/detail/obstacle__functions.c.o[0m
[4.156s] [ 10%] [32mBuilding C object CMakeFiles/soccer_vision_3d_msgs__rosidl_generator_c.dir/rosidl_generator_c/soccer_vision_3d_msgs/msg/detail/obstacle_array__functions.c.o[0m
[4.391s] [ 10%] [32mBuilding C object CMakeFiles/soccer_vision_3d_msgs__rosidl_generator_c.dir/rosidl_generator_c/soccer_vision_3d_msgs/msg/detail/robot__functions.c.o[0m
[4.425s] [ 11%] [32mBuilding C object CMakeFiles/soccer_vision_3d_msgs__rosidl_generator_c.dir/rosidl_generator_c/soccer_vision_3d_msgs/msg/detail/robot_array__functions.c.o[0m
[4.683s] [ 12%] [32m[1mLinking C shared library libsoccer_vision_3d_msgs__rosidl_generator_c.so[0m
[4.831s] [ 12%] Built target soccer_vision_3d_msgs__cpp
[4.907s] [ 13%] [34m[1mGenerating C++ type support for eProsima Fast-RTPS[0m
[4.910s] [ 14%] [34m[1mGenerating C++ type support dispatch for ROS interfaces[0m
[4.924s] [ 14%] [34m[1mGenerating C++ introspection for ROS interfaces[0m
[5.027s] [ 14%] Built target soccer_vision_3d_msgs__rosidl_generator_c
[5.064s] [ 15%] [34m[1mGenerating C type support for eProsima Fast-RTPS[0m
[5.073s] [ 16%] [34m[1mGenerating C type support dispatch for ROS interfaces[0m
[5.078s] [ 17%] [34m[1mGenerating C introspection for ROS interfaces[0m
[7.175s] [35m[1mConsolidate compiler generated dependencies of target soccer_vision_3d_msgs__rosidl_typesupport_c[0m
[7.233s] [ 18%] [32mBuilding CXX object CMakeFiles/soccer_vision_3d_msgs__rosidl_typesupport_c.dir/rosidl_typesupport_c/soccer_vision_3d_msgs/msg/ball_array__type_support.cpp.o[0m
[7.242s] [ 19%] [32mBuilding CXX object CMakeFiles/soccer_vision_3d_msgs__rosidl_typesupport_c.dir/rosidl_typesupport_c/soccer_vision_3d_msgs/msg/goalpost__type_support.cpp.o[0m
[7.242s] [ 19%] [32mBuilding CXX object CMakeFiles/soccer_vision_3d_msgs__rosidl_typesupport_c.dir/rosidl_typesupport_c/soccer_vision_3d_msgs/msg/ball__type_support.cpp.o[0m
[7.243s] [ 20%] [32mBuilding CXX object CMakeFiles/soccer_vision_3d_msgs__rosidl_typesupport_c.dir/rosidl_typesupport_c/soccer_vision_3d_msgs/msg/field_boundary__type_support.cpp.o[0m
[7.246s] [ 21%] [32mBuilding CXX object CMakeFiles/soccer_vision_3d_msgs__rosidl_typesupport_c.dir/rosidl_typesupport_c/soccer_vision_3d_msgs/msg/goalpost_array__type_support.cpp.o[0m
[7.251s] [ 21%] [32mBuilding CXX object CMakeFiles/soccer_vision_3d_msgs__rosidl_typesupport_c.dir/rosidl_typesupport_c/soccer_vision_3d_msgs/msg/marking_ellipse__type_support.cpp.o[0m
[7.254s] [ 22%] [32mBuilding CXX object CMakeFiles/soccer_vision_3d_msgs__rosidl_typesupport_c.dir/rosidl_typesupport_c/soccer_vision_3d_msgs/msg/marking_intersection__type_support.cpp.o[0m
[7.363s] [ 22%] [32mBuilding CXX object CMakeFiles/soccer_vision_3d_msgs__rosidl_typesupport_c.dir/rosidl_typesupport_c/soccer_vision_3d_msgs/msg/obstacle_array__type_support.cpp.o[0m
[7.374s] [ 23%] [32mBuilding CXX object CMakeFiles/soccer_vision_3d_msgs__rosidl_typesupport_c.dir/rosidl_typesupport_c/soccer_vision_3d_msgs/msg/marking_array__type_support.cpp.o[0m
[7.374s] [ 24%] [32mBuilding CXX object CMakeFiles/soccer_vision_3d_msgs__rosidl_typesupport_c.dir/rosidl_typesupport_c/soccer_vision_3d_msgs/msg/marking_segment__type_support.cpp.o[0m
[7.381s] [ 25%] [32mBuilding CXX object CMakeFiles/soccer_vision_3d_msgs__rosidl_typesupport_c.dir/rosidl_typesupport_c/soccer_vision_3d_msgs/msg/robot__type_support.cpp.o[0m
[7.381s] [ 26%] [32mBuilding CXX object CMakeFiles/soccer_vision_3d_msgs__rosidl_typesupport_c.dir/rosidl_typesupport_c/soccer_vision_3d_msgs/msg/obstacle__type_support.cpp.o[0m
[7.382s] [ 27%] [32mBuilding CXX object CMakeFiles/soccer_vision_3d_msgs__rosidl_typesupport_c.dir/rosidl_typesupport_c/soccer_vision_3d_msgs/msg/robot_array__type_support.cpp.o[0m
[7.548s] [ 28%] [32m[1mLinking CXX shared library libsoccer_vision_3d_msgs__rosidl_typesupport_c.so[0m
[7.646s] [35m[1mConsolidate compiler generated dependencies of target soccer_vision_3d_msgs__rosidl_typesupport_cpp[0m
[7.699s] [ 28%] Built target soccer_vision_3d_msgs__rosidl_typesupport_c
[7.735s] [ 30%] [32mBuilding CXX object CMakeFiles/soccer_vision_3d_msgs__rosidl_typesupport_cpp.dir/rosidl_typesupport_cpp/soccer_vision_3d_msgs/msg/ball__type_support.cpp.o[0m
[7.735s] [ 30%] [32mBuilding CXX object CMakeFiles/soccer_vision_3d_msgs__rosidl_typesupport_cpp.dir/rosidl_typesupport_cpp/soccer_vision_3d_msgs/msg/ball_array__type_support.cpp.o[0m
[7.735s] [ 31%] [32mBuilding CXX object CMakeFiles/soccer_vision_3d_msgs__rosidl_typesupport_cpp.dir/rosidl_typesupport_cpp/soccer_vision_3d_msgs/msg/goalpost__type_support.cpp.o[0m
[7.735s] [ 31%] [32mBuilding CXX object CMakeFiles/soccer_vision_3d_msgs__rosidl_typesupport_cpp.dir/rosidl_typesupport_cpp/soccer_vision_3d_msgs/msg/field_boundary__type_support.cpp.o[0m
[7.753s] [ 32%] [32mBuilding CXX object CMakeFiles/soccer_vision_3d_msgs__rosidl_typesupport_cpp.dir/rosidl_typesupport_cpp/soccer_vision_3d_msgs/msg/marking_intersection__type_support.cpp.o[0m
[7.753s] [ 32%] [32mBuilding CXX object CMakeFiles/soccer_vision_3d_msgs__rosidl_typesupport_cpp.dir/rosidl_typesupport_cpp/soccer_vision_3d_msgs/msg/marking_segment__type_support.cpp.o[0m
[7.753s] [ 33%] [32mBuilding CXX object CMakeFiles/soccer_vision_3d_msgs__rosidl_typesupport_cpp.dir/rosidl_typesupport_cpp/soccer_vision_3d_msgs/msg/goalpost_array__type_support.cpp.o[0m
[7.753s] [ 34%] [32mBuilding CXX object CMakeFiles/soccer_vision_3d_msgs__rosidl_typesupport_cpp.dir/rosidl_typesupport_cpp/soccer_vision_3d_msgs/msg/marking_ellipse__type_support.cpp.o[0m
[8.728s] [ 35%] [32mBuilding CXX object CMakeFiles/soccer_vision_3d_msgs__rosidl_typesupport_cpp.dir/rosidl_typesupport_cpp/soccer_vision_3d_msgs/msg/marking_array__type_support.cpp.o[0m
[8.802s] [ 36%] [32mBuilding CXX object CMakeFiles/soccer_vision_3d_msgs__rosidl_typesupport_cpp.dir/rosidl_typesupport_cpp/soccer_vision_3d_msgs/msg/obstacle__type_support.cpp.o[0m
[8.817s] [ 37%] [32mBuilding CXX object CMakeFiles/soccer_vision_3d_msgs__rosidl_typesupport_cpp.dir/rosidl_typesupport_cpp/soccer_vision_3d_msgs/msg/obstacle_array__type_support.cpp.o[0m
[8.831s] [35m[1mConsolidate compiler generated dependencies of target soccer_vision_3d_msgs__rosidl_typesupport_introspection_c[0m
[8.859s] [35m[1mConsolidate compiler generated dependencies of target soccer_vision_3d_msgs__rosidl_typesupport_introspection_cpp[0m
[8.874s] [35m[1mConsolidate compiler generated dependencies of target soccer_vision_3d_msgs__rosidl_typesupport_fastrtps_cpp[0m
[8.919s] [ 38%] [32mBuilding C object CMakeFiles/soccer_vision_3d_msgs__rosidl_typesupport_introspection_c.dir/rosidl_typesupport_introspection_c/soccer_vision_3d_msgs/msg/detail/ball__type_support.c.o[0m
[8.921s] [ 39%] [32mBuilding CXX object CMakeFiles/soccer_vision_3d_msgs__rosidl_typesupport_cpp.dir/rosidl_typesupport_cpp/soccer_vision_3d_msgs/msg/robot__type_support.cpp.o[0m
[8.955s] [ 40%] [32mBuilding C object CMakeFiles/soccer_vision_3d_msgs__rosidl_typesupport_introspection_c.dir/rosidl_typesupport_introspection_c/soccer_vision_3d_msgs/msg/detail/ball_array__type_support.c.o[0m
[8.955s] [ 40%] [32mBuilding CXX object CMakeFiles/soccer_vision_3d_msgs__rosidl_typesupport_cpp.dir/rosidl_typesupport_cpp/soccer_vision_3d_msgs/msg/robot_array__type_support.cpp.o[0m
[8.963s] [ 41%] [32mBuilding CXX object CMakeFiles/soccer_vision_3d_msgs__rosidl_typesupport_fastrtps_cpp.dir/rosidl_typesupport_fastrtps_cpp/soccer_vision_3d_msgs/msg/detail/dds_fastrtps/ball__type_support.cpp.o[0m
[8.972s] [ 42%] [32mBuilding CXX object CMakeFiles/soccer_vision_3d_msgs__rosidl_typesupport_introspection_cpp.dir/rosidl_typesupport_introspection_cpp/soccer_vision_3d_msgs/msg/detail/ball__type_support.cpp.o[0m
[9.021s] [ 42%] [32mBuilding C object CMakeFiles/soccer_vision_3d_msgs__rosidl_typesupport_introspection_c.dir/rosidl_typesupport_introspection_c/soccer_vision_3d_msgs/msg/detail/field_boundary__type_support.c.o[0m
[9.071s] [ 43%] [32mBuilding C object CMakeFiles/soccer_vision_3d_msgs__rosidl_typesupport_introspection_c.dir/rosidl_typesupport_introspection_c/soccer_vision_3d_msgs/msg/detail/goalpost__type_support.c.o[0m
[9.138s] [ 44%] [32mBuilding CXX object CMakeFiles/soccer_vision_3d_msgs__rosidl_typesupport_introspection_cpp.dir/rosidl_typesupport_introspection_cpp/soccer_vision_3d_msgs/msg/detail/ball_array__type_support.cpp.o[0m
[9.138s] [ 45%] [32mBuilding CXX object CMakeFiles/soccer_vision_3d_msgs__rosidl_typesupport_fastrtps_cpp.dir/rosidl_typesupport_fastrtps_cpp/soccer_vision_3d_msgs/msg/detail/dds_fastrtps/ball_array__type_support.cpp.o[0m
[9.175s] [35m[1mConsolidate compiler generated dependencies of target soccer_vision_3d_msgs__rosidl_typesupport_fastrtps_c[0m
[9.208s] [ 46%] [32mBuilding CXX object CMakeFiles/soccer_vision_3d_msgs__rosidl_typesupport_fastrtps_cpp.dir/rosidl_typesupport_fastrtps_cpp/soccer_vision_3d_msgs/msg/detail/dds_fastrtps/field_boundary__type_support.cpp.o[0m
[9.237s] [ 47%] [32mBuilding C object CMakeFiles/soccer_vision_3d_msgs__rosidl_typesupport_introspection_c.dir/rosidl_typesupport_introspection_c/soccer_vision_3d_msgs/msg/detail/goalpost_array__type_support.c.o[0m
[9.289s] [ 48%] [32mBuilding CXX object CMakeFiles/soccer_vision_3d_msgs__rosidl_typesupport_fastrtps_c.dir/rosidl_typesupport_fastrtps_c/soccer_vision_3d_msgs/msg/detail/ball__type_support_c.cpp.o[0m
[9.484s] [ 49%] [32mBuilding C object CMakeFiles/soccer_vision_3d_msgs__rosidl_typesupport_introspection_c.dir/rosidl_typesupport_introspection_c/soccer_vision_3d_msgs/msg/detail/marking_ellipse__type_support.c.o[0m
[9.616s] [ 50%] [32mBuilding CXX object CMakeFiles/soccer_vision_3d_msgs__rosidl_typesupport_introspection_cpp.dir/rosidl_typesupport_introspection_cpp/soccer_vision_3d_msgs/msg/detail/field_boundary__type_support.cpp.o[0m
[9.664s] [ 51%] [32mBuilding C object CMakeFiles/soccer_vision_3d_msgs__rosidl_typesupport_introspection_c.dir/rosidl_typesupport_introspection_c/soccer_vision_3d_msgs/msg/detail/marking_intersection__type_support.c.o[0m
[9.811s] [ 51%] [32mBuilding CXX object CMakeFiles/soccer_vision_3d_msgs__rosidl_typesupport_fastrtps_cpp.dir/rosidl_typesupport_fastrtps_cpp/soccer_vision_3d_msgs/msg/detail/dds_fastrtps/goalpost__type_support.cpp.o[0m
[9.880s] [ 51%] [32mBuilding C object CMakeFiles/soccer_vision_3d_msgs__rosidl_typesupport_introspection_c.dir/rosidl_typesupport_introspection_c/soccer_vision_3d_msgs/msg/detail/marking_segment__type_support.c.o[0m
[9.892s] [ 52%] [32mBuilding CXX object CMakeFiles/soccer_vision_3d_msgs__rosidl_typesupport_introspection_cpp.dir/rosidl_typesupport_introspection_cpp/soccer_vision_3d_msgs/msg/detail/goalpost__type_support.cpp.o[0m
[9.902s] [ 52%] [32mBuilding CXX object CMakeFiles/soccer_vision_3d_msgs__rosidl_typesupport_fastrtps_c.dir/rosidl_typesupport_fastrtps_c/soccer_vision_3d_msgs/msg/detail/ball_array__type_support_c.cpp.o[0m
[10.049s] [ 53%] [32mBuilding C object CMakeFiles/soccer_vision_3d_msgs__rosidl_typesupport_introspection_c.dir/rosidl_typesupport_introspection_c/soccer_vision_3d_msgs/msg/detail/marking_array__type_support.c.o[0m
[10.115s] [ 54%] [32m[1mLinking CXX shared library libsoccer_vision_3d_msgs__rosidl_typesupport_cpp.so[0m
[10.273s] [ 55%] [32mBuilding C object CMakeFiles/soccer_vision_3d_msgs__rosidl_typesupport_introspection_c.dir/rosidl_typesupport_introspection_c/soccer_vision_3d_msgs/msg/detail/obstacle__type_support.c.o[0m
[10.337s] [ 55%] Built target soccer_vision_3d_msgs__rosidl_typesupport_cpp
[10.382s] [ 56%] [32mBuilding CXX object CMakeFiles/soccer_vision_3d_msgs__rosidl_typesupport_fastrtps_cpp.dir/rosidl_typesupport_fastrtps_cpp/soccer_vision_3d_msgs/msg/detail/dds_fastrtps/goalpost_array__type_support.cpp.o[0m
[10.465s] [ 57%] [32mBuilding C object CMakeFiles/soccer_vision_3d_msgs__rosidl_typesupport_introspection_c.dir/rosidl_typesupport_introspection_c/soccer_vision_3d_msgs/msg/detail/obstacle_array__type_support.c.o[0m
[10.582s] [ 58%] [32mBuilding CXX object CMakeFiles/soccer_vision_3d_msgs__rosidl_typesupport_fastrtps_cpp.dir/rosidl_typesupport_fastrtps_cpp/soccer_vision_3d_msgs/msg/detail/dds_fastrtps/marking_ellipse__type_support.cpp.o[0m
[10.629s] [ 58%] [32mBuilding CXX object CMakeFiles/soccer_vision_3d_msgs__rosidl_typesupport_introspection_cpp.dir/rosidl_typesupport_introspection_cpp/soccer_vision_3d_msgs/msg/detail/goalpost_array__type_support.cpp.o[0m
[10.635s] [ 59%] [32mBuilding C object CMakeFiles/soccer_vision_3d_msgs__rosidl_typesupport_introspection_c.dir/rosidl_typesupport_introspection_c/soccer_vision_3d_msgs/msg/detail/robot__type_support.c.o[0m
[10.765s] [ 59%] [32mBuilding C object CMakeFiles/soccer_vision_3d_msgs__rosidl_typesupport_introspection_c.dir/rosidl_typesupport_introspection_c/soccer_vision_3d_msgs/msg/detail/robot_array__type_support.c.o[0m
[10.919s] [ 60%] [32m[1mLinking C shared library libsoccer_vision_3d_msgs__rosidl_typesupport_introspection_c.so[0m
[10.995s] [ 61%] [32mBuilding CXX object CMakeFiles/soccer_vision_3d_msgs__rosidl_typesupport_fastrtps_c.dir/rosidl_typesupport_fastrtps_c/soccer_vision_3d_msgs/msg/detail/field_boundary__type_support_c.cpp.o[0m
[11.067s] [ 62%] [32mBuilding CXX object CMakeFiles/soccer_vision_3d_msgs__rosidl_typesupport_introspection_cpp.dir/rosidl_typesupport_introspection_cpp/soccer_vision_3d_msgs/msg/detail/marking_ellipse__type_support.cpp.o[0m
[11.118s] [ 62%] Built target soccer_vision_3d_msgs__rosidl_typesupport_introspection_c
[11.139s] [ 63%] [32mBuilding CXX object CMakeFiles/soccer_vision_3d_msgs__rosidl_typesupport_introspection_cpp.dir/rosidl_typesupport_introspection_cpp/soccer_vision_3d_msgs/msg/detail/marking_intersection__type_support.cpp.o[0m
[11.164s] [ 64%] [32mBuilding CXX object CMakeFiles/soccer_vision_3d_msgs__rosidl_typesupport_fastrtps_c.dir/rosidl_typesupport_fastrtps_c/soccer_vision_3d_msgs/msg/detail/goalpost__type_support_c.cpp.o[0m
[11.291s] [ 65%] [32mBuilding CXX object CMakeFiles/soccer_vision_3d_msgs__rosidl_typesupport_fastrtps_cpp.dir/rosidl_typesupport_fastrtps_cpp/soccer_vision_3d_msgs/msg/detail/dds_fastrtps/marking_intersection__type_support.cpp.o[0m
[11.333s] [ 66%] [32mBuilding CXX object CMakeFiles/soccer_vision_3d_msgs__rosidl_typesupport_introspection_cpp.dir/rosidl_typesupport_introspection_cpp/soccer_vision_3d_msgs/msg/detail/marking_segment__type_support.cpp.o[0m
[11.374s] [ 67%] [32mBuilding CXX object CMakeFiles/soccer_vision_3d_msgs__rosidl_typesupport_fastrtps_cpp.dir/rosidl_typesupport_fastrtps_cpp/soccer_vision_3d_msgs/msg/detail/dds_fastrtps/marking_segment__type_support.cpp.o[0m
[11.465s] [ 68%] [32mBuilding CXX object CMakeFiles/soccer_vision_3d_msgs__rosidl_typesupport_introspection_cpp.dir/rosidl_typesupport_introspection_cpp/soccer_vision_3d_msgs/msg/detail/marking_array__type_support.cpp.o[0m
[11.502s] [ 68%] [32mBuilding CXX object CMakeFiles/soccer_vision_3d_msgs__rosidl_typesupport_fastrtps_cpp.dir/rosidl_typesupport_fastrtps_cpp/soccer_vision_3d_msgs/msg/detail/dds_fastrtps/marking_array__type_support.cpp.o[0m
[12.005s] [ 69%] [32mBuilding CXX object CMakeFiles/soccer_vision_3d_msgs__rosidl_typesupport_fastrtps_c.dir/rosidl_typesupport_fastrtps_c/soccer_vision_3d_msgs/msg/detail/goalpost_array__type_support_c.cpp.o[0m
[12.104s] [ 70%] [32mBuilding CXX object CMakeFiles/soccer_vision_3d_msgs__rosidl_typesupport_fastrtps_cpp.dir/rosidl_typesupport_fastrtps_cpp/soccer_vision_3d_msgs/msg/detail/dds_fastrtps/obstacle__type_support.cpp.o[0m
[12.379s] [ 71%] [32mBuilding CXX object CMakeFiles/soccer_vision_3d_msgs__rosidl_typesupport_fastrtps_c.dir/rosidl_typesupport_fastrtps_c/soccer_vision_3d_msgs/msg/detail/marking_ellipse__type_support_c.cpp.o[0m
[12.568s] [ 71%] [32mBuilding CXX object CMakeFiles/soccer_vision_3d_msgs__rosidl_typesupport_introspection_cpp.dir/rosidl_typesupport_introspection_cpp/soccer_vision_3d_msgs/msg/detail/obstacle__type_support.cpp.o[0m
[12.754s] [ 72%] [32mBuilding CXX object CMakeFiles/soccer_vision_3d_msgs__rosidl_typesupport_fastrtps_cpp.dir/rosidl_typesupport_fastrtps_cpp/soccer_vision_3d_msgs/msg/detail/dds_fastrtps/obstacle_array__type_support.cpp.o[0m
[12.975s] [ 72%] [32mBuilding CXX object CMakeFiles/soccer_vision_3d_msgs__rosidl_typesupport_fastrtps_c.dir/rosidl_typesupport_fastrtps_c/soccer_vision_3d_msgs/msg/detail/marking_intersection__type_support_c.cpp.o[0m
[13.017s] [ 73%] [32mBuilding CXX object CMakeFiles/soccer_vision_3d_msgs__rosidl_typesupport_introspection_cpp.dir/rosidl_typesupport_introspection_cpp/soccer_vision_3d_msgs/msg/detail/obstacle_array__type_support.cpp.o[0m
[13.126s] [ 74%] [32mBuilding CXX object CMakeFiles/soccer_vision_3d_msgs__rosidl_typesupport_fastrtps_cpp.dir/rosidl_typesupport_fastrtps_cpp/soccer_vision_3d_msgs/msg/detail/dds_fastrtps/robot__type_support.cpp.o[0m
[13.176s] [ 75%] [32mBuilding CXX object CMakeFiles/soccer_vision_3d_msgs__rosidl_typesupport_fastrtps_cpp.dir/rosidl_typesupport_fastrtps_cpp/soccer_vision_3d_msgs/msg/detail/dds_fastrtps/robot_array__type_support.cpp.o[0m
[13.340s] [ 76%] [32mBuilding CXX object CMakeFiles/soccer_vision_3d_msgs__rosidl_typesupport_fastrtps_c.dir/rosidl_typesupport_fastrtps_c/soccer_vision_3d_msgs/msg/detail/marking_segment__type_support_c.cpp.o[0m
[13.349s] [ 77%] [32mBuilding CXX object CMakeFiles/soccer_vision_3d_msgs__rosidl_typesupport_fastrtps_c.dir/rosidl_typesupport_fastrtps_c/soccer_vision_3d_msgs/msg/detail/marking_array__type_support_c.cpp.o[0m
[13.775s] [ 78%] [32mBuilding CXX object CMakeFiles/soccer_vision_3d_msgs__rosidl_typesupport_fastrtps_c.dir/rosidl_typesupport_fastrtps_c/soccer_vision_3d_msgs/msg/detail/obstacle__type_support_c.cpp.o[0m
[13.885s] [ 79%] [32mBuilding CXX object CMakeFiles/soccer_vision_3d_msgs__rosidl_typesupport_fastrtps_c.dir/rosidl_typesupport_fastrtps_c/soccer_vision_3d_msgs/msg/detail/obstacle_array__type_support_c.cpp.o[0m
[13.996s] [ 79%] [32mBuilding CXX object CMakeFiles/soccer_vision_3d_msgs__rosidl_typesupport_fastrtps_c.dir/rosidl_typesupport_fastrtps_c/soccer_vision_3d_msgs/msg/detail/robot__type_support_c.cpp.o[0m
[14.020s] [ 80%] [32mBuilding CXX object CMakeFiles/soccer_vision_3d_msgs__rosidl_typesupport_fastrtps_c.dir/rosidl_typesupport_fastrtps_c/soccer_vision_3d_msgs/msg/detail/robot_array__type_support_c.cpp.o[0m
[14.132s] [ 81%] [32mBuilding CXX object CMakeFiles/soccer_vision_3d_msgs__rosidl_typesupport_introspection_cpp.dir/rosidl_typesupport_introspection_cpp/soccer_vision_3d_msgs/msg/detail/robot__type_support.cpp.o[0m
[14.345s] [ 82%] [32mBuilding CXX object CMakeFiles/soccer_vision_3d_msgs__rosidl_typesupport_introspection_cpp.dir/rosidl_typesupport_introspection_cpp/soccer_vision_3d_msgs/msg/detail/robot_array__type_support.cpp.o[0m
[15.095s] [ 82%] [32m[1mLinking CXX shared library libsoccer_vision_3d_msgs__rosidl_typesupport_fastrtps_cpp.so[0m
[15.309s] [ 83%] [32m[1mLinking CXX shared library libsoccer_vision_3d_msgs__rosidl_typesupport_fastrtps_c.so[0m
[15.439s] [ 83%] Built target soccer_vision_3d_msgs__rosidl_typesupport_fastrtps_cpp
[15.513s] [ 84%] [32m[1mLinking CXX shared library libsoccer_vision_3d_msgs__rosidl_typesupport_introspection_cpp.so[0m
[15.558s] [ 84%] Built target soccer_vision_3d_msgs__rosidl_typesupport_fastrtps_c
[15.678s] [ 84%] Built target soccer_vision_3d_msgs__rosidl_typesupport_introspection_cpp
[15.708s] [ 84%] Built target soccer_vision_3d_msgs
[15.742s] [ 85%] [34m[1mGenerating Python code for ROS interfaces[0m
[17.264s] [ 85%] Built target soccer_vision_3d_msgs__py
[17.283s] [35m[1mConsolidate compiler generated dependencies of target soccer_vision_3d_msgs__rosidl_generator_py[0m
[17.320s] [ 87%] [32mBuilding C object CMakeFiles/soccer_vision_3d_msgs__rosidl_generator_py.dir/rosidl_generator_py/soccer_vision_3d_msgs/msg/_field_boundary_s.c.o[0m
[17.320s] [ 87%] [32mBuilding C object CMakeFiles/soccer_vision_3d_msgs__rosidl_generator_py.dir/rosidl_generator_py/soccer_vision_3d_msgs/msg/_ball_array_s.c.o[0m
[17.320s] [ 87%] [32mBuilding C object CMakeFiles/soccer_vision_3d_msgs__rosidl_generator_py.dir/rosidl_generator_py/soccer_vision_3d_msgs/msg/_ball_s.c.o[0m
[17.320s] [ 88%] [32mBuilding C object CMakeFiles/soccer_vision_3d_msgs__rosidl_generator_py.dir/rosidl_generator_py/soccer_vision_3d_msgs/msg/_goalpost_array_s.c.o[0m
[17.321s] [ 89%] [32mBuilding C object CMakeFiles/soccer_vision_3d_msgs__rosidl_generator_py.dir/rosidl_generator_py/soccer_vision_3d_msgs/msg/_marking_intersection_s.c.o[0m
[17.321s] [ 89%] [32mBuilding C object CMakeFiles/soccer_vision_3d_msgs__rosidl_generator_py.dir/rosidl_generator_py/soccer_vision_3d_msgs/msg/_marking_ellipse_s.c.o[0m
[17.321s] [ 90%] [32mBuilding C object CMakeFiles/soccer_vision_3d_msgs__rosidl_generator_py.dir/rosidl_generator_py/soccer_vision_3d_msgs/msg/_marking_array_s.c.o[0m
[17.322s] [ 92%] [32mBuilding C object CMakeFiles/soccer_vision_3d_msgs__rosidl_generator_py.dir/rosidl_generator_py/soccer_vision_3d_msgs/msg/_obstacle_s.c.o[0m
[17.322s] [ 92%] [32mBuilding C object CMakeFiles/soccer_vision_3d_msgs__rosidl_generator_py.dir/rosidl_generator_py/soccer_vision_3d_msgs/msg/_obstacle_array_s.c.o[0m
[17.324s] [ 93%] [32mBuilding C object CMakeFiles/soccer_vision_3d_msgs__rosidl_generator_py.dir/rosidl_generator_py/soccer_vision_3d_msgs/msg/_goalpost_s.c.o[0m
[17.326s] [ 93%] [32mBuilding C object CMakeFiles/soccer_vision_3d_msgs__rosidl_generator_py.dir/rosidl_generator_py/soccer_vision_3d_msgs/msg/_robot_s.c.o[0m
[17.331s] [ 94%] [32mBuilding C object CMakeFiles/soccer_vision_3d_msgs__rosidl_generator_py.dir/rosidl_generator_py/soccer_vision_3d_msgs/msg/_marking_segment_s.c.o[0m
[17.524s] [ 95%] [32mBuilding C object CMakeFiles/soccer_vision_3d_msgs__rosidl_generator_py.dir/rosidl_generator_py/soccer_vision_3d_msgs/msg/_robot_array_s.c.o[0m
[17.693s] [ 96%] [32m[1mLinking C shared library rosidl_generator_py/soccer_vision_3d_msgs/libsoccer_vision_3d_msgs__rosidl_generator_py.so[0m
[17.842s] [ 96%] Built target soccer_vision_3d_msgs__rosidl_generator_py
[17.888s] [35m[1mConsolidate compiler generated dependencies of target soccer_vision_3d_msgs__rosidl_typesupport_fastrtps_c__pyext[0m
[17.892s] [35m[1mConsolidate compiler generated dependencies of target soccer_vision_3d_msgs__rosidl_typesupport_introspection_c__pyext[0m
[17.920s] [35m[1mConsolidate compiler generated dependencies of target soccer_vision_3d_msgs__rosidl_typesupport_c__pyext[0m
[17.935s] [ 97%] [32mBuilding C object CMakeFiles/soccer_vision_3d_msgs__rosidl_typesupport_fastrtps_c__pyext.dir/rosidl_generator_py/soccer_vision_3d_msgs/_soccer_vision_3d_msgs_s.ep.rosidl_typesupport_fastrtps_c.c.o[0m
[17.952s] [ 98%] [32mBuilding C object CMakeFiles/soccer_vision_3d_msgs__rosidl_typesupport_introspection_c__pyext.dir/rosidl_generator_py/soccer_vision_3d_msgs/_soccer_vision_3d_msgs_s.ep.rosidl_typesupport_introspection_c.c.o[0m
[17.963s] [ 99%] [32mBuilding C object CMakeFiles/soccer_vision_3d_msgs__rosidl_typesupport_c__pyext.dir/rosidl_generator_py/soccer_vision_3d_msgs/_soccer_vision_3d_msgs_s.ep.rosidl_typesupport_c.c.o[0m
[18.108s] [ 99%] [32m[1mLinking C shared library rosidl_generator_py/soccer_vision_3d_msgs/soccer_vision_3d_msgs_s__rosidl_typesupport_fastrtps_c.cpython-310-x86_64-linux-gnu.so[0m
[18.118s] [100%] [32m[1mLinking C shared library rosidl_generator_py/soccer_vision_3d_msgs/soccer_vision_3d_msgs_s__rosidl_typesupport_introspection_c.cpython-310-x86_64-linux-gnu.so[0m
[18.124s] [100%] [32m[1mLinking C shared library rosidl_generator_py/soccer_vision_3d_msgs/soccer_vision_3d_msgs_s__rosidl_typesupport_c.cpython-310-x86_64-linux-gnu.so[0m
[18.167s] [100%] Built target soccer_vision_3d_msgs__rosidl_typesupport_fastrtps_c__pyext
[18.177s] [100%] Built target soccer_vision_3d_msgs__rosidl_typesupport_introspection_c__pyext
[18.185s] [100%] Built target soccer_vision_3d_msgs__rosidl_typesupport_c__pyext
[18.206s] Invoked command in '/home/ivan/Webots_YOLOv8/build/soccer_vision_3d_msgs' returned '0': CMAKE_PREFIX_PATH=/home/ivan/Webots_YOLOv8/install/soccer_vision_attribute_msgs:/home/ivan/Webots_YOLOv8/install/soccer_interfaces:/home/ivan/Webots_YOLOv8/install/soccer_vision_3d_msgs:/home/ivan/Webots_YOLOv8/install/soccer_vision_2d_msgs:/home/ivan/Webots_YOLOv8/install/soccer_model_msgs:/home/ivan/Webots_YOLOv8/install/soccer_geometry_msgs:/home/ivan/Webots_YOLOv8/install/ipm_interfaces:/home/ivan/Webots_YOLOv8/install/Webots_YOLOv8:/home/ivan/Webots_YOLOv8/install/soccer_ipm:/home/ivan/Webots_YOLOv8/install/my_package:/home/ivan/Webots_YOLOv8/install/ipm_service:/home/ivan/Webots_YOLOv8/install/ipm_image_node:/home/ivan/Webots_YOLOv8/install/ipm_library:/opt/ros/humble LD_LIBRARY_PATH=/home/ivan/Webots_YOLOv8/install/soccer_vision_attribute_msgs/lib:/home/ivan/Webots_YOLOv8/install/soccer_vision_3d_msgs/lib:/home/ivan/Webots_YOLOv8/install/soccer_vision_2d_msgs/lib:/home/ivan/Webots_YOLOv8/install/soccer_model_msgs/lib:/home/ivan/Webots_YOLOv8/install/soccer_geometry_msgs/lib:/home/ivan/Webots_YOLOv8/install/ipm_interfaces/lib:/opt/ros/humble/opt/rviz_ogre_vendor/lib:/opt/ros/humble/lib/x86_64-linux-gnu:/opt/ros/humble/lib /usr/bin/cmake --build /home/ivan/Webots_YOLOv8/build/soccer_vision_3d_msgs -- -j12 -l12
[18.208s] Invoking command in '/home/ivan/Webots_YOLOv8/build/soccer_vision_3d_msgs': CMAKE_PREFIX_PATH=/home/ivan/Webots_YOLOv8/install/soccer_vision_attribute_msgs:/home/ivan/Webots_YOLOv8/install/soccer_interfaces:/home/ivan/Webots_YOLOv8/install/soccer_vision_3d_msgs:/home/ivan/Webots_YOLOv8/install/soccer_vision_2d_msgs:/home/ivan/Webots_YOLOv8/install/soccer_model_msgs:/home/ivan/Webots_YOLOv8/install/soccer_geometry_msgs:/home/ivan/Webots_YOLOv8/install/ipm_interfaces:/home/ivan/Webots_YOLOv8/install/Webots_YOLOv8:/home/ivan/Webots_YOLOv8/install/soccer_ipm:/home/ivan/Webots_YOLOv8/install/my_package:/home/ivan/Webots_YOLOv8/install/ipm_service:/home/ivan/Webots_YOLOv8/install/ipm_image_node:/home/ivan/Webots_YOLOv8/install/ipm_library:/opt/ros/humble LD_LIBRARY_PATH=/home/ivan/Webots_YOLOv8/install/soccer_vision_attribute_msgs/lib:/home/ivan/Webots_YOLOv8/install/soccer_vision_3d_msgs/lib:/home/ivan/Webots_YOLOv8/install/soccer_vision_2d_msgs/lib:/home/ivan/Webots_YOLOv8/install/soccer_model_msgs/lib:/home/ivan/Webots_YOLOv8/install/soccer_geometry_msgs/lib:/home/ivan/Webots_YOLOv8/install/ipm_interfaces/lib:/opt/ros/humble/opt/rviz_ogre_vendor/lib:/opt/ros/humble/lib/x86_64-linux-gnu:/opt/ros/humble/lib /usr/bin/cmake --install /home/ivan/Webots_YOLOv8/build/soccer_vision_3d_msgs
[18.218s] -- Install configuration: ""
[18.218s] -- Up-to-date: /home/ivan/Webots_YOLOv8/install/soccer_vision_3d_msgs/share/ament_index/resource_index/rosidl_interfaces/soccer_vision_3d_msgs
[18.218s] -- Up-to-date: /home/ivan/Webots_YOLOv8/install/soccer_vision_3d_msgs/include/soccer_vision_3d_msgs/soccer_vision_3d_msgs
[18.219s] -- Up-to-date: /home/ivan/Webots_YOLOv8/install/soccer_vision_3d_msgs/include/soccer_vision_3d_msgs/soccer_vision_3d_msgs/msg
[18.219s] -- Up-to-date: /home/ivan/Webots_YOLOv8/install/soccer_vision_3d_msgs/include/soccer_vision_3d_msgs/soccer_vision_3d_msgs/msg/detail
[18.219s] -- Installing: /home/ivan/Webots_YOLOv8/install/soccer_vision_3d_msgs/include/soccer_vision_3d_msgs/soccer_vision_3d_msgs/msg/detail/marking_intersection__functions.h
[18.221s] -- Installing: /home/ivan/Webots_YOLOv8/install/soccer_vision_3d_msgs/include/soccer_vision_3d_msgs/soccer_vision_3d_msgs/msg/detail/robot__functions.h
[18.222s] -- Installing: /home/ivan/Webots_YOLOv8/install/soccer_vision_3d_msgs/include/soccer_vision_3d_msgs/soccer_vision_3d_msgs/msg/detail/robot__struct.h
[18.222s] -- Installing: /home/ivan/Webots_YOLOv8/install/soccer_vision_3d_msgs/include/soccer_vision_3d_msgs/soccer_vision_3d_msgs/msg/detail/obstacle_array__functions.c
[18.222s] -- Installing: /home/ivan/Webots_YOLOv8/install/soccer_vision_3d_msgs/include/soccer_vision_3d_msgs/soccer_vision_3d_msgs/msg/detail/obstacle__struct.h
[18.223s] -- Installing: /home/ivan/Webots_YOLOv8/install/soccer_vision_3d_msgs/include/soccer_vision_3d_msgs/soccer_vision_3d_msgs/msg/detail/marking_segment__struct.h
[18.224s] -- Installing: /home/ivan/Webots_YOLOv8/install/soccer_vision_3d_msgs/include/soccer_vision_3d_msgs/soccer_vision_3d_msgs/msg/detail/field_boundary__type_support.h
[18.224s] -- Installing: /home/ivan/Webots_YOLOv8/install/soccer_vision_3d_msgs/include/soccer_vision_3d_msgs/soccer_vision_3d_msgs/msg/detail/obstacle_array__functions.h
[18.225s] -- Installing: /home/ivan/Webots_YOLOv8/install/soccer_vision_3d_msgs/include/soccer_vision_3d_msgs/soccer_vision_3d_msgs/msg/detail/marking_array__functions.h
[18.225s] -- Installing: /home/ivan/Webots_YOLOv8/install/soccer_vision_3d_msgs/include/soccer_vision_3d_msgs/soccer_vision_3d_msgs/msg/detail/robot_array__struct.h
[18.225s] -- Installing: /home/ivan/Webots_YOLOv8/install/soccer_vision_3d_msgs/include/soccer_vision_3d_msgs/soccer_vision_3d_msgs/msg/detail/obstacle_array__type_support.h
[18.225s] -- Installing: /home/ivan/Webots_YOLOv8/install/soccer_vision_3d_msgs/include/soccer_vision_3d_msgs/soccer_vision_3d_msgs/msg/detail/marking_segment__type_support.h
[18.225s] -- Installing: /home/ivan/Webots_YOLOv8/install/soccer_vision_3d_msgs/include/soccer_vision_3d_msgs/soccer_vision_3d_msgs/msg/detail/marking_array__functions.c
[18.226s] -- Installing: /home/ivan/Webots_YOLOv8/install/soccer_vision_3d_msgs/include/soccer_vision_3d_msgs/soccer_vision_3d_msgs/msg/detail/marking_segment__functions.h
[18.226s] -- Installing: /home/ivan/Webots_YOLOv8/install/soccer_vision_3d_msgs/include/soccer_vision_3d_msgs/soccer_vision_3d_msgs/msg/detail/obstacle__functions.c
[18.226s] -- Installing: /home/ivan/Webots_YOLOv8/install/soccer_vision_3d_msgs/include/soccer_vision_3d_msgs/soccer_vision_3d_msgs/msg/detail/marking_intersection__type_support.h
[18.226s] -- Installing: /home/ivan/Webots_YOLOv8/install/soccer_vision_3d_msgs/include/soccer_vision_3d_msgs/soccer_vision_3d_msgs/msg/detail/robot_array__type_support.h
[18.227s] -- Installing: /home/ivan/Webots_YOLOv8/install/soccer_vision_3d_msgs/include/soccer_vision_3d_msgs/soccer_vision_3d_msgs/msg/detail/ball__functions.h
[18.227s] -- Installing: /home/ivan/Webots_YOLOv8/install/soccer_vision_3d_msgs/include/soccer_vision_3d_msgs/soccer_vision_3d_msgs/msg/detail/obstacle_array__struct.h
[18.227s] -- Installing: /home/ivan/Webots_YOLOv8/install/soccer_vision_3d_msgs/include/soccer_vision_3d_msgs/soccer_vision_3d_msgs/msg/detail/goalpost_array__functions.h
[18.227s] -- Installing: /home/ivan/Webots_YOLOv8/install/soccer_vision_3d_msgs/include/soccer_vision_3d_msgs/soccer_vision_3d_msgs/msg/detail/marking_segment__functions.c
[18.228s] -- Installing: /home/ivan/Webots_YOLOv8/install/soccer_vision_3d_msgs/include/soccer_vision_3d_msgs/soccer_vision_3d_msgs/msg/detail/goalpost_array__type_support.h
[18.229s] -- Installing: /home/ivan/Webots_YOLOv8/install/soccer_vision_3d_msgs/include/soccer_vision_3d_msgs/soccer_vision_3d_msgs/msg/detail/robot__functions.c
[18.229s] -- Installing: /home/ivan/Webots_YOLOv8/install/soccer_vision_3d_msgs/include/soccer_vision_3d_msgs/soccer_vision_3d_msgs/msg/detail/goalpost_array__functions.c
[18.229s] -- Installing: /home/ivan/Webots_YOLOv8/install/soccer_vision_3d_msgs/include/soccer_vision_3d_msgs/soccer_vision_3d_msgs/msg/detail/robot_array__functions.h
[18.229s] -- Installing: /home/ivan/Webots_YOLOv8/install/soccer_vision_3d_msgs/include/soccer_vision_3d_msgs/soccer_vision_3d_msgs/msg/detail/obstacle__type_support.h
[18.230s] -- Installing: /home/ivan/Webots_YOLOv8/install/soccer_vision_3d_msgs/include/soccer_vision_3d_msgs/soccer_vision_3d_msgs/msg/detail/robot_array__functions.c
[18.230s] -- Installing: /home/ivan/Webots_YOLOv8/install/soccer_vision_3d_msgs/include/soccer_vision_3d_msgs/soccer_vision_3d_msgs/msg/detail/ball__struct.h
[18.230s] -- Installing: /home/ivan/Webots_YOLOv8/install/soccer_vision_3d_msgs/include/soccer_vision_3d_msgs/soccer_vision_3d_msgs/msg/detail/field_boundary__struct.h
[18.230s] -- Installing: /home/ivan/Webots_YOLOv8/install/soccer_vision_3d_msgs/include/soccer_vision_3d_msgs/soccer_vision_3d_msgs/msg/detail/marking_ellipse__functions.c
[18.231s] -- Installing: /home/ivan/Webots_YOLOv8/install/soccer_vision_3d_msgs/include/soccer_vision_3d_msgs/soccer_vision_3d_msgs/msg/detail/field_boundary__functions.c
[18.231s] -- Installing: /home/ivan/Webots_YOLOv8/install/soccer_vision_3d_msgs/include/soccer_vision_3d_msgs/soccer_vision_3d_msgs/msg/detail/marking_ellipse__struct.h
[18.231s] -- Installing: /home/ivan/Webots_YOLOv8/install/soccer_vision_3d_msgs/include/soccer_vision_3d_msgs/soccer_vision_3d_msgs/msg/detail/ball__type_support.h
[18.231s] -- Installing: /home/ivan/Webots_YOLOv8/install/soccer_vision_3d_msgs/include/soccer_vision_3d_msgs/soccer_vision_3d_msgs/msg/detail/marking_array__type_support.h
[18.231s] -- Installing: /home/ivan/Webots_YOLOv8/install/soccer_vision_3d_msgs/include/soccer_vision_3d_msgs/soccer_vision_3d_msgs/msg/detail/ball_array__functions.h
[18.232s] -- Installing: /home/ivan/Webots_YOLOv8/install/soccer_vision_3d_msgs/include/soccer_vision_3d_msgs/soccer_vision_3d_msgs/msg/detail/marking_ellipse__type_support.h
[18.232s] -- Installing: /home/ivan/Webots_YOLOv8/install/soccer_vision_3d_msgs/include/soccer_vision_3d_msgs/soccer_vision_3d_msgs/msg/detail/marking_array__struct.h
[18.232s] -- Installing: /home/ivan/Webots_YOLOv8/install/soccer_vision_3d_msgs/include/soccer_vision_3d_msgs/soccer_vision_3d_msgs/msg/detail/marking_intersection__functions.c
[18.232s] -- Installing: /home/ivan/Webots_YOLOv8/install/soccer_vision_3d_msgs/include/soccer_vision_3d_msgs/soccer_vision_3d_msgs/msg/detail/robot__type_support.h
[18.233s] -- Installing: /home/ivan/Webots_YOLOv8/install/soccer_vision_3d_msgs/include/soccer_vision_3d_msgs/soccer_vision_3d_msgs/msg/detail/goalpost__functions.h
[18.233s] -- Installing: /home/ivan/Webots_YOLOv8/install/soccer_vision_3d_msgs/include/soccer_vision_3d_msgs/soccer_vision_3d_msgs/msg/detail/goalpost__functions.c
[18.233s] -- Installing: /home/ivan/Webots_YOLOv8/install/soccer_vision_3d_msgs/include/soccer_vision_3d_msgs/soccer_vision_3d_msgs/msg/detail/ball__functions.c
[18.233s] -- Installing: /home/ivan/Webots_YOLOv8/install/soccer_vision_3d_msgs/include/soccer_vision_3d_msgs/soccer_vision_3d_msgs/msg/detail/marking_intersection__struct.h
[18.234s] -- Installing: /home/ivan/Webots_YOLOv8/install/soccer_vision_3d_msgs/include/soccer_vision_3d_msgs/soccer_vision_3d_msgs/msg/detail/goalpost__type_support.h
[18.234s] -- Installing: /home/ivan/Webots_YOLOv8/install/soccer_vision_3d_msgs/include/soccer_vision_3d_msgs/soccer_vision_3d_msgs/msg/detail/ball_array__struct.h
[18.234s] -- Installing: /home/ivan/Webots_YOLOv8/install/soccer_vision_3d_msgs/include/soccer_vision_3d_msgs/soccer_vision_3d_msgs/msg/detail/field_boundary__functions.h
[18.234s] -- Installing: /home/ivan/Webots_YOLOv8/install/soccer_vision_3d_msgs/include/soccer_vision_3d_msgs/soccer_vision_3d_msgs/msg/detail/goalpost_array__struct.h
[18.235s] -- Installing: /home/ivan/Webots_YOLOv8/install/soccer_vision_3d_msgs/include/soccer_vision_3d_msgs/soccer_vision_3d_msgs/msg/detail/marking_ellipse__functions.h
[18.235s] -- Installing: /home/ivan/Webots_YOLOv8/install/soccer_vision_3d_msgs/include/soccer_vision_3d_msgs/soccer_vision_3d_msgs/msg/detail/obstacle__functions.h
[18.235s] -- Installing: /home/ivan/Webots_YOLOv8/install/soccer_vision_3d_msgs/include/soccer_vision_3d_msgs/soccer_vision_3d_msgs/msg/detail/ball_array__type_support.h
[18.235s] -- Installing: /home/ivan/Webots_YOLOv8/install/soccer_vision_3d_msgs/include/soccer_vision_3d_msgs/soccer_vision_3d_msgs/msg/detail/goalpost__struct.h
[18.236s] -- Installing: /home/ivan/Webots_YOLOv8/install/soccer_vision_3d_msgs/include/soccer_vision_3d_msgs/soccer_vision_3d_msgs/msg/detail/ball_array__functions.c
[18.236s] -- Installing: /home/ivan/Webots_YOLOv8/install/soccer_vision_3d_msgs/include/soccer_vision_3d_msgs/soccer_vision_3d_msgs/msg/marking_ellipse.h
[18.236s] -- Installing: /home/ivan/Webots_YOLOv8/install/soccer_vision_3d_msgs/include/soccer_vision_3d_msgs/soccer_vision_3d_msgs/msg/marking_array.h
[18.236s] -- Installing: /home/ivan/Webots_YOLOv8/install/soccer_vision_3d_msgs/include/soccer_vision_3d_msgs/soccer_vision_3d_msgs/msg/marking_intersection.h
[18.237s] -- Installing: /home/ivan/Webots_YOLOv8/install/soccer_vision_3d_msgs/include/soccer_vision_3d_msgs/soccer_vision_3d_msgs/msg/field_boundary.h
[18.237s] -- Installing: /home/ivan/Webots_YOLOv8/install/soccer_vision_3d_msgs/include/soccer_vision_3d_msgs/soccer_vision_3d_msgs/msg/ball.h
[18.237s] -- Up-to-date: /home/ivan/Webots_YOLOv8/install/soccer_vision_3d_msgs/include/soccer_vision_3d_msgs/soccer_vision_3d_msgs/msg/rosidl_generator_c__visibility_control.h
[18.237s] -- Installing: /home/ivan/Webots_YOLOv8/install/soccer_vision_3d_msgs/include/soccer_vision_3d_msgs/soccer_vision_3d_msgs/msg/goalpost.h
[18.237s] -- Installing: /home/ivan/Webots_YOLOv8/install/soccer_vision_3d_msgs/include/soccer_vision_3d_msgs/soccer_vision_3d_msgs/msg/obstacle_array.h
[18.238s] -- Installing: /home/ivan/Webots_YOLOv8/install/soccer_vision_3d_msgs/include/soccer_vision_3d_msgs/soccer_vision_3d_msgs/msg/marking_segment.h
[18.238s] -- Installing: /home/ivan/Webots_YOLOv8/install/soccer_vision_3d_msgs/include/soccer_vision_3d_msgs/soccer_vision_3d_msgs/msg/robot_array.h
[18.238s] -- Installing: /home/ivan/Webots_YOLOv8/install/soccer_vision_3d_msgs/include/soccer_vision_3d_msgs/soccer_vision_3d_msgs/msg/obstacle.h
[18.238s] -- Installing: /home/ivan/Webots_YOLOv8/install/soccer_vision_3d_msgs/include/soccer_vision_3d_msgs/soccer_vision_3d_msgs/msg/robot.h
[18.238s] -- Installing: /home/ivan/Webots_YOLOv8/install/soccer_vision_3d_msgs/include/soccer_vision_3d_msgs/soccer_vision_3d_msgs/msg/goalpost_array.h
[18.239s] -- Installing: /home/ivan/Webots_YOLOv8/install/soccer_vision_3d_msgs/include/soccer_vision_3d_msgs/soccer_vision_3d_msgs/msg/ball_array.h
[18.239s] -- Installing: /home/ivan/Webots_YOLOv8/install/soccer_vision_3d_msgs/share/soccer_vision_3d_msgs/environment/library_path.sh
[18.239s] -- Installing: /home/ivan/Webots_YOLOv8/install/soccer_vision_3d_msgs/share/soccer_vision_3d_msgs/environment/library_path.dsv
[18.240s] -- Installing: /home/ivan/Webots_YOLOv8/install/soccer_vision_3d_msgs/lib/libsoccer_vision_3d_msgs__rosidl_generator_c.so
[18.241s] -- Set runtime path of "/home/ivan/Webots_YOLOv8/install/soccer_vision_3d_msgs/lib/libsoccer_vision_3d_msgs__rosidl_generator_c.so" to ""
[18.241s] -- Up-to-date: /home/ivan/Webots_YOLOv8/install/soccer_vision_3d_msgs/include/soccer_vision_3d_msgs/soccer_vision_3d_msgs
[18.241s] -- Up-to-date: /home/ivan/Webots_YOLOv8/install/soccer_vision_3d_msgs/include/soccer_vision_3d_msgs/soccer_vision_3d_msgs/msg
[18.241s] -- Up-to-date: /home/ivan/Webots_YOLOv8/install/soccer_vision_3d_msgs/include/soccer_vision_3d_msgs/soccer_vision_3d_msgs/msg/detail
[18.241s] -- Installing: /home/ivan/Webots_YOLOv8/install/soccer_vision_3d_msgs/include/soccer_vision_3d_msgs/soccer_vision_3d_msgs/msg/detail/obstacle__rosidl_typesupport_fastrtps_c.h
[18.241s] -- Installing: /home/ivan/Webots_YOLOv8/install/soccer_vision_3d_msgs/include/soccer_vision_3d_msgs/soccer_vision_3d_msgs/msg/detail/goalpost__rosidl_typesupport_fastrtps_c.h
[18.241s] -- Installing: /home/ivan/Webots_YOLOv8/install/soccer_vision_3d_msgs/include/soccer_vision_3d_msgs/soccer_vision_3d_msgs/msg/detail/marking_intersection__rosidl_typesupport_fastrtps_c.h
[18.242s] -- Installing: /home/ivan/Webots_YOLOv8/install/soccer_vision_3d_msgs/include/soccer_vision_3d_msgs/soccer_vision_3d_msgs/msg/detail/obstacle_array__rosidl_typesupport_fastrtps_c.h
[18.242s] -- Installing: /home/ivan/Webots_YOLOv8/install/soccer_vision_3d_msgs/include/soccer_vision_3d_msgs/soccer_vision_3d_msgs/msg/detail/ball_array__rosidl_typesupport_fastrtps_c.h
[18.242s] -- Installing: /home/ivan/Webots_YOLOv8/install/soccer_vision_3d_msgs/include/soccer_vision_3d_msgs/soccer_vision_3d_msgs/msg/detail/marking_segment__rosidl_typesupport_fastrtps_c.h
[18.242s] -- Installing: /home/ivan/Webots_YOLOv8/install/soccer_vision_3d_msgs/include/soccer_vision_3d_msgs/soccer_vision_3d_msgs/msg/detail/marking_ellipse__rosidl_typesupport_fastrtps_c.h
[18.243s] -- Installing: /home/ivan/Webots_YOLOv8/install/soccer_vision_3d_msgs/include/soccer_vision_3d_msgs/soccer_vision_3d_msgs/msg/detail/goalpost_array__rosidl_typesupport_fastrtps_c.h
[18.243s] -- Installing: /home/ivan/Webots_YOLOv8/install/soccer_vision_3d_msgs/include/soccer_vision_3d_msgs/soccer_vision_3d_msgs/msg/detail/ball__rosidl_typesupport_fastrtps_c.h
[18.243s] -- Installing: /home/ivan/Webots_YOLOv8/install/soccer_vision_3d_msgs/include/soccer_vision_3d_msgs/soccer_vision_3d_msgs/msg/detail/field_boundary__rosidl_typesupport_fastrtps_c.h
[18.243s] -- Installing: /home/ivan/Webots_YOLOv8/install/soccer_vision_3d_msgs/include/soccer_vision_3d_msgs/soccer_vision_3d_msgs/msg/detail/robot_array__rosidl_typesupport_fastrtps_c.h
[18.244s] -- Installing: /home/ivan/Webots_YOLOv8/install/soccer_vision_3d_msgs/include/soccer_vision_3d_msgs/soccer_vision_3d_msgs/msg/detail/marking_array__rosidl_typesupport_fastrtps_c.h
[18.244s] -- Installing: /home/ivan/Webots_YOLOv8/install/soccer_vision_3d_msgs/include/soccer_vision_3d_msgs/soccer_vision_3d_msgs/msg/detail/robot__rosidl_typesupport_fastrtps_c.h
[18.244s] -- Up-to-date: /home/ivan/Webots_YOLOv8/install/soccer_vision_3d_msgs/include/soccer_vision_3d_msgs/soccer_vision_3d_msgs/msg/rosidl_typesupport_fastrtps_c__visibility_control.h
[18.244s] -- Installing: /home/ivan/Webots_YOLOv8/install/soccer_vision_3d_msgs/lib/libsoccer_vision_3d_msgs__rosidl_typesupport_fastrtps_c.so
[18.245s] -- Set runtime path of "/home/ivan/Webots_YOLOv8/install/soccer_vision_3d_msgs/lib/libsoccer_vision_3d_msgs__rosidl_typesupport_fastrtps_c.so" to ""
[18.245s] -- Up-to-date: /home/ivan/Webots_YOLOv8/install/soccer_vision_3d_msgs/include/soccer_vision_3d_msgs/soccer_vision_3d_msgs
[18.245s] -- Up-to-date: /home/ivan/Webots_YOLOv8/install/soccer_vision_3d_msgs/include/soccer_vision_3d_msgs/soccer_vision_3d_msgs/msg
[18.246s] -- Up-to-date: /home/ivan/Webots_YOLOv8/install/soccer_vision_3d_msgs/include/soccer_vision_3d_msgs/soccer_vision_3d_msgs/msg/detail
[18.246s] -- Installing: /home/ivan/Webots_YOLOv8/install/soccer_vision_3d_msgs/include/soccer_vision_3d_msgs/soccer_vision_3d_msgs/msg/detail/ball_array__type_support.c
[18.246s] -- Installing: /home/ivan/Webots_YOLOv8/install/soccer_vision_3d_msgs/include/soccer_vision_3d_msgs/soccer_vision_3d_msgs/msg/detail/marking_array__rosidl_typesupport_introspection_c.h
[18.246s] -- Installing: /home/ivan/Webots_YOLOv8/install/soccer_vision_3d_msgs/include/soccer_vision_3d_msgs/soccer_vision_3d_msgs/msg/detail/marking_ellipse__type_support.c
[18.246s] -- Installing: /home/ivan/Webots_YOLOv8/install/soccer_vision_3d_msgs/include/soccer_vision_3d_msgs/soccer_vision_3d_msgs/msg/detail/robot__rosidl_typesupport_introspection_c.h
[18.246s] -- Installing: /home/ivan/Webots_YOLOv8/install/soccer_vision_3d_msgs/include/soccer_vision_3d_msgs/soccer_vision_3d_msgs/msg/detail/field_boundary__type_support.c
[18.247s] -- Installing: /home/ivan/Webots_YOLOv8/install/soccer_vision_3d_msgs/include/soccer_vision_3d_msgs/soccer_vision_3d_msgs/msg/detail/obstacle_array__type_support.c
[18.247s] -- Installing: /home/ivan/Webots_YOLOv8/install/soccer_vision_3d_msgs/include/soccer_vision_3d_msgs/soccer_vision_3d_msgs/msg/detail/ball__type_support.c
[18.247s] -- Installing: /home/ivan/Webots_YOLOv8/install/soccer_vision_3d_msgs/include/soccer_vision_3d_msgs/soccer_vision_3d_msgs/msg/detail/obstacle__rosidl_typesupport_introspection_c.h
[18.247s] -- Installing: /home/ivan/Webots_YOLOv8/install/soccer_vision_3d_msgs/include/soccer_vision_3d_msgs/soccer_vision_3d_msgs/msg/detail/marking_segment__rosidl_typesupport_introspection_c.h
[18.248s] -- Installing: /home/ivan/Webots_YOLOv8/install/soccer_vision_3d_msgs/include/soccer_vision_3d_msgs/soccer_vision_3d_msgs/msg/detail/goalpost__type_support.c
[18.248s] -- Installing: /home/ivan/Webots_YOLOv8/install/soccer_vision_3d_msgs/include/soccer_vision_3d_msgs/soccer_vision_3d_msgs/msg/detail/goalpost_array__type_support.c
[18.248s] -- Installing: /home/ivan/Webots_YOLOv8/install/soccer_vision_3d_msgs/include/soccer_vision_3d_msgs/soccer_vision_3d_msgs/msg/detail/ball_array__rosidl_typesupport_introspection_c.h
[18.248s] -- Installing: /home/ivan/Webots_YOLOv8/install/soccer_vision_3d_msgs/include/soccer_vision_3d_msgs/soccer_vision_3d_msgs/msg/detail/marking_array__type_support.c
[18.248s] -- Installing: /home/ivan/Webots_YOLOv8/install/soccer_vision_3d_msgs/include/soccer_vision_3d_msgs/soccer_vision_3d_msgs/msg/detail/marking_intersection__type_support.c
[18.249s] -- Installing: /home/ivan/Webots_YOLOv8/install/soccer_vision_3d_msgs/include/soccer_vision_3d_msgs/soccer_vision_3d_msgs/msg/detail/marking_ellipse__rosidl_typesupport_introspection_c.h
[18.249s] -- Installing: /home/ivan/Webots_YOLOv8/install/soccer_vision_3d_msgs/include/soccer_vision_3d_msgs/soccer_vision_3d_msgs/msg/detail/goalpost__rosidl_typesupport_introspection_c.h
[18.249s] -- Installing: /home/ivan/Webots_YOLOv8/install/soccer_vision_3d_msgs/include/soccer_vision_3d_msgs/soccer_vision_3d_msgs/msg/detail/robot__type_support.c
[18.249s] -- Installing: /home/ivan/Webots_YOLOv8/install/soccer_vision_3d_msgs/include/soccer_vision_3d_msgs/soccer_vision_3d_msgs/msg/detail/robot_array__rosidl_typesupport_introspection_c.h
[18.250s] -- Installing: /home/ivan/Webots_YOLOv8/install/soccer_vision_3d_msgs/include/soccer_vision_3d_msgs/soccer_vision_3d_msgs/msg/detail/robot_array__type_support.c
[18.250s] -- Installing: /home/ivan/Webots_YOLOv8/install/soccer_vision_3d_msgs/include/soccer_vision_3d_msgs/soccer_vision_3d_msgs/msg/detail/marking_intersection__rosidl_typesupport_introspection_c.h
[18.250s] -- Installing: /home/ivan/Webots_YOLOv8/install/soccer_vision_3d_msgs/include/soccer_vision_3d_msgs/soccer_vision_3d_msgs/msg/detail/obstacle_array__rosidl_typesupport_introspection_c.h
[18.250s] -- Installing: /home/ivan/Webots_YOLOv8/install/soccer_vision_3d_msgs/include/soccer_vision_3d_msgs/soccer_vision_3d_msgs/msg/detail/ball__rosidl_typesupport_introspection_c.h
[18.250s] -- Installing: /home/ivan/Webots_YOLOv8/install/soccer_vision_3d_msgs/include/soccer_vision_3d_msgs/soccer_vision_3d_msgs/msg/detail/obstacle__type_support.c
[18.251s] -- Installing: /home/ivan/Webots_YOLOv8/install/soccer_vision_3d_msgs/include/soccer_vision_3d_msgs/soccer_vision_3d_msgs/msg/detail/field_boundary__rosidl_typesupport_introspection_c.h
[18.251s] -- Installing: /home/ivan/Webots_YOLOv8/install/soccer_vision_3d_msgs/include/soccer_vision_3d_msgs/soccer_vision_3d_msgs/msg/detail/marking_segment__type_support.c
[18.251s] -- Installing: /home/ivan/Webots_YOLOv8/install/soccer_vision_3d_msgs/include/soccer_vision_3d_msgs/soccer_vision_3d_msgs/msg/detail/goalpost_array__rosidl_typesupport_introspection_c.h
[18.251s] -- Up-to-date: /home/ivan/Webots_YOLOv8/install/soccer_vision_3d_msgs/include/soccer_vision_3d_msgs/soccer_vision_3d_msgs/msg/rosidl_typesupport_introspection_c__visibility_control.h
[18.252s] -- Installing: /home/ivan/Webots_YOLOv8/install/soccer_vision_3d_msgs/lib/libsoccer_vision_3d_msgs__rosidl_typesupport_introspection_c.so
[18.252s] -- Set runtime path of "/home/ivan/Webots_YOLOv8/install/soccer_vision_3d_msgs/lib/libsoccer_vision_3d_msgs__rosidl_typesupport_introspection_c.so" to ""
[18.253s] -- Installing: /home/ivan/Webots_YOLOv8/install/soccer_vision_3d_msgs/lib/libsoccer_vision_3d_msgs__rosidl_typesupport_c.so
[18.253s] -- Set runtime path of "/home/ivan/Webots_YOLOv8/install/soccer_vision_3d_msgs/lib/libsoccer_vision_3d_msgs__rosidl_typesupport_c.so" to ""
[18.253s] -- Up-to-date: /home/ivan/Webots_YOLOv8/install/soccer_vision_3d_msgs/include/soccer_vision_3d_msgs/soccer_vision_3d_msgs
[18.253s] -- Up-to-date: /home/ivan/Webots_YOLOv8/install/soccer_vision_3d_msgs/include/soccer_vision_3d_msgs/soccer_vision_3d_msgs/msg
[18.253s] -- Up-to-date: /home/ivan/Webots_YOLOv8/install/soccer_vision_3d_msgs/include/soccer_vision_3d_msgs/soccer_vision_3d_msgs/msg/detail
[18.254s] -- Installing: /home/ivan/Webots_YOLOv8/install/soccer_vision_3d_msgs/include/soccer_vision_3d_msgs/soccer_vision_3d_msgs/msg/detail/obstacle_array__type_support.hpp
[18.254s] -- Installing: /home/ivan/Webots_YOLOv8/install/soccer_vision_3d_msgs/include/soccer_vision_3d_msgs/soccer_vision_3d_msgs/msg/detail/ball__builder.hpp
[18.254s] -- Installing: /home/ivan/Webots_YOLOv8/install/soccer_vision_3d_msgs/include/soccer_vision_3d_msgs/soccer_vision_3d_msgs/msg/detail/ball__struct.hpp
[18.254s] -- Installing: /home/ivan/Webots_YOLOv8/install/soccer_vision_3d_msgs/include/soccer_vision_3d_msgs/soccer_vision_3d_msgs/msg/detail/robot__traits.hpp
[18.254s] -- Installing: /home/ivan/Webots_YOLOv8/install/soccer_vision_3d_msgs/include/soccer_vision_3d_msgs/soccer_vision_3d_msgs/msg/detail/ball_array__builder.hpp
[18.255s] -- Installing: /home/ivan/Webots_YOLOv8/install/soccer_vision_3d_msgs/include/soccer_vision_3d_msgs/soccer_vision_3d_msgs/msg/detail/robot__struct.hpp
[18.255s] -- Installing: /home/ivan/Webots_YOLOv8/install/soccer_vision_3d_msgs/include/soccer_vision_3d_msgs/soccer_vision_3d_msgs/msg/detail/marking_ellipse__traits.hpp
[18.255s] -- Installing: /home/ivan/Webots_YOLOv8/install/soccer_vision_3d_msgs/include/soccer_vision_3d_msgs/soccer_vision_3d_msgs/msg/detail/marking_intersection__traits.hpp
[18.255s] -- Installing: /home/ivan/Webots_YOLOv8/install/soccer_vision_3d_msgs/include/soccer_vision_3d_msgs/soccer_vision_3d_msgs/msg/detail/ball_array__traits.hpp
[18.255s] -- Installing: /home/ivan/Webots_YOLOv8/install/soccer_vision_3d_msgs/include/soccer_vision_3d_msgs/soccer_vision_3d_msgs/msg/detail/robot_array__type_support.hpp
[18.256s] -- Installing: /home/ivan/Webots_YOLOv8/install/soccer_vision_3d_msgs/include/soccer_vision_3d_msgs/soccer_vision_3d_msgs/msg/detail/goalpost_array__type_support.hpp
[18.256s] -- Installing: /home/ivan/Webots_YOLOv8/install/soccer_vision_3d_msgs/include/soccer_vision_3d_msgs/soccer_vision_3d_msgs/msg/detail/marking_segment__builder.hpp
[18.256s] -- Installing: /home/ivan/Webots_YOLOv8/install/soccer_vision_3d_msgs/include/soccer_vision_3d_msgs/soccer_vision_3d_msgs/msg/detail/obstacle__builder.hpp
[18.256s] -- Installing: /home/ivan/Webots_YOLOv8/install/soccer_vision_3d_msgs/include/soccer_vision_3d_msgs/soccer_vision_3d_msgs/msg/detail/marking_intersection__builder.hpp
[18.257s] -- Installing: /home/ivan/Webots_YOLOv8/install/soccer_vision_3d_msgs/include/soccer_vision_3d_msgs/soccer_vision_3d_msgs/msg/detail/obstacle__type_support.hpp
[18.257s] -- Installing: /home/ivan/Webots_YOLOv8/install/soccer_vision_3d_msgs/include/soccer_vision_3d_msgs/soccer_vision_3d_msgs/msg/detail/goalpost__builder.hpp
[18.257s] -- Installing: /home/ivan/Webots_YOLOv8/install/soccer_vision_3d_msgs/include/soccer_vision_3d_msgs/soccer_vision_3d_msgs/msg/detail/field_boundary__builder.hpp
[18.257s] -- Installing: /home/ivan/Webots_YOLOv8/install/soccer_vision_3d_msgs/include/soccer_vision_3d_msgs/soccer_vision_3d_msgs/msg/detail/marking_array__builder.hpp
[18.257s] -- Installing: /home/ivan/Webots_YOLOv8/install/soccer_vision_3d_msgs/include/soccer_vision_3d_msgs/soccer_vision_3d_msgs/msg/detail/marking_ellipse__type_support.hpp
[18.258s] -- Installing: /home/ivan/Webots_YOLOv8/install/soccer_vision_3d_msgs/include/soccer_vision_3d_msgs/soccer_vision_3d_msgs/msg/detail/field_boundary__type_support.hpp
[18.258s] -- Installing: /home/ivan/Webots_YOLOv8/install/soccer_vision_3d_msgs/include/soccer_vision_3d_msgs/soccer_vision_3d_msgs/msg/detail/goalpost_array__struct.hpp
[18.258s] -- Installing: /home/ivan/Webots_YOLOv8/install/soccer_vision_3d_msgs/include/soccer_vision_3d_msgs/soccer_vision_3d_msgs/msg/detail/robot_array__traits.hpp
[18.258s] -- Installing: /home/ivan/Webots_YOLOv8/install/soccer_vision_3d_msgs/include/soccer_vision_3d_msgs/soccer_vision_3d_msgs/msg/detail/obstacle_array__builder.hpp
[18.259s] -- Installing: /home/ivan/Webots_YOLOv8/install/soccer_vision_3d_msgs/include/soccer_vision_3d_msgs/soccer_vision_3d_msgs/msg/detail/ball_array__type_support.hpp
[18.259s] -- Installing: /home/ivan/Webots_YOLOv8/install/soccer_vision_3d_msgs/include/soccer_vision_3d_msgs/soccer_vision_3d_msgs/msg/detail/marking_array__struct.hpp
[18.259s] -- Installing: /home/ivan/Webots_YOLOv8/install/soccer_vision_3d_msgs/include/soccer_vision_3d_msgs/soccer_vision_3d_msgs/msg/detail/field_boundary__traits.hpp
[18.259s] -- Installing: /home/ivan/Webots_YOLOv8/install/soccer_vision_3d_msgs/include/soccer_vision_3d_msgs/soccer_vision_3d_msgs/msg/detail/goalpost__type_support.hpp
[18.259s] -- Installing: /home/ivan/Webots_YOLOv8/install/soccer_vision_3d_msgs/include/soccer_vision_3d_msgs/soccer_vision_3d_msgs/msg/detail/marking_segment__struct.hpp
[18.259s] -- Installing: /home/ivan/Webots_YOLOv8/install/soccer_vision_3d_msgs/include/soccer_vision_3d_msgs/soccer_vision_3d_msgs/msg/detail/marking_intersection__struct.hpp
[18.260s] -- Installing: /home/ivan/Webots_YOLOv8/install/soccer_vision_3d_msgs/include/soccer_vision_3d_msgs/soccer_vision_3d_msgs/msg/detail/ball_array__struct.hpp
[18.260s] -- Installing: /home/ivan/Webots_YOLOv8/install/soccer_vision_3d_msgs/include/soccer_vision_3d_msgs/soccer_vision_3d_msgs/msg/detail/marking_array__type_support.hpp
[18.260s] -- Installing: /home/ivan/Webots_YOLOv8/install/soccer_vision_3d_msgs/include/soccer_vision_3d_msgs/soccer_vision_3d_msgs/msg/detail/marking_intersection__type_support.hpp
[18.260s] -- Installing: /home/ivan/Webots_YOLOv8/install/soccer_vision_3d_msgs/include/soccer_vision_3d_msgs/soccer_vision_3d_msgs/msg/detail/obstacle_array__traits.hpp
[18.261s] -- Installing: /home/ivan/Webots_YOLOv8/install/soccer_vision_3d_msgs/include/soccer_vision_3d_msgs/soccer_vision_3d_msgs/msg/detail/goalpost__traits.hpp
[18.261s] -- Installing: /home/ivan/Webots_YOLOv8/install/soccer_vision_3d_msgs/include/soccer_vision_3d_msgs/soccer_vision_3d_msgs/msg/detail/ball__type_support.hpp
[18.261s] -- Installing: /home/ivan/Webots_YOLOv8/install/soccer_vision_3d_msgs/include/soccer_vision_3d_msgs/soccer_vision_3d_msgs/msg/detail/goalpost_array__traits.hpp
[18.261s] -- Installing: /home/ivan/Webots_YOLOv8/install/soccer_vision_3d_msgs/include/soccer_vision_3d_msgs/soccer_vision_3d_msgs/msg/detail/robot_array__builder.hpp
[18.261s] -- Installing: /home/ivan/Webots_YOLOv8/install/soccer_vision_3d_msgs/include/soccer_vision_3d_msgs/soccer_vision_3d_msgs/msg/detail/field_boundary__struct.hpp
[18.262s] -- Installing: /home/ivan/Webots_YOLOv8/install/soccer_vision_3d_msgs/include/soccer_vision_3d_msgs/soccer_vision_3d_msgs/msg/detail/obstacle__traits.hpp
[18.262s] -- Installing: /home/ivan/Webots_YOLOv8/install/soccer_vision_3d_msgs/include/soccer_vision_3d_msgs/soccer_vision_3d_msgs/msg/detail/goalpost__struct.hpp
[18.262s] -- Installing: /home/ivan/Webots_YOLOv8/install/soccer_vision_3d_msgs/include/soccer_vision_3d_msgs/soccer_vision_3d_msgs/msg/detail/robot_array__struct.hpp
[18.262s] -- Installing: /home/ivan/Webots_YOLOv8/install/soccer_vision_3d_msgs/include/soccer_vision_3d_msgs/soccer_vision_3d_msgs/msg/detail/obstacle__struct.hpp
[18.263s] -- Installing: /home/ivan/Webots_YOLOv8/install/soccer_vision_3d_msgs/include/soccer_vision_3d_msgs/soccer_vision_3d_msgs/msg/detail/marking_ellipse__builder.hpp
[18.263s] -- Installing: /home/ivan/Webots_YOLOv8/install/soccer_vision_3d_msgs/include/soccer_vision_3d_msgs/soccer_vision_3d_msgs/msg/detail/marking_ellipse__struct.hpp
[18.263s] -- Installing: /home/ivan/Webots_YOLOv8/install/soccer_vision_3d_msgs/include/soccer_vision_3d_msgs/soccer_vision_3d_msgs/msg/detail/obstacle_array__struct.hpp
[18.263s] -- Installing: /home/ivan/Webots_YOLOv8/install/soccer_vision_3d_msgs/include/soccer_vision_3d_msgs/soccer_vision_3d_msgs/msg/detail/ball__traits.hpp
[18.263s] -- Installing: /home/ivan/Webots_YOLOv8/install/soccer_vision_3d_msgs/include/soccer_vision_3d_msgs/soccer_vision_3d_msgs/msg/detail/marking_array__traits.hpp
[18.264s] -- Installing: /home/ivan/Webots_YOLOv8/install/soccer_vision_3d_msgs/include/soccer_vision_3d_msgs/soccer_vision_3d_msgs/msg/detail/marking_segment__traits.hpp
[18.264s] -- Installing: /home/ivan/Webots_YOLOv8/install/soccer_vision_3d_msgs/include/soccer_vision_3d_msgs/soccer_vision_3d_msgs/msg/detail/robot__builder.hpp
[18.264s] -- Installing: /home/ivan/Webots_YOLOv8/install/soccer_vision_3d_msgs/include/soccer_vision_3d_msgs/soccer_vision_3d_msgs/msg/detail/robot__type_support.hpp
[18.264s] -- Installing: /home/ivan/Webots_YOLOv8/install/soccer_vision_3d_msgs/include/soccer_vision_3d_msgs/soccer_vision_3d_msgs/msg/detail/marking_segment__type_support.hpp
[18.265s] -- Installing: /home/ivan/Webots_YOLOv8/install/soccer_vision_3d_msgs/include/soccer_vision_3d_msgs/soccer_vision_3d_msgs/msg/detail/goalpost_array__builder.hpp
[18.265s] -- Installing: /home/ivan/Webots_YOLOv8/install/soccer_vision_3d_msgs/include/soccer_vision_3d_msgs/soccer_vision_3d_msgs/msg/ball_array.hpp
[18.265s] -- Installing: /home/ivan/Webots_YOLOv8/install/soccer_vision_3d_msgs/include/soccer_vision_3d_msgs/soccer_vision_3d_msgs/msg/goalpost_array.hpp
[18.265s] -- Installing: /home/ivan/Webots_YOLOv8/install/soccer_vision_3d_msgs/include/soccer_vision_3d_msgs/soccer_vision_3d_msgs/msg/ball.hpp
[18.265s] -- Up-to-date: /home/ivan/Webots_YOLOv8/install/soccer_vision_3d_msgs/include/soccer_vision_3d_msgs/soccer_vision_3d_msgs/msg/rosidl_generator_cpp__visibility_control.hpp
[18.265s] -- Installing: /home/ivan/Webots_YOLOv8/install/soccer_vision_3d_msgs/include/soccer_vision_3d_msgs/soccer_vision_3d_msgs/msg/marking_ellipse.hpp
[18.266s] -- Installing: /home/ivan/Webots_YOLOv8/install/soccer_vision_3d_msgs/include/soccer_vision_3d_msgs/soccer_vision_3d_msgs/msg/robot.hpp
[18.266s] -- Installing: /home/ivan/Webots_YOLOv8/install/soccer_vision_3d_msgs/include/soccer_vision_3d_msgs/soccer_vision_3d_msgs/msg/obstacle_array.hpp
[18.266s] -- Installing: /home/ivan/Webots_YOLOv8/install/soccer_vision_3d_msgs/include/soccer_vision_3d_msgs/soccer_vision_3d_msgs/msg/marking_array.hpp
[18.266s] -- Installing: /home/ivan/Webots_YOLOv8/install/soccer_vision_3d_msgs/include/soccer_vision_3d_msgs/soccer_vision_3d_msgs/msg/marking_segment.hpp
[18.266s] -- Installing: /home/ivan/Webots_YOLOv8/install/soccer_vision_3d_msgs/include/soccer_vision_3d_msgs/soccer_vision_3d_msgs/msg/goalpost.hpp
[18.267s] -- Installing: /home/ivan/Webots_YOLOv8/install/soccer_vision_3d_msgs/include/soccer_vision_3d_msgs/soccer_vision_3d_msgs/msg/obstacle.hpp
[18.267s] -- Installing: /home/ivan/Webots_YOLOv8/install/soccer_vision_3d_msgs/include/soccer_vision_3d_msgs/soccer_vision_3d_msgs/msg/marking_intersection.hpp
[18.267s] -- Installing: /home/ivan/Webots_YOLOv8/install/soccer_vision_3d_msgs/include/soccer_vision_3d_msgs/soccer_vision_3d_msgs/msg/robot_array.hpp
[18.267s] -- Installing: /home/ivan/Webots_YOLOv8/install/soccer_vision_3d_msgs/include/soccer_vision_3d_msgs/soccer_vision_3d_msgs/msg/field_boundary.hpp
[18.268s] -- Up-to-date: /home/ivan/Webots_YOLOv8/install/soccer_vision_3d_msgs/include/soccer_vision_3d_msgs/soccer_vision_3d_msgs
[18.268s] -- Up-to-date: /home/ivan/Webots_YOLOv8/install/soccer_vision_3d_msgs/include/soccer_vision_3d_msgs/soccer_vision_3d_msgs/msg
[18.268s] -- Up-to-date: /home/ivan/Webots_YOLOv8/install/soccer_vision_3d_msgs/include/soccer_vision_3d_msgs/soccer_vision_3d_msgs/msg/detail
[18.268s] -- Installing: /home/ivan/Webots_YOLOv8/install/soccer_vision_3d_msgs/include/soccer_vision_3d_msgs/soccer_vision_3d_msgs/msg/detail/robot_array__rosidl_typesupport_fastrtps_cpp.hpp
[18.268s] -- Installing: /home/ivan/Webots_YOLOv8/install/soccer_vision_3d_msgs/include/soccer_vision_3d_msgs/soccer_vision_3d_msgs/msg/detail/obstacle_array__rosidl_typesupport_fastrtps_cpp.hpp
[18.268s] -- Installing: /home/ivan/Webots_YOLOv8/install/soccer_vision_3d_msgs/include/soccer_vision_3d_msgs/soccer_vision_3d_msgs/msg/detail/dds_fastrtps
[18.268s] -- Installing: /home/ivan/Webots_YOLOv8/install/soccer_vision_3d_msgs/include/soccer_vision_3d_msgs/soccer_vision_3d_msgs/msg/detail/marking_ellipse__rosidl_typesupport_fastrtps_cpp.hpp
[18.269s] -- Installing: /home/ivan/Webots_YOLOv8/install/soccer_vision_3d_msgs/include/soccer_vision_3d_msgs/soccer_vision_3d_msgs/msg/detail/obstacle__rosidl_typesupport_fastrtps_cpp.hpp
[18.269s] -- Installing: /home/ivan/Webots_YOLOv8/install/soccer_vision_3d_msgs/include/soccer_vision_3d_msgs/soccer_vision_3d_msgs/msg/detail/robot__rosidl_typesupport_fastrtps_cpp.hpp
[18.269s] -- Installing: /home/ivan/Webots_YOLOv8/install/soccer_vision_3d_msgs/include/soccer_vision_3d_msgs/soccer_vision_3d_msgs/msg/detail/marking_array__rosidl_typesupport_fastrtps_cpp.hpp
[18.269s] -- Installing: /home/ivan/Webots_YOLOv8/install/soccer_vision_3d_msgs/include/soccer_vision_3d_msgs/soccer_vision_3d_msgs/msg/detail/ball__rosidl_typesupport_fastrtps_cpp.hpp
[18.270s] -- Installing: /home/ivan/Webots_YOLOv8/install/soccer_vision_3d_msgs/include/soccer_vision_3d_msgs/soccer_vision_3d_msgs/msg/detail/field_boundary__rosidl_typesupport_fastrtps_cpp.hpp
[18.270s] -- Installing: /home/ivan/Webots_YOLOv8/install/soccer_vision_3d_msgs/include/soccer_vision_3d_msgs/soccer_vision_3d_msgs/msg/detail/goalpost__rosidl_typesupport_fastrtps_cpp.hpp
[18.270s] -- Installing: /home/ivan/Webots_YOLOv8/install/soccer_vision_3d_msgs/include/soccer_vision_3d_msgs/soccer_vision_3d_msgs/msg/detail/marking_segment__rosidl_typesupport_fastrtps_cpp.hpp
[18.270s] -- Installing: /home/ivan/Webots_YOLOv8/install/soccer_vision_3d_msgs/include/soccer_vision_3d_msgs/soccer_vision_3d_msgs/msg/detail/goalpost_array__rosidl_typesupport_fastrtps_cpp.hpp
[18.270s] -- Installing: /home/ivan/Webots_YOLOv8/install/soccer_vision_3d_msgs/include/soccer_vision_3d_msgs/soccer_vision_3d_msgs/msg/detail/ball_array__rosidl_typesupport_fastrtps_cpp.hpp
[18.271s] -- Installing: /home/ivan/Webots_YOLOv8/install/soccer_vision_3d_msgs/include/soccer_vision_3d_msgs/soccer_vision_3d_msgs/msg/detail/marking_intersection__rosidl_typesupport_fastrtps_cpp.hpp
[18.271s] -- Up-to-date: /home/ivan/Webots_YOLOv8/install/soccer_vision_3d_msgs/include/soccer_vision_3d_msgs/soccer_vision_3d_msgs/msg/rosidl_typesupport_fastrtps_cpp__visibility_control.h
[18.272s] -- Installing: /home/ivan/Webots_YOLOv8/install/soccer_vision_3d_msgs/lib/libsoccer_vision_3d_msgs__rosidl_typesupport_fastrtps_cpp.so
[18.273s] -- Set runtime path of "/home/ivan/Webots_YOLOv8/install/soccer_vision_3d_msgs/lib/libsoccer_vision_3d_msgs__rosidl_typesupport_fastrtps_cpp.so" to ""
[18.273s] -- Up-to-date: /home/ivan/Webots_YOLOv8/install/soccer_vision_3d_msgs/include/soccer_vision_3d_msgs/soccer_vision_3d_msgs
[18.273s] -- Up-to-date: /home/ivan/Webots_YOLOv8/install/soccer_vision_3d_msgs/include/soccer_vision_3d_msgs/soccer_vision_3d_msgs/msg
[18.273s] -- Up-to-date: /home/ivan/Webots_YOLOv8/install/soccer_vision_3d_msgs/include/soccer_vision_3d_msgs/soccer_vision_3d_msgs/msg/detail
[18.273s] -- Installing: /home/ivan/Webots_YOLOv8/install/soccer_vision_3d_msgs/include/soccer_vision_3d_msgs/soccer_vision_3d_msgs/msg/detail/marking_ellipse__type_support.cpp
[18.274s] -- Installing: /home/ivan/Webots_YOLOv8/install/soccer_vision_3d_msgs/include/soccer_vision_3d_msgs/soccer_vision_3d_msgs/msg/detail/robot_array__type_support.cpp
[18.274s] -- Installing: /home/ivan/Webots_YOLOv8/install/soccer_vision_3d_msgs/include/soccer_vision_3d_msgs/soccer_vision_3d_msgs/msg/detail/goalpost_array__type_support.cpp
[18.274s] -- Installing: /home/ivan/Webots_YOLOv8/install/soccer_vision_3d_msgs/include/soccer_vision_3d_msgs/soccer_vision_3d_msgs/msg/detail/ball_array__type_support.cpp
[18.274s] -- Installing: /home/ivan/Webots_YOLOv8/install/soccer_vision_3d_msgs/include/soccer_vision_3d_msgs/soccer_vision_3d_msgs/msg/detail/marking_segment__type_support.cpp
[18.274s] -- Installing: /home/ivan/Webots_YOLOv8/install/soccer_vision_3d_msgs/include/soccer_vision_3d_msgs/soccer_vision_3d_msgs/msg/detail/robot__rosidl_typesupport_introspection_cpp.hpp
[18.275s] -- Installing: /home/ivan/Webots_YOLOv8/install/soccer_vision_3d_msgs/include/soccer_vision_3d_msgs/soccer_vision_3d_msgs/msg/detail/field_boundary__rosidl_typesupport_introspection_cpp.hpp
[18.275s] -- Installing: /home/ivan/Webots_YOLOv8/install/soccer_vision_3d_msgs/include/soccer_vision_3d_msgs/soccer_vision_3d_msgs/msg/detail/ball__rosidl_typesupport_introspection_cpp.hpp
[18.275s] -- Installing: /home/ivan/Webots_YOLOv8/install/soccer_vision_3d_msgs/include/soccer_vision_3d_msgs/soccer_vision_3d_msgs/msg/detail/ball_array__rosidl_typesupport_introspection_cpp.hpp
[18.275s] -- Installing: /home/ivan/Webots_YOLOv8/install/soccer_vision_3d_msgs/include/soccer_vision_3d_msgs/soccer_vision_3d_msgs/msg/detail/obstacle__rosidl_typesupport_introspection_cpp.hpp
[18.276s] -- Installing: /home/ivan/Webots_YOLOv8/install/soccer_vision_3d_msgs/include/soccer_vision_3d_msgs/soccer_vision_3d_msgs/msg/detail/obstacle__type_support.cpp
[18.276s] -- Installing: /home/ivan/Webots_YOLOv8/install/soccer_vision_3d_msgs/include/soccer_vision_3d_msgs/soccer_vision_3d_msgs/msg/detail/robot_array__rosidl_typesupport_introspection_cpp.hpp
[18.276s] -- Installing: /home/ivan/Webots_YOLOv8/install/soccer_vision_3d_msgs/include/soccer_vision_3d_msgs/soccer_vision_3d_msgs/msg/detail/obstacle_array__type_support.cpp
[18.276s] -- Installing: /home/ivan/Webots_YOLOv8/install/soccer_vision_3d_msgs/include/soccer_vision_3d_msgs/soccer_vision_3d_msgs/msg/detail/marking_segment__rosidl_typesupport_introspection_cpp.hpp
[18.276s] -- Installing: /home/ivan/Webots_YOLOv8/install/soccer_vision_3d_msgs/include/soccer_vision_3d_msgs/soccer_vision_3d_msgs/msg/detail/goalpost__rosidl_typesupport_introspection_cpp.hpp
[18.277s] -- Installing: /home/ivan/Webots_YOLOv8/install/soccer_vision_3d_msgs/include/soccer_vision_3d_msgs/soccer_vision_3d_msgs/msg/detail/marking_intersection__rosidl_typesupport_introspection_cpp.hpp
[18.277s] -- Installing: /home/ivan/Webots_YOLOv8/install/soccer_vision_3d_msgs/include/soccer_vision_3d_msgs/soccer_vision_3d_msgs/msg/detail/marking_array__type_support.cpp
[18.277s] -- Installing: /home/ivan/Webots_YOLOv8/install/soccer_vision_3d_msgs/include/soccer_vision_3d_msgs/soccer_vision_3d_msgs/msg/detail/marking_ellipse__rosidl_typesupport_introspection_cpp.hpp
[18.277s] -- Installing: /home/ivan/Webots_YOLOv8/install/soccer_vision_3d_msgs/include/soccer_vision_3d_msgs/soccer_vision_3d_msgs/msg/detail/goalpost_array__rosidl_typesupport_introspection_cpp.hpp
[18.278s] -- Installing: /home/ivan/Webots_YOLOv8/install/soccer_vision_3d_msgs/include/soccer_vision_3d_msgs/soccer_vision_3d_msgs/msg/detail/field_boundary__type_support.cpp
[18.278s] -- Installing: /home/ivan/Webots_YOLOv8/install/soccer_vision_3d_msgs/include/soccer_vision_3d_msgs/soccer_vision_3d_msgs/msg/detail/ball__type_support.cpp
[18.278s] -- Installing: /home/ivan/Webots_YOLOv8/install/soccer_vision_3d_msgs/include/soccer_vision_3d_msgs/soccer_vision_3d_msgs/msg/detail/goalpost__type_support.cpp
[18.278s] -- Installing: /home/ivan/Webots_YOLOv8/install/soccer_vision_3d_msgs/include/soccer_vision_3d_msgs/soccer_vision_3d_msgs/msg/detail/obstacle_array__rosidl_typesupport_introspection_cpp.hpp
[18.278s] -- Installing: /home/ivan/Webots_YOLOv8/install/soccer_vision_3d_msgs/include/soccer_vision_3d_msgs/soccer_vision_3d_msgs/msg/detail/marking_intersection__type_support.cpp
[18.279s] -- Installing: /home/ivan/Webots_YOLOv8/install/soccer_vision_3d_msgs/include/soccer_vision_3d_msgs/soccer_vision_3d_msgs/msg/detail/marking_array__rosidl_typesupport_introspection_cpp.hpp
[18.279s] -- Installing: /home/ivan/Webots_YOLOv8/install/soccer_vision_3d_msgs/include/soccer_vision_3d_msgs/soccer_vision_3d_msgs/msg/detail/robot__type_support.cpp
[18.280s] -- Installing: /home/ivan/Webots_YOLOv8/install/soccer_vision_3d_msgs/lib/libsoccer_vision_3d_msgs__rosidl_typesupport_introspection_cpp.so
[18.281s] -- Set runtime path of "/home/ivan/Webots_YOLOv8/install/soccer_vision_3d_msgs/lib/libsoccer_vision_3d_msgs__rosidl_typesupport_introspection_cpp.so" to ""
[18.282s] -- Installing: /home/ivan/Webots_YOLOv8/install/soccer_vision_3d_msgs/lib/libsoccer_vision_3d_msgs__rosidl_typesupport_cpp.so
[18.283s] -- Set runtime path of "/home/ivan/Webots_YOLOv8/install/soccer_vision_3d_msgs/lib/libsoccer_vision_3d_msgs__rosidl_typesupport_cpp.so" to ""
[18.283s] -- Up-to-date: /home/ivan/Webots_YOLOv8/install/soccer_vision_3d_msgs/share/soccer_vision_3d_msgs/environment/pythonpath.sh
[18.283s] -- Installing: /home/ivan/Webots_YOLOv8/install/soccer_vision_3d_msgs/share/soccer_vision_3d_msgs/environment/pythonpath.dsv
[18.283s] -- Up-to-date: /home/ivan/Webots_YOLOv8/install/soccer_vision_3d_msgs/local/lib/python3.10/dist-packages/soccer_vision_3d_msgs-1.0.0-py3.10.egg-info
[18.283s] -- Installing: /home/ivan/Webots_YOLOv8/install/soccer_vision_3d_msgs/local/lib/python3.10/dist-packages/soccer_vision_3d_msgs-1.0.0-py3.10.egg-info/top_level.txt
[18.283s] -- Installing: /home/ivan/Webots_YOLOv8/install/soccer_vision_3d_msgs/local/lib/python3.10/dist-packages/soccer_vision_3d_msgs-1.0.0-py3.10.egg-info/dependency_links.txt
[18.284s] -- Installing: /home/ivan/Webots_YOLOv8/install/soccer_vision_3d_msgs/local/lib/python3.10/dist-packages/soccer_vision_3d_msgs-1.0.0-py3.10.egg-info/SOURCES.txt
[18.284s] -- Installing: /home/ivan/Webots_YOLOv8/install/soccer_vision_3d_msgs/local/lib/python3.10/dist-packages/soccer_vision_3d_msgs-1.0.0-py3.10.egg-info/PKG-INFO
[18.284s] -- Up-to-date: /home/ivan/Webots_YOLOv8/install/soccer_vision_3d_msgs/local/lib/python3.10/dist-packages/soccer_vision_3d_msgs
[18.284s] -- Installing: /home/ivan/Webots_YOLOv8/install/soccer_vision_3d_msgs/local/lib/python3.10/dist-packages/soccer_vision_3d_msgs/soccer_vision_3d_msgs_s__rosidl_typesupport_c.cpython-310-x86_64-linux-gnu.so
[18.284s] -- Installing: /home/ivan/Webots_YOLOv8/install/soccer_vision_3d_msgs/local/lib/python3.10/dist-packages/soccer_vision_3d_msgs/_soccer_vision_3d_msgs_s.ep.rosidl_typesupport_fastrtps_c.c
[18.285s] -- Up-to-date: /home/ivan/Webots_YOLOv8/install/soccer_vision_3d_msgs/local/lib/python3.10/dist-packages/soccer_vision_3d_msgs/msg
[18.285s] -- Installing: /home/ivan/Webots_YOLOv8/install/soccer_vision_3d_msgs/local/lib/python3.10/dist-packages/soccer_vision_3d_msgs/msg/_ball_array.py
[18.285s] -- Installing: /home/ivan/Webots_YOLOv8/install/soccer_vision_3d_msgs/local/lib/python3.10/dist-packages/soccer_vision_3d_msgs/msg/_marking_segment.py
[18.285s] -- Installing: /home/ivan/Webots_YOLOv8/install/soccer_vision_3d_msgs/local/lib/python3.10/dist-packages/soccer_vision_3d_msgs/msg/_goalpost.py
[18.285s] -- Installing: /home/ivan/Webots_YOLOv8/install/soccer_vision_3d_msgs/local/lib/python3.10/dist-packages/soccer_vision_3d_msgs/msg/_obstacle_s.c
[18.286s] -- Installing: /home/ivan/Webots_YOLOv8/install/soccer_vision_3d_msgs/local/lib/python3.10/dist-packages/soccer_vision_3d_msgs/msg/_robot_s.c
[18.286s] -- Installing: /home/ivan/Webots_YOLOv8/install/soccer_vision_3d_msgs/local/lib/python3.10/dist-packages/soccer_vision_3d_msgs/msg/_robot_array.py
[18.286s] -- Installing: /home/ivan/Webots_YOLOv8/install/soccer_vision_3d_msgs/local/lib/python3.10/dist-packages/soccer_vision_3d_msgs/msg/_marking_array_s.c
[18.286s] -- Installing: /home/ivan/Webots_YOLOv8/install/soccer_vision_3d_msgs/local/lib/python3.10/dist-packages/soccer_vision_3d_msgs/msg/_marking_array.py
[18.286s] -- Installing: /home/ivan/Webots_YOLOv8/install/soccer_vision_3d_msgs/local/lib/python3.10/dist-packages/soccer_vision_3d_msgs/msg/_marking_intersection.py
[18.287s] -- Installing: /home/ivan/Webots_YOLOv8/install/soccer_vision_3d_msgs/local/lib/python3.10/dist-packages/soccer_vision_3d_msgs/msg/_goalpost_array.py
[18.287s] -- Installing: /home/ivan/Webots_YOLOv8/install/soccer_vision_3d_msgs/local/lib/python3.10/dist-packages/soccer_vision_3d_msgs/msg/_ball_array_s.c
[18.287s] -- Installing: /home/ivan/Webots_YOLOv8/install/soccer_vision_3d_msgs/local/lib/python3.10/dist-packages/soccer_vision_3d_msgs/msg/_obstacle_array.py
[18.287s] -- Installing: /home/ivan/Webots_YOLOv8/install/soccer_vision_3d_msgs/local/lib/python3.10/dist-packages/soccer_vision_3d_msgs/msg/__init__.py
[18.287s] -- Installing: /home/ivan/Webots_YOLOv8/install/soccer_vision_3d_msgs/local/lib/python3.10/dist-packages/soccer_vision_3d_msgs/msg/_goalpost_array_s.c
[18.288s] -- Installing: /home/ivan/Webots_YOLOv8/install/soccer_vision_3d_msgs/local/lib/python3.10/dist-packages/soccer_vision_3d_msgs/msg/_ball_s.c
[18.288s] -- Installing: /home/ivan/Webots_YOLOv8/install/soccer_vision_3d_msgs/local/lib/python3.10/dist-packages/soccer_vision_3d_msgs/msg/_marking_intersection_s.c
[18.288s] -- Installing: /home/ivan/Webots_YOLOv8/install/soccer_vision_3d_msgs/local/lib/python3.10/dist-packages/soccer_vision_3d_msgs/msg/_obstacle_array_s.c
[18.288s] -- Installing: /home/ivan/Webots_YOLOv8/install/soccer_vision_3d_msgs/local/lib/python3.10/dist-packages/soccer_vision_3d_msgs/msg/_field_boundary_s.c
[18.289s] -- Installing: /home/ivan/Webots_YOLOv8/install/soccer_vision_3d_msgs/local/lib/python3.10/dist-packages/soccer_vision_3d_msgs/msg/_obstacle.py
[18.289s] -- Installing: /home/ivan/Webots_YOLOv8/install/soccer_vision_3d_msgs/local/lib/python3.10/dist-packages/soccer_vision_3d_msgs/msg/_marking_segment_s.c
[18.289s] -- Installing: /home/ivan/Webots_YOLOv8/install/soccer_vision_3d_msgs/local/lib/python3.10/dist-packages/soccer_vision_3d_msgs/msg/_marking_ellipse_s.c
[18.289s] -- Installing: /home/ivan/Webots_YOLOv8/install/soccer_vision_3d_msgs/local/lib/python3.10/dist-packages/soccer_vision_3d_msgs/msg/_field_boundary.py
[18.289s] -- Installing: /home/ivan/Webots_YOLOv8/install/soccer_vision_3d_msgs/local/lib/python3.10/dist-packages/soccer_vision_3d_msgs/msg/_robot_array_s.c
[18.290s] -- Installing: /home/ivan/Webots_YOLOv8/install/soccer_vision_3d_msgs/local/lib/python3.10/dist-packages/soccer_vision_3d_msgs/msg/_robot.py
[18.290s] -- Installing: /home/ivan/Webots_YOLOv8/install/soccer_vision_3d_msgs/local/lib/python3.10/dist-packages/soccer_vision_3d_msgs/msg/_goalpost_s.c
[18.290s] -- Installing: /home/ivan/Webots_YOLOv8/install/soccer_vision_3d_msgs/local/lib/python3.10/dist-packages/soccer_vision_3d_msgs/msg/_marking_ellipse.py
[18.290s] -- Installing: /home/ivan/Webots_YOLOv8/install/soccer_vision_3d_msgs/local/lib/python3.10/dist-packages/soccer_vision_3d_msgs/msg/_ball.py
[18.291s] -- Installing: /home/ivan/Webots_YOLOv8/install/soccer_vision_3d_msgs/local/lib/python3.10/dist-packages/soccer_vision_3d_msgs/_soccer_vision_3d_msgs_s.ep.rosidl_typesupport_introspection_c.c
[18.291s] -- Installing: /home/ivan/Webots_YOLOv8/install/soccer_vision_3d_msgs/local/lib/python3.10/dist-packages/soccer_vision_3d_msgs/__init__.py
[18.291s] -- Installing: /home/ivan/Webots_YOLOv8/install/soccer_vision_3d_msgs/local/lib/python3.10/dist-packages/soccer_vision_3d_msgs/soccer_vision_3d_msgs_s__rosidl_typesupport_fastrtps_c.cpython-310-x86_64-linux-gnu.so
[18.291s] -- Installing: /home/ivan/Webots_YOLOv8/install/soccer_vision_3d_msgs/local/lib/python3.10/dist-packages/soccer_vision_3d_msgs/_soccer_vision_3d_msgs_s.ep.rosidl_typesupport_c.c
[18.292s] -- Installing: /home/ivan/Webots_YOLOv8/install/soccer_vision_3d_msgs/local/lib/python3.10/dist-packages/soccer_vision_3d_msgs/soccer_vision_3d_msgs_s__rosidl_typesupport_introspection_c.cpython-310-x86_64-linux-gnu.so
[18.292s] -- Installing: /home/ivan/Webots_YOLOv8/install/soccer_vision_3d_msgs/local/lib/python3.10/dist-packages/soccer_vision_3d_msgs/libsoccer_vision_3d_msgs__rosidl_generator_py.so
[18.352s] Listing '/home/ivan/Webots_YOLOv8/install/soccer_vision_3d_msgs/local/lib/python3.10/dist-packages/soccer_vision_3d_msgs'...
[18.353s] Compiling '/home/ivan/Webots_YOLOv8/install/soccer_vision_3d_msgs/local/lib/python3.10/dist-packages/soccer_vision_3d_msgs/__init__.py'...
[18.353s] Listing '/home/ivan/Webots_YOLOv8/install/soccer_vision_3d_msgs/local/lib/python3.10/dist-packages/soccer_vision_3d_msgs/msg'...
[18.353s] Compiling '/home/ivan/Webots_YOLOv8/install/soccer_vision_3d_msgs/local/lib/python3.10/dist-packages/soccer_vision_3d_msgs/msg/__init__.py'...
[18.353s] Compiling '/home/ivan/Webots_YOLOv8/install/soccer_vision_3d_msgs/local/lib/python3.10/dist-packages/soccer_vision_3d_msgs/msg/_ball.py'...
[18.353s] Compiling '/home/ivan/Webots_YOLOv8/install/soccer_vision_3d_msgs/local/lib/python3.10/dist-packages/soccer_vision_3d_msgs/msg/_ball_array.py'...
[18.353s] Compiling '/home/ivan/Webots_YOLOv8/install/soccer_vision_3d_msgs/local/lib/python3.10/dist-packages/soccer_vision_3d_msgs/msg/_field_boundary.py'...
[18.353s] Compiling '/home/ivan/Webots_YOLOv8/install/soccer_vision_3d_msgs/local/lib/python3.10/dist-packages/soccer_vision_3d_msgs/msg/_goalpost.py'...
[18.353s] Compiling '/home/ivan/Webots_YOLOv8/install/soccer_vision_3d_msgs/local/lib/python3.10/dist-packages/soccer_vision_3d_msgs/msg/_goalpost_array.py'...
[18.353s] Compiling '/home/ivan/Webots_YOLOv8/install/soccer_vision_3d_msgs/local/lib/python3.10/dist-packages/soccer_vision_3d_msgs/msg/_marking_array.py'...
[18.353s] Compiling '/home/ivan/Webots_YOLOv8/install/soccer_vision_3d_msgs/local/lib/python3.10/dist-packages/soccer_vision_3d_msgs/msg/_marking_ellipse.py'...
[18.353s] Compiling '/home/ivan/Webots_YOLOv8/install/soccer_vision_3d_msgs/local/lib/python3.10/dist-packages/soccer_vision_3d_msgs/msg/_marking_intersection.py'...
[18.354s] Compiling '/home/ivan/Webots_YOLOv8/install/soccer_vision_3d_msgs/local/lib/python3.10/dist-packages/soccer_vision_3d_msgs/msg/_marking_segment.py'...
[18.354s] Compiling '/home/ivan/Webots_YOLOv8/install/soccer_vision_3d_msgs/local/lib/python3.10/dist-packages/soccer_vision_3d_msgs/msg/_obstacle.py'...
[18.354s] Compiling '/home/ivan/Webots_YOLOv8/install/soccer_vision_3d_msgs/local/lib/python3.10/dist-packages/soccer_vision_3d_msgs/msg/_obstacle_array.py'...
[18.354s] Compiling '/home/ivan/Webots_YOLOv8/install/soccer_vision_3d_msgs/local/lib/python3.10/dist-packages/soccer_vision_3d_msgs/msg/_robot.py'...
[18.354s] Compiling '/home/ivan/Webots_YOLOv8/install/soccer_vision_3d_msgs/local/lib/python3.10/dist-packages/soccer_vision_3d_msgs/msg/_robot_array.py'...
[18.360s] -- Installing: /home/ivan/Webots_YOLOv8/install/soccer_vision_3d_msgs/local/lib/python3.10/dist-packages/soccer_vision_3d_msgs/soccer_vision_3d_msgs_s__rosidl_typesupport_fastrtps_c.cpython-310-x86_64-linux-gnu.so
[18.361s] -- Set runtime path of "/home/ivan/Webots_YOLOv8/install/soccer_vision_3d_msgs/local/lib/python3.10/dist-packages/soccer_vision_3d_msgs/soccer_vision_3d_msgs_s__rosidl_typesupport_fastrtps_c.cpython-310-x86_64-linux-gnu.so" to ""
[18.362s] -- Installing: /home/ivan/Webots_YOLOv8/install/soccer_vision_3d_msgs/local/lib/python3.10/dist-packages/soccer_vision_3d_msgs/soccer_vision_3d_msgs_s__rosidl_typesupport_introspection_c.cpython-310-x86_64-linux-gnu.so
[18.362s] -- Set runtime path of "/home/ivan/Webots_YOLOv8/install/soccer_vision_3d_msgs/local/lib/python3.10/dist-packages/soccer_vision_3d_msgs/soccer_vision_3d_msgs_s__rosidl_typesupport_introspection_c.cpython-310-x86_64-linux-gnu.so" to ""
[18.362s] -- Installing: /home/ivan/Webots_YOLOv8/install/soccer_vision_3d_msgs/local/lib/python3.10/dist-packages/soccer_vision_3d_msgs/soccer_vision_3d_msgs_s__rosidl_typesupport_c.cpython-310-x86_64-linux-gnu.so
[18.363s] -- Set runtime path of "/home/ivan/Webots_YOLOv8/install/soccer_vision_3d_msgs/local/lib/python3.10/dist-packages/soccer_vision_3d_msgs/soccer_vision_3d_msgs_s__rosidl_typesupport_c.cpython-310-x86_64-linux-gnu.so" to ""
[18.363s] -- Installing: /home/ivan/Webots_YOLOv8/install/soccer_vision_3d_msgs/lib/libsoccer_vision_3d_msgs__rosidl_generator_py.so
[18.364s] -- Set runtime path of "/home/ivan/Webots_YOLOv8/install/soccer_vision_3d_msgs/lib/libsoccer_vision_3d_msgs__rosidl_generator_py.so" to ""
[18.364s] -- Up-to-date: /home/ivan/Webots_YOLOv8/install/soccer_vision_3d_msgs/share/soccer_vision_3d_msgs/msg/Ball.idl
[18.364s] -- Up-to-date: /home/ivan/Webots_YOLOv8/install/soccer_vision_3d_msgs/share/soccer_vision_3d_msgs/msg/BallArray.idl
[18.364s] -- Up-to-date: /home/ivan/Webots_YOLOv8/install/soccer_vision_3d_msgs/share/soccer_vision_3d_msgs/msg/FieldBoundary.idl
[18.365s] -- Up-to-date: /home/ivan/Webots_YOLOv8/install/soccer_vision_3d_msgs/share/soccer_vision_3d_msgs/msg/Goalpost.idl
[18.365s] -- Up-to-date: /home/ivan/Webots_YOLOv8/install/soccer_vision_3d_msgs/share/soccer_vision_3d_msgs/msg/GoalpostArray.idl
[18.365s] -- Up-to-date: /home/ivan/Webots_YOLOv8/install/soccer_vision_3d_msgs/share/soccer_vision_3d_msgs/msg/MarkingEllipse.idl
[18.365s] -- Up-to-date: /home/ivan/Webots_YOLOv8/install/soccer_vision_3d_msgs/share/soccer_vision_3d_msgs/msg/MarkingIntersection.idl
[18.365s] -- Up-to-date: /home/ivan/Webots_YOLOv8/install/soccer_vision_3d_msgs/share/soccer_vision_3d_msgs/msg/MarkingSegment.idl
[18.365s] -- Up-to-date: /home/ivan/Webots_YOLOv8/install/soccer_vision_3d_msgs/share/soccer_vision_3d_msgs/msg/MarkingArray.idl
[18.365s] -- Up-to-date: /home/ivan/Webots_YOLOv8/install/soccer_vision_3d_msgs/share/soccer_vision_3d_msgs/msg/Obstacle.idl
[18.365s] -- Up-to-date: /home/ivan/Webots_YOLOv8/install/soccer_vision_3d_msgs/share/soccer_vision_3d_msgs/msg/ObstacleArray.idl
[18.366s] -- Up-to-date: /home/ivan/Webots_YOLOv8/install/soccer_vision_3d_msgs/share/soccer_vision_3d_msgs/msg/Robot.idl
[18.366s] -- Up-to-date: /home/ivan/Webots_YOLOv8/install/soccer_vision_3d_msgs/share/soccer_vision_3d_msgs/msg/RobotArray.idl
[18.366s] -- Up-to-date: /home/ivan/Webots_YOLOv8/install/soccer_vision_3d_msgs/share/soccer_vision_3d_msgs/msg/Ball.msg
[18.366s] -- Up-to-date: /home/ivan/Webots_YOLOv8/install/soccer_vision_3d_msgs/share/soccer_vision_3d_msgs/msg/BallArray.msg
[18.366s] -- Up-to-date: /home/ivan/Webots_YOLOv8/install/soccer_vision_3d_msgs/share/soccer_vision_3d_msgs/msg/FieldBoundary.msg
[18.366s] -- Up-to-date: /home/ivan/Webots_YOLOv8/install/soccer_vision_3d_msgs/share/soccer_vision_3d_msgs/msg/Goalpost.msg
[18.366s] -- Up-to-date: /home/ivan/Webots_YOLOv8/install/soccer_vision_3d_msgs/share/soccer_vision_3d_msgs/msg/GoalpostArray.msg
[18.366s] -- Up-to-date: /home/ivan/Webots_YOLOv8/install/soccer_vision_3d_msgs/share/soccer_vision_3d_msgs/msg/MarkingEllipse.msg
[18.367s] -- Up-to-date: /home/ivan/Webots_YOLOv8/install/soccer_vision_3d_msgs/share/soccer_vision_3d_msgs/msg/MarkingIntersection.msg
[18.367s] -- Up-to-date: /home/ivan/Webots_YOLOv8/install/soccer_vision_3d_msgs/share/soccer_vision_3d_msgs/msg/MarkingSegment.msg
[18.367s] -- Up-to-date: /home/ivan/Webots_YOLOv8/install/soccer_vision_3d_msgs/share/soccer_vision_3d_msgs/msg/MarkingArray.msg
[18.367s] -- Up-to-date: /home/ivan/Webots_YOLOv8/install/soccer_vision_3d_msgs/share/soccer_vision_3d_msgs/msg/Obstacle.msg
[18.367s] -- Up-to-date: /home/ivan/Webots_YOLOv8/install/soccer_vision_3d_msgs/share/soccer_vision_3d_msgs/msg/ObstacleArray.msg
[18.367s] -- Up-to-date: /home/ivan/Webots_YOLOv8/install/soccer_vision_3d_msgs/share/soccer_vision_3d_msgs/msg/Robot.msg
[18.367s] -- Up-to-date: /home/ivan/Webots_YOLOv8/install/soccer_vision_3d_msgs/share/soccer_vision_3d_msgs/msg/RobotArray.msg
[18.367s] -- Up-to-date: /home/ivan/Webots_YOLOv8/install/soccer_vision_3d_msgs/share/ament_index/resource_index/package_run_dependencies/soccer_vision_3d_msgs
[18.367s] -- Installing: /home/ivan/Webots_YOLOv8/install/soccer_vision_3d_msgs/share/ament_index/resource_index/parent_prefix_path/soccer_vision_3d_msgs
[18.367s] -- Installing: /home/ivan/Webots_YOLOv8/install/soccer_vision_3d_msgs/share/soccer_vision_3d_msgs/environment/ament_prefix_path.sh
[18.368s] -- Installing: /home/ivan/Webots_YOLOv8/install/soccer_vision_3d_msgs/share/soccer_vision_3d_msgs/environment/ament_prefix_path.dsv
[18.368s] -- Installing: /home/ivan/Webots_YOLOv8/install/soccer_vision_3d_msgs/share/soccer_vision_3d_msgs/environment/path.sh
[18.368s] -- Installing: /home/ivan/Webots_YOLOv8/install/soccer_vision_3d_msgs/share/soccer_vision_3d_msgs/environment/path.dsv
[18.368s] -- Up-to-date: /home/ivan/Webots_YOLOv8/install/soccer_vision_3d_msgs/share/soccer_vision_3d_msgs/local_setup.bash
[18.368s] -- Up-to-date: /home/ivan/Webots_YOLOv8/install/soccer_vision_3d_msgs/share/soccer_vision_3d_msgs/local_setup.sh
[18.368s] -- Up-to-date: /home/ivan/Webots_YOLOv8/install/soccer_vision_3d_msgs/share/soccer_vision_3d_msgs/local_setup.zsh
[18.368s] -- Installing: /home/ivan/Webots_YOLOv8/install/soccer_vision_3d_msgs/share/soccer_vision_3d_msgs/local_setup.dsv
[18.369s] -- Installing: /home/ivan/Webots_YOLOv8/install/soccer_vision_3d_msgs/share/soccer_vision_3d_msgs/package.dsv
[18.369s] -- Up-to-date: /home/ivan/Webots_YOLOv8/install/soccer_vision_3d_msgs/share/ament_index/resource_index/packages/soccer_vision_3d_msgs
[18.369s] -- Up-to-date: /home/ivan/Webots_YOLOv8/install/soccer_vision_3d_msgs/share/soccer_vision_3d_msgs/cmake/export_soccer_vision_3d_msgs__rosidl_generator_cExport.cmake
[18.369s] -- Up-to-date: /home/ivan/Webots_YOLOv8/install/soccer_vision_3d_msgs/share/soccer_vision_3d_msgs/cmake/export_soccer_vision_3d_msgs__rosidl_generator_cExport-noconfig.cmake
[18.370s] -- Up-to-date: /home/ivan/Webots_YOLOv8/install/soccer_vision_3d_msgs/share/soccer_vision_3d_msgs/cmake/export_soccer_vision_3d_msgs__rosidl_typesupport_fastrtps_cExport.cmake
[18.370s] -- Up-to-date: /home/ivan/Webots_YOLOv8/install/soccer_vision_3d_msgs/share/soccer_vision_3d_msgs/cmake/export_soccer_vision_3d_msgs__rosidl_typesupport_fastrtps_cExport-noconfig.cmake
[18.370s] -- Up-to-date: /home/ivan/Webots_YOLOv8/install/soccer_vision_3d_msgs/share/soccer_vision_3d_msgs/cmake/soccer_vision_3d_msgs__rosidl_typesupport_introspection_cExport.cmake
[18.370s] -- Up-to-date: /home/ivan/Webots_YOLOv8/install/soccer_vision_3d_msgs/share/soccer_vision_3d_msgs/cmake/soccer_vision_3d_msgs__rosidl_typesupport_introspection_cExport-noconfig.cmake
[18.371s] -- Up-to-date: /home/ivan/Webots_YOLOv8/install/soccer_vision_3d_msgs/share/soccer_vision_3d_msgs/cmake/soccer_vision_3d_msgs__rosidl_typesupport_cExport.cmake
[18.371s] -- Up-to-date: /home/ivan/Webots_YOLOv8/install/soccer_vision_3d_msgs/share/soccer_vision_3d_msgs/cmake/soccer_vision_3d_msgs__rosidl_typesupport_cExport-noconfig.cmake
[18.372s] -- Up-to-date: /home/ivan/Webots_YOLOv8/install/soccer_vision_3d_msgs/share/soccer_vision_3d_msgs/cmake/export_soccer_vision_3d_msgs__rosidl_generator_cppExport.cmake
[18.373s] -- Up-to-date: /home/ivan/Webots_YOLOv8/install/soccer_vision_3d_msgs/share/soccer_vision_3d_msgs/cmake/export_soccer_vision_3d_msgs__rosidl_typesupport_fastrtps_cppExport.cmake
[18.373s] -- Up-to-date: /home/ivan/Webots_YOLOv8/install/soccer_vision_3d_msgs/share/soccer_vision_3d_msgs/cmake/export_soccer_vision_3d_msgs__rosidl_typesupport_fastrtps_cppExport-noconfig.cmake
[18.373s] -- Up-to-date: /home/ivan/Webots_YOLOv8/install/soccer_vision_3d_msgs/share/soccer_vision_3d_msgs/cmake/soccer_vision_3d_msgs__rosidl_typesupport_introspection_cppExport.cmake
[18.373s] -- Up-to-date: /home/ivan/Webots_YOLOv8/install/soccer_vision_3d_msgs/share/soccer_vision_3d_msgs/cmake/soccer_vision_3d_msgs__rosidl_typesupport_introspection_cppExport-noconfig.cmake
[18.373s] -- Up-to-date: /home/ivan/Webots_YOLOv8/install/soccer_vision_3d_msgs/share/soccer_vision_3d_msgs/cmake/soccer_vision_3d_msgs__rosidl_typesupport_cppExport.cmake
[18.374s] -- Up-to-date: /home/ivan/Webots_YOLOv8/install/soccer_vision_3d_msgs/share/soccer_vision_3d_msgs/cmake/soccer_vision_3d_msgs__rosidl_typesupport_cppExport-noconfig.cmake
[18.374s] -- Up-to-date: /home/ivan/Webots_YOLOv8/install/soccer_vision_3d_msgs/share/soccer_vision_3d_msgs/cmake/export_soccer_vision_3d_msgs__rosidl_generator_pyExport.cmake
[18.374s] -- Up-to-date: /home/ivan/Webots_YOLOv8/install/soccer_vision_3d_msgs/share/soccer_vision_3d_msgs/cmake/export_soccer_vision_3d_msgs__rosidl_generator_pyExport-noconfig.cmake
[18.374s] -- Up-to-date: /home/ivan/Webots_YOLOv8/install/soccer_vision_3d_msgs/share/soccer_vision_3d_msgs/cmake/rosidl_cmake-extras.cmake
[18.374s] -- Up-to-date: /home/ivan/Webots_YOLOv8/install/soccer_vision_3d_msgs/share/soccer_vision_3d_msgs/cmake/ament_cmake_export_dependencies-extras.cmake
[18.374s] -- Up-to-date: /home/ivan/Webots_YOLOv8/install/soccer_vision_3d_msgs/share/soccer_vision_3d_msgs/cmake/ament_cmake_export_include_directories-extras.cmake
[18.374s] -- Up-to-date: /home/ivan/Webots_YOLOv8/install/soccer_vision_3d_msgs/share/soccer_vision_3d_msgs/cmake/ament_cmake_export_libraries-extras.cmake
[18.375s] -- Up-to-date: /home/ivan/Webots_YOLOv8/install/soccer_vision_3d_msgs/share/soccer_vision_3d_msgs/cmake/ament_cmake_export_targets-extras.cmake
[18.375s] -- Up-to-date: /home/ivan/Webots_YOLOv8/install/soccer_vision_3d_msgs/share/soccer_vision_3d_msgs/cmake/rosidl_cmake_export_typesupport_targets-extras.cmake
[18.375s] -- Up-to-date: /home/ivan/Webots_YOLOv8/install/soccer_vision_3d_msgs/share/soccer_vision_3d_msgs/cmake/rosidl_cmake_export_typesupport_libraries-extras.cmake
[18.375s] -- Up-to-date: /home/ivan/Webots_YOLOv8/install/soccer_vision_3d_msgs/share/soccer_vision_3d_msgs/cmake/soccer_vision_3d_msgsConfig.cmake
[18.375s] -- Up-to-date: /home/ivan/Webots_YOLOv8/install/soccer_vision_3d_msgs/share/soccer_vision_3d_msgs/cmake/soccer_vision_3d_msgsConfig-version.cmake
[18.375s] -- Up-to-date: /home/ivan/Webots_YOLOv8/install/soccer_vision_3d_msgs/share/soccer_vision_3d_msgs/package.xml
[18.379s] Invoked command in '/home/ivan/Webots_YOLOv8/build/soccer_vision_3d_msgs' returned '0': CMAKE_PREFIX_PATH=/home/ivan/Webots_YOLOv8/install/soccer_vision_attribute_msgs:/home/ivan/Webots_YOLOv8/install/soccer_interfaces:/home/ivan/Webots_YOLOv8/install/soccer_vision_3d_msgs:/home/ivan/Webots_YOLOv8/install/soccer_vision_2d_msgs:/home/ivan/Webots_YOLOv8/install/soccer_model_msgs:/home/ivan/Webots_YOLOv8/install/soccer_geometry_msgs:/home/ivan/Webots_YOLOv8/install/ipm_interfaces:/home/ivan/Webots_YOLOv8/install/Webots_YOLOv8:/home/ivan/Webots_YOLOv8/install/soccer_ipm:/home/ivan/Webots_YOLOv8/install/my_package:/home/ivan/Webots_YOLOv8/install/ipm_service:/home/ivan/Webots_YOLOv8/install/ipm_image_node:/home/ivan/Webots_YOLOv8/install/ipm_library:/opt/ros/humble LD_LIBRARY_PATH=/home/ivan/Webots_YOLOv8/install/soccer_vision_attribute_msgs/lib:/home/ivan/Webots_YOLOv8/install/soccer_vision_3d_msgs/lib:/home/ivan/Webots_YOLOv8/install/soccer_vision_2d_msgs/lib:/home/ivan/Webots_YOLOv8/install/soccer_model_msgs/lib:/home/ivan/Webots_YOLOv8/install/soccer_geometry_msgs/lib:/home/ivan/Webots_YOLOv8/install/ipm_interfaces/lib:/opt/ros/humble/opt/rviz_ogre_vendor/lib:/opt/ros/humble/lib/x86_64-linux-gnu:/opt/ros/humble/lib /usr/bin/cmake --install /home/ivan/Webots_YOLOv8/build/soccer_vision_3d_msgs
