[1.516s] Invoking command in '/home/ivan/Webots_YOLOv8/src/my_package': PYTHONPATH=/home/ivan/Webots_YOLOv8/build/my_package/prefix_override:/usr/lib/python3/dist-packages/colcon_core/task/python/colcon_distutils_commands:/home/ivan/Webots_YOLOv8/install/my_package/lib/python3.10/site-packages:${PYTHONPATH} /usr/bin/python3 -W ignore:setup.py install is deprecated -W ignore:easy_install command is deprecated setup.py egg_info --egg-base ../../build/my_package build --build-base /home/ivan/Webots_YOLOv8/build/my_package/build install --record /home/ivan/Webots_YOLOv8/build/my_package/install.log --single-version-externally-managed install_data
[2.032s] running egg_info
[2.033s] writing ../../build/my_package/my_package.egg-info/PKG-INFO
[2.033s] writing dependency_links to ../../build/my_package/my_package.egg-info/dependency_links.txt
[2.033s] writing entry points to ../../build/my_package/my_package.egg-info/entry_points.txt
[2.034s] writing requirements to ../../build/my_package/my_package.egg-info/requires.txt
[2.034s] writing top-level names to ../../build/my_package/my_package.egg-info/top_level.txt
[2.036s] reading manifest file '../../build/my_package/my_package.egg-info/SOURCES.txt'
[2.037s] adding license file 'LICENSE'
[2.038s] writing manifest file '../../build/my_package/my_package.egg-info/SOURCES.txt'
[2.038s] running build
[2.038s] running build_py
[2.039s] running install
[2.039s] running install_lib
[2.041s] running install_data
[2.042s] running install_egg_info
[2.044s] removing '/home/ivan/Webots_YOLOv8/install/my_package/lib/python3.10/site-packages/my_package-0.0.0-py3.10.egg-info' (and everything under it)
[2.045s] Copying ../../build/my_package/my_package.egg-info to /home/ivan/Webots_YOLOv8/install/my_package/lib/python3.10/site-packages/my_package-0.0.0-py3.10.egg-info
[2.046s] running install_scripts
[2.075s] Installing keyboard_teleop script to /home/ivan/Webots_YOLOv8/install/my_package/lib/my_package
[2.075s] Installing my_robot_driver script to /home/ivan/Webots_YOLOv8/install/my_package/lib/my_package
[2.075s] writing list of installed files to '/home/ivan/Webots_YOLOv8/build/my_package/install.log'
[2.121s] Invoked command in '/home/ivan/Webots_YOLOv8/src/my_package' returned '0': PYTHONPATH=/home/ivan/Webots_YOLOv8/build/my_package/prefix_override:/usr/lib/python3/dist-packages/colcon_core/task/python/colcon_distutils_commands:/home/ivan/Webots_YOLOv8/install/my_package/lib/python3.10/site-packages:${PYTHONPATH} /usr/bin/python3 -W ignore:setup.py install is deprecated -W ignore:easy_install command is deprecated setup.py egg_info --egg-base ../../build/my_package build --build-base /home/ivan/Webots_YOLOv8/build/my_package/build install --record /home/ivan/Webots_YOLOv8/build/my_package/install.log --single-version-externally-managed install_data
