[0.689s] Invoking command in '/home/ivan/Webots_YOLOv8/src/Webots_YOLOv8': AMENT_PREFIX_PATH=/home/ivan/Webots_YOLOv8/install/soccer_ipm:/home/ivan/Webots_YOLOv8/install/soccer_vision_3d_msgs:/home/ivan/Webots_YOLOv8/install/soccer_vision_2d_msgs:/home/ivan/Webots_YOLOv8/install/ipm_library:/home/ivan/Webots_YOLOv8/install/soccer_vision_attribute_msgs:/home/ivan/Webots_YOLOv8/install/ipm_interfaces:${AMENT_PREFIX_PATH} CMAKE_PREFIX_PATH=/home/ivan/Webots_YOLOv8/install/soccer_vision_3d_msgs:/home/ivan/Webots_YOLOv8/install/soccer_vision_2d_msgs:/home/ivan/Webots_YOLOv8/install/soccer_vision_attribute_msgs:/home/ivan/Webots_YOLOv8/install/ipm_interfaces LD_LIBRARY_PATH=/home/ivan/Webots_YOLOv8/install/soccer_vision_3d_msgs/lib:/home/ivan/Webots_YOLOv8/install/soccer_vision_2d_msgs/lib:/home/ivan/Webots_YOLOv8/install/soccer_vision_attribute_msgs/lib:/home/ivan/Webots_YOLOv8/install/ipm_interfaces/lib:${LD_LIBRARY_PATH} PYTHONPATH=/home/ivan/Webots_YOLOv8/build/Webots_YOLOv8/prefix_override:/usr/lib/python3/dist-packages/colcon_core/task/python/colcon_distutils_commands:/home/ivan/Webots_YOLOv8/install/Webots_YOLOv8/lib/python3.10/site-packages:/home/ivan/Webots_YOLOv8/install/soccer_ipm/lib/python3.10/site-packages:/home/ivan/Webots_YOLOv8/install/soccer_vision_3d_msgs/local/lib/python3.10/dist-packages:/home/ivan/Webots_YOLOv8/install/soccer_vision_2d_msgs/local/lib/python3.10/dist-packages:/home/ivan/Webots_YOLOv8/install/ipm_library/lib/python3.10/site-packages:/home/ivan/Webots_YOLOv8/install/soccer_vision_attribute_msgs/local/lib/python3.10/dist-packages:/home/ivan/Webots_YOLOv8/install/ipm_interfaces/local/lib/python3.10/dist-packages:${PYTHONPATH} /usr/bin/python3 -W ignore:setup.py install is deprecated -W ignore:easy_install command is deprecated setup.py egg_info --egg-base ../../build/Webots_YOLOv8 build --build-base /home/ivan/Webots_YOLOv8/build/Webots_YOLOv8/build install --record /home/ivan/Webots_YOLOv8/build/Webots_YOLOv8/install.log --single-version-externally-managed install_data
[0.924s] running egg_info
[0.924s] writing ../../build/Webots_YOLOv8/Webots_YOLOv8.egg-info/PKG-INFO
[0.928s] writing dependency_links to ../../build/Webots_YOLOv8/Webots_YOLOv8.egg-info/dependency_links.txt
[0.928s] writing entry points to ../../build/Webots_YOLOv8/Webots_YOLOv8.egg-info/entry_points.txt
[0.928s] writing requirements to ../../build/Webots_YOLOv8/Webots_YOLOv8.egg-info/requires.txt
[0.928s] writing top-level names to ../../build/Webots_YOLOv8/Webots_YOLOv8.egg-info/top_level.txt
[0.930s] reading manifest file '../../build/Webots_YOLOv8/Webots_YOLOv8.egg-info/SOURCES.txt'
[0.932s] writing manifest file '../../build/Webots_YOLOv8/Webots_YOLOv8.egg-info/SOURCES.txt'
[0.932s] running build
[0.932s] running build_py
[0.933s] copying Webots_YOLOv8/yolo_simulation.py -> /home/ivan/Webots_YOLOv8/build/Webots_YOLOv8/build/lib/Webots_YOLOv8
[0.933s] copying Webots_YOLOv8/def_white_threshold.py -> /home/ivan/Webots_YOLOv8/build/Webots_YOLOv8/build/lib/Webots_YOLOv8
[0.933s] copying Webots_YOLOv8/segmentacao.py -> /home/ivan/Webots_YOLOv8/build/Webots_YOLOv8/build/lib/Webots_YOLOv8
[0.934s] running install
[0.934s] running install_lib
[0.935s] copying /home/ivan/Webots_YOLOv8/build/Webots_YOLOv8/build/lib/Webots_YOLOv8/yolo_simulation.py -> /home/ivan/Webots_YOLOv8/install/Webots_YOLOv8/lib/python3.10/site-packages/Webots_YOLOv8
[0.935s] copying /home/ivan/Webots_YOLOv8/build/Webots_YOLOv8/build/lib/Webots_YOLOv8/def_white_threshold.py -> /home/ivan/Webots_YOLOv8/install/Webots_YOLOv8/lib/python3.10/site-packages/Webots_YOLOv8
[0.936s] copying /home/ivan/Webots_YOLOv8/build/Webots_YOLOv8/build/lib/Webots_YOLOv8/segmentacao.py -> /home/ivan/Webots_YOLOv8/install/Webots_YOLOv8/lib/python3.10/site-packages/Webots_YOLOv8
[0.936s] byte-compiling /home/ivan/Webots_YOLOv8/install/Webots_YOLOv8/lib/python3.10/site-packages/Webots_YOLOv8/yolo_simulation.py to yolo_simulation.cpython-310.pyc
[0.937s] byte-compiling /home/ivan/Webots_YOLOv8/install/Webots_YOLOv8/lib/python3.10/site-packages/Webots_YOLOv8/def_white_threshold.py to def_white_threshold.cpython-310.pyc
[0.938s] byte-compiling /home/ivan/Webots_YOLOv8/install/Webots_YOLOv8/lib/python3.10/site-packages/Webots_YOLOv8/segmentacao.py to segmentacao.cpython-310.pyc
[0.942s] running install_data
[0.943s] creating /home/ivan/Webots_YOLOv8/install/Webots_YOLOv8/share/Webots_YOLOv8/recursos
[0.943s] copying recursos/white_pixels.csv -> /home/ivan/Webots_YOLOv8/install/Webots_YOLOv8/share/Webots_YOLOv8/recursos
[0.943s] copying recursos/green_pixels.csv -> /home/ivan/Webots_YOLOv8/install/Webots_YOLOv8/share/Webots_YOLOv8/recursos
[0.943s] running install_egg_info
[0.945s] removing '/home/ivan/Webots_YOLOv8/install/Webots_YOLOv8/lib/python3.10/site-packages/Webots_YOLOv8-0.0.1-py3.10.egg-info' (and everything under it)
[0.945s] Copying ../../build/Webots_YOLOv8/Webots_YOLOv8.egg-info to /home/ivan/Webots_YOLOv8/install/Webots_YOLOv8/lib/python3.10/site-packages/Webots_YOLOv8-0.0.1-py3.10.egg-info
[0.946s] running install_scripts
[0.964s] Installing finder script to /home/ivan/Webots_YOLOv8/install/Webots_YOLOv8/lib/Webots_YOLOv8
[0.965s] writing list of installed files to '/home/ivan/Webots_YOLOv8/build/Webots_YOLOv8/install.log'
[0.996s] Invoked command in '/home/ivan/Webots_YOLOv8/src/Webots_YOLOv8' returned '0': AMENT_PREFIX_PATH=/home/ivan/Webots_YOLOv8/install/soccer_ipm:/home/ivan/Webots_YOLOv8/install/soccer_vision_3d_msgs:/home/ivan/Webots_YOLOv8/install/soccer_vision_2d_msgs:/home/ivan/Webots_YOLOv8/install/ipm_library:/home/ivan/Webots_YOLOv8/install/soccer_vision_attribute_msgs:/home/ivan/Webots_YOLOv8/install/ipm_interfaces:${AMENT_PREFIX_PATH} CMAKE_PREFIX_PATH=/home/ivan/Webots_YOLOv8/install/soccer_vision_3d_msgs:/home/ivan/Webots_YOLOv8/install/soccer_vision_2d_msgs:/home/ivan/Webots_YOLOv8/install/soccer_vision_attribute_msgs:/home/ivan/Webots_YOLOv8/install/ipm_interfaces LD_LIBRARY_PATH=/home/ivan/Webots_YOLOv8/install/soccer_vision_3d_msgs/lib:/home/ivan/Webots_YOLOv8/install/soccer_vision_2d_msgs/lib:/home/ivan/Webots_YOLOv8/install/soccer_vision_attribute_msgs/lib:/home/ivan/Webots_YOLOv8/install/ipm_interfaces/lib:${LD_LIBRARY_PATH} PYTHONPATH=/home/ivan/Webots_YOLOv8/build/Webots_YOLOv8/prefix_override:/usr/lib/python3/dist-packages/colcon_core/task/python/colcon_distutils_commands:/home/ivan/Webots_YOLOv8/install/Webots_YOLOv8/lib/python3.10/site-packages:/home/ivan/Webots_YOLOv8/install/soccer_ipm/lib/python3.10/site-packages:/home/ivan/Webots_YOLOv8/install/soccer_vision_3d_msgs/local/lib/python3.10/dist-packages:/home/ivan/Webots_YOLOv8/install/soccer_vision_2d_msgs/local/lib/python3.10/dist-packages:/home/ivan/Webots_YOLOv8/install/ipm_library/lib/python3.10/site-packages:/home/ivan/Webots_YOLOv8/install/soccer_vision_attribute_msgs/local/lib/python3.10/dist-packages:/home/ivan/Webots_YOLOv8/install/ipm_interfaces/local/lib/python3.10/dist-packages:${PYTHONPATH} /usr/bin/python3 -W ignore:setup.py install is deprecated -W ignore:easy_install command is deprecated setup.py egg_info --egg-base ../../build/Webots_YOLOv8 build --build-base /home/ivan/Webots_YOLOv8/build/Webots_YOLOv8/build install --record /home/ivan/Webots_YOLOv8/build/Webots_YOLOv8/install.log --single-version-externally-managed install_data
