[1.609s] Invoking command in '/home/ivan/Webots_YOLOv8/src/Webots_YOLOv8': AMENT_PREFIX_PATH=/home/ivan/Webots_YOLOv8/install/soccer_vision_2d_msgs:/home/ivan/Webots_YOLOv8/install/soccer_vision_attribute_msgs:${AMENT_PREFIX_PATH} CMAKE_PREFIX_PATH=/home/ivan/Webots_YOLOv8/install/soccer_vision_2d_msgs:/home/ivan/Webots_YOLOv8/install/soccer_vision_attribute_msgs:${CMAKE_PREFIX_PATH} LD_LIBRARY_PATH=/home/ivan/Webots_YOLOv8/install/soccer_vision_2d_msgs/lib:/home/ivan/Webots_YOLOv8/install/soccer_vision_attribute_msgs/lib:${LD_LIBRARY_PATH} PYTHONPATH=/home/ivan/Webots_YOLOv8/build/Webots_YOLOv8/prefix_override:/usr/lib/python3/dist-packages/colcon_core/task/python/colcon_distutils_commands:/home/ivan/Webots_YOLOv8/install/Webots_YOLOv8/lib/python3.10/site-packages:/home/ivan/Webots_YOLOv8/install/soccer_vision_2d_msgs/local/lib/python3.10/dist-packages:/home/ivan/Webots_YOLOv8/install/soccer_vision_attribute_msgs/local/lib/python3.10/dist-packages:${PYTHONPATH} /usr/bin/python3 -W ignore:setup.py install is deprecated -W ignore:easy_install command is deprecated setup.py egg_info --egg-base ../../build/Webots_YOLOv8 build --build-base /home/ivan/Webots_YOLOv8/build/Webots_YOLOv8/build install --record /home/ivan/Webots_YOLOv8/build/Webots_YOLOv8/install.log --single-version-externally-managed install_data
[1.982s] running egg_info
[1.983s] writing ../../build/Webots_YOLOv8/Webots_YOLOv8.egg-info/PKG-INFO
[1.983s] writing dependency_links to ../../build/Webots_YOLOv8/Webots_YOLOv8.egg-info/dependency_links.txt
[1.983s] writing entry points to ../../build/Webots_YOLOv8/Webots_YOLOv8.egg-info/entry_points.txt
[1.983s] writing requirements to ../../build/Webots_YOLOv8/Webots_YOLOv8.egg-info/requires.txt
[1.983s] writing top-level names to ../../build/Webots_YOLOv8/Webots_YOLOv8.egg-info/top_level.txt
[1.983s] reading manifest file '../../build/Webots_YOLOv8/Webots_YOLOv8.egg-info/SOURCES.txt'
[1.983s] writing manifest file '../../build/Webots_YOLOv8/Webots_YOLOv8.egg-info/SOURCES.txt'
[1.984s] running build
[1.984s] running build_py
[1.984s] running install
[1.984s] running install_lib
[1.984s] running install_data
[1.984s] running install_egg_info
[1.984s] removing '/home/ivan/Webots_YOLOv8/install/Webots_YOLOv8/lib/python3.10/site-packages/Webots_YOLOv8-0.0.1-py3.10.egg-info' (and everything under it)
[1.984s] Copying ../../build/Webots_YOLOv8/Webots_YOLOv8.egg-info to /home/ivan/Webots_YOLOv8/install/Webots_YOLOv8/lib/python3.10/site-packages/Webots_YOLOv8-0.0.1-py3.10.egg-info
[1.985s] running install_scripts
[1.985s] Installing finder script to /home/ivan/Webots_YOLOv8/install/Webots_YOLOv8/lib/Webots_YOLOv8
[1.987s] writing list of installed files to '/home/ivan/Webots_YOLOv8/build/Webots_YOLOv8/install.log'
[2.032s] Invoked command in '/home/ivan/Webots_YOLOv8/src/Webots_YOLOv8' returned '0': AMENT_PREFIX_PATH=/home/ivan/Webots_YOLOv8/install/soccer_vision_2d_msgs:/home/ivan/Webots_YOLOv8/install/soccer_vision_attribute_msgs:${AMENT_PREFIX_PATH} CMAKE_PREFIX_PATH=/home/ivan/Webots_YOLOv8/install/soccer_vision_2d_msgs:/home/ivan/Webots_YOLOv8/install/soccer_vision_attribute_msgs:${CMAKE_PREFIX_PATH} LD_LIBRARY_PATH=/home/ivan/Webots_YOLOv8/install/soccer_vision_2d_msgs/lib:/home/ivan/Webots_YOLOv8/install/soccer_vision_attribute_msgs/lib:${LD_LIBRARY_PATH} PYTHONPATH=/home/ivan/Webots_YOLOv8/build/Webots_YOLOv8/prefix_override:/usr/lib/python3/dist-packages/colcon_core/task/python/colcon_distutils_commands:/home/ivan/Webots_YOLOv8/install/Webots_YOLOv8/lib/python3.10/site-packages:/home/ivan/Webots_YOLOv8/install/soccer_vision_2d_msgs/local/lib/python3.10/dist-packages:/home/ivan/Webots_YOLOv8/install/soccer_vision_attribute_msgs/local/lib/python3.10/dist-packages:${PYTHONPATH} /usr/bin/python3 -W ignore:setup.py install is deprecated -W ignore:easy_install command is deprecated setup.py egg_info --egg-base ../../build/Webots_YOLOv8 build --build-base /home/ivan/Webots_YOLOv8/build/Webots_YOLOv8/build install --record /home/ivan/Webots_YOLOv8/build/Webots_YOLOv8/install.log --single-version-externally-managed install_data
