[0.421s] Invoking command in '/home/ivan/Webots_YOLOv8/build/soccer_vision_2d_msgs': CMAKE_PREFIX_PATH=/home/ivan/Webots_YOLOv8/install/soccer_vision_attribute_msgs:/home/ivan/Webots_YOLOv8/install/soccer_interfaces:/home/ivan/Webots_YOLOv8/install/soccer_vision_3d_msgs:/home/ivan/Webots_YOLOv8/install/soccer_vision_2d_msgs:/home/ivan/Webots_YOLOv8/install/soccer_model_msgs:/home/ivan/Webots_YOLOv8/install/soccer_geometry_msgs:/home/ivan/Webots_YOLOv8/install/ipm_interfaces:/home/ivan/ros2_ws/install/edrom_msgs:/home/ivan/Webots_YOLOv8/install/soccer_ipm:/home/ivan/Webots_YOLOv8/install/Webots_YOLOv8:/home/ivan/Webots_YOLOv8/install/my_package:/home/ivan/Webots_YOLOv8/install/ipm_service:/home/ivan/Webots_YOLOv8/install/ipm_image_node:/home/ivan/Webots_YOLOv8/install/ipm_library:/home/ivan/ros2_ws/install/object_finder_onnx:/home/ivan/ros2_ws/install/object_finder:/home/ivan/ros2_ws/install/my_package:/home/ivan/ros2_ws/install/Webots_YOLOv8:/opt/ros/humble LD_LIBRARY_PATH=/home/ivan/Webots_YOLOv8/install/soccer_vision_attribute_msgs/lib:/home/ivan/Webots_YOLOv8/install/soccer_vision_3d_msgs/lib:/home/ivan/Webots_YOLOv8/install/soccer_vision_2d_msgs/lib:/home/ivan/Webots_YOLOv8/install/soccer_model_msgs/lib:/home/ivan/Webots_YOLOv8/install/soccer_geometry_msgs/lib:/home/ivan/Webots_YOLOv8/install/ipm_interfaces/lib:/home/ivan/ros2_ws/install/edrom_msgs/lib:/opt/ros/humble/opt/rviz_ogre_vendor/lib:/opt/ros/humble/lib/x86_64-linux-gnu:/opt/ros/humble/lib /usr/bin/cmake --build /home/ivan/Webots_YOLOv8/build/soccer_vision_2d_msgs -- -j12 -l12
[0.510s] [35m[1mConsolidate compiler generated dependencies of target soccer_vision_2d_msgs__rosidl_generator_c[0m
[0.530s] [  0%] Built target soccer_vision_2d_msgs__cpp
[0.552s] [ 12%] Built target soccer_vision_2d_msgs__rosidl_generator_c
[0.573s] [35m[1mConsolidate compiler generated dependencies of target soccer_vision_2d_msgs__rosidl_typesupport_fastrtps_cpp[0m
[0.589s] [35m[1mConsolidate compiler generated dependencies of target soccer_vision_2d_msgs__rosidl_typesupport_introspection_cpp[0m
[0.593s] [35m[1mConsolidate compiler generated dependencies of target soccer_vision_2d_msgs__rosidl_typesupport_cpp[0m
[0.613s] [ 12%] Built target ament_cmake_python_copy_soccer_vision_2d_msgs
[0.629s] [35m[1mConsolidate compiler generated dependencies of target soccer_vision_2d_msgs__rosidl_typesupport_introspection_c[0m
[0.632s] [35m[1mConsolidate compiler generated dependencies of target soccer_vision_2d_msgs__rosidl_typesupport_fastrtps_c[0m
[0.638s] [35m[1mConsolidate compiler generated dependencies of target soccer_vision_2d_msgs__rosidl_typesupport_c[0m
[0.651s] [ 24%] Built target soccer_vision_2d_msgs__rosidl_typesupport_fastrtps_cpp
[0.660s] [ 36%] Built target soccer_vision_2d_msgs__rosidl_typesupport_cpp
[0.688s] [ 48%] Built target soccer_vision_2d_msgs__rosidl_typesupport_introspection_cpp
[0.695s] [ 60%] Built target soccer_vision_2d_msgs__rosidl_typesupport_c
[0.707s] [ 72%] Built target soccer_vision_2d_msgs__rosidl_typesupport_fastrtps_c
[0.712s] [ 84%] Built target soccer_vision_2d_msgs__rosidl_typesupport_introspection_c
[0.756s] [ 84%] Built target soccer_vision_2d_msgs
[0.801s] [ 85%] Built target soccer_vision_2d_msgs__py
[0.836s] [35m[1mConsolidate compiler generated dependencies of target soccer_vision_2d_msgs__rosidl_generator_py[0m
[0.887s] [ 96%] Built target soccer_vision_2d_msgs__rosidl_generator_py
[0.919s] [35m[1mConsolidate compiler generated dependencies of target soccer_vision_2d_msgs__rosidl_typesupport_introspection_c__pyext[0m
[0.919s] [35m[1mConsolidate compiler generated dependencies of target soccer_vision_2d_msgs__rosidl_typesupport_fastrtps_c__pyext[0m
[0.929s] [35m[1mConsolidate compiler generated dependencies of target soccer_vision_2d_msgs__rosidl_typesupport_c__pyext[0m
[0.951s] [ 98%] Built target soccer_vision_2d_msgs__rosidl_typesupport_introspection_c__pyext
[0.954s] [ 99%] Built target soccer_vision_2d_msgs__rosidl_typesupport_fastrtps_c__pyext
[0.958s] [100%] Built target soccer_vision_2d_msgs__rosidl_typesupport_c__pyext
[1.197s] running egg_info
[1.200s] writing soccer_vision_2d_msgs.egg-info/PKG-INFO
[1.200s] writing dependency_links to soccer_vision_2d_msgs.egg-info/dependency_links.txt
[1.200s] writing top-level names to soccer_vision_2d_msgs.egg-info/top_level.txt
[1.205s] reading manifest file 'soccer_vision_2d_msgs.egg-info/SOURCES.txt'
[1.205s] writing manifest file 'soccer_vision_2d_msgs.egg-info/SOURCES.txt'
[1.264s] [100%] Built target ament_cmake_python_build_soccer_vision_2d_msgs_egg
[1.286s] Invoked command in '/home/ivan/Webots_YOLOv8/build/soccer_vision_2d_msgs' returned '0': CMAKE_PREFIX_PATH=/home/ivan/Webots_YOLOv8/install/soccer_vision_attribute_msgs:/home/ivan/Webots_YOLOv8/install/soccer_interfaces:/home/ivan/Webots_YOLOv8/install/soccer_vision_3d_msgs:/home/ivan/Webots_YOLOv8/install/soccer_vision_2d_msgs:/home/ivan/Webots_YOLOv8/install/soccer_model_msgs:/home/ivan/Webots_YOLOv8/install/soccer_geometry_msgs:/home/ivan/Webots_YOLOv8/install/ipm_interfaces:/home/ivan/ros2_ws/install/edrom_msgs:/home/ivan/Webots_YOLOv8/install/soccer_ipm:/home/ivan/Webots_YOLOv8/install/Webots_YOLOv8:/home/ivan/Webots_YOLOv8/install/my_package:/home/ivan/Webots_YOLOv8/install/ipm_service:/home/ivan/Webots_YOLOv8/install/ipm_image_node:/home/ivan/Webots_YOLOv8/install/ipm_library:/home/ivan/ros2_ws/install/object_finder_onnx:/home/ivan/ros2_ws/install/object_finder:/home/ivan/ros2_ws/install/my_package:/home/ivan/ros2_ws/install/Webots_YOLOv8:/opt/ros/humble LD_LIBRARY_PATH=/home/ivan/Webots_YOLOv8/install/soccer_vision_attribute_msgs/lib:/home/ivan/Webots_YOLOv8/install/soccer_vision_3d_msgs/lib:/home/ivan/Webots_YOLOv8/install/soccer_vision_2d_msgs/lib:/home/ivan/Webots_YOLOv8/install/soccer_model_msgs/lib:/home/ivan/Webots_YOLOv8/install/soccer_geometry_msgs/lib:/home/ivan/Webots_YOLOv8/install/ipm_interfaces/lib:/home/ivan/ros2_ws/install/edrom_msgs/lib:/opt/ros/humble/opt/rviz_ogre_vendor/lib:/opt/ros/humble/lib/x86_64-linux-gnu:/opt/ros/humble/lib /usr/bin/cmake --build /home/ivan/Webots_YOLOv8/build/soccer_vision_2d_msgs -- -j12 -l12
[1.289s] Invoking command in '/home/ivan/Webots_YOLOv8/build/soccer_vision_2d_msgs': CMAKE_PREFIX_PATH=/home/ivan/Webots_YOLOv8/install/soccer_vision_attribute_msgs:/home/ivan/Webots_YOLOv8/install/soccer_interfaces:/home/ivan/Webots_YOLOv8/install/soccer_vision_3d_msgs:/home/ivan/Webots_YOLOv8/install/soccer_vision_2d_msgs:/home/ivan/Webots_YOLOv8/install/soccer_model_msgs:/home/ivan/Webots_YOLOv8/install/soccer_geometry_msgs:/home/ivan/Webots_YOLOv8/install/ipm_interfaces:/home/ivan/ros2_ws/install/edrom_msgs:/home/ivan/Webots_YOLOv8/install/soccer_ipm:/home/ivan/Webots_YOLOv8/install/Webots_YOLOv8:/home/ivan/Webots_YOLOv8/install/my_package:/home/ivan/Webots_YOLOv8/install/ipm_service:/home/ivan/Webots_YOLOv8/install/ipm_image_node:/home/ivan/Webots_YOLOv8/install/ipm_library:/home/ivan/ros2_ws/install/object_finder_onnx:/home/ivan/ros2_ws/install/object_finder:/home/ivan/ros2_ws/install/my_package:/home/ivan/ros2_ws/install/Webots_YOLOv8:/opt/ros/humble LD_LIBRARY_PATH=/home/ivan/Webots_YOLOv8/install/soccer_vision_attribute_msgs/lib:/home/ivan/Webots_YOLOv8/install/soccer_vision_3d_msgs/lib:/home/ivan/Webots_YOLOv8/install/soccer_vision_2d_msgs/lib:/home/ivan/Webots_YOLOv8/install/soccer_model_msgs/lib:/home/ivan/Webots_YOLOv8/install/soccer_geometry_msgs/lib:/home/ivan/Webots_YOLOv8/install/ipm_interfaces/lib:/home/ivan/ros2_ws/install/edrom_msgs/lib:/opt/ros/humble/opt/rviz_ogre_vendor/lib:/opt/ros/humble/lib/x86_64-linux-gnu:/opt/ros/humble/lib /usr/bin/cmake --install /home/ivan/Webots_YOLOv8/build/soccer_vision_2d_msgs
[1.303s] -- Install configuration: ""
[1.303s] -- Up-to-date: /home/ivan/Webots_YOLOv8/install/soccer_vision_2d_msgs/share/ament_index/resource_index/rosidl_interfaces/soccer_vision_2d_msgs
[1.303s] -- Up-to-date: /home/ivan/Webots_YOLOv8/install/soccer_vision_2d_msgs/include/soccer_vision_2d_msgs/soccer_vision_2d_msgs
[1.303s] -- Up-to-date: /home/ivan/Webots_YOLOv8/install/soccer_vision_2d_msgs/include/soccer_vision_2d_msgs/soccer_vision_2d_msgs/msg
[1.303s] -- Up-to-date: /home/ivan/Webots_YOLOv8/install/soccer_vision_2d_msgs/include/soccer_vision_2d_msgs/soccer_vision_2d_msgs/msg/detail
[1.304s] -- Up-to-date: /home/ivan/Webots_YOLOv8/install/soccer_vision_2d_msgs/include/soccer_vision_2d_msgs/soccer_vision_2d_msgs/msg/detail/marking_intersection__functions.h
[1.304s] -- Up-to-date: /home/ivan/Webots_YOLOv8/install/soccer_vision_2d_msgs/include/soccer_vision_2d_msgs/soccer_vision_2d_msgs/msg/detail/robot__functions.h
[1.304s] -- Up-to-date: /home/ivan/Webots_YOLOv8/install/soccer_vision_2d_msgs/include/soccer_vision_2d_msgs/soccer_vision_2d_msgs/msg/detail/robot__struct.h
[1.305s] -- Up-to-date: /home/ivan/Webots_YOLOv8/install/soccer_vision_2d_msgs/include/soccer_vision_2d_msgs/soccer_vision_2d_msgs/msg/detail/obstacle_array__functions.c
[1.305s] -- Up-to-date: /home/ivan/Webots_YOLOv8/install/soccer_vision_2d_msgs/include/soccer_vision_2d_msgs/soccer_vision_2d_msgs/msg/detail/obstacle__struct.h
[1.305s] -- Up-to-date: /home/ivan/Webots_YOLOv8/install/soccer_vision_2d_msgs/include/soccer_vision_2d_msgs/soccer_vision_2d_msgs/msg/detail/marking_segment__struct.h
[1.306s] -- Up-to-date: /home/ivan/Webots_YOLOv8/install/soccer_vision_2d_msgs/include/soccer_vision_2d_msgs/soccer_vision_2d_msgs/msg/detail/field_boundary__type_support.h
[1.306s] -- Up-to-date: /home/ivan/Webots_YOLOv8/install/soccer_vision_2d_msgs/include/soccer_vision_2d_msgs/soccer_vision_2d_msgs/msg/detail/obstacle_array__functions.h
[1.306s] -- Up-to-date: /home/ivan/Webots_YOLOv8/install/soccer_vision_2d_msgs/include/soccer_vision_2d_msgs/soccer_vision_2d_msgs/msg/detail/marking_array__functions.h
[1.306s] -- Up-to-date: /home/ivan/Webots_YOLOv8/install/soccer_vision_2d_msgs/include/soccer_vision_2d_msgs/soccer_vision_2d_msgs/msg/detail/robot_array__struct.h
[1.306s] -- Up-to-date: /home/ivan/Webots_YOLOv8/install/soccer_vision_2d_msgs/include/soccer_vision_2d_msgs/soccer_vision_2d_msgs/msg/detail/obstacle_array__type_support.h
[1.306s] -- Up-to-date: /home/ivan/Webots_YOLOv8/install/soccer_vision_2d_msgs/include/soccer_vision_2d_msgs/soccer_vision_2d_msgs/msg/detail/marking_segment__type_support.h
[1.306s] -- Up-to-date: /home/ivan/Webots_YOLOv8/install/soccer_vision_2d_msgs/include/soccer_vision_2d_msgs/soccer_vision_2d_msgs/msg/detail/marking_array__functions.c
[1.306s] -- Up-to-date: /home/ivan/Webots_YOLOv8/install/soccer_vision_2d_msgs/include/soccer_vision_2d_msgs/soccer_vision_2d_msgs/msg/detail/marking_segment__functions.h
[1.306s] -- Up-to-date: /home/ivan/Webots_YOLOv8/install/soccer_vision_2d_msgs/include/soccer_vision_2d_msgs/soccer_vision_2d_msgs/msg/detail/obstacle__functions.c
[1.306s] -- Up-to-date: /home/ivan/Webots_YOLOv8/install/soccer_vision_2d_msgs/include/soccer_vision_2d_msgs/soccer_vision_2d_msgs/msg/detail/marking_intersection__type_support.h
[1.307s] -- Up-to-date: /home/ivan/Webots_YOLOv8/install/soccer_vision_2d_msgs/include/soccer_vision_2d_msgs/soccer_vision_2d_msgs/msg/detail/robot_array__type_support.h
[1.307s] -- Up-to-date: /home/ivan/Webots_YOLOv8/install/soccer_vision_2d_msgs/include/soccer_vision_2d_msgs/soccer_vision_2d_msgs/msg/detail/ball__functions.h
[1.307s] -- Up-to-date: /home/ivan/Webots_YOLOv8/install/soccer_vision_2d_msgs/include/soccer_vision_2d_msgs/soccer_vision_2d_msgs/msg/detail/obstacle_array__struct.h
[1.307s] -- Up-to-date: /home/ivan/Webots_YOLOv8/install/soccer_vision_2d_msgs/include/soccer_vision_2d_msgs/soccer_vision_2d_msgs/msg/detail/goalpost_array__functions.h
[1.307s] -- Up-to-date: /home/ivan/Webots_YOLOv8/install/soccer_vision_2d_msgs/include/soccer_vision_2d_msgs/soccer_vision_2d_msgs/msg/detail/marking_segment__functions.c
[1.307s] -- Up-to-date: /home/ivan/Webots_YOLOv8/install/soccer_vision_2d_msgs/include/soccer_vision_2d_msgs/soccer_vision_2d_msgs/msg/detail/goalpost_array__type_support.h
[1.307s] -- Up-to-date: /home/ivan/Webots_YOLOv8/install/soccer_vision_2d_msgs/include/soccer_vision_2d_msgs/soccer_vision_2d_msgs/msg/detail/robot__functions.c
[1.307s] -- Up-to-date: /home/ivan/Webots_YOLOv8/install/soccer_vision_2d_msgs/include/soccer_vision_2d_msgs/soccer_vision_2d_msgs/msg/detail/goalpost_array__functions.c
[1.308s] -- Up-to-date: /home/ivan/Webots_YOLOv8/install/soccer_vision_2d_msgs/include/soccer_vision_2d_msgs/soccer_vision_2d_msgs/msg/detail/robot_array__functions.h
[1.308s] -- Up-to-date: /home/ivan/Webots_YOLOv8/install/soccer_vision_2d_msgs/include/soccer_vision_2d_msgs/soccer_vision_2d_msgs/msg/detail/obstacle__type_support.h
[1.308s] -- Up-to-date: /home/ivan/Webots_YOLOv8/install/soccer_vision_2d_msgs/include/soccer_vision_2d_msgs/soccer_vision_2d_msgs/msg/detail/robot_array__functions.c
[1.308s] -- Up-to-date: /home/ivan/Webots_YOLOv8/install/soccer_vision_2d_msgs/include/soccer_vision_2d_msgs/soccer_vision_2d_msgs/msg/detail/ball__struct.h
[1.308s] -- Up-to-date: /home/ivan/Webots_YOLOv8/install/soccer_vision_2d_msgs/include/soccer_vision_2d_msgs/soccer_vision_2d_msgs/msg/detail/field_boundary__struct.h
[1.308s] -- Up-to-date: /home/ivan/Webots_YOLOv8/install/soccer_vision_2d_msgs/include/soccer_vision_2d_msgs/soccer_vision_2d_msgs/msg/detail/marking_ellipse__functions.c
[1.308s] -- Up-to-date: /home/ivan/Webots_YOLOv8/install/soccer_vision_2d_msgs/include/soccer_vision_2d_msgs/soccer_vision_2d_msgs/msg/detail/field_boundary__functions.c
[1.309s] -- Up-to-date: /home/ivan/Webots_YOLOv8/install/soccer_vision_2d_msgs/include/soccer_vision_2d_msgs/soccer_vision_2d_msgs/msg/detail/marking_ellipse__struct.h
[1.309s] -- Up-to-date: /home/ivan/Webots_YOLOv8/install/soccer_vision_2d_msgs/include/soccer_vision_2d_msgs/soccer_vision_2d_msgs/msg/detail/ball__type_support.h
[1.309s] -- Up-to-date: /home/ivan/Webots_YOLOv8/install/soccer_vision_2d_msgs/include/soccer_vision_2d_msgs/soccer_vision_2d_msgs/msg/detail/marking_array__type_support.h
[1.309s] -- Up-to-date: /home/ivan/Webots_YOLOv8/install/soccer_vision_2d_msgs/include/soccer_vision_2d_msgs/soccer_vision_2d_msgs/msg/detail/ball_array__functions.h
[1.309s] -- Up-to-date: /home/ivan/Webots_YOLOv8/install/soccer_vision_2d_msgs/include/soccer_vision_2d_msgs/soccer_vision_2d_msgs/msg/detail/marking_ellipse__type_support.h
[1.309s] -- Up-to-date: /home/ivan/Webots_YOLOv8/install/soccer_vision_2d_msgs/include/soccer_vision_2d_msgs/soccer_vision_2d_msgs/msg/detail/marking_array__struct.h
[1.309s] -- Up-to-date: /home/ivan/Webots_YOLOv8/install/soccer_vision_2d_msgs/include/soccer_vision_2d_msgs/soccer_vision_2d_msgs/msg/detail/marking_intersection__functions.c
[1.309s] -- Up-to-date: /home/ivan/Webots_YOLOv8/install/soccer_vision_2d_msgs/include/soccer_vision_2d_msgs/soccer_vision_2d_msgs/msg/detail/robot__type_support.h
[1.310s] -- Up-to-date: /home/ivan/Webots_YOLOv8/install/soccer_vision_2d_msgs/include/soccer_vision_2d_msgs/soccer_vision_2d_msgs/msg/detail/goalpost__functions.h
[1.310s] -- Up-to-date: /home/ivan/Webots_YOLOv8/install/soccer_vision_2d_msgs/include/soccer_vision_2d_msgs/soccer_vision_2d_msgs/msg/detail/goalpost__functions.c
[1.310s] -- Up-to-date: /home/ivan/Webots_YOLOv8/install/soccer_vision_2d_msgs/include/soccer_vision_2d_msgs/soccer_vision_2d_msgs/msg/detail/ball__functions.c
[1.311s] -- Up-to-date: /home/ivan/Webots_YOLOv8/install/soccer_vision_2d_msgs/include/soccer_vision_2d_msgs/soccer_vision_2d_msgs/msg/detail/marking_intersection__struct.h
[1.311s] -- Up-to-date: /home/ivan/Webots_YOLOv8/install/soccer_vision_2d_msgs/include/soccer_vision_2d_msgs/soccer_vision_2d_msgs/msg/detail/goalpost__type_support.h
[1.311s] -- Up-to-date: /home/ivan/Webots_YOLOv8/install/soccer_vision_2d_msgs/include/soccer_vision_2d_msgs/soccer_vision_2d_msgs/msg/detail/ball_array__struct.h
[1.311s] -- Up-to-date: /home/ivan/Webots_YOLOv8/install/soccer_vision_2d_msgs/include/soccer_vision_2d_msgs/soccer_vision_2d_msgs/msg/detail/field_boundary__functions.h
[1.311s] -- Up-to-date: /home/ivan/Webots_YOLOv8/install/soccer_vision_2d_msgs/include/soccer_vision_2d_msgs/soccer_vision_2d_msgs/msg/detail/goalpost_array__struct.h
[1.311s] -- Up-to-date: /home/ivan/Webots_YOLOv8/install/soccer_vision_2d_msgs/include/soccer_vision_2d_msgs/soccer_vision_2d_msgs/msg/detail/marking_ellipse__functions.h
[1.311s] -- Up-to-date: /home/ivan/Webots_YOLOv8/install/soccer_vision_2d_msgs/include/soccer_vision_2d_msgs/soccer_vision_2d_msgs/msg/detail/obstacle__functions.h
[1.312s] -- Up-to-date: /home/ivan/Webots_YOLOv8/install/soccer_vision_2d_msgs/include/soccer_vision_2d_msgs/soccer_vision_2d_msgs/msg/detail/ball_array__type_support.h
[1.312s] -- Up-to-date: /home/ivan/Webots_YOLOv8/install/soccer_vision_2d_msgs/include/soccer_vision_2d_msgs/soccer_vision_2d_msgs/msg/detail/goalpost__struct.h
[1.312s] -- Up-to-date: /home/ivan/Webots_YOLOv8/install/soccer_vision_2d_msgs/include/soccer_vision_2d_msgs/soccer_vision_2d_msgs/msg/detail/ball_array__functions.c
[1.312s] -- Up-to-date: /home/ivan/Webots_YOLOv8/install/soccer_vision_2d_msgs/include/soccer_vision_2d_msgs/soccer_vision_2d_msgs/msg/marking_ellipse.h
[1.312s] -- Up-to-date: /home/ivan/Webots_YOLOv8/install/soccer_vision_2d_msgs/include/soccer_vision_2d_msgs/soccer_vision_2d_msgs/msg/marking_array.h
[1.312s] -- Up-to-date: /home/ivan/Webots_YOLOv8/install/soccer_vision_2d_msgs/include/soccer_vision_2d_msgs/soccer_vision_2d_msgs/msg/marking_intersection.h
[1.313s] -- Up-to-date: /home/ivan/Webots_YOLOv8/install/soccer_vision_2d_msgs/include/soccer_vision_2d_msgs/soccer_vision_2d_msgs/msg/field_boundary.h
[1.313s] -- Up-to-date: /home/ivan/Webots_YOLOv8/install/soccer_vision_2d_msgs/include/soccer_vision_2d_msgs/soccer_vision_2d_msgs/msg/ball.h
[1.313s] -- Up-to-date: /home/ivan/Webots_YOLOv8/install/soccer_vision_2d_msgs/include/soccer_vision_2d_msgs/soccer_vision_2d_msgs/msg/rosidl_generator_c__visibility_control.h
[1.313s] -- Up-to-date: /home/ivan/Webots_YOLOv8/install/soccer_vision_2d_msgs/include/soccer_vision_2d_msgs/soccer_vision_2d_msgs/msg/goalpost.h
[1.313s] -- Up-to-date: /home/ivan/Webots_YOLOv8/install/soccer_vision_2d_msgs/include/soccer_vision_2d_msgs/soccer_vision_2d_msgs/msg/obstacle_array.h
[1.313s] -- Up-to-date: /home/ivan/Webots_YOLOv8/install/soccer_vision_2d_msgs/include/soccer_vision_2d_msgs/soccer_vision_2d_msgs/msg/marking_segment.h
[1.313s] -- Up-to-date: /home/ivan/Webots_YOLOv8/install/soccer_vision_2d_msgs/include/soccer_vision_2d_msgs/soccer_vision_2d_msgs/msg/robot_array.h
[1.313s] -- Up-to-date: /home/ivan/Webots_YOLOv8/install/soccer_vision_2d_msgs/include/soccer_vision_2d_msgs/soccer_vision_2d_msgs/msg/obstacle.h
[1.313s] -- Up-to-date: /home/ivan/Webots_YOLOv8/install/soccer_vision_2d_msgs/include/soccer_vision_2d_msgs/soccer_vision_2d_msgs/msg/robot.h
[1.314s] -- Up-to-date: /home/ivan/Webots_YOLOv8/install/soccer_vision_2d_msgs/include/soccer_vision_2d_msgs/soccer_vision_2d_msgs/msg/goalpost_array.h
[1.314s] -- Up-to-date: /home/ivan/Webots_YOLOv8/install/soccer_vision_2d_msgs/include/soccer_vision_2d_msgs/soccer_vision_2d_msgs/msg/ball_array.h
[1.314s] -- Up-to-date: /home/ivan/Webots_YOLOv8/install/soccer_vision_2d_msgs/share/soccer_vision_2d_msgs/environment/library_path.sh
[1.314s] -- Up-to-date: /home/ivan/Webots_YOLOv8/install/soccer_vision_2d_msgs/share/soccer_vision_2d_msgs/environment/library_path.dsv
[1.315s] -- Up-to-date: /home/ivan/Webots_YOLOv8/install/soccer_vision_2d_msgs/lib/libsoccer_vision_2d_msgs__rosidl_generator_c.so
[1.315s] -- Up-to-date: /home/ivan/Webots_YOLOv8/install/soccer_vision_2d_msgs/include/soccer_vision_2d_msgs/soccer_vision_2d_msgs
[1.316s] -- Up-to-date: /home/ivan/Webots_YOLOv8/install/soccer_vision_2d_msgs/include/soccer_vision_2d_msgs/soccer_vision_2d_msgs/msg
[1.316s] -- Up-to-date: /home/ivan/Webots_YOLOv8/install/soccer_vision_2d_msgs/include/soccer_vision_2d_msgs/soccer_vision_2d_msgs/msg/detail
[1.316s] -- Up-to-date: /home/ivan/Webots_YOLOv8/install/soccer_vision_2d_msgs/include/soccer_vision_2d_msgs/soccer_vision_2d_msgs/msg/detail/obstacle__rosidl_typesupport_fastrtps_c.h
[1.316s] -- Up-to-date: /home/ivan/Webots_YOLOv8/install/soccer_vision_2d_msgs/include/soccer_vision_2d_msgs/soccer_vision_2d_msgs/msg/detail/goalpost__rosidl_typesupport_fastrtps_c.h
[1.317s] -- Up-to-date: /home/ivan/Webots_YOLOv8/install/soccer_vision_2d_msgs/include/soccer_vision_2d_msgs/soccer_vision_2d_msgs/msg/detail/marking_intersection__rosidl_typesupport_fastrtps_c.h
[1.317s] -- Up-to-date: /home/ivan/Webots_YOLOv8/install/soccer_vision_2d_msgs/include/soccer_vision_2d_msgs/soccer_vision_2d_msgs/msg/detail/obstacle_array__rosidl_typesupport_fastrtps_c.h
[1.317s] -- Up-to-date: /home/ivan/Webots_YOLOv8/install/soccer_vision_2d_msgs/include/soccer_vision_2d_msgs/soccer_vision_2d_msgs/msg/detail/ball_array__rosidl_typesupport_fastrtps_c.h
[1.318s] -- Up-to-date: /home/ivan/Webots_YOLOv8/install/soccer_vision_2d_msgs/include/soccer_vision_2d_msgs/soccer_vision_2d_msgs/msg/detail/marking_segment__rosidl_typesupport_fastrtps_c.h
[1.318s] -- Up-to-date: /home/ivan/Webots_YOLOv8/install/soccer_vision_2d_msgs/include/soccer_vision_2d_msgs/soccer_vision_2d_msgs/msg/detail/marking_ellipse__rosidl_typesupport_fastrtps_c.h
[1.318s] -- Up-to-date: /home/ivan/Webots_YOLOv8/install/soccer_vision_2d_msgs/include/soccer_vision_2d_msgs/soccer_vision_2d_msgs/msg/detail/goalpost_array__rosidl_typesupport_fastrtps_c.h
[1.318s] -- Up-to-date: /home/ivan/Webots_YOLOv8/install/soccer_vision_2d_msgs/include/soccer_vision_2d_msgs/soccer_vision_2d_msgs/msg/detail/ball__rosidl_typesupport_fastrtps_c.h
[1.318s] -- Up-to-date: /home/ivan/Webots_YOLOv8/install/soccer_vision_2d_msgs/include/soccer_vision_2d_msgs/soccer_vision_2d_msgs/msg/detail/field_boundary__rosidl_typesupport_fastrtps_c.h
[1.318s] -- Up-to-date: /home/ivan/Webots_YOLOv8/install/soccer_vision_2d_msgs/include/soccer_vision_2d_msgs/soccer_vision_2d_msgs/msg/detail/robot_array__rosidl_typesupport_fastrtps_c.h
[1.319s] -- Up-to-date: /home/ivan/Webots_YOLOv8/install/soccer_vision_2d_msgs/include/soccer_vision_2d_msgs/soccer_vision_2d_msgs/msg/detail/marking_array__rosidl_typesupport_fastrtps_c.h
[1.319s] -- Up-to-date: /home/ivan/Webots_YOLOv8/install/soccer_vision_2d_msgs/include/soccer_vision_2d_msgs/soccer_vision_2d_msgs/msg/detail/robot__rosidl_typesupport_fastrtps_c.h
[1.319s] -- Up-to-date: /home/ivan/Webots_YOLOv8/install/soccer_vision_2d_msgs/include/soccer_vision_2d_msgs/soccer_vision_2d_msgs/msg/rosidl_typesupport_fastrtps_c__visibility_control.h
[1.320s] -- Up-to-date: /home/ivan/Webots_YOLOv8/install/soccer_vision_2d_msgs/lib/libsoccer_vision_2d_msgs__rosidl_typesupport_fastrtps_c.so
[1.321s] -- Up-to-date: /home/ivan/Webots_YOLOv8/install/soccer_vision_2d_msgs/include/soccer_vision_2d_msgs/soccer_vision_2d_msgs
[1.321s] -- Up-to-date: /home/ivan/Webots_YOLOv8/install/soccer_vision_2d_msgs/include/soccer_vision_2d_msgs/soccer_vision_2d_msgs/msg
[1.321s] -- Up-to-date: /home/ivan/Webots_YOLOv8/install/soccer_vision_2d_msgs/include/soccer_vision_2d_msgs/soccer_vision_2d_msgs/msg/detail
[1.321s] -- Up-to-date: /home/ivan/Webots_YOLOv8/install/soccer_vision_2d_msgs/include/soccer_vision_2d_msgs/soccer_vision_2d_msgs/msg/detail/ball_array__type_support.c
[1.322s] -- Up-to-date: /home/ivan/Webots_YOLOv8/install/soccer_vision_2d_msgs/include/soccer_vision_2d_msgs/soccer_vision_2d_msgs/msg/detail/marking_array__rosidl_typesupport_introspection_c.h
[1.322s] -- Up-to-date: /home/ivan/Webots_YOLOv8/install/soccer_vision_2d_msgs/include/soccer_vision_2d_msgs/soccer_vision_2d_msgs/msg/detail/marking_ellipse__type_support.c
[1.322s] -- Up-to-date: /home/ivan/Webots_YOLOv8/install/soccer_vision_2d_msgs/include/soccer_vision_2d_msgs/soccer_vision_2d_msgs/msg/detail/robot__rosidl_typesupport_introspection_c.h
[1.322s] -- Up-to-date: /home/ivan/Webots_YOLOv8/install/soccer_vision_2d_msgs/include/soccer_vision_2d_msgs/soccer_vision_2d_msgs/msg/detail/field_boundary__type_support.c
[1.322s] -- Up-to-date: /home/ivan/Webots_YOLOv8/install/soccer_vision_2d_msgs/include/soccer_vision_2d_msgs/soccer_vision_2d_msgs/msg/detail/obstacle_array__type_support.c
[1.323s] -- Up-to-date: /home/ivan/Webots_YOLOv8/install/soccer_vision_2d_msgs/include/soccer_vision_2d_msgs/soccer_vision_2d_msgs/msg/detail/ball__type_support.c
[1.323s] -- Up-to-date: /home/ivan/Webots_YOLOv8/install/soccer_vision_2d_msgs/include/soccer_vision_2d_msgs/soccer_vision_2d_msgs/msg/detail/obstacle__rosidl_typesupport_introspection_c.h
[1.324s] -- Up-to-date: /home/ivan/Webots_YOLOv8/install/soccer_vision_2d_msgs/include/soccer_vision_2d_msgs/soccer_vision_2d_msgs/msg/detail/marking_segment__rosidl_typesupport_introspection_c.h
[1.324s] -- Up-to-date: /home/ivan/Webots_YOLOv8/install/soccer_vision_2d_msgs/include/soccer_vision_2d_msgs/soccer_vision_2d_msgs/msg/detail/goalpost__type_support.c
[1.325s] -- Up-to-date: /home/ivan/Webots_YOLOv8/install/soccer_vision_2d_msgs/include/soccer_vision_2d_msgs/soccer_vision_2d_msgs/msg/detail/goalpost_array__type_support.c
[1.325s] -- Up-to-date: /home/ivan/Webots_YOLOv8/install/soccer_vision_2d_msgs/include/soccer_vision_2d_msgs/soccer_vision_2d_msgs/msg/detail/ball_array__rosidl_typesupport_introspection_c.h
[1.325s] -- Up-to-date: /home/ivan/Webots_YOLOv8/install/soccer_vision_2d_msgs/include/soccer_vision_2d_msgs/soccer_vision_2d_msgs/msg/detail/marking_array__type_support.c
[1.325s] -- Up-to-date: /home/ivan/Webots_YOLOv8/install/soccer_vision_2d_msgs/include/soccer_vision_2d_msgs/soccer_vision_2d_msgs/msg/detail/marking_intersection__type_support.c
[1.326s] -- Up-to-date: /home/ivan/Webots_YOLOv8/install/soccer_vision_2d_msgs/include/soccer_vision_2d_msgs/soccer_vision_2d_msgs/msg/detail/marking_ellipse__rosidl_typesupport_introspection_c.h
[1.326s] -- Up-to-date: /home/ivan/Webots_YOLOv8/install/soccer_vision_2d_msgs/include/soccer_vision_2d_msgs/soccer_vision_2d_msgs/msg/detail/goalpost__rosidl_typesupport_introspection_c.h
[1.326s] -- Up-to-date: /home/ivan/Webots_YOLOv8/install/soccer_vision_2d_msgs/include/soccer_vision_2d_msgs/soccer_vision_2d_msgs/msg/detail/robot__type_support.c
[1.326s] -- Up-to-date: /home/ivan/Webots_YOLOv8/install/soccer_vision_2d_msgs/include/soccer_vision_2d_msgs/soccer_vision_2d_msgs/msg/detail/robot_array__rosidl_typesupport_introspection_c.h
[1.327s] -- Up-to-date: /home/ivan/Webots_YOLOv8/install/soccer_vision_2d_msgs/include/soccer_vision_2d_msgs/soccer_vision_2d_msgs/msg/detail/robot_array__type_support.c
[1.327s] -- Up-to-date: /home/ivan/Webots_YOLOv8/install/soccer_vision_2d_msgs/include/soccer_vision_2d_msgs/soccer_vision_2d_msgs/msg/detail/marking_intersection__rosidl_typesupport_introspection_c.h
[1.328s] -- Up-to-date: /home/ivan/Webots_YOLOv8/install/soccer_vision_2d_msgs/include/soccer_vision_2d_msgs/soccer_vision_2d_msgs/msg/detail/obstacle_array__rosidl_typesupport_introspection_c.h
[1.328s] -- Up-to-date: /home/ivan/Webots_YOLOv8/install/soccer_vision_2d_msgs/include/soccer_vision_2d_msgs/soccer_vision_2d_msgs/msg/detail/ball__rosidl_typesupport_introspection_c.h
[1.328s] -- Up-to-date: /home/ivan/Webots_YOLOv8/install/soccer_vision_2d_msgs/include/soccer_vision_2d_msgs/soccer_vision_2d_msgs/msg/detail/obstacle__type_support.c
[1.328s] -- Up-to-date: /home/ivan/Webots_YOLOv8/install/soccer_vision_2d_msgs/include/soccer_vision_2d_msgs/soccer_vision_2d_msgs/msg/detail/field_boundary__rosidl_typesupport_introspection_c.h
[1.329s] -- Up-to-date: /home/ivan/Webots_YOLOv8/install/soccer_vision_2d_msgs/include/soccer_vision_2d_msgs/soccer_vision_2d_msgs/msg/detail/marking_segment__type_support.c
[1.329s] -- Up-to-date: /home/ivan/Webots_YOLOv8/install/soccer_vision_2d_msgs/include/soccer_vision_2d_msgs/soccer_vision_2d_msgs/msg/detail/goalpost_array__rosidl_typesupport_introspection_c.h
[1.329s] -- Up-to-date: /home/ivan/Webots_YOLOv8/install/soccer_vision_2d_msgs/include/soccer_vision_2d_msgs/soccer_vision_2d_msgs/msg/rosidl_typesupport_introspection_c__visibility_control.h
[1.330s] -- Up-to-date: /home/ivan/Webots_YOLOv8/install/soccer_vision_2d_msgs/lib/libsoccer_vision_2d_msgs__rosidl_typesupport_introspection_c.so
[1.332s] -- Up-to-date: /home/ivan/Webots_YOLOv8/install/soccer_vision_2d_msgs/lib/libsoccer_vision_2d_msgs__rosidl_typesupport_c.so
[1.332s] -- Up-to-date: /home/ivan/Webots_YOLOv8/install/soccer_vision_2d_msgs/include/soccer_vision_2d_msgs/soccer_vision_2d_msgs
[1.332s] -- Up-to-date: /home/ivan/Webots_YOLOv8/install/soccer_vision_2d_msgs/include/soccer_vision_2d_msgs/soccer_vision_2d_msgs/msg
[1.332s] -- Up-to-date: /home/ivan/Webots_YOLOv8/install/soccer_vision_2d_msgs/include/soccer_vision_2d_msgs/soccer_vision_2d_msgs/msg/detail
[1.333s] -- Up-to-date: /home/ivan/Webots_YOLOv8/install/soccer_vision_2d_msgs/include/soccer_vision_2d_msgs/soccer_vision_2d_msgs/msg/detail/obstacle_array__type_support.hpp
[1.333s] -- Up-to-date: /home/ivan/Webots_YOLOv8/install/soccer_vision_2d_msgs/include/soccer_vision_2d_msgs/soccer_vision_2d_msgs/msg/detail/ball__builder.hpp
[1.333s] -- Up-to-date: /home/ivan/Webots_YOLOv8/install/soccer_vision_2d_msgs/include/soccer_vision_2d_msgs/soccer_vision_2d_msgs/msg/detail/ball__struct.hpp
[1.333s] -- Up-to-date: /home/ivan/Webots_YOLOv8/install/soccer_vision_2d_msgs/include/soccer_vision_2d_msgs/soccer_vision_2d_msgs/msg/detail/robot__traits.hpp
[1.333s] -- Up-to-date: /home/ivan/Webots_YOLOv8/install/soccer_vision_2d_msgs/include/soccer_vision_2d_msgs/soccer_vision_2d_msgs/msg/detail/ball_array__builder.hpp
[1.333s] -- Up-to-date: /home/ivan/Webots_YOLOv8/install/soccer_vision_2d_msgs/include/soccer_vision_2d_msgs/soccer_vision_2d_msgs/msg/detail/robot__struct.hpp
[1.333s] -- Up-to-date: /home/ivan/Webots_YOLOv8/install/soccer_vision_2d_msgs/include/soccer_vision_2d_msgs/soccer_vision_2d_msgs/msg/detail/marking_ellipse__traits.hpp
[1.333s] -- Up-to-date: /home/ivan/Webots_YOLOv8/install/soccer_vision_2d_msgs/include/soccer_vision_2d_msgs/soccer_vision_2d_msgs/msg/detail/marking_intersection__traits.hpp
[1.333s] -- Up-to-date: /home/ivan/Webots_YOLOv8/install/soccer_vision_2d_msgs/include/soccer_vision_2d_msgs/soccer_vision_2d_msgs/msg/detail/ball_array__traits.hpp
[1.334s] -- Up-to-date: /home/ivan/Webots_YOLOv8/install/soccer_vision_2d_msgs/include/soccer_vision_2d_msgs/soccer_vision_2d_msgs/msg/detail/robot_array__type_support.hpp
[1.334s] -- Up-to-date: /home/ivan/Webots_YOLOv8/install/soccer_vision_2d_msgs/include/soccer_vision_2d_msgs/soccer_vision_2d_msgs/msg/detail/goalpost_array__type_support.hpp
[1.334s] -- Up-to-date: /home/ivan/Webots_YOLOv8/install/soccer_vision_2d_msgs/include/soccer_vision_2d_msgs/soccer_vision_2d_msgs/msg/detail/marking_segment__builder.hpp
[1.334s] -- Up-to-date: /home/ivan/Webots_YOLOv8/install/soccer_vision_2d_msgs/include/soccer_vision_2d_msgs/soccer_vision_2d_msgs/msg/detail/obstacle__builder.hpp
[1.335s] -- Up-to-date: /home/ivan/Webots_YOLOv8/install/soccer_vision_2d_msgs/include/soccer_vision_2d_msgs/soccer_vision_2d_msgs/msg/detail/marking_intersection__builder.hpp
[1.335s] -- Up-to-date: /home/ivan/Webots_YOLOv8/install/soccer_vision_2d_msgs/include/soccer_vision_2d_msgs/soccer_vision_2d_msgs/msg/detail/obstacle__type_support.hpp
[1.335s] -- Up-to-date: /home/ivan/Webots_YOLOv8/install/soccer_vision_2d_msgs/include/soccer_vision_2d_msgs/soccer_vision_2d_msgs/msg/detail/goalpost__builder.hpp
[1.335s] -- Up-to-date: /home/ivan/Webots_YOLOv8/install/soccer_vision_2d_msgs/include/soccer_vision_2d_msgs/soccer_vision_2d_msgs/msg/detail/field_boundary__builder.hpp
[1.335s] -- Up-to-date: /home/ivan/Webots_YOLOv8/install/soccer_vision_2d_msgs/include/soccer_vision_2d_msgs/soccer_vision_2d_msgs/msg/detail/marking_array__builder.hpp
[1.336s] -- Up-to-date: /home/ivan/Webots_YOLOv8/install/soccer_vision_2d_msgs/include/soccer_vision_2d_msgs/soccer_vision_2d_msgs/msg/detail/marking_ellipse__type_support.hpp
[1.336s] -- Up-to-date: /home/ivan/Webots_YOLOv8/install/soccer_vision_2d_msgs/include/soccer_vision_2d_msgs/soccer_vision_2d_msgs/msg/detail/field_boundary__type_support.hpp
[1.336s] -- Up-to-date: /home/ivan/Webots_YOLOv8/install/soccer_vision_2d_msgs/include/soccer_vision_2d_msgs/soccer_vision_2d_msgs/msg/detail/goalpost_array__struct.hpp
[1.336s] -- Up-to-date: /home/ivan/Webots_YOLOv8/install/soccer_vision_2d_msgs/include/soccer_vision_2d_msgs/soccer_vision_2d_msgs/msg/detail/robot_array__traits.hpp
[1.336s] -- Up-to-date: /home/ivan/Webots_YOLOv8/install/soccer_vision_2d_msgs/include/soccer_vision_2d_msgs/soccer_vision_2d_msgs/msg/detail/obstacle_array__builder.hpp
[1.336s] -- Up-to-date: /home/ivan/Webots_YOLOv8/install/soccer_vision_2d_msgs/include/soccer_vision_2d_msgs/soccer_vision_2d_msgs/msg/detail/ball_array__type_support.hpp
[1.336s] -- Up-to-date: /home/ivan/Webots_YOLOv8/install/soccer_vision_2d_msgs/include/soccer_vision_2d_msgs/soccer_vision_2d_msgs/msg/detail/marking_array__struct.hpp
[1.336s] -- Up-to-date: /home/ivan/Webots_YOLOv8/install/soccer_vision_2d_msgs/include/soccer_vision_2d_msgs/soccer_vision_2d_msgs/msg/detail/field_boundary__traits.hpp
[1.336s] -- Up-to-date: /home/ivan/Webots_YOLOv8/install/soccer_vision_2d_msgs/include/soccer_vision_2d_msgs/soccer_vision_2d_msgs/msg/detail/goalpost__type_support.hpp
[1.337s] -- Up-to-date: /home/ivan/Webots_YOLOv8/install/soccer_vision_2d_msgs/include/soccer_vision_2d_msgs/soccer_vision_2d_msgs/msg/detail/marking_segment__struct.hpp
[1.337s] -- Up-to-date: /home/ivan/Webots_YOLOv8/install/soccer_vision_2d_msgs/include/soccer_vision_2d_msgs/soccer_vision_2d_msgs/msg/detail/marking_intersection__struct.hpp
[1.338s] -- Up-to-date: /home/ivan/Webots_YOLOv8/install/soccer_vision_2d_msgs/include/soccer_vision_2d_msgs/soccer_vision_2d_msgs/msg/detail/ball_array__struct.hpp
[1.338s] -- Up-to-date: /home/ivan/Webots_YOLOv8/install/soccer_vision_2d_msgs/include/soccer_vision_2d_msgs/soccer_vision_2d_msgs/msg/detail/marking_array__type_support.hpp
[1.338s] -- Up-to-date: /home/ivan/Webots_YOLOv8/install/soccer_vision_2d_msgs/include/soccer_vision_2d_msgs/soccer_vision_2d_msgs/msg/detail/marking_intersection__type_support.hpp
[1.338s] -- Up-to-date: /home/ivan/Webots_YOLOv8/install/soccer_vision_2d_msgs/include/soccer_vision_2d_msgs/soccer_vision_2d_msgs/msg/detail/obstacle_array__traits.hpp
[1.338s] -- Up-to-date: /home/ivan/Webots_YOLOv8/install/soccer_vision_2d_msgs/include/soccer_vision_2d_msgs/soccer_vision_2d_msgs/msg/detail/goalpost__traits.hpp
[1.339s] -- Up-to-date: /home/ivan/Webots_YOLOv8/install/soccer_vision_2d_msgs/include/soccer_vision_2d_msgs/soccer_vision_2d_msgs/msg/detail/ball__type_support.hpp
[1.339s] -- Up-to-date: /home/ivan/Webots_YOLOv8/install/soccer_vision_2d_msgs/include/soccer_vision_2d_msgs/soccer_vision_2d_msgs/msg/detail/goalpost_array__traits.hpp
[1.339s] -- Up-to-date: /home/ivan/Webots_YOLOv8/install/soccer_vision_2d_msgs/include/soccer_vision_2d_msgs/soccer_vision_2d_msgs/msg/detail/robot_array__builder.hpp
[1.339s] -- Up-to-date: /home/ivan/Webots_YOLOv8/install/soccer_vision_2d_msgs/include/soccer_vision_2d_msgs/soccer_vision_2d_msgs/msg/detail/field_boundary__struct.hpp
[1.339s] -- Up-to-date: /home/ivan/Webots_YOLOv8/install/soccer_vision_2d_msgs/include/soccer_vision_2d_msgs/soccer_vision_2d_msgs/msg/detail/obstacle__traits.hpp
[1.339s] -- Up-to-date: /home/ivan/Webots_YOLOv8/install/soccer_vision_2d_msgs/include/soccer_vision_2d_msgs/soccer_vision_2d_msgs/msg/detail/goalpost__struct.hpp
[1.340s] -- Up-to-date: /home/ivan/Webots_YOLOv8/install/soccer_vision_2d_msgs/include/soccer_vision_2d_msgs/soccer_vision_2d_msgs/msg/detail/robot_array__struct.hpp
[1.340s] -- Up-to-date: /home/ivan/Webots_YOLOv8/install/soccer_vision_2d_msgs/include/soccer_vision_2d_msgs/soccer_vision_2d_msgs/msg/detail/obstacle__struct.hpp
[1.340s] -- Up-to-date: /home/ivan/Webots_YOLOv8/install/soccer_vision_2d_msgs/include/soccer_vision_2d_msgs/soccer_vision_2d_msgs/msg/detail/marking_ellipse__builder.hpp
[1.340s] -- Up-to-date: /home/ivan/Webots_YOLOv8/install/soccer_vision_2d_msgs/include/soccer_vision_2d_msgs/soccer_vision_2d_msgs/msg/detail/marking_ellipse__struct.hpp
[1.341s] -- Up-to-date: /home/ivan/Webots_YOLOv8/install/soccer_vision_2d_msgs/include/soccer_vision_2d_msgs/soccer_vision_2d_msgs/msg/detail/obstacle_array__struct.hpp
[1.342s] -- Up-to-date: /home/ivan/Webots_YOLOv8/install/soccer_vision_2d_msgs/include/soccer_vision_2d_msgs/soccer_vision_2d_msgs/msg/detail/ball__traits.hpp
[1.342s] -- Up-to-date: /home/ivan/Webots_YOLOv8/install/soccer_vision_2d_msgs/include/soccer_vision_2d_msgs/soccer_vision_2d_msgs/msg/detail/marking_array__traits.hpp
[1.343s] -- Up-to-date: /home/ivan/Webots_YOLOv8/install/soccer_vision_2d_msgs/include/soccer_vision_2d_msgs/soccer_vision_2d_msgs/msg/detail/marking_segment__traits.hpp
[1.343s] -- Up-to-date: /home/ivan/Webots_YOLOv8/install/soccer_vision_2d_msgs/include/soccer_vision_2d_msgs/soccer_vision_2d_msgs/msg/detail/robot__builder.hpp
[1.343s] -- Up-to-date: /home/ivan/Webots_YOLOv8/install/soccer_vision_2d_msgs/include/soccer_vision_2d_msgs/soccer_vision_2d_msgs/msg/detail/robot__type_support.hpp
[1.343s] -- Up-to-date: /home/ivan/Webots_YOLOv8/install/soccer_vision_2d_msgs/include/soccer_vision_2d_msgs/soccer_vision_2d_msgs/msg/detail/marking_segment__type_support.hpp
[1.343s] -- Up-to-date: /home/ivan/Webots_YOLOv8/install/soccer_vision_2d_msgs/include/soccer_vision_2d_msgs/soccer_vision_2d_msgs/msg/detail/goalpost_array__builder.hpp
[1.343s] -- Up-to-date: /home/ivan/Webots_YOLOv8/install/soccer_vision_2d_msgs/include/soccer_vision_2d_msgs/soccer_vision_2d_msgs/msg/ball_array.hpp
[1.343s] -- Up-to-date: /home/ivan/Webots_YOLOv8/install/soccer_vision_2d_msgs/include/soccer_vision_2d_msgs/soccer_vision_2d_msgs/msg/goalpost_array.hpp
[1.344s] -- Up-to-date: /home/ivan/Webots_YOLOv8/install/soccer_vision_2d_msgs/include/soccer_vision_2d_msgs/soccer_vision_2d_msgs/msg/ball.hpp
[1.344s] -- Up-to-date: /home/ivan/Webots_YOLOv8/install/soccer_vision_2d_msgs/include/soccer_vision_2d_msgs/soccer_vision_2d_msgs/msg/rosidl_generator_cpp__visibility_control.hpp
[1.344s] -- Up-to-date: /home/ivan/Webots_YOLOv8/install/soccer_vision_2d_msgs/include/soccer_vision_2d_msgs/soccer_vision_2d_msgs/msg/marking_ellipse.hpp
[1.344s] -- Up-to-date: /home/ivan/Webots_YOLOv8/install/soccer_vision_2d_msgs/include/soccer_vision_2d_msgs/soccer_vision_2d_msgs/msg/robot.hpp
[1.344s] -- Up-to-date: /home/ivan/Webots_YOLOv8/install/soccer_vision_2d_msgs/include/soccer_vision_2d_msgs/soccer_vision_2d_msgs/msg/obstacle_array.hpp
[1.344s] -- Up-to-date: /home/ivan/Webots_YOLOv8/install/soccer_vision_2d_msgs/include/soccer_vision_2d_msgs/soccer_vision_2d_msgs/msg/marking_array.hpp
[1.345s] -- Up-to-date: /home/ivan/Webots_YOLOv8/install/soccer_vision_2d_msgs/include/soccer_vision_2d_msgs/soccer_vision_2d_msgs/msg/marking_segment.hpp
[1.345s] -- Up-to-date: /home/ivan/Webots_YOLOv8/install/soccer_vision_2d_msgs/include/soccer_vision_2d_msgs/soccer_vision_2d_msgs/msg/goalpost.hpp
[1.345s] -- Up-to-date: /home/ivan/Webots_YOLOv8/install/soccer_vision_2d_msgs/include/soccer_vision_2d_msgs/soccer_vision_2d_msgs/msg/obstacle.hpp
[1.345s] -- Up-to-date: /home/ivan/Webots_YOLOv8/install/soccer_vision_2d_msgs/include/soccer_vision_2d_msgs/soccer_vision_2d_msgs/msg/marking_intersection.hpp
[1.346s] -- Up-to-date: /home/ivan/Webots_YOLOv8/install/soccer_vision_2d_msgs/include/soccer_vision_2d_msgs/soccer_vision_2d_msgs/msg/robot_array.hpp
[1.346s] -- Up-to-date: /home/ivan/Webots_YOLOv8/install/soccer_vision_2d_msgs/include/soccer_vision_2d_msgs/soccer_vision_2d_msgs/msg/field_boundary.hpp
[1.346s] -- Up-to-date: /home/ivan/Webots_YOLOv8/install/soccer_vision_2d_msgs/include/soccer_vision_2d_msgs/soccer_vision_2d_msgs
[1.346s] -- Up-to-date: /home/ivan/Webots_YOLOv8/install/soccer_vision_2d_msgs/include/soccer_vision_2d_msgs/soccer_vision_2d_msgs/msg
[1.346s] -- Up-to-date: /home/ivan/Webots_YOLOv8/install/soccer_vision_2d_msgs/include/soccer_vision_2d_msgs/soccer_vision_2d_msgs/msg/detail
[1.346s] -- Up-to-date: /home/ivan/Webots_YOLOv8/install/soccer_vision_2d_msgs/include/soccer_vision_2d_msgs/soccer_vision_2d_msgs/msg/detail/robot_array__rosidl_typesupport_fastrtps_cpp.hpp
[1.348s] -- Up-to-date: /home/ivan/Webots_YOLOv8/install/soccer_vision_2d_msgs/include/soccer_vision_2d_msgs/soccer_vision_2d_msgs/msg/detail/obstacle_array__rosidl_typesupport_fastrtps_cpp.hpp
[1.348s] -- Up-to-date: /home/ivan/Webots_YOLOv8/install/soccer_vision_2d_msgs/include/soccer_vision_2d_msgs/soccer_vision_2d_msgs/msg/detail/dds_fastrtps
[1.348s] -- Up-to-date: /home/ivan/Webots_YOLOv8/install/soccer_vision_2d_msgs/include/soccer_vision_2d_msgs/soccer_vision_2d_msgs/msg/detail/marking_ellipse__rosidl_typesupport_fastrtps_cpp.hpp
[1.348s] -- Up-to-date: /home/ivan/Webots_YOLOv8/install/soccer_vision_2d_msgs/include/soccer_vision_2d_msgs/soccer_vision_2d_msgs/msg/detail/obstacle__rosidl_typesupport_fastrtps_cpp.hpp
[1.349s] -- Up-to-date: /home/ivan/Webots_YOLOv8/install/soccer_vision_2d_msgs/include/soccer_vision_2d_msgs/soccer_vision_2d_msgs/msg/detail/robot__rosidl_typesupport_fastrtps_cpp.hpp
[1.349s] -- Up-to-date: /home/ivan/Webots_YOLOv8/install/soccer_vision_2d_msgs/include/soccer_vision_2d_msgs/soccer_vision_2d_msgs/msg/detail/marking_array__rosidl_typesupport_fastrtps_cpp.hpp
[1.349s] -- Up-to-date: /home/ivan/Webots_YOLOv8/install/soccer_vision_2d_msgs/include/soccer_vision_2d_msgs/soccer_vision_2d_msgs/msg/detail/ball__rosidl_typesupport_fastrtps_cpp.hpp
[1.349s] -- Up-to-date: /home/ivan/Webots_YOLOv8/install/soccer_vision_2d_msgs/include/soccer_vision_2d_msgs/soccer_vision_2d_msgs/msg/detail/field_boundary__rosidl_typesupport_fastrtps_cpp.hpp
[1.349s] -- Up-to-date: /home/ivan/Webots_YOLOv8/install/soccer_vision_2d_msgs/include/soccer_vision_2d_msgs/soccer_vision_2d_msgs/msg/detail/goalpost__rosidl_typesupport_fastrtps_cpp.hpp
[1.349s] -- Up-to-date: /home/ivan/Webots_YOLOv8/install/soccer_vision_2d_msgs/include/soccer_vision_2d_msgs/soccer_vision_2d_msgs/msg/detail/marking_segment__rosidl_typesupport_fastrtps_cpp.hpp
[1.350s] -- Up-to-date: /home/ivan/Webots_YOLOv8/install/soccer_vision_2d_msgs/include/soccer_vision_2d_msgs/soccer_vision_2d_msgs/msg/detail/goalpost_array__rosidl_typesupport_fastrtps_cpp.hpp
[1.350s] -- Up-to-date: /home/ivan/Webots_YOLOv8/install/soccer_vision_2d_msgs/include/soccer_vision_2d_msgs/soccer_vision_2d_msgs/msg/detail/ball_array__rosidl_typesupport_fastrtps_cpp.hpp
[1.351s] -- Up-to-date: /home/ivan/Webots_YOLOv8/install/soccer_vision_2d_msgs/include/soccer_vision_2d_msgs/soccer_vision_2d_msgs/msg/detail/marking_intersection__rosidl_typesupport_fastrtps_cpp.hpp
[1.351s] -- Up-to-date: /home/ivan/Webots_YOLOv8/install/soccer_vision_2d_msgs/include/soccer_vision_2d_msgs/soccer_vision_2d_msgs/msg/rosidl_typesupport_fastrtps_cpp__visibility_control.h
[1.352s] -- Up-to-date: /home/ivan/Webots_YOLOv8/install/soccer_vision_2d_msgs/lib/libsoccer_vision_2d_msgs__rosidl_typesupport_fastrtps_cpp.so
[1.352s] -- Up-to-date: /home/ivan/Webots_YOLOv8/install/soccer_vision_2d_msgs/include/soccer_vision_2d_msgs/soccer_vision_2d_msgs
[1.352s] -- Up-to-date: /home/ivan/Webots_YOLOv8/install/soccer_vision_2d_msgs/include/soccer_vision_2d_msgs/soccer_vision_2d_msgs/msg
[1.352s] -- Up-to-date: /home/ivan/Webots_YOLOv8/install/soccer_vision_2d_msgs/include/soccer_vision_2d_msgs/soccer_vision_2d_msgs/msg/detail
[1.353s] -- Up-to-date: /home/ivan/Webots_YOLOv8/install/soccer_vision_2d_msgs/include/soccer_vision_2d_msgs/soccer_vision_2d_msgs/msg/detail/marking_ellipse__type_support.cpp
[1.353s] -- Up-to-date: /home/ivan/Webots_YOLOv8/install/soccer_vision_2d_msgs/include/soccer_vision_2d_msgs/soccer_vision_2d_msgs/msg/detail/robot_array__type_support.cpp
[1.353s] -- Up-to-date: /home/ivan/Webots_YOLOv8/install/soccer_vision_2d_msgs/include/soccer_vision_2d_msgs/soccer_vision_2d_msgs/msg/detail/goalpost_array__type_support.cpp
[1.353s] -- Up-to-date: /home/ivan/Webots_YOLOv8/install/soccer_vision_2d_msgs/include/soccer_vision_2d_msgs/soccer_vision_2d_msgs/msg/detail/ball_array__type_support.cpp
[1.353s] -- Up-to-date: /home/ivan/Webots_YOLOv8/install/soccer_vision_2d_msgs/include/soccer_vision_2d_msgs/soccer_vision_2d_msgs/msg/detail/marking_segment__type_support.cpp
[1.354s] -- Up-to-date: /home/ivan/Webots_YOLOv8/install/soccer_vision_2d_msgs/include/soccer_vision_2d_msgs/soccer_vision_2d_msgs/msg/detail/robot__rosidl_typesupport_introspection_cpp.hpp
[1.354s] -- Up-to-date: /home/ivan/Webots_YOLOv8/install/soccer_vision_2d_msgs/include/soccer_vision_2d_msgs/soccer_vision_2d_msgs/msg/detail/field_boundary__rosidl_typesupport_introspection_cpp.hpp
[1.354s] -- Up-to-date: /home/ivan/Webots_YOLOv8/install/soccer_vision_2d_msgs/include/soccer_vision_2d_msgs/soccer_vision_2d_msgs/msg/detail/ball__rosidl_typesupport_introspection_cpp.hpp
[1.354s] -- Up-to-date: /home/ivan/Webots_YOLOv8/install/soccer_vision_2d_msgs/include/soccer_vision_2d_msgs/soccer_vision_2d_msgs/msg/detail/ball_array__rosidl_typesupport_introspection_cpp.hpp
[1.354s] -- Up-to-date: /home/ivan/Webots_YOLOv8/install/soccer_vision_2d_msgs/include/soccer_vision_2d_msgs/soccer_vision_2d_msgs/msg/detail/obstacle__rosidl_typesupport_introspection_cpp.hpp
[1.354s] -- Up-to-date: /home/ivan/Webots_YOLOv8/install/soccer_vision_2d_msgs/include/soccer_vision_2d_msgs/soccer_vision_2d_msgs/msg/detail/obstacle__type_support.cpp
[1.355s] -- Up-to-date: /home/ivan/Webots_YOLOv8/install/soccer_vision_2d_msgs/include/soccer_vision_2d_msgs/soccer_vision_2d_msgs/msg/detail/robot_array__rosidl_typesupport_introspection_cpp.hpp
[1.355s] -- Up-to-date: /home/ivan/Webots_YOLOv8/install/soccer_vision_2d_msgs/include/soccer_vision_2d_msgs/soccer_vision_2d_msgs/msg/detail/obstacle_array__type_support.cpp
[1.355s] -- Up-to-date: /home/ivan/Webots_YOLOv8/install/soccer_vision_2d_msgs/include/soccer_vision_2d_msgs/soccer_vision_2d_msgs/msg/detail/marking_segment__rosidl_typesupport_introspection_cpp.hpp
[1.355s] -- Up-to-date: /home/ivan/Webots_YOLOv8/install/soccer_vision_2d_msgs/include/soccer_vision_2d_msgs/soccer_vision_2d_msgs/msg/detail/goalpost__rosidl_typesupport_introspection_cpp.hpp
[1.355s] -- Up-to-date: /home/ivan/Webots_YOLOv8/install/soccer_vision_2d_msgs/include/soccer_vision_2d_msgs/soccer_vision_2d_msgs/msg/detail/marking_intersection__rosidl_typesupport_introspection_cpp.hpp
[1.355s] -- Up-to-date: /home/ivan/Webots_YOLOv8/install/soccer_vision_2d_msgs/include/soccer_vision_2d_msgs/soccer_vision_2d_msgs/msg/detail/marking_array__type_support.cpp
[1.355s] -- Up-to-date: /home/ivan/Webots_YOLOv8/install/soccer_vision_2d_msgs/include/soccer_vision_2d_msgs/soccer_vision_2d_msgs/msg/detail/marking_ellipse__rosidl_typesupport_introspection_cpp.hpp
[1.356s] -- Up-to-date: /home/ivan/Webots_YOLOv8/install/soccer_vision_2d_msgs/include/soccer_vision_2d_msgs/soccer_vision_2d_msgs/msg/detail/goalpost_array__rosidl_typesupport_introspection_cpp.hpp
[1.356s] -- Up-to-date: /home/ivan/Webots_YOLOv8/install/soccer_vision_2d_msgs/include/soccer_vision_2d_msgs/soccer_vision_2d_msgs/msg/detail/field_boundary__type_support.cpp
[1.356s] -- Up-to-date: /home/ivan/Webots_YOLOv8/install/soccer_vision_2d_msgs/include/soccer_vision_2d_msgs/soccer_vision_2d_msgs/msg/detail/ball__type_support.cpp
[1.356s] -- Up-to-date: /home/ivan/Webots_YOLOv8/install/soccer_vision_2d_msgs/include/soccer_vision_2d_msgs/soccer_vision_2d_msgs/msg/detail/goalpost__type_support.cpp
[1.357s] -- Up-to-date: /home/ivan/Webots_YOLOv8/install/soccer_vision_2d_msgs/include/soccer_vision_2d_msgs/soccer_vision_2d_msgs/msg/detail/obstacle_array__rosidl_typesupport_introspection_cpp.hpp
[1.357s] -- Up-to-date: /home/ivan/Webots_YOLOv8/install/soccer_vision_2d_msgs/include/soccer_vision_2d_msgs/soccer_vision_2d_msgs/msg/detail/marking_intersection__type_support.cpp
[1.357s] -- Up-to-date: /home/ivan/Webots_YOLOv8/install/soccer_vision_2d_msgs/include/soccer_vision_2d_msgs/soccer_vision_2d_msgs/msg/detail/marking_array__rosidl_typesupport_introspection_cpp.hpp
[1.358s] -- Up-to-date: /home/ivan/Webots_YOLOv8/install/soccer_vision_2d_msgs/include/soccer_vision_2d_msgs/soccer_vision_2d_msgs/msg/detail/robot__type_support.cpp
[1.358s] -- Up-to-date: /home/ivan/Webots_YOLOv8/install/soccer_vision_2d_msgs/lib/libsoccer_vision_2d_msgs__rosidl_typesupport_introspection_cpp.so
[1.359s] -- Up-to-date: /home/ivan/Webots_YOLOv8/install/soccer_vision_2d_msgs/lib/libsoccer_vision_2d_msgs__rosidl_typesupport_cpp.so
[1.359s] -- Up-to-date: /home/ivan/Webots_YOLOv8/install/soccer_vision_2d_msgs/share/soccer_vision_2d_msgs/environment/pythonpath.sh
[1.359s] -- Up-to-date: /home/ivan/Webots_YOLOv8/install/soccer_vision_2d_msgs/share/soccer_vision_2d_msgs/environment/pythonpath.dsv
[1.359s] -- Up-to-date: /home/ivan/Webots_YOLOv8/install/soccer_vision_2d_msgs/local/lib/python3.10/dist-packages/soccer_vision_2d_msgs-1.0.0-py3.10.egg-info
[1.360s] -- Installing: /home/ivan/Webots_YOLOv8/install/soccer_vision_2d_msgs/local/lib/python3.10/dist-packages/soccer_vision_2d_msgs-1.0.0-py3.10.egg-info/top_level.txt
[1.360s] -- Installing: /home/ivan/Webots_YOLOv8/install/soccer_vision_2d_msgs/local/lib/python3.10/dist-packages/soccer_vision_2d_msgs-1.0.0-py3.10.egg-info/dependency_links.txt
[1.360s] -- Installing: /home/ivan/Webots_YOLOv8/install/soccer_vision_2d_msgs/local/lib/python3.10/dist-packages/soccer_vision_2d_msgs-1.0.0-py3.10.egg-info/SOURCES.txt
[1.360s] -- Installing: /home/ivan/Webots_YOLOv8/install/soccer_vision_2d_msgs/local/lib/python3.10/dist-packages/soccer_vision_2d_msgs-1.0.0-py3.10.egg-info/PKG-INFO
[1.360s] -- Up-to-date: /home/ivan/Webots_YOLOv8/install/soccer_vision_2d_msgs/local/lib/python3.10/dist-packages/soccer_vision_2d_msgs
[1.361s] -- Up-to-date: /home/ivan/Webots_YOLOv8/install/soccer_vision_2d_msgs/local/lib/python3.10/dist-packages/soccer_vision_2d_msgs/soccer_vision_2d_msgs_s__rosidl_typesupport_c.cpython-310-x86_64-linux-gnu.so
[1.361s] -- Up-to-date: /home/ivan/Webots_YOLOv8/install/soccer_vision_2d_msgs/local/lib/python3.10/dist-packages/soccer_vision_2d_msgs/msg
[1.361s] -- Up-to-date: /home/ivan/Webots_YOLOv8/install/soccer_vision_2d_msgs/local/lib/python3.10/dist-packages/soccer_vision_2d_msgs/msg/_ball_array.py
[1.361s] -- Up-to-date: /home/ivan/Webots_YOLOv8/install/soccer_vision_2d_msgs/local/lib/python3.10/dist-packages/soccer_vision_2d_msgs/msg/_marking_segment.py
[1.361s] -- Up-to-date: /home/ivan/Webots_YOLOv8/install/soccer_vision_2d_msgs/local/lib/python3.10/dist-packages/soccer_vision_2d_msgs/msg/_goalpost.py
[1.361s] -- Up-to-date: /home/ivan/Webots_YOLOv8/install/soccer_vision_2d_msgs/local/lib/python3.10/dist-packages/soccer_vision_2d_msgs/msg/_obstacle_s.c
[1.361s] -- Up-to-date: /home/ivan/Webots_YOLOv8/install/soccer_vision_2d_msgs/local/lib/python3.10/dist-packages/soccer_vision_2d_msgs/msg/_robot_s.c
[1.361s] -- Up-to-date: /home/ivan/Webots_YOLOv8/install/soccer_vision_2d_msgs/local/lib/python3.10/dist-packages/soccer_vision_2d_msgs/msg/_robot_array.py
[1.361s] -- Up-to-date: /home/ivan/Webots_YOLOv8/install/soccer_vision_2d_msgs/local/lib/python3.10/dist-packages/soccer_vision_2d_msgs/msg/_marking_array_s.c
[1.362s] -- Up-to-date: /home/ivan/Webots_YOLOv8/install/soccer_vision_2d_msgs/local/lib/python3.10/dist-packages/soccer_vision_2d_msgs/msg/_marking_array.py
[1.362s] -- Up-to-date: /home/ivan/Webots_YOLOv8/install/soccer_vision_2d_msgs/local/lib/python3.10/dist-packages/soccer_vision_2d_msgs/msg/_marking_intersection.py
[1.362s] -- Up-to-date: /home/ivan/Webots_YOLOv8/install/soccer_vision_2d_msgs/local/lib/python3.10/dist-packages/soccer_vision_2d_msgs/msg/_goalpost_array.py
[1.362s] -- Up-to-date: /home/ivan/Webots_YOLOv8/install/soccer_vision_2d_msgs/local/lib/python3.10/dist-packages/soccer_vision_2d_msgs/msg/_ball_array_s.c
[1.362s] -- Up-to-date: /home/ivan/Webots_YOLOv8/install/soccer_vision_2d_msgs/local/lib/python3.10/dist-packages/soccer_vision_2d_msgs/msg/_obstacle_array.py
[1.362s] -- Up-to-date: /home/ivan/Webots_YOLOv8/install/soccer_vision_2d_msgs/local/lib/python3.10/dist-packages/soccer_vision_2d_msgs/msg/__init__.py
[1.362s] -- Up-to-date: /home/ivan/Webots_YOLOv8/install/soccer_vision_2d_msgs/local/lib/python3.10/dist-packages/soccer_vision_2d_msgs/msg/_goalpost_array_s.c
[1.362s] -- Up-to-date: /home/ivan/Webots_YOLOv8/install/soccer_vision_2d_msgs/local/lib/python3.10/dist-packages/soccer_vision_2d_msgs/msg/_ball_s.c
[1.362s] -- Up-to-date: /home/ivan/Webots_YOLOv8/install/soccer_vision_2d_msgs/local/lib/python3.10/dist-packages/soccer_vision_2d_msgs/msg/_marking_intersection_s.c
[1.362s] -- Up-to-date: /home/ivan/Webots_YOLOv8/install/soccer_vision_2d_msgs/local/lib/python3.10/dist-packages/soccer_vision_2d_msgs/msg/_obstacle_array_s.c
[1.363s] -- Up-to-date: /home/ivan/Webots_YOLOv8/install/soccer_vision_2d_msgs/local/lib/python3.10/dist-packages/soccer_vision_2d_msgs/msg/_field_boundary_s.c
[1.363s] -- Up-to-date: /home/ivan/Webots_YOLOv8/install/soccer_vision_2d_msgs/local/lib/python3.10/dist-packages/soccer_vision_2d_msgs/msg/_obstacle.py
[1.363s] -- Up-to-date: /home/ivan/Webots_YOLOv8/install/soccer_vision_2d_msgs/local/lib/python3.10/dist-packages/soccer_vision_2d_msgs/msg/_marking_segment_s.c
[1.363s] -- Up-to-date: /home/ivan/Webots_YOLOv8/install/soccer_vision_2d_msgs/local/lib/python3.10/dist-packages/soccer_vision_2d_msgs/msg/_marking_ellipse_s.c
[1.363s] -- Up-to-date: /home/ivan/Webots_YOLOv8/install/soccer_vision_2d_msgs/local/lib/python3.10/dist-packages/soccer_vision_2d_msgs/msg/_field_boundary.py
[1.363s] -- Up-to-date: /home/ivan/Webots_YOLOv8/install/soccer_vision_2d_msgs/local/lib/python3.10/dist-packages/soccer_vision_2d_msgs/msg/_robot_array_s.c
[1.363s] -- Up-to-date: /home/ivan/Webots_YOLOv8/install/soccer_vision_2d_msgs/local/lib/python3.10/dist-packages/soccer_vision_2d_msgs/msg/_robot.py
[1.363s] -- Up-to-date: /home/ivan/Webots_YOLOv8/install/soccer_vision_2d_msgs/local/lib/python3.10/dist-packages/soccer_vision_2d_msgs/msg/_goalpost_s.c
[1.363s] -- Up-to-date: /home/ivan/Webots_YOLOv8/install/soccer_vision_2d_msgs/local/lib/python3.10/dist-packages/soccer_vision_2d_msgs/msg/_marking_ellipse.py
[1.363s] -- Up-to-date: /home/ivan/Webots_YOLOv8/install/soccer_vision_2d_msgs/local/lib/python3.10/dist-packages/soccer_vision_2d_msgs/msg/_ball.py
[1.364s] -- Up-to-date: /home/ivan/Webots_YOLOv8/install/soccer_vision_2d_msgs/local/lib/python3.10/dist-packages/soccer_vision_2d_msgs/soccer_vision_2d_msgs_s__rosidl_typesupport_introspection_c.cpython-310-x86_64-linux-gnu.so
[1.364s] -- Up-to-date: /home/ivan/Webots_YOLOv8/install/soccer_vision_2d_msgs/local/lib/python3.10/dist-packages/soccer_vision_2d_msgs/__init__.py
[1.364s] -- Up-to-date: /home/ivan/Webots_YOLOv8/install/soccer_vision_2d_msgs/local/lib/python3.10/dist-packages/soccer_vision_2d_msgs/_soccer_vision_2d_msgs_s.ep.rosidl_typesupport_introspection_c.c
[1.364s] -- Up-to-date: /home/ivan/Webots_YOLOv8/install/soccer_vision_2d_msgs/local/lib/python3.10/dist-packages/soccer_vision_2d_msgs/libsoccer_vision_2d_msgs__rosidl_generator_py.so
[1.364s] -- Up-to-date: /home/ivan/Webots_YOLOv8/install/soccer_vision_2d_msgs/local/lib/python3.10/dist-packages/soccer_vision_2d_msgs/soccer_vision_2d_msgs_s__rosidl_typesupport_fastrtps_c.cpython-310-x86_64-linux-gnu.so
[1.365s] -- Up-to-date: /home/ivan/Webots_YOLOv8/install/soccer_vision_2d_msgs/local/lib/python3.10/dist-packages/soccer_vision_2d_msgs/_soccer_vision_2d_msgs_s.ep.rosidl_typesupport_fastrtps_c.c
[1.365s] -- Up-to-date: /home/ivan/Webots_YOLOv8/install/soccer_vision_2d_msgs/local/lib/python3.10/dist-packages/soccer_vision_2d_msgs/_soccer_vision_2d_msgs_s.ep.rosidl_typesupport_c.c
[1.379s] Listing '/home/ivan/Webots_YOLOv8/install/soccer_vision_2d_msgs/local/lib/python3.10/dist-packages/soccer_vision_2d_msgs'...
[1.379s] Listing '/home/ivan/Webots_YOLOv8/install/soccer_vision_2d_msgs/local/lib/python3.10/dist-packages/soccer_vision_2d_msgs/msg'...
[1.387s] -- Up-to-date: /home/ivan/Webots_YOLOv8/install/soccer_vision_2d_msgs/local/lib/python3.10/dist-packages/soccer_vision_2d_msgs/soccer_vision_2d_msgs_s__rosidl_typesupport_fastrtps_c.cpython-310-x86_64-linux-gnu.so
[1.389s] -- Up-to-date: /home/ivan/Webots_YOLOv8/install/soccer_vision_2d_msgs/local/lib/python3.10/dist-packages/soccer_vision_2d_msgs/soccer_vision_2d_msgs_s__rosidl_typesupport_introspection_c.cpython-310-x86_64-linux-gnu.so
[1.389s] -- Up-to-date: /home/ivan/Webots_YOLOv8/install/soccer_vision_2d_msgs/local/lib/python3.10/dist-packages/soccer_vision_2d_msgs/soccer_vision_2d_msgs_s__rosidl_typesupport_c.cpython-310-x86_64-linux-gnu.so
[1.390s] -- Up-to-date: /home/ivan/Webots_YOLOv8/install/soccer_vision_2d_msgs/lib/libsoccer_vision_2d_msgs__rosidl_generator_py.so
[1.390s] -- Up-to-date: /home/ivan/Webots_YOLOv8/install/soccer_vision_2d_msgs/share/soccer_vision_2d_msgs/msg/Ball.idl
[1.390s] -- Up-to-date: /home/ivan/Webots_YOLOv8/install/soccer_vision_2d_msgs/share/soccer_vision_2d_msgs/msg/BallArray.idl
[1.391s] -- Up-to-date: /home/ivan/Webots_YOLOv8/install/soccer_vision_2d_msgs/share/soccer_vision_2d_msgs/msg/FieldBoundary.idl
[1.391s] -- Up-to-date: /home/ivan/Webots_YOLOv8/install/soccer_vision_2d_msgs/share/soccer_vision_2d_msgs/msg/Goalpost.idl
[1.391s] -- Up-to-date: /home/ivan/Webots_YOLOv8/install/soccer_vision_2d_msgs/share/soccer_vision_2d_msgs/msg/GoalpostArray.idl
[1.391s] -- Up-to-date: /home/ivan/Webots_YOLOv8/install/soccer_vision_2d_msgs/share/soccer_vision_2d_msgs/msg/MarkingEllipse.idl
[1.391s] -- Up-to-date: /home/ivan/Webots_YOLOv8/install/soccer_vision_2d_msgs/share/soccer_vision_2d_msgs/msg/MarkingIntersection.idl
[1.391s] -- Up-to-date: /home/ivan/Webots_YOLOv8/install/soccer_vision_2d_msgs/share/soccer_vision_2d_msgs/msg/MarkingSegment.idl
[1.392s] -- Up-to-date: /home/ivan/Webots_YOLOv8/install/soccer_vision_2d_msgs/share/soccer_vision_2d_msgs/msg/MarkingArray.idl
[1.392s] -- Up-to-date: /home/ivan/Webots_YOLOv8/install/soccer_vision_2d_msgs/share/soccer_vision_2d_msgs/msg/Obstacle.idl
[1.392s] -- Up-to-date: /home/ivan/Webots_YOLOv8/install/soccer_vision_2d_msgs/share/soccer_vision_2d_msgs/msg/ObstacleArray.idl
[1.392s] -- Up-to-date: /home/ivan/Webots_YOLOv8/install/soccer_vision_2d_msgs/share/soccer_vision_2d_msgs/msg/Robot.idl
[1.392s] -- Up-to-date: /home/ivan/Webots_YOLOv8/install/soccer_vision_2d_msgs/share/soccer_vision_2d_msgs/msg/RobotArray.idl
[1.392s] -- Up-to-date: /home/ivan/Webots_YOLOv8/install/soccer_vision_2d_msgs/share/soccer_vision_2d_msgs/msg/Ball.msg
[1.392s] -- Up-to-date: /home/ivan/Webots_YOLOv8/install/soccer_vision_2d_msgs/share/soccer_vision_2d_msgs/msg/BallArray.msg
[1.393s] -- Up-to-date: /home/ivan/Webots_YOLOv8/install/soccer_vision_2d_msgs/share/soccer_vision_2d_msgs/msg/FieldBoundary.msg
[1.393s] -- Up-to-date: /home/ivan/Webots_YOLOv8/install/soccer_vision_2d_msgs/share/soccer_vision_2d_msgs/msg/Goalpost.msg
[1.393s] -- Up-to-date: /home/ivan/Webots_YOLOv8/install/soccer_vision_2d_msgs/share/soccer_vision_2d_msgs/msg/GoalpostArray.msg
[1.393s] -- Up-to-date: /home/ivan/Webots_YOLOv8/install/soccer_vision_2d_msgs/share/soccer_vision_2d_msgs/msg/MarkingEllipse.msg
[1.393s] -- Up-to-date: /home/ivan/Webots_YOLOv8/install/soccer_vision_2d_msgs/share/soccer_vision_2d_msgs/msg/MarkingIntersection.msg
[1.393s] -- Up-to-date: /home/ivan/Webots_YOLOv8/install/soccer_vision_2d_msgs/share/soccer_vision_2d_msgs/msg/MarkingSegment.msg
[1.393s] -- Up-to-date: /home/ivan/Webots_YOLOv8/install/soccer_vision_2d_msgs/share/soccer_vision_2d_msgs/msg/MarkingArray.msg
[1.393s] -- Up-to-date: /home/ivan/Webots_YOLOv8/install/soccer_vision_2d_msgs/share/soccer_vision_2d_msgs/msg/Obstacle.msg
[1.393s] -- Up-to-date: /home/ivan/Webots_YOLOv8/install/soccer_vision_2d_msgs/share/soccer_vision_2d_msgs/msg/ObstacleArray.msg
[1.394s] -- Up-to-date: /home/ivan/Webots_YOLOv8/install/soccer_vision_2d_msgs/share/soccer_vision_2d_msgs/msg/Robot.msg
[1.394s] -- Up-to-date: /home/ivan/Webots_YOLOv8/install/soccer_vision_2d_msgs/share/soccer_vision_2d_msgs/msg/RobotArray.msg
[1.394s] -- Up-to-date: /home/ivan/Webots_YOLOv8/install/soccer_vision_2d_msgs/share/ament_index/resource_index/package_run_dependencies/soccer_vision_2d_msgs
[1.394s] -- Up-to-date: /home/ivan/Webots_YOLOv8/install/soccer_vision_2d_msgs/share/ament_index/resource_index/parent_prefix_path/soccer_vision_2d_msgs
[1.394s] -- Up-to-date: /home/ivan/Webots_YOLOv8/install/soccer_vision_2d_msgs/share/soccer_vision_2d_msgs/environment/ament_prefix_path.sh
[1.394s] -- Up-to-date: /home/ivan/Webots_YOLOv8/install/soccer_vision_2d_msgs/share/soccer_vision_2d_msgs/environment/ament_prefix_path.dsv
[1.394s] -- Up-to-date: /home/ivan/Webots_YOLOv8/install/soccer_vision_2d_msgs/share/soccer_vision_2d_msgs/environment/path.sh
[1.395s] -- Up-to-date: /home/ivan/Webots_YOLOv8/install/soccer_vision_2d_msgs/share/soccer_vision_2d_msgs/environment/path.dsv
[1.395s] -- Up-to-date: /home/ivan/Webots_YOLOv8/install/soccer_vision_2d_msgs/share/soccer_vision_2d_msgs/local_setup.bash
[1.395s] -- Up-to-date: /home/ivan/Webots_YOLOv8/install/soccer_vision_2d_msgs/share/soccer_vision_2d_msgs/local_setup.sh
[1.395s] -- Up-to-date: /home/ivan/Webots_YOLOv8/install/soccer_vision_2d_msgs/share/soccer_vision_2d_msgs/local_setup.zsh
[1.395s] -- Up-to-date: /home/ivan/Webots_YOLOv8/install/soccer_vision_2d_msgs/share/soccer_vision_2d_msgs/local_setup.dsv
[1.395s] -- Installing: /home/ivan/Webots_YOLOv8/install/soccer_vision_2d_msgs/share/soccer_vision_2d_msgs/package.dsv
[1.395s] -- Up-to-date: /home/ivan/Webots_YOLOv8/install/soccer_vision_2d_msgs/share/ament_index/resource_index/packages/soccer_vision_2d_msgs
[1.395s] -- Up-to-date: /home/ivan/Webots_YOLOv8/install/soccer_vision_2d_msgs/share/soccer_vision_2d_msgs/cmake/export_soccer_vision_2d_msgs__rosidl_generator_cExport.cmake
[1.396s] -- Up-to-date: /home/ivan/Webots_YOLOv8/install/soccer_vision_2d_msgs/share/soccer_vision_2d_msgs/cmake/export_soccer_vision_2d_msgs__rosidl_generator_cExport-noconfig.cmake
[1.396s] -- Up-to-date: /home/ivan/Webots_YOLOv8/install/soccer_vision_2d_msgs/share/soccer_vision_2d_msgs/cmake/export_soccer_vision_2d_msgs__rosidl_typesupport_fastrtps_cExport.cmake
[1.396s] -- Up-to-date: /home/ivan/Webots_YOLOv8/install/soccer_vision_2d_msgs/share/soccer_vision_2d_msgs/cmake/export_soccer_vision_2d_msgs__rosidl_typesupport_fastrtps_cExport-noconfig.cmake
[1.396s] -- Up-to-date: /home/ivan/Webots_YOLOv8/install/soccer_vision_2d_msgs/share/soccer_vision_2d_msgs/cmake/soccer_vision_2d_msgs__rosidl_typesupport_introspection_cExport.cmake
[1.397s] -- Up-to-date: /home/ivan/Webots_YOLOv8/install/soccer_vision_2d_msgs/share/soccer_vision_2d_msgs/cmake/soccer_vision_2d_msgs__rosidl_typesupport_introspection_cExport-noconfig.cmake
[1.397s] -- Up-to-date: /home/ivan/Webots_YOLOv8/install/soccer_vision_2d_msgs/share/soccer_vision_2d_msgs/cmake/soccer_vision_2d_msgs__rosidl_typesupport_cExport.cmake
[1.398s] -- Up-to-date: /home/ivan/Webots_YOLOv8/install/soccer_vision_2d_msgs/share/soccer_vision_2d_msgs/cmake/soccer_vision_2d_msgs__rosidl_typesupport_cExport-noconfig.cmake
[1.398s] -- Up-to-date: /home/ivan/Webots_YOLOv8/install/soccer_vision_2d_msgs/share/soccer_vision_2d_msgs/cmake/export_soccer_vision_2d_msgs__rosidl_generator_cppExport.cmake
[1.398s] -- Up-to-date: /home/ivan/Webots_YOLOv8/install/soccer_vision_2d_msgs/share/soccer_vision_2d_msgs/cmake/export_soccer_vision_2d_msgs__rosidl_typesupport_fastrtps_cppExport.cmake
[1.398s] -- Up-to-date: /home/ivan/Webots_YOLOv8/install/soccer_vision_2d_msgs/share/soccer_vision_2d_msgs/cmake/export_soccer_vision_2d_msgs__rosidl_typesupport_fastrtps_cppExport-noconfig.cmake
[1.399s] -- Up-to-date: /home/ivan/Webots_YOLOv8/install/soccer_vision_2d_msgs/share/soccer_vision_2d_msgs/cmake/soccer_vision_2d_msgs__rosidl_typesupport_introspection_cppExport.cmake
[1.399s] -- Up-to-date: /home/ivan/Webots_YOLOv8/install/soccer_vision_2d_msgs/share/soccer_vision_2d_msgs/cmake/soccer_vision_2d_msgs__rosidl_typesupport_introspection_cppExport-noconfig.cmake
[1.400s] -- Up-to-date: /home/ivan/Webots_YOLOv8/install/soccer_vision_2d_msgs/share/soccer_vision_2d_msgs/cmake/soccer_vision_2d_msgs__rosidl_typesupport_cppExport.cmake
[1.400s] -- Up-to-date: /home/ivan/Webots_YOLOv8/install/soccer_vision_2d_msgs/share/soccer_vision_2d_msgs/cmake/soccer_vision_2d_msgs__rosidl_typesupport_cppExport-noconfig.cmake
[1.401s] -- Up-to-date: /home/ivan/Webots_YOLOv8/install/soccer_vision_2d_msgs/share/soccer_vision_2d_msgs/cmake/export_soccer_vision_2d_msgs__rosidl_generator_pyExport.cmake
[1.401s] -- Up-to-date: /home/ivan/Webots_YOLOv8/install/soccer_vision_2d_msgs/share/soccer_vision_2d_msgs/cmake/export_soccer_vision_2d_msgs__rosidl_generator_pyExport-noconfig.cmake
[1.401s] -- Up-to-date: /home/ivan/Webots_YOLOv8/install/soccer_vision_2d_msgs/share/soccer_vision_2d_msgs/cmake/rosidl_cmake-extras.cmake
[1.401s] -- Up-to-date: /home/ivan/Webots_YOLOv8/install/soccer_vision_2d_msgs/share/soccer_vision_2d_msgs/cmake/ament_cmake_export_dependencies-extras.cmake
[1.401s] -- Up-to-date: /home/ivan/Webots_YOLOv8/install/soccer_vision_2d_msgs/share/soccer_vision_2d_msgs/cmake/ament_cmake_export_include_directories-extras.cmake
[1.402s] -- Up-to-date: /home/ivan/Webots_YOLOv8/install/soccer_vision_2d_msgs/share/soccer_vision_2d_msgs/cmake/ament_cmake_export_libraries-extras.cmake
[1.402s] -- Up-to-date: /home/ivan/Webots_YOLOv8/install/soccer_vision_2d_msgs/share/soccer_vision_2d_msgs/cmake/ament_cmake_export_targets-extras.cmake
[1.402s] -- Up-to-date: /home/ivan/Webots_YOLOv8/install/soccer_vision_2d_msgs/share/soccer_vision_2d_msgs/cmake/rosidl_cmake_export_typesupport_targets-extras.cmake
[1.402s] -- Up-to-date: /home/ivan/Webots_YOLOv8/install/soccer_vision_2d_msgs/share/soccer_vision_2d_msgs/cmake/rosidl_cmake_export_typesupport_libraries-extras.cmake
[1.402s] -- Up-to-date: /home/ivan/Webots_YOLOv8/install/soccer_vision_2d_msgs/share/soccer_vision_2d_msgs/cmake/soccer_vision_2d_msgsConfig.cmake
[1.402s] -- Up-to-date: /home/ivan/Webots_YOLOv8/install/soccer_vision_2d_msgs/share/soccer_vision_2d_msgs/cmake/soccer_vision_2d_msgsConfig-version.cmake
[1.402s] -- Up-to-date: /home/ivan/Webots_YOLOv8/install/soccer_vision_2d_msgs/share/soccer_vision_2d_msgs/package.xml
[1.411s] Invoked command in '/home/ivan/Webots_YOLOv8/build/soccer_vision_2d_msgs' returned '0': CMAKE_PREFIX_PATH=/home/ivan/Webots_YOLOv8/install/soccer_vision_attribute_msgs:/home/ivan/Webots_YOLOv8/install/soccer_interfaces:/home/ivan/Webots_YOLOv8/install/soccer_vision_3d_msgs:/home/ivan/Webots_YOLOv8/install/soccer_vision_2d_msgs:/home/ivan/Webots_YOLOv8/install/soccer_model_msgs:/home/ivan/Webots_YOLOv8/install/soccer_geometry_msgs:/home/ivan/Webots_YOLOv8/install/ipm_interfaces:/home/ivan/ros2_ws/install/edrom_msgs:/home/ivan/Webots_YOLOv8/install/soccer_ipm:/home/ivan/Webots_YOLOv8/install/Webots_YOLOv8:/home/ivan/Webots_YOLOv8/install/my_package:/home/ivan/Webots_YOLOv8/install/ipm_service:/home/ivan/Webots_YOLOv8/install/ipm_image_node:/home/ivan/Webots_YOLOv8/install/ipm_library:/home/ivan/ros2_ws/install/object_finder_onnx:/home/ivan/ros2_ws/install/object_finder:/home/ivan/ros2_ws/install/my_package:/home/ivan/ros2_ws/install/Webots_YOLOv8:/opt/ros/humble LD_LIBRARY_PATH=/home/ivan/Webots_YOLOv8/install/soccer_vision_attribute_msgs/lib:/home/ivan/Webots_YOLOv8/install/soccer_vision_3d_msgs/lib:/home/ivan/Webots_YOLOv8/install/soccer_vision_2d_msgs/lib:/home/ivan/Webots_YOLOv8/install/soccer_model_msgs/lib:/home/ivan/Webots_YOLOv8/install/soccer_geometry_msgs/lib:/home/ivan/Webots_YOLOv8/install/ipm_interfaces/lib:/home/ivan/ros2_ws/install/edrom_msgs/lib:/opt/ros/humble/opt/rviz_ogre_vendor/lib:/opt/ros/humble/lib/x86_64-linux-gnu:/opt/ros/humble/lib /usr/bin/cmake --install /home/ivan/Webots_YOLOv8/build/soccer_vision_2d_msgs
