[0.680s] Invoking command in '/home/ivan/Webots_YOLOv8/src/my_package': PYTHONPATH=/home/ivan/Webots_YOLOv8/build/my_package/prefix_override:/usr/lib/python3/dist-packages/colcon_core/task/python/colcon_distutils_commands:/home/ivan/Webots_YOLOv8/install/my_package/lib/python3.10/site-packages:${PYTHONPATH} /usr/bin/python3 -W ignore:setup.py install is deprecated -W ignore:easy_install command is deprecated setup.py egg_info --egg-base ../../build/my_package build --build-base /home/ivan/Webots_YOLOv8/build/my_package/build install --record /home/ivan/Webots_YOLOv8/build/my_package/install.log --single-version-externally-managed install_data
[0.926s] running egg_info
[0.926s] creating ../../build/my_package/my_package.egg-info
[0.927s] writing ../../build/my_package/my_package.egg-info/PKG-INFO
[0.927s] writing dependency_links to ../../build/my_package/my_package.egg-info/dependency_links.txt
[0.927s] writing entry points to ../../build/my_package/my_package.egg-info/entry_points.txt
[0.927s] writing requirements to ../../build/my_package/my_package.egg-info/requires.txt
[0.927s] writing top-level names to ../../build/my_package/my_package.egg-info/top_level.txt
[0.928s] writing manifest file '../../build/my_package/my_package.egg-info/SOURCES.txt'
[0.930s] reading manifest file '../../build/my_package/my_package.egg-info/SOURCES.txt'
[0.930s] adding license file 'LICENSE'
[0.930s] writing manifest file '../../build/my_package/my_package.egg-info/SOURCES.txt'
[0.930s] running build
[0.930s] running build_py
[0.930s] creating /home/ivan/Webots_YOLOv8/build/my_package/build
[0.931s] creating /home/ivan/Webots_YOLOv8/build/my_package/build/lib
[0.931s] creating /home/ivan/Webots_YOLOv8/build/my_package/build/lib/my_package
[0.931s] copying my_package/keyboard_teleop.py -> /home/ivan/Webots_YOLOv8/build/my_package/build/lib/my_package
[0.931s] copying my_package/__init__.py -> /home/ivan/Webots_YOLOv8/build/my_package/build/lib/my_package
[0.931s] copying my_package/my_robot_driver.py -> /home/ivan/Webots_YOLOv8/build/my_package/build/lib/my_package
[0.931s] running install
[0.931s] running install_lib
[0.932s] creating /home/ivan/Webots_YOLOv8/install/my_package/lib/python3.10/site-packages/my_package
[0.932s] copying /home/ivan/Webots_YOLOv8/build/my_package/build/lib/my_package/keyboard_teleop.py -> /home/ivan/Webots_YOLOv8/install/my_package/lib/python3.10/site-packages/my_package
[0.932s] copying /home/ivan/Webots_YOLOv8/build/my_package/build/lib/my_package/__init__.py -> /home/ivan/Webots_YOLOv8/install/my_package/lib/python3.10/site-packages/my_package
[0.932s] copying /home/ivan/Webots_YOLOv8/build/my_package/build/lib/my_package/my_robot_driver.py -> /home/ivan/Webots_YOLOv8/install/my_package/lib/python3.10/site-packages/my_package
[0.933s] byte-compiling /home/ivan/Webots_YOLOv8/install/my_package/lib/python3.10/site-packages/my_package/keyboard_teleop.py to keyboard_teleop.cpython-310.pyc
[0.934s] byte-compiling /home/ivan/Webots_YOLOv8/install/my_package/lib/python3.10/site-packages/my_package/__init__.py to __init__.cpython-310.pyc
[0.934s] byte-compiling /home/ivan/Webots_YOLOv8/install/my_package/lib/python3.10/site-packages/my_package/my_robot_driver.py to my_robot_driver.cpython-310.pyc
[0.934s] running install_data
[0.934s] creating /home/ivan/Webots_YOLOv8/install/my_package/share/ament_index
[0.934s] creating /home/ivan/Webots_YOLOv8/install/my_package/share/ament_index/resource_index
[0.934s] creating /home/ivan/Webots_YOLOv8/install/my_package/share/ament_index/resource_index/packages
[0.935s] copying resource/my_package -> /home/ivan/Webots_YOLOv8/install/my_package/share/ament_index/resource_index/packages
[0.935s] creating /home/ivan/Webots_YOLOv8/install/my_package/share/my_package/launch
[0.935s] copying launch/robot_launch.py -> /home/ivan/Webots_YOLOv8/install/my_package/share/my_package/launch
[0.935s] creating /home/ivan/Webots_YOLOv8/install/my_package/share/my_package/worlds
[0.935s] copying worlds/training_simulation.wbt -> /home/ivan/Webots_YOLOv8/install/my_package/share/my_package/worlds
[0.935s] creating /home/ivan/Webots_YOLOv8/install/my_package/share/my_package/resource
[0.935s] copying resource/AUREA.urdf -> /home/ivan/Webots_YOLOv8/install/my_package/share/my_package/resource
[0.935s] copying package.xml -> /home/ivan/Webots_YOLOv8/install/my_package/share/my_package
[0.935s] running install_egg_info
[0.937s] Copying ../../build/my_package/my_package.egg-info to /home/ivan/Webots_YOLOv8/install/my_package/lib/python3.10/site-packages/my_package-0.0.0-py3.10.egg-info
[0.938s] running install_scripts
[0.960s] Installing keyboard_teleop script to /home/ivan/Webots_YOLOv8/install/my_package/lib/my_package
[0.960s] Installing my_robot_driver script to /home/ivan/Webots_YOLOv8/install/my_package/lib/my_package
[0.960s] writing list of installed files to '/home/ivan/Webots_YOLOv8/build/my_package/install.log'
[1.005s] Invoked command in '/home/ivan/Webots_YOLOv8/src/my_package' returned '0': PYTHONPATH=/home/ivan/Webots_YOLOv8/build/my_package/prefix_override:/usr/lib/python3/dist-packages/colcon_core/task/python/colcon_distutils_commands:/home/ivan/Webots_YOLOv8/install/my_package/lib/python3.10/site-packages:${PYTHONPATH} /usr/bin/python3 -W ignore:setup.py install is deprecated -W ignore:easy_install command is deprecated setup.py egg_info --egg-base ../../build/my_package build --build-base /home/ivan/Webots_YOLOv8/build/my_package/build install --record /home/ivan/Webots_YOLOv8/build/my_package/install.log --single-version-externally-managed install_data
