[0.065s] Invoking command in '/home/ivan/Webots_YOLOv8/build/soccer_vision_2d_msgs': AMENT_PREFIX_PATH=/home/ivan/Webots_YOLOv8/install/soccer_vision_attribute_msgs:${AMENT_PREFIX_PATH} CMAKE_PREFIX_PATH=/home/ivan/Webots_YOLOv8/install/soccer_vision_attribute_msgs:/home/ivan/ros2_ws/install/edrom_msgs:/home/ivan/ros2_ws/install/object_finder_onnx:/home/ivan/ros2_ws/install/object_finder:/home/ivan/ros2_ws/install/my_package:/home/ivan/ros2_ws/install/Webots_YOLOv8:/opt/ros/humble LD_LIBRARY_PATH=/home/ivan/Webots_YOLOv8/install/soccer_vision_attribute_msgs/lib:${LD_LIBRARY_PATH} PYTHONPATH=/home/ivan/Webots_YOLOv8/install/soccer_vision_attribute_msgs/local/lib/python3.10/dist-packages:${PYTHONPATH} /usr/bin/cmake --build /home/ivan/Webots_YOLOv8/build/soccer_vision_2d_msgs -- -j12 -l12
[0.147s] [  0%] Built target soccer_vision_2d_msgs__cpp
[0.160s] [ 12%] Built target soccer_vision_2d_msgs__rosidl_generator_c
[0.200s] [ 12%] Built target ament_cmake_python_copy_soccer_vision_2d_msgs
[0.211s] [ 24%] Built target soccer_vision_2d_msgs__rosidl_typesupport_cpp
[0.320s] [ 36%] Built target soccer_vision_2d_msgs__rosidl_typesupport_c
[0.324s] [ 48%] Built target soccer_vision_2d_msgs__rosidl_typesupport_introspection_c
[0.325s] [ 60%] Built target soccer_vision_2d_msgs__rosidl_typesupport_fastrtps_c
[0.335s] [ 84%] Built target soccer_vision_2d_msgs__rosidl_typesupport_introspection_cpp
[0.336s] [ 84%] Built target soccer_vision_2d_msgs__rosidl_typesupport_fastrtps_cpp
[0.394s] [ 84%] Built target soccer_vision_2d_msgs
[0.424s] [ 85%] Built target soccer_vision_2d_msgs__py
[0.468s] [ 96%] Built target soccer_vision_2d_msgs__rosidl_generator_py
[0.516s] [ 98%] Built target soccer_vision_2d_msgs__rosidl_typesupport_introspection_c__pyext
[0.516s] [ 99%] Built target soccer_vision_2d_msgs__rosidl_typesupport_fastrtps_c__pyext
[0.526s] [100%] Built target soccer_vision_2d_msgs__rosidl_typesupport_c__pyext
[0.624s] running egg_info
[0.627s] writing soccer_vision_2d_msgs.egg-info/PKG-INFO
[0.627s] writing dependency_links to soccer_vision_2d_msgs.egg-info/dependency_links.txt
[0.627s] writing top-level names to soccer_vision_2d_msgs.egg-info/top_level.txt
[0.630s] reading manifest file 'soccer_vision_2d_msgs.egg-info/SOURCES.txt'
[0.652s] writing manifest file 'soccer_vision_2d_msgs.egg-info/SOURCES.txt'
[0.708s] [100%] Built target ament_cmake_python_build_soccer_vision_2d_msgs_egg
[0.723s] Invoked command in '/home/ivan/Webots_YOLOv8/build/soccer_vision_2d_msgs' returned '0': AMENT_PREFIX_PATH=/home/ivan/Webots_YOLOv8/install/soccer_vision_attribute_msgs:${AMENT_PREFIX_PATH} CMAKE_PREFIX_PATH=/home/ivan/Webots_YOLOv8/install/soccer_vision_attribute_msgs:/home/ivan/ros2_ws/install/edrom_msgs:/home/ivan/ros2_ws/install/object_finder_onnx:/home/ivan/ros2_ws/install/object_finder:/home/ivan/ros2_ws/install/my_package:/home/ivan/ros2_ws/install/Webots_YOLOv8:/opt/ros/humble LD_LIBRARY_PATH=/home/ivan/Webots_YOLOv8/install/soccer_vision_attribute_msgs/lib:${LD_LIBRARY_PATH} PYTHONPATH=/home/ivan/Webots_YOLOv8/install/soccer_vision_attribute_msgs/local/lib/python3.10/dist-packages:${PYTHONPATH} /usr/bin/cmake --build /home/ivan/Webots_YOLOv8/build/soccer_vision_2d_msgs -- -j12 -l12
[0.725s] Invoking command in '/home/ivan/Webots_YOLOv8/build/soccer_vision_2d_msgs': AMENT_PREFIX_PATH=/home/ivan/Webots_YOLOv8/install/soccer_vision_attribute_msgs:${AMENT_PREFIX_PATH} CMAKE_PREFIX_PATH=/home/ivan/Webots_YOLOv8/install/soccer_vision_attribute_msgs:/home/ivan/ros2_ws/install/edrom_msgs:/home/ivan/ros2_ws/install/object_finder_onnx:/home/ivan/ros2_ws/install/object_finder:/home/ivan/ros2_ws/install/my_package:/home/ivan/ros2_ws/install/Webots_YOLOv8:/opt/ros/humble LD_LIBRARY_PATH=/home/ivan/Webots_YOLOv8/install/soccer_vision_attribute_msgs/lib:${LD_LIBRARY_PATH} PYTHONPATH=/home/ivan/Webots_YOLOv8/install/soccer_vision_attribute_msgs/local/lib/python3.10/dist-packages:${PYTHONPATH} /usr/bin/cmake --install /home/ivan/Webots_YOLOv8/build/soccer_vision_2d_msgs
[0.739s] -- Install configuration: ""
[0.739s] -- Up-to-date: /home/ivan/Webots_YOLOv8/install/soccer_vision_2d_msgs/share/ament_index/resource_index/rosidl_interfaces/soccer_vision_2d_msgs
[0.740s] -- Up-to-date: /home/ivan/Webots_YOLOv8/install/soccer_vision_2d_msgs/include/soccer_vision_2d_msgs/soccer_vision_2d_msgs
[0.740s] -- Up-to-date: /home/ivan/Webots_YOLOv8/install/soccer_vision_2d_msgs/include/soccer_vision_2d_msgs/soccer_vision_2d_msgs/msg
[0.740s] -- Up-to-date: /home/ivan/Webots_YOLOv8/install/soccer_vision_2d_msgs/include/soccer_vision_2d_msgs/soccer_vision_2d_msgs/msg/detail
[0.740s] -- Up-to-date: /home/ivan/Webots_YOLOv8/install/soccer_vision_2d_msgs/include/soccer_vision_2d_msgs/soccer_vision_2d_msgs/msg/detail/marking_intersection__functions.h
[0.740s] -- Up-to-date: /home/ivan/Webots_YOLOv8/install/soccer_vision_2d_msgs/include/soccer_vision_2d_msgs/soccer_vision_2d_msgs/msg/detail/robot__functions.h
[0.741s] -- Up-to-date: /home/ivan/Webots_YOLOv8/install/soccer_vision_2d_msgs/include/soccer_vision_2d_msgs/soccer_vision_2d_msgs/msg/detail/robot__struct.h
[0.741s] -- Up-to-date: /home/ivan/Webots_YOLOv8/install/soccer_vision_2d_msgs/include/soccer_vision_2d_msgs/soccer_vision_2d_msgs/msg/detail/obstacle_array__functions.c
[0.741s] -- Up-to-date: /home/ivan/Webots_YOLOv8/install/soccer_vision_2d_msgs/include/soccer_vision_2d_msgs/soccer_vision_2d_msgs/msg/detail/obstacle__struct.h
[0.741s] -- Up-to-date: /home/ivan/Webots_YOLOv8/install/soccer_vision_2d_msgs/include/soccer_vision_2d_msgs/soccer_vision_2d_msgs/msg/detail/marking_segment__struct.h
[0.741s] -- Up-to-date: /home/ivan/Webots_YOLOv8/install/soccer_vision_2d_msgs/include/soccer_vision_2d_msgs/soccer_vision_2d_msgs/msg/detail/field_boundary__type_support.h
[0.741s] -- Up-to-date: /home/ivan/Webots_YOLOv8/install/soccer_vision_2d_msgs/include/soccer_vision_2d_msgs/soccer_vision_2d_msgs/msg/detail/obstacle_array__functions.h
[0.741s] -- Up-to-date: /home/ivan/Webots_YOLOv8/install/soccer_vision_2d_msgs/include/soccer_vision_2d_msgs/soccer_vision_2d_msgs/msg/detail/marking_array__functions.h
[0.741s] -- Up-to-date: /home/ivan/Webots_YOLOv8/install/soccer_vision_2d_msgs/include/soccer_vision_2d_msgs/soccer_vision_2d_msgs/msg/detail/robot_array__struct.h
[0.741s] -- Up-to-date: /home/ivan/Webots_YOLOv8/install/soccer_vision_2d_msgs/include/soccer_vision_2d_msgs/soccer_vision_2d_msgs/msg/detail/obstacle_array__type_support.h
[0.742s] -- Up-to-date: /home/ivan/Webots_YOLOv8/install/soccer_vision_2d_msgs/include/soccer_vision_2d_msgs/soccer_vision_2d_msgs/msg/detail/marking_segment__type_support.h
[0.742s] -- Up-to-date: /home/ivan/Webots_YOLOv8/install/soccer_vision_2d_msgs/include/soccer_vision_2d_msgs/soccer_vision_2d_msgs/msg/detail/marking_array__functions.c
[0.742s] -- Up-to-date: /home/ivan/Webots_YOLOv8/install/soccer_vision_2d_msgs/include/soccer_vision_2d_msgs/soccer_vision_2d_msgs/msg/detail/marking_segment__functions.h
[0.742s] -- Up-to-date: /home/ivan/Webots_YOLOv8/install/soccer_vision_2d_msgs/include/soccer_vision_2d_msgs/soccer_vision_2d_msgs/msg/detail/obstacle__functions.c
[0.742s] -- Up-to-date: /home/ivan/Webots_YOLOv8/install/soccer_vision_2d_msgs/include/soccer_vision_2d_msgs/soccer_vision_2d_msgs/msg/detail/marking_intersection__type_support.h
[0.743s] -- Up-to-date: /home/ivan/Webots_YOLOv8/install/soccer_vision_2d_msgs/include/soccer_vision_2d_msgs/soccer_vision_2d_msgs/msg/detail/robot_array__type_support.h
[0.744s] -- Up-to-date: /home/ivan/Webots_YOLOv8/install/soccer_vision_2d_msgs/include/soccer_vision_2d_msgs/soccer_vision_2d_msgs/msg/detail/ball__functions.h
[0.744s] -- Up-to-date: /home/ivan/Webots_YOLOv8/install/soccer_vision_2d_msgs/include/soccer_vision_2d_msgs/soccer_vision_2d_msgs/msg/detail/obstacle_array__struct.h
[0.744s] -- Up-to-date: /home/ivan/Webots_YOLOv8/install/soccer_vision_2d_msgs/include/soccer_vision_2d_msgs/soccer_vision_2d_msgs/msg/detail/goalpost_array__functions.h
[0.744s] -- Up-to-date: /home/ivan/Webots_YOLOv8/install/soccer_vision_2d_msgs/include/soccer_vision_2d_msgs/soccer_vision_2d_msgs/msg/detail/marking_segment__functions.c
[0.744s] -- Up-to-date: /home/ivan/Webots_YOLOv8/install/soccer_vision_2d_msgs/include/soccer_vision_2d_msgs/soccer_vision_2d_msgs/msg/detail/goalpost_array__type_support.h
[0.744s] -- Up-to-date: /home/ivan/Webots_YOLOv8/install/soccer_vision_2d_msgs/include/soccer_vision_2d_msgs/soccer_vision_2d_msgs/msg/detail/robot__functions.c
[0.744s] -- Up-to-date: /home/ivan/Webots_YOLOv8/install/soccer_vision_2d_msgs/include/soccer_vision_2d_msgs/soccer_vision_2d_msgs/msg/detail/goalpost_array__functions.c
[0.744s] -- Up-to-date: /home/ivan/Webots_YOLOv8/install/soccer_vision_2d_msgs/include/soccer_vision_2d_msgs/soccer_vision_2d_msgs/msg/detail/robot_array__functions.h
[0.744s] -- Up-to-date: /home/ivan/Webots_YOLOv8/install/soccer_vision_2d_msgs/include/soccer_vision_2d_msgs/soccer_vision_2d_msgs/msg/detail/obstacle__type_support.h
[0.744s] -- Up-to-date: /home/ivan/Webots_YOLOv8/install/soccer_vision_2d_msgs/include/soccer_vision_2d_msgs/soccer_vision_2d_msgs/msg/detail/robot_array__functions.c
[0.744s] -- Up-to-date: /home/ivan/Webots_YOLOv8/install/soccer_vision_2d_msgs/include/soccer_vision_2d_msgs/soccer_vision_2d_msgs/msg/detail/ball__struct.h
[0.745s] -- Up-to-date: /home/ivan/Webots_YOLOv8/install/soccer_vision_2d_msgs/include/soccer_vision_2d_msgs/soccer_vision_2d_msgs/msg/detail/field_boundary__struct.h
[0.745s] -- Up-to-date: /home/ivan/Webots_YOLOv8/install/soccer_vision_2d_msgs/include/soccer_vision_2d_msgs/soccer_vision_2d_msgs/msg/detail/marking_ellipse__functions.c
[0.745s] -- Up-to-date: /home/ivan/Webots_YOLOv8/install/soccer_vision_2d_msgs/include/soccer_vision_2d_msgs/soccer_vision_2d_msgs/msg/detail/field_boundary__functions.c
[0.746s] -- Up-to-date: /home/ivan/Webots_YOLOv8/install/soccer_vision_2d_msgs/include/soccer_vision_2d_msgs/soccer_vision_2d_msgs/msg/detail/marking_ellipse__struct.h
[0.746s] -- Up-to-date: /home/ivan/Webots_YOLOv8/install/soccer_vision_2d_msgs/include/soccer_vision_2d_msgs/soccer_vision_2d_msgs/msg/detail/ball__type_support.h
[0.746s] -- Up-to-date: /home/ivan/Webots_YOLOv8/install/soccer_vision_2d_msgs/include/soccer_vision_2d_msgs/soccer_vision_2d_msgs/msg/detail/marking_array__type_support.h
[0.746s] -- Up-to-date: /home/ivan/Webots_YOLOv8/install/soccer_vision_2d_msgs/include/soccer_vision_2d_msgs/soccer_vision_2d_msgs/msg/detail/ball_array__functions.h
[0.746s] -- Up-to-date: /home/ivan/Webots_YOLOv8/install/soccer_vision_2d_msgs/include/soccer_vision_2d_msgs/soccer_vision_2d_msgs/msg/detail/marking_ellipse__type_support.h
[0.746s] -- Up-to-date: /home/ivan/Webots_YOLOv8/install/soccer_vision_2d_msgs/include/soccer_vision_2d_msgs/soccer_vision_2d_msgs/msg/detail/marking_array__struct.h
[0.746s] -- Up-to-date: /home/ivan/Webots_YOLOv8/install/soccer_vision_2d_msgs/include/soccer_vision_2d_msgs/soccer_vision_2d_msgs/msg/detail/marking_intersection__functions.c
[0.746s] -- Up-to-date: /home/ivan/Webots_YOLOv8/install/soccer_vision_2d_msgs/include/soccer_vision_2d_msgs/soccer_vision_2d_msgs/msg/detail/robot__type_support.h
[0.746s] -- Up-to-date: /home/ivan/Webots_YOLOv8/install/soccer_vision_2d_msgs/include/soccer_vision_2d_msgs/soccer_vision_2d_msgs/msg/detail/goalpost__functions.h
[0.746s] -- Up-to-date: /home/ivan/Webots_YOLOv8/install/soccer_vision_2d_msgs/include/soccer_vision_2d_msgs/soccer_vision_2d_msgs/msg/detail/goalpost__functions.c
[0.747s] -- Up-to-date: /home/ivan/Webots_YOLOv8/install/soccer_vision_2d_msgs/include/soccer_vision_2d_msgs/soccer_vision_2d_msgs/msg/detail/ball__functions.c
[0.747s] -- Up-to-date: /home/ivan/Webots_YOLOv8/install/soccer_vision_2d_msgs/include/soccer_vision_2d_msgs/soccer_vision_2d_msgs/msg/detail/marking_intersection__struct.h
[0.747s] -- Up-to-date: /home/ivan/Webots_YOLOv8/install/soccer_vision_2d_msgs/include/soccer_vision_2d_msgs/soccer_vision_2d_msgs/msg/detail/goalpost__type_support.h
[0.747s] -- Up-to-date: /home/ivan/Webots_YOLOv8/install/soccer_vision_2d_msgs/include/soccer_vision_2d_msgs/soccer_vision_2d_msgs/msg/detail/ball_array__struct.h
[0.747s] -- Up-to-date: /home/ivan/Webots_YOLOv8/install/soccer_vision_2d_msgs/include/soccer_vision_2d_msgs/soccer_vision_2d_msgs/msg/detail/field_boundary__functions.h
[0.747s] -- Up-to-date: /home/ivan/Webots_YOLOv8/install/soccer_vision_2d_msgs/include/soccer_vision_2d_msgs/soccer_vision_2d_msgs/msg/detail/goalpost_array__struct.h
[0.747s] -- Up-to-date: /home/ivan/Webots_YOLOv8/install/soccer_vision_2d_msgs/include/soccer_vision_2d_msgs/soccer_vision_2d_msgs/msg/detail/marking_ellipse__functions.h
[0.747s] -- Up-to-date: /home/ivan/Webots_YOLOv8/install/soccer_vision_2d_msgs/include/soccer_vision_2d_msgs/soccer_vision_2d_msgs/msg/detail/obstacle__functions.h
[0.747s] -- Up-to-date: /home/ivan/Webots_YOLOv8/install/soccer_vision_2d_msgs/include/soccer_vision_2d_msgs/soccer_vision_2d_msgs/msg/detail/ball_array__type_support.h
[0.748s] -- Up-to-date: /home/ivan/Webots_YOLOv8/install/soccer_vision_2d_msgs/include/soccer_vision_2d_msgs/soccer_vision_2d_msgs/msg/detail/goalpost__struct.h
[0.748s] -- Up-to-date: /home/ivan/Webots_YOLOv8/install/soccer_vision_2d_msgs/include/soccer_vision_2d_msgs/soccer_vision_2d_msgs/msg/detail/ball_array__functions.c
[0.748s] -- Up-to-date: /home/ivan/Webots_YOLOv8/install/soccer_vision_2d_msgs/include/soccer_vision_2d_msgs/soccer_vision_2d_msgs/msg/marking_ellipse.h
[0.748s] -- Up-to-date: /home/ivan/Webots_YOLOv8/install/soccer_vision_2d_msgs/include/soccer_vision_2d_msgs/soccer_vision_2d_msgs/msg/marking_array.h
[0.748s] -- Up-to-date: /home/ivan/Webots_YOLOv8/install/soccer_vision_2d_msgs/include/soccer_vision_2d_msgs/soccer_vision_2d_msgs/msg/marking_intersection.h
[0.748s] -- Up-to-date: /home/ivan/Webots_YOLOv8/install/soccer_vision_2d_msgs/include/soccer_vision_2d_msgs/soccer_vision_2d_msgs/msg/field_boundary.h
[0.748s] -- Up-to-date: /home/ivan/Webots_YOLOv8/install/soccer_vision_2d_msgs/include/soccer_vision_2d_msgs/soccer_vision_2d_msgs/msg/ball.h
[0.748s] -- Up-to-date: /home/ivan/Webots_YOLOv8/install/soccer_vision_2d_msgs/include/soccer_vision_2d_msgs/soccer_vision_2d_msgs/msg/rosidl_generator_c__visibility_control.h
[0.748s] -- Up-to-date: /home/ivan/Webots_YOLOv8/install/soccer_vision_2d_msgs/include/soccer_vision_2d_msgs/soccer_vision_2d_msgs/msg/goalpost.h
[0.748s] -- Up-to-date: /home/ivan/Webots_YOLOv8/install/soccer_vision_2d_msgs/include/soccer_vision_2d_msgs/soccer_vision_2d_msgs/msg/obstacle_array.h
[0.749s] -- Up-to-date: /home/ivan/Webots_YOLOv8/install/soccer_vision_2d_msgs/include/soccer_vision_2d_msgs/soccer_vision_2d_msgs/msg/marking_segment.h
[0.749s] -- Up-to-date: /home/ivan/Webots_YOLOv8/install/soccer_vision_2d_msgs/include/soccer_vision_2d_msgs/soccer_vision_2d_msgs/msg/robot_array.h
[0.749s] -- Up-to-date: /home/ivan/Webots_YOLOv8/install/soccer_vision_2d_msgs/include/soccer_vision_2d_msgs/soccer_vision_2d_msgs/msg/obstacle.h
[0.749s] -- Up-to-date: /home/ivan/Webots_YOLOv8/install/soccer_vision_2d_msgs/include/soccer_vision_2d_msgs/soccer_vision_2d_msgs/msg/robot.h
[0.749s] -- Up-to-date: /home/ivan/Webots_YOLOv8/install/soccer_vision_2d_msgs/include/soccer_vision_2d_msgs/soccer_vision_2d_msgs/msg/goalpost_array.h
[0.749s] -- Up-to-date: /home/ivan/Webots_YOLOv8/install/soccer_vision_2d_msgs/include/soccer_vision_2d_msgs/soccer_vision_2d_msgs/msg/ball_array.h
[0.749s] -- Up-to-date: /home/ivan/Webots_YOLOv8/install/soccer_vision_2d_msgs/share/soccer_vision_2d_msgs/environment/library_path.sh
[0.750s] -- Up-to-date: /home/ivan/Webots_YOLOv8/install/soccer_vision_2d_msgs/share/soccer_vision_2d_msgs/environment/library_path.dsv
[0.750s] -- Up-to-date: /home/ivan/Webots_YOLOv8/install/soccer_vision_2d_msgs/lib/libsoccer_vision_2d_msgs__rosidl_generator_c.so
[0.750s] -- Up-to-date: /home/ivan/Webots_YOLOv8/install/soccer_vision_2d_msgs/include/soccer_vision_2d_msgs/soccer_vision_2d_msgs
[0.750s] -- Up-to-date: /home/ivan/Webots_YOLOv8/install/soccer_vision_2d_msgs/include/soccer_vision_2d_msgs/soccer_vision_2d_msgs/msg
[0.750s] -- Up-to-date: /home/ivan/Webots_YOLOv8/install/soccer_vision_2d_msgs/include/soccer_vision_2d_msgs/soccer_vision_2d_msgs/msg/detail
[0.750s] -- Up-to-date: /home/ivan/Webots_YOLOv8/install/soccer_vision_2d_msgs/include/soccer_vision_2d_msgs/soccer_vision_2d_msgs/msg/detail/obstacle__rosidl_typesupport_fastrtps_c.h
[0.750s] -- Up-to-date: /home/ivan/Webots_YOLOv8/install/soccer_vision_2d_msgs/include/soccer_vision_2d_msgs/soccer_vision_2d_msgs/msg/detail/goalpost__rosidl_typesupport_fastrtps_c.h
[0.750s] -- Up-to-date: /home/ivan/Webots_YOLOv8/install/soccer_vision_2d_msgs/include/soccer_vision_2d_msgs/soccer_vision_2d_msgs/msg/detail/marking_intersection__rosidl_typesupport_fastrtps_c.h
[0.750s] -- Up-to-date: /home/ivan/Webots_YOLOv8/install/soccer_vision_2d_msgs/include/soccer_vision_2d_msgs/soccer_vision_2d_msgs/msg/detail/obstacle_array__rosidl_typesupport_fastrtps_c.h
[0.750s] -- Up-to-date: /home/ivan/Webots_YOLOv8/install/soccer_vision_2d_msgs/include/soccer_vision_2d_msgs/soccer_vision_2d_msgs/msg/detail/ball_array__rosidl_typesupport_fastrtps_c.h
[0.751s] -- Up-to-date: /home/ivan/Webots_YOLOv8/install/soccer_vision_2d_msgs/include/soccer_vision_2d_msgs/soccer_vision_2d_msgs/msg/detail/marking_segment__rosidl_typesupport_fastrtps_c.h
[0.751s] -- Up-to-date: /home/ivan/Webots_YOLOv8/install/soccer_vision_2d_msgs/include/soccer_vision_2d_msgs/soccer_vision_2d_msgs/msg/detail/marking_ellipse__rosidl_typesupport_fastrtps_c.h
[0.751s] -- Up-to-date: /home/ivan/Webots_YOLOv8/install/soccer_vision_2d_msgs/include/soccer_vision_2d_msgs/soccer_vision_2d_msgs/msg/detail/goalpost_array__rosidl_typesupport_fastrtps_c.h
[0.751s] -- Up-to-date: /home/ivan/Webots_YOLOv8/install/soccer_vision_2d_msgs/include/soccer_vision_2d_msgs/soccer_vision_2d_msgs/msg/detail/ball__rosidl_typesupport_fastrtps_c.h
[0.751s] -- Up-to-date: /home/ivan/Webots_YOLOv8/install/soccer_vision_2d_msgs/include/soccer_vision_2d_msgs/soccer_vision_2d_msgs/msg/detail/field_boundary__rosidl_typesupport_fastrtps_c.h
[0.752s] -- Up-to-date: /home/ivan/Webots_YOLOv8/install/soccer_vision_2d_msgs/include/soccer_vision_2d_msgs/soccer_vision_2d_msgs/msg/detail/robot_array__rosidl_typesupport_fastrtps_c.h
[0.752s] -- Up-to-date: /home/ivan/Webots_YOLOv8/install/soccer_vision_2d_msgs/include/soccer_vision_2d_msgs/soccer_vision_2d_msgs/msg/detail/marking_array__rosidl_typesupport_fastrtps_c.h
[0.752s] -- Up-to-date: /home/ivan/Webots_YOLOv8/install/soccer_vision_2d_msgs/include/soccer_vision_2d_msgs/soccer_vision_2d_msgs/msg/detail/robot__rosidl_typesupport_fastrtps_c.h
[0.752s] -- Up-to-date: /home/ivan/Webots_YOLOv8/install/soccer_vision_2d_msgs/include/soccer_vision_2d_msgs/soccer_vision_2d_msgs/msg/rosidl_typesupport_fastrtps_c__visibility_control.h
[0.753s] -- Up-to-date: /home/ivan/Webots_YOLOv8/install/soccer_vision_2d_msgs/lib/libsoccer_vision_2d_msgs__rosidl_typesupport_fastrtps_c.so
[0.753s] -- Up-to-date: /home/ivan/Webots_YOLOv8/install/soccer_vision_2d_msgs/include/soccer_vision_2d_msgs/soccer_vision_2d_msgs
[0.754s] -- Up-to-date: /home/ivan/Webots_YOLOv8/install/soccer_vision_2d_msgs/include/soccer_vision_2d_msgs/soccer_vision_2d_msgs/msg
[0.754s] -- Up-to-date: /home/ivan/Webots_YOLOv8/install/soccer_vision_2d_msgs/include/soccer_vision_2d_msgs/soccer_vision_2d_msgs/msg/detail
[0.754s] -- Up-to-date: /home/ivan/Webots_YOLOv8/install/soccer_vision_2d_msgs/include/soccer_vision_2d_msgs/soccer_vision_2d_msgs/msg/detail/ball_array__type_support.c
[0.754s] -- Up-to-date: /home/ivan/Webots_YOLOv8/install/soccer_vision_2d_msgs/include/soccer_vision_2d_msgs/soccer_vision_2d_msgs/msg/detail/marking_array__rosidl_typesupport_introspection_c.h
[0.754s] -- Up-to-date: /home/ivan/Webots_YOLOv8/install/soccer_vision_2d_msgs/include/soccer_vision_2d_msgs/soccer_vision_2d_msgs/msg/detail/marking_ellipse__type_support.c
[0.754s] -- Up-to-date: /home/ivan/Webots_YOLOv8/install/soccer_vision_2d_msgs/include/soccer_vision_2d_msgs/soccer_vision_2d_msgs/msg/detail/robot__rosidl_typesupport_introspection_c.h
[0.754s] -- Up-to-date: /home/ivan/Webots_YOLOv8/install/soccer_vision_2d_msgs/include/soccer_vision_2d_msgs/soccer_vision_2d_msgs/msg/detail/field_boundary__type_support.c
[0.755s] -- Up-to-date: /home/ivan/Webots_YOLOv8/install/soccer_vision_2d_msgs/include/soccer_vision_2d_msgs/soccer_vision_2d_msgs/msg/detail/obstacle_array__type_support.c
[0.755s] -- Up-to-date: /home/ivan/Webots_YOLOv8/install/soccer_vision_2d_msgs/include/soccer_vision_2d_msgs/soccer_vision_2d_msgs/msg/detail/ball__type_support.c
[0.755s] -- Up-to-date: /home/ivan/Webots_YOLOv8/install/soccer_vision_2d_msgs/include/soccer_vision_2d_msgs/soccer_vision_2d_msgs/msg/detail/obstacle__rosidl_typesupport_introspection_c.h
[0.755s] -- Up-to-date: /home/ivan/Webots_YOLOv8/install/soccer_vision_2d_msgs/include/soccer_vision_2d_msgs/soccer_vision_2d_msgs/msg/detail/marking_segment__rosidl_typesupport_introspection_c.h
[0.755s] -- Up-to-date: /home/ivan/Webots_YOLOv8/install/soccer_vision_2d_msgs/include/soccer_vision_2d_msgs/soccer_vision_2d_msgs/msg/detail/goalpost__type_support.c
[0.755s] -- Up-to-date: /home/ivan/Webots_YOLOv8/install/soccer_vision_2d_msgs/include/soccer_vision_2d_msgs/soccer_vision_2d_msgs/msg/detail/goalpost_array__type_support.c
[0.755s] -- Up-to-date: /home/ivan/Webots_YOLOv8/install/soccer_vision_2d_msgs/include/soccer_vision_2d_msgs/soccer_vision_2d_msgs/msg/detail/ball_array__rosidl_typesupport_introspection_c.h
[0.755s] -- Up-to-date: /home/ivan/Webots_YOLOv8/install/soccer_vision_2d_msgs/include/soccer_vision_2d_msgs/soccer_vision_2d_msgs/msg/detail/marking_array__type_support.c
[0.755s] -- Up-to-date: /home/ivan/Webots_YOLOv8/install/soccer_vision_2d_msgs/include/soccer_vision_2d_msgs/soccer_vision_2d_msgs/msg/detail/marking_intersection__type_support.c
[0.756s] -- Up-to-date: /home/ivan/Webots_YOLOv8/install/soccer_vision_2d_msgs/include/soccer_vision_2d_msgs/soccer_vision_2d_msgs/msg/detail/marking_ellipse__rosidl_typesupport_introspection_c.h
[0.756s] -- Up-to-date: /home/ivan/Webots_YOLOv8/install/soccer_vision_2d_msgs/include/soccer_vision_2d_msgs/soccer_vision_2d_msgs/msg/detail/goalpost__rosidl_typesupport_introspection_c.h
[0.756s] -- Up-to-date: /home/ivan/Webots_YOLOv8/install/soccer_vision_2d_msgs/include/soccer_vision_2d_msgs/soccer_vision_2d_msgs/msg/detail/robot__type_support.c
[0.756s] -- Up-to-date: /home/ivan/Webots_YOLOv8/install/soccer_vision_2d_msgs/include/soccer_vision_2d_msgs/soccer_vision_2d_msgs/msg/detail/robot_array__rosidl_typesupport_introspection_c.h
[0.756s] -- Up-to-date: /home/ivan/Webots_YOLOv8/install/soccer_vision_2d_msgs/include/soccer_vision_2d_msgs/soccer_vision_2d_msgs/msg/detail/robot_array__type_support.c
[0.756s] -- Up-to-date: /home/ivan/Webots_YOLOv8/install/soccer_vision_2d_msgs/include/soccer_vision_2d_msgs/soccer_vision_2d_msgs/msg/detail/marking_intersection__rosidl_typesupport_introspection_c.h
[0.756s] -- Up-to-date: /home/ivan/Webots_YOLOv8/install/soccer_vision_2d_msgs/include/soccer_vision_2d_msgs/soccer_vision_2d_msgs/msg/detail/obstacle_array__rosidl_typesupport_introspection_c.h
[0.756s] -- Up-to-date: /home/ivan/Webots_YOLOv8/install/soccer_vision_2d_msgs/include/soccer_vision_2d_msgs/soccer_vision_2d_msgs/msg/detail/ball__rosidl_typesupport_introspection_c.h
[0.756s] -- Up-to-date: /home/ivan/Webots_YOLOv8/install/soccer_vision_2d_msgs/include/soccer_vision_2d_msgs/soccer_vision_2d_msgs/msg/detail/obstacle__type_support.c
[0.756s] -- Up-to-date: /home/ivan/Webots_YOLOv8/install/soccer_vision_2d_msgs/include/soccer_vision_2d_msgs/soccer_vision_2d_msgs/msg/detail/field_boundary__rosidl_typesupport_introspection_c.h
[0.757s] -- Up-to-date: /home/ivan/Webots_YOLOv8/install/soccer_vision_2d_msgs/include/soccer_vision_2d_msgs/soccer_vision_2d_msgs/msg/detail/marking_segment__type_support.c
[0.757s] -- Up-to-date: /home/ivan/Webots_YOLOv8/install/soccer_vision_2d_msgs/include/soccer_vision_2d_msgs/soccer_vision_2d_msgs/msg/detail/goalpost_array__rosidl_typesupport_introspection_c.h
[0.757s] -- Up-to-date: /home/ivan/Webots_YOLOv8/install/soccer_vision_2d_msgs/include/soccer_vision_2d_msgs/soccer_vision_2d_msgs/msg/rosidl_typesupport_introspection_c__visibility_control.h
[0.757s] -- Up-to-date: /home/ivan/Webots_YOLOv8/install/soccer_vision_2d_msgs/lib/libsoccer_vision_2d_msgs__rosidl_typesupport_introspection_c.so
[0.757s] -- Up-to-date: /home/ivan/Webots_YOLOv8/install/soccer_vision_2d_msgs/lib/libsoccer_vision_2d_msgs__rosidl_typesupport_c.so
[0.757s] -- Up-to-date: /home/ivan/Webots_YOLOv8/install/soccer_vision_2d_msgs/include/soccer_vision_2d_msgs/soccer_vision_2d_msgs
[0.757s] -- Up-to-date: /home/ivan/Webots_YOLOv8/install/soccer_vision_2d_msgs/include/soccer_vision_2d_msgs/soccer_vision_2d_msgs/msg
[0.757s] -- Up-to-date: /home/ivan/Webots_YOLOv8/install/soccer_vision_2d_msgs/include/soccer_vision_2d_msgs/soccer_vision_2d_msgs/msg/detail
[0.757s] -- Up-to-date: /home/ivan/Webots_YOLOv8/install/soccer_vision_2d_msgs/include/soccer_vision_2d_msgs/soccer_vision_2d_msgs/msg/detail/obstacle_array__type_support.hpp
[0.757s] -- Up-to-date: /home/ivan/Webots_YOLOv8/install/soccer_vision_2d_msgs/include/soccer_vision_2d_msgs/soccer_vision_2d_msgs/msg/detail/ball__builder.hpp
[0.757s] -- Up-to-date: /home/ivan/Webots_YOLOv8/install/soccer_vision_2d_msgs/include/soccer_vision_2d_msgs/soccer_vision_2d_msgs/msg/detail/ball__struct.hpp
[0.757s] -- Up-to-date: /home/ivan/Webots_YOLOv8/install/soccer_vision_2d_msgs/include/soccer_vision_2d_msgs/soccer_vision_2d_msgs/msg/detail/robot__traits.hpp
[0.757s] -- Up-to-date: /home/ivan/Webots_YOLOv8/install/soccer_vision_2d_msgs/include/soccer_vision_2d_msgs/soccer_vision_2d_msgs/msg/detail/ball_array__builder.hpp
[0.757s] -- Up-to-date: /home/ivan/Webots_YOLOv8/install/soccer_vision_2d_msgs/include/soccer_vision_2d_msgs/soccer_vision_2d_msgs/msg/detail/robot__struct.hpp
[0.758s] -- Up-to-date: /home/ivan/Webots_YOLOv8/install/soccer_vision_2d_msgs/include/soccer_vision_2d_msgs/soccer_vision_2d_msgs/msg/detail/marking_ellipse__traits.hpp
[0.758s] -- Up-to-date: /home/ivan/Webots_YOLOv8/install/soccer_vision_2d_msgs/include/soccer_vision_2d_msgs/soccer_vision_2d_msgs/msg/detail/marking_intersection__traits.hpp
[0.758s] -- Up-to-date: /home/ivan/Webots_YOLOv8/install/soccer_vision_2d_msgs/include/soccer_vision_2d_msgs/soccer_vision_2d_msgs/msg/detail/ball_array__traits.hpp
[0.758s] -- Up-to-date: /home/ivan/Webots_YOLOv8/install/soccer_vision_2d_msgs/include/soccer_vision_2d_msgs/soccer_vision_2d_msgs/msg/detail/robot_array__type_support.hpp
[0.758s] -- Up-to-date: /home/ivan/Webots_YOLOv8/install/soccer_vision_2d_msgs/include/soccer_vision_2d_msgs/soccer_vision_2d_msgs/msg/detail/goalpost_array__type_support.hpp
[0.758s] -- Up-to-date: /home/ivan/Webots_YOLOv8/install/soccer_vision_2d_msgs/include/soccer_vision_2d_msgs/soccer_vision_2d_msgs/msg/detail/marking_segment__builder.hpp
[0.758s] -- Up-to-date: /home/ivan/Webots_YOLOv8/install/soccer_vision_2d_msgs/include/soccer_vision_2d_msgs/soccer_vision_2d_msgs/msg/detail/obstacle__builder.hpp
[0.758s] -- Up-to-date: /home/ivan/Webots_YOLOv8/install/soccer_vision_2d_msgs/include/soccer_vision_2d_msgs/soccer_vision_2d_msgs/msg/detail/marking_intersection__builder.hpp
[0.758s] -- Up-to-date: /home/ivan/Webots_YOLOv8/install/soccer_vision_2d_msgs/include/soccer_vision_2d_msgs/soccer_vision_2d_msgs/msg/detail/obstacle__type_support.hpp
[0.758s] -- Up-to-date: /home/ivan/Webots_YOLOv8/install/soccer_vision_2d_msgs/include/soccer_vision_2d_msgs/soccer_vision_2d_msgs/msg/detail/goalpost__builder.hpp
[0.758s] -- Up-to-date: /home/ivan/Webots_YOLOv8/install/soccer_vision_2d_msgs/include/soccer_vision_2d_msgs/soccer_vision_2d_msgs/msg/detail/field_boundary__builder.hpp
[0.758s] -- Up-to-date: /home/ivan/Webots_YOLOv8/install/soccer_vision_2d_msgs/include/soccer_vision_2d_msgs/soccer_vision_2d_msgs/msg/detail/marking_array__builder.hpp
[0.758s] -- Up-to-date: /home/ivan/Webots_YOLOv8/install/soccer_vision_2d_msgs/include/soccer_vision_2d_msgs/soccer_vision_2d_msgs/msg/detail/marking_ellipse__type_support.hpp
[0.758s] -- Up-to-date: /home/ivan/Webots_YOLOv8/install/soccer_vision_2d_msgs/include/soccer_vision_2d_msgs/soccer_vision_2d_msgs/msg/detail/field_boundary__type_support.hpp
[0.758s] -- Up-to-date: /home/ivan/Webots_YOLOv8/install/soccer_vision_2d_msgs/include/soccer_vision_2d_msgs/soccer_vision_2d_msgs/msg/detail/goalpost_array__struct.hpp
[0.758s] -- Up-to-date: /home/ivan/Webots_YOLOv8/install/soccer_vision_2d_msgs/include/soccer_vision_2d_msgs/soccer_vision_2d_msgs/msg/detail/robot_array__traits.hpp
[0.758s] -- Up-to-date: /home/ivan/Webots_YOLOv8/install/soccer_vision_2d_msgs/include/soccer_vision_2d_msgs/soccer_vision_2d_msgs/msg/detail/obstacle_array__builder.hpp
[0.759s] -- Up-to-date: /home/ivan/Webots_YOLOv8/install/soccer_vision_2d_msgs/include/soccer_vision_2d_msgs/soccer_vision_2d_msgs/msg/detail/ball_array__type_support.hpp
[0.759s] -- Up-to-date: /home/ivan/Webots_YOLOv8/install/soccer_vision_2d_msgs/include/soccer_vision_2d_msgs/soccer_vision_2d_msgs/msg/detail/marking_array__struct.hpp
[0.759s] -- Up-to-date: /home/ivan/Webots_YOLOv8/install/soccer_vision_2d_msgs/include/soccer_vision_2d_msgs/soccer_vision_2d_msgs/msg/detail/field_boundary__traits.hpp
[0.759s] -- Up-to-date: /home/ivan/Webots_YOLOv8/install/soccer_vision_2d_msgs/include/soccer_vision_2d_msgs/soccer_vision_2d_msgs/msg/detail/goalpost__type_support.hpp
[0.759s] -- Up-to-date: /home/ivan/Webots_YOLOv8/install/soccer_vision_2d_msgs/include/soccer_vision_2d_msgs/soccer_vision_2d_msgs/msg/detail/marking_segment__struct.hpp
[0.759s] -- Up-to-date: /home/ivan/Webots_YOLOv8/install/soccer_vision_2d_msgs/include/soccer_vision_2d_msgs/soccer_vision_2d_msgs/msg/detail/marking_intersection__struct.hpp
[0.759s] -- Up-to-date: /home/ivan/Webots_YOLOv8/install/soccer_vision_2d_msgs/include/soccer_vision_2d_msgs/soccer_vision_2d_msgs/msg/detail/ball_array__struct.hpp
[0.759s] -- Up-to-date: /home/ivan/Webots_YOLOv8/install/soccer_vision_2d_msgs/include/soccer_vision_2d_msgs/soccer_vision_2d_msgs/msg/detail/marking_array__type_support.hpp
[0.759s] -- Up-to-date: /home/ivan/Webots_YOLOv8/install/soccer_vision_2d_msgs/include/soccer_vision_2d_msgs/soccer_vision_2d_msgs/msg/detail/marking_intersection__type_support.hpp
[0.759s] -- Up-to-date: /home/ivan/Webots_YOLOv8/install/soccer_vision_2d_msgs/include/soccer_vision_2d_msgs/soccer_vision_2d_msgs/msg/detail/obstacle_array__traits.hpp
[0.759s] -- Up-to-date: /home/ivan/Webots_YOLOv8/install/soccer_vision_2d_msgs/include/soccer_vision_2d_msgs/soccer_vision_2d_msgs/msg/detail/goalpost__traits.hpp
[0.759s] -- Up-to-date: /home/ivan/Webots_YOLOv8/install/soccer_vision_2d_msgs/include/soccer_vision_2d_msgs/soccer_vision_2d_msgs/msg/detail/ball__type_support.hpp
[0.759s] -- Up-to-date: /home/ivan/Webots_YOLOv8/install/soccer_vision_2d_msgs/include/soccer_vision_2d_msgs/soccer_vision_2d_msgs/msg/detail/goalpost_array__traits.hpp
[0.759s] -- Up-to-date: /home/ivan/Webots_YOLOv8/install/soccer_vision_2d_msgs/include/soccer_vision_2d_msgs/soccer_vision_2d_msgs/msg/detail/robot_array__builder.hpp
[0.759s] -- Up-to-date: /home/ivan/Webots_YOLOv8/install/soccer_vision_2d_msgs/include/soccer_vision_2d_msgs/soccer_vision_2d_msgs/msg/detail/field_boundary__struct.hpp
[0.759s] -- Up-to-date: /home/ivan/Webots_YOLOv8/install/soccer_vision_2d_msgs/include/soccer_vision_2d_msgs/soccer_vision_2d_msgs/msg/detail/obstacle__traits.hpp
[0.759s] -- Up-to-date: /home/ivan/Webots_YOLOv8/install/soccer_vision_2d_msgs/include/soccer_vision_2d_msgs/soccer_vision_2d_msgs/msg/detail/goalpost__struct.hpp
[0.759s] -- Up-to-date: /home/ivan/Webots_YOLOv8/install/soccer_vision_2d_msgs/include/soccer_vision_2d_msgs/soccer_vision_2d_msgs/msg/detail/robot_array__struct.hpp
[0.759s] -- Up-to-date: /home/ivan/Webots_YOLOv8/install/soccer_vision_2d_msgs/include/soccer_vision_2d_msgs/soccer_vision_2d_msgs/msg/detail/obstacle__struct.hpp
[0.759s] -- Up-to-date: /home/ivan/Webots_YOLOv8/install/soccer_vision_2d_msgs/include/soccer_vision_2d_msgs/soccer_vision_2d_msgs/msg/detail/marking_ellipse__builder.hpp
[0.760s] -- Up-to-date: /home/ivan/Webots_YOLOv8/install/soccer_vision_2d_msgs/include/soccer_vision_2d_msgs/soccer_vision_2d_msgs/msg/detail/marking_ellipse__struct.hpp
[0.760s] -- Up-to-date: /home/ivan/Webots_YOLOv8/install/soccer_vision_2d_msgs/include/soccer_vision_2d_msgs/soccer_vision_2d_msgs/msg/detail/obstacle_array__struct.hpp
[0.760s] -- Up-to-date: /home/ivan/Webots_YOLOv8/install/soccer_vision_2d_msgs/include/soccer_vision_2d_msgs/soccer_vision_2d_msgs/msg/detail/ball__traits.hpp
[0.760s] -- Up-to-date: /home/ivan/Webots_YOLOv8/install/soccer_vision_2d_msgs/include/soccer_vision_2d_msgs/soccer_vision_2d_msgs/msg/detail/marking_array__traits.hpp
[0.760s] -- Up-to-date: /home/ivan/Webots_YOLOv8/install/soccer_vision_2d_msgs/include/soccer_vision_2d_msgs/soccer_vision_2d_msgs/msg/detail/marking_segment__traits.hpp
[0.760s] -- Up-to-date: /home/ivan/Webots_YOLOv8/install/soccer_vision_2d_msgs/include/soccer_vision_2d_msgs/soccer_vision_2d_msgs/msg/detail/robot__builder.hpp
[0.760s] -- Up-to-date: /home/ivan/Webots_YOLOv8/install/soccer_vision_2d_msgs/include/soccer_vision_2d_msgs/soccer_vision_2d_msgs/msg/detail/robot__type_support.hpp
[0.760s] -- Up-to-date: /home/ivan/Webots_YOLOv8/install/soccer_vision_2d_msgs/include/soccer_vision_2d_msgs/soccer_vision_2d_msgs/msg/detail/marking_segment__type_support.hpp
[0.760s] -- Up-to-date: /home/ivan/Webots_YOLOv8/install/soccer_vision_2d_msgs/include/soccer_vision_2d_msgs/soccer_vision_2d_msgs/msg/detail/goalpost_array__builder.hpp
[0.760s] -- Up-to-date: /home/ivan/Webots_YOLOv8/install/soccer_vision_2d_msgs/include/soccer_vision_2d_msgs/soccer_vision_2d_msgs/msg/ball_array.hpp
[0.760s] -- Up-to-date: /home/ivan/Webots_YOLOv8/install/soccer_vision_2d_msgs/include/soccer_vision_2d_msgs/soccer_vision_2d_msgs/msg/goalpost_array.hpp
[0.760s] -- Up-to-date: /home/ivan/Webots_YOLOv8/install/soccer_vision_2d_msgs/include/soccer_vision_2d_msgs/soccer_vision_2d_msgs/msg/ball.hpp
[0.760s] -- Up-to-date: /home/ivan/Webots_YOLOv8/install/soccer_vision_2d_msgs/include/soccer_vision_2d_msgs/soccer_vision_2d_msgs/msg/rosidl_generator_cpp__visibility_control.hpp
[0.760s] -- Up-to-date: /home/ivan/Webots_YOLOv8/install/soccer_vision_2d_msgs/include/soccer_vision_2d_msgs/soccer_vision_2d_msgs/msg/marking_ellipse.hpp
[0.760s] -- Up-to-date: /home/ivan/Webots_YOLOv8/install/soccer_vision_2d_msgs/include/soccer_vision_2d_msgs/soccer_vision_2d_msgs/msg/robot.hpp
[0.760s] -- Up-to-date: /home/ivan/Webots_YOLOv8/install/soccer_vision_2d_msgs/include/soccer_vision_2d_msgs/soccer_vision_2d_msgs/msg/obstacle_array.hpp
[0.760s] -- Up-to-date: /home/ivan/Webots_YOLOv8/install/soccer_vision_2d_msgs/include/soccer_vision_2d_msgs/soccer_vision_2d_msgs/msg/marking_array.hpp
[0.760s] -- Up-to-date: /home/ivan/Webots_YOLOv8/install/soccer_vision_2d_msgs/include/soccer_vision_2d_msgs/soccer_vision_2d_msgs/msg/marking_segment.hpp
[0.761s] -- Up-to-date: /home/ivan/Webots_YOLOv8/install/soccer_vision_2d_msgs/include/soccer_vision_2d_msgs/soccer_vision_2d_msgs/msg/goalpost.hpp
[0.761s] -- Up-to-date: /home/ivan/Webots_YOLOv8/install/soccer_vision_2d_msgs/include/soccer_vision_2d_msgs/soccer_vision_2d_msgs/msg/obstacle.hpp
[0.761s] -- Up-to-date: /home/ivan/Webots_YOLOv8/install/soccer_vision_2d_msgs/include/soccer_vision_2d_msgs/soccer_vision_2d_msgs/msg/marking_intersection.hpp
[0.761s] -- Up-to-date: /home/ivan/Webots_YOLOv8/install/soccer_vision_2d_msgs/include/soccer_vision_2d_msgs/soccer_vision_2d_msgs/msg/robot_array.hpp
[0.761s] -- Up-to-date: /home/ivan/Webots_YOLOv8/install/soccer_vision_2d_msgs/include/soccer_vision_2d_msgs/soccer_vision_2d_msgs/msg/field_boundary.hpp
[0.761s] -- Up-to-date: /home/ivan/Webots_YOLOv8/install/soccer_vision_2d_msgs/include/soccer_vision_2d_msgs/soccer_vision_2d_msgs
[0.761s] -- Up-to-date: /home/ivan/Webots_YOLOv8/install/soccer_vision_2d_msgs/include/soccer_vision_2d_msgs/soccer_vision_2d_msgs/msg
[0.761s] -- Up-to-date: /home/ivan/Webots_YOLOv8/install/soccer_vision_2d_msgs/include/soccer_vision_2d_msgs/soccer_vision_2d_msgs/msg/detail
[0.761s] -- Up-to-date: /home/ivan/Webots_YOLOv8/install/soccer_vision_2d_msgs/include/soccer_vision_2d_msgs/soccer_vision_2d_msgs/msg/detail/robot_array__rosidl_typesupport_fastrtps_cpp.hpp
[0.761s] -- Up-to-date: /home/ivan/Webots_YOLOv8/install/soccer_vision_2d_msgs/include/soccer_vision_2d_msgs/soccer_vision_2d_msgs/msg/detail/obstacle_array__rosidl_typesupport_fastrtps_cpp.hpp
[0.761s] -- Up-to-date: /home/ivan/Webots_YOLOv8/install/soccer_vision_2d_msgs/include/soccer_vision_2d_msgs/soccer_vision_2d_msgs/msg/detail/dds_fastrtps
[0.761s] -- Up-to-date: /home/ivan/Webots_YOLOv8/install/soccer_vision_2d_msgs/include/soccer_vision_2d_msgs/soccer_vision_2d_msgs/msg/detail/marking_ellipse__rosidl_typesupport_fastrtps_cpp.hpp
[0.761s] -- Up-to-date: /home/ivan/Webots_YOLOv8/install/soccer_vision_2d_msgs/include/soccer_vision_2d_msgs/soccer_vision_2d_msgs/msg/detail/obstacle__rosidl_typesupport_fastrtps_cpp.hpp
[0.761s] -- Up-to-date: /home/ivan/Webots_YOLOv8/install/soccer_vision_2d_msgs/include/soccer_vision_2d_msgs/soccer_vision_2d_msgs/msg/detail/robot__rosidl_typesupport_fastrtps_cpp.hpp
[0.761s] -- Up-to-date: /home/ivan/Webots_YOLOv8/install/soccer_vision_2d_msgs/include/soccer_vision_2d_msgs/soccer_vision_2d_msgs/msg/detail/marking_array__rosidl_typesupport_fastrtps_cpp.hpp
[0.761s] -- Up-to-date: /home/ivan/Webots_YOLOv8/install/soccer_vision_2d_msgs/include/soccer_vision_2d_msgs/soccer_vision_2d_msgs/msg/detail/ball__rosidl_typesupport_fastrtps_cpp.hpp
[0.761s] -- Up-to-date: /home/ivan/Webots_YOLOv8/install/soccer_vision_2d_msgs/include/soccer_vision_2d_msgs/soccer_vision_2d_msgs/msg/detail/field_boundary__rosidl_typesupport_fastrtps_cpp.hpp
[0.761s] -- Up-to-date: /home/ivan/Webots_YOLOv8/install/soccer_vision_2d_msgs/include/soccer_vision_2d_msgs/soccer_vision_2d_msgs/msg/detail/goalpost__rosidl_typesupport_fastrtps_cpp.hpp
[0.761s] -- Up-to-date: /home/ivan/Webots_YOLOv8/install/soccer_vision_2d_msgs/include/soccer_vision_2d_msgs/soccer_vision_2d_msgs/msg/detail/marking_segment__rosidl_typesupport_fastrtps_cpp.hpp
[0.761s] -- Up-to-date: /home/ivan/Webots_YOLOv8/install/soccer_vision_2d_msgs/include/soccer_vision_2d_msgs/soccer_vision_2d_msgs/msg/detail/goalpost_array__rosidl_typesupport_fastrtps_cpp.hpp
[0.762s] -- Up-to-date: /home/ivan/Webots_YOLOv8/install/soccer_vision_2d_msgs/include/soccer_vision_2d_msgs/soccer_vision_2d_msgs/msg/detail/ball_array__rosidl_typesupport_fastrtps_cpp.hpp
[0.762s] -- Up-to-date: /home/ivan/Webots_YOLOv8/install/soccer_vision_2d_msgs/include/soccer_vision_2d_msgs/soccer_vision_2d_msgs/msg/detail/marking_intersection__rosidl_typesupport_fastrtps_cpp.hpp
[0.762s] -- Up-to-date: /home/ivan/Webots_YOLOv8/install/soccer_vision_2d_msgs/include/soccer_vision_2d_msgs/soccer_vision_2d_msgs/msg/rosidl_typesupport_fastrtps_cpp__visibility_control.h
[0.762s] -- Up-to-date: /home/ivan/Webots_YOLOv8/install/soccer_vision_2d_msgs/lib/libsoccer_vision_2d_msgs__rosidl_typesupport_fastrtps_cpp.so
[0.762s] -- Up-to-date: /home/ivan/Webots_YOLOv8/install/soccer_vision_2d_msgs/include/soccer_vision_2d_msgs/soccer_vision_2d_msgs
[0.762s] -- Up-to-date: /home/ivan/Webots_YOLOv8/install/soccer_vision_2d_msgs/include/soccer_vision_2d_msgs/soccer_vision_2d_msgs/msg
[0.762s] -- Up-to-date: /home/ivan/Webots_YOLOv8/install/soccer_vision_2d_msgs/include/soccer_vision_2d_msgs/soccer_vision_2d_msgs/msg/detail
[0.762s] -- Up-to-date: /home/ivan/Webots_YOLOv8/install/soccer_vision_2d_msgs/include/soccer_vision_2d_msgs/soccer_vision_2d_msgs/msg/detail/marking_ellipse__type_support.cpp
[0.762s] -- Up-to-date: /home/ivan/Webots_YOLOv8/install/soccer_vision_2d_msgs/include/soccer_vision_2d_msgs/soccer_vision_2d_msgs/msg/detail/robot_array__type_support.cpp
[0.762s] -- Up-to-date: /home/ivan/Webots_YOLOv8/install/soccer_vision_2d_msgs/include/soccer_vision_2d_msgs/soccer_vision_2d_msgs/msg/detail/goalpost_array__type_support.cpp
[0.762s] -- Up-to-date: /home/ivan/Webots_YOLOv8/install/soccer_vision_2d_msgs/include/soccer_vision_2d_msgs/soccer_vision_2d_msgs/msg/detail/ball_array__type_support.cpp
[0.762s] -- Up-to-date: /home/ivan/Webots_YOLOv8/install/soccer_vision_2d_msgs/include/soccer_vision_2d_msgs/soccer_vision_2d_msgs/msg/detail/marking_segment__type_support.cpp
[0.762s] -- Up-to-date: /home/ivan/Webots_YOLOv8/install/soccer_vision_2d_msgs/include/soccer_vision_2d_msgs/soccer_vision_2d_msgs/msg/detail/robot__rosidl_typesupport_introspection_cpp.hpp
[0.762s] -- Up-to-date: /home/ivan/Webots_YOLOv8/install/soccer_vision_2d_msgs/include/soccer_vision_2d_msgs/soccer_vision_2d_msgs/msg/detail/field_boundary__rosidl_typesupport_introspection_cpp.hpp
[0.762s] -- Up-to-date: /home/ivan/Webots_YOLOv8/install/soccer_vision_2d_msgs/include/soccer_vision_2d_msgs/soccer_vision_2d_msgs/msg/detail/ball__rosidl_typesupport_introspection_cpp.hpp
[0.763s] -- Up-to-date: /home/ivan/Webots_YOLOv8/install/soccer_vision_2d_msgs/include/soccer_vision_2d_msgs/soccer_vision_2d_msgs/msg/detail/ball_array__rosidl_typesupport_introspection_cpp.hpp
[0.763s] -- Up-to-date: /home/ivan/Webots_YOLOv8/install/soccer_vision_2d_msgs/include/soccer_vision_2d_msgs/soccer_vision_2d_msgs/msg/detail/obstacle__rosidl_typesupport_introspection_cpp.hpp
[0.763s] -- Up-to-date: /home/ivan/Webots_YOLOv8/install/soccer_vision_2d_msgs/include/soccer_vision_2d_msgs/soccer_vision_2d_msgs/msg/detail/obstacle__type_support.cpp
[0.763s] -- Up-to-date: /home/ivan/Webots_YOLOv8/install/soccer_vision_2d_msgs/include/soccer_vision_2d_msgs/soccer_vision_2d_msgs/msg/detail/robot_array__rosidl_typesupport_introspection_cpp.hpp
[0.763s] -- Up-to-date: /home/ivan/Webots_YOLOv8/install/soccer_vision_2d_msgs/include/soccer_vision_2d_msgs/soccer_vision_2d_msgs/msg/detail/obstacle_array__type_support.cpp
[0.763s] -- Up-to-date: /home/ivan/Webots_YOLOv8/install/soccer_vision_2d_msgs/include/soccer_vision_2d_msgs/soccer_vision_2d_msgs/msg/detail/marking_segment__rosidl_typesupport_introspection_cpp.hpp
[0.763s] -- Up-to-date: /home/ivan/Webots_YOLOv8/install/soccer_vision_2d_msgs/include/soccer_vision_2d_msgs/soccer_vision_2d_msgs/msg/detail/goalpost__rosidl_typesupport_introspection_cpp.hpp
[0.763s] -- Up-to-date: /home/ivan/Webots_YOLOv8/install/soccer_vision_2d_msgs/include/soccer_vision_2d_msgs/soccer_vision_2d_msgs/msg/detail/marking_intersection__rosidl_typesupport_introspection_cpp.hpp
[0.763s] -- Up-to-date: /home/ivan/Webots_YOLOv8/install/soccer_vision_2d_msgs/include/soccer_vision_2d_msgs/soccer_vision_2d_msgs/msg/detail/marking_array__type_support.cpp
[0.763s] -- Up-to-date: /home/ivan/Webots_YOLOv8/install/soccer_vision_2d_msgs/include/soccer_vision_2d_msgs/soccer_vision_2d_msgs/msg/detail/marking_ellipse__rosidl_typesupport_introspection_cpp.hpp
[0.763s] -- Up-to-date: /home/ivan/Webots_YOLOv8/install/soccer_vision_2d_msgs/include/soccer_vision_2d_msgs/soccer_vision_2d_msgs/msg/detail/goalpost_array__rosidl_typesupport_introspection_cpp.hpp
[0.763s] -- Up-to-date: /home/ivan/Webots_YOLOv8/install/soccer_vision_2d_msgs/include/soccer_vision_2d_msgs/soccer_vision_2d_msgs/msg/detail/field_boundary__type_support.cpp
[0.763s] -- Up-to-date: /home/ivan/Webots_YOLOv8/install/soccer_vision_2d_msgs/include/soccer_vision_2d_msgs/soccer_vision_2d_msgs/msg/detail/ball__type_support.cpp
[0.763s] -- Up-to-date: /home/ivan/Webots_YOLOv8/install/soccer_vision_2d_msgs/include/soccer_vision_2d_msgs/soccer_vision_2d_msgs/msg/detail/goalpost__type_support.cpp
[0.763s] -- Up-to-date: /home/ivan/Webots_YOLOv8/install/soccer_vision_2d_msgs/include/soccer_vision_2d_msgs/soccer_vision_2d_msgs/msg/detail/obstacle_array__rosidl_typesupport_introspection_cpp.hpp
[0.763s] -- Up-to-date: /home/ivan/Webots_YOLOv8/install/soccer_vision_2d_msgs/include/soccer_vision_2d_msgs/soccer_vision_2d_msgs/msg/detail/marking_intersection__type_support.cpp
[0.763s] -- Up-to-date: /home/ivan/Webots_YOLOv8/install/soccer_vision_2d_msgs/include/soccer_vision_2d_msgs/soccer_vision_2d_msgs/msg/detail/marking_array__rosidl_typesupport_introspection_cpp.hpp
[0.763s] -- Up-to-date: /home/ivan/Webots_YOLOv8/install/soccer_vision_2d_msgs/include/soccer_vision_2d_msgs/soccer_vision_2d_msgs/msg/detail/robot__type_support.cpp
[0.764s] -- Up-to-date: /home/ivan/Webots_YOLOv8/install/soccer_vision_2d_msgs/lib/libsoccer_vision_2d_msgs__rosidl_typesupport_introspection_cpp.so
[0.764s] -- Up-to-date: /home/ivan/Webots_YOLOv8/install/soccer_vision_2d_msgs/lib/libsoccer_vision_2d_msgs__rosidl_typesupport_cpp.so
[0.764s] -- Up-to-date: /home/ivan/Webots_YOLOv8/install/soccer_vision_2d_msgs/share/soccer_vision_2d_msgs/environment/pythonpath.sh
[0.764s] -- Up-to-date: /home/ivan/Webots_YOLOv8/install/soccer_vision_2d_msgs/share/soccer_vision_2d_msgs/environment/pythonpath.dsv
[0.764s] -- Up-to-date: /home/ivan/Webots_YOLOv8/install/soccer_vision_2d_msgs/local/lib/python3.10/dist-packages/soccer_vision_2d_msgs-1.0.0-py3.10.egg-info
[0.764s] -- Installing: /home/ivan/Webots_YOLOv8/install/soccer_vision_2d_msgs/local/lib/python3.10/dist-packages/soccer_vision_2d_msgs-1.0.0-py3.10.egg-info/top_level.txt
[0.764s] -- Installing: /home/ivan/Webots_YOLOv8/install/soccer_vision_2d_msgs/local/lib/python3.10/dist-packages/soccer_vision_2d_msgs-1.0.0-py3.10.egg-info/dependency_links.txt
[0.764s] -- Installing: /home/ivan/Webots_YOLOv8/install/soccer_vision_2d_msgs/local/lib/python3.10/dist-packages/soccer_vision_2d_msgs-1.0.0-py3.10.egg-info/SOURCES.txt
[0.764s] -- Installing: /home/ivan/Webots_YOLOv8/install/soccer_vision_2d_msgs/local/lib/python3.10/dist-packages/soccer_vision_2d_msgs-1.0.0-py3.10.egg-info/PKG-INFO
[0.764s] -- Up-to-date: /home/ivan/Webots_YOLOv8/install/soccer_vision_2d_msgs/local/lib/python3.10/dist-packages/soccer_vision_2d_msgs
[0.764s] -- Up-to-date: /home/ivan/Webots_YOLOv8/install/soccer_vision_2d_msgs/local/lib/python3.10/dist-packages/soccer_vision_2d_msgs/soccer_vision_2d_msgs_s__rosidl_typesupport_c.cpython-310-x86_64-linux-gnu.so
[0.764s] -- Up-to-date: /home/ivan/Webots_YOLOv8/install/soccer_vision_2d_msgs/local/lib/python3.10/dist-packages/soccer_vision_2d_msgs/msg
[0.764s] -- Up-to-date: /home/ivan/Webots_YOLOv8/install/soccer_vision_2d_msgs/local/lib/python3.10/dist-packages/soccer_vision_2d_msgs/msg/_ball_array.py
[0.764s] -- Up-to-date: /home/ivan/Webots_YOLOv8/install/soccer_vision_2d_msgs/local/lib/python3.10/dist-packages/soccer_vision_2d_msgs/msg/_marking_segment.py
[0.764s] -- Up-to-date: /home/ivan/Webots_YOLOv8/install/soccer_vision_2d_msgs/local/lib/python3.10/dist-packages/soccer_vision_2d_msgs/msg/_goalpost.py
[0.764s] -- Up-to-date: /home/ivan/Webots_YOLOv8/install/soccer_vision_2d_msgs/local/lib/python3.10/dist-packages/soccer_vision_2d_msgs/msg/_obstacle_s.c
[0.765s] -- Up-to-date: /home/ivan/Webots_YOLOv8/install/soccer_vision_2d_msgs/local/lib/python3.10/dist-packages/soccer_vision_2d_msgs/msg/_robot_s.c
[0.765s] -- Up-to-date: /home/ivan/Webots_YOLOv8/install/soccer_vision_2d_msgs/local/lib/python3.10/dist-packages/soccer_vision_2d_msgs/msg/_robot_array.py
[0.765s] -- Up-to-date: /home/ivan/Webots_YOLOv8/install/soccer_vision_2d_msgs/local/lib/python3.10/dist-packages/soccer_vision_2d_msgs/msg/_marking_array_s.c
[0.765s] -- Up-to-date: /home/ivan/Webots_YOLOv8/install/soccer_vision_2d_msgs/local/lib/python3.10/dist-packages/soccer_vision_2d_msgs/msg/_marking_array.py
[0.765s] -- Up-to-date: /home/ivan/Webots_YOLOv8/install/soccer_vision_2d_msgs/local/lib/python3.10/dist-packages/soccer_vision_2d_msgs/msg/_marking_intersection.py
[0.765s] -- Up-to-date: /home/ivan/Webots_YOLOv8/install/soccer_vision_2d_msgs/local/lib/python3.10/dist-packages/soccer_vision_2d_msgs/msg/_goalpost_array.py
[0.765s] -- Up-to-date: /home/ivan/Webots_YOLOv8/install/soccer_vision_2d_msgs/local/lib/python3.10/dist-packages/soccer_vision_2d_msgs/msg/_ball_array_s.c
[0.765s] -- Up-to-date: /home/ivan/Webots_YOLOv8/install/soccer_vision_2d_msgs/local/lib/python3.10/dist-packages/soccer_vision_2d_msgs/msg/_obstacle_array.py
[0.765s] -- Up-to-date: /home/ivan/Webots_YOLOv8/install/soccer_vision_2d_msgs/local/lib/python3.10/dist-packages/soccer_vision_2d_msgs/msg/__init__.py
[0.765s] -- Up-to-date: /home/ivan/Webots_YOLOv8/install/soccer_vision_2d_msgs/local/lib/python3.10/dist-packages/soccer_vision_2d_msgs/msg/_goalpost_array_s.c
[0.765s] -- Up-to-date: /home/ivan/Webots_YOLOv8/install/soccer_vision_2d_msgs/local/lib/python3.10/dist-packages/soccer_vision_2d_msgs/msg/_ball_s.c
[0.765s] -- Up-to-date: /home/ivan/Webots_YOLOv8/install/soccer_vision_2d_msgs/local/lib/python3.10/dist-packages/soccer_vision_2d_msgs/msg/_marking_intersection_s.c
[0.765s] -- Up-to-date: /home/ivan/Webots_YOLOv8/install/soccer_vision_2d_msgs/local/lib/python3.10/dist-packages/soccer_vision_2d_msgs/msg/_obstacle_array_s.c
[0.765s] -- Up-to-date: /home/ivan/Webots_YOLOv8/install/soccer_vision_2d_msgs/local/lib/python3.10/dist-packages/soccer_vision_2d_msgs/msg/_field_boundary_s.c
[0.765s] -- Up-to-date: /home/ivan/Webots_YOLOv8/install/soccer_vision_2d_msgs/local/lib/python3.10/dist-packages/soccer_vision_2d_msgs/msg/_obstacle.py
[0.765s] -- Up-to-date: /home/ivan/Webots_YOLOv8/install/soccer_vision_2d_msgs/local/lib/python3.10/dist-packages/soccer_vision_2d_msgs/msg/_marking_segment_s.c
[0.765s] -- Up-to-date: /home/ivan/Webots_YOLOv8/install/soccer_vision_2d_msgs/local/lib/python3.10/dist-packages/soccer_vision_2d_msgs/msg/_marking_ellipse_s.c
[0.766s] -- Up-to-date: /home/ivan/Webots_YOLOv8/install/soccer_vision_2d_msgs/local/lib/python3.10/dist-packages/soccer_vision_2d_msgs/msg/_field_boundary.py
[0.766s] -- Up-to-date: /home/ivan/Webots_YOLOv8/install/soccer_vision_2d_msgs/local/lib/python3.10/dist-packages/soccer_vision_2d_msgs/msg/_robot_array_s.c
[0.766s] -- Up-to-date: /home/ivan/Webots_YOLOv8/install/soccer_vision_2d_msgs/local/lib/python3.10/dist-packages/soccer_vision_2d_msgs/msg/_robot.py
[0.766s] -- Up-to-date: /home/ivan/Webots_YOLOv8/install/soccer_vision_2d_msgs/local/lib/python3.10/dist-packages/soccer_vision_2d_msgs/msg/_goalpost_s.c
[0.766s] -- Up-to-date: /home/ivan/Webots_YOLOv8/install/soccer_vision_2d_msgs/local/lib/python3.10/dist-packages/soccer_vision_2d_msgs/msg/_marking_ellipse.py
[0.766s] -- Up-to-date: /home/ivan/Webots_YOLOv8/install/soccer_vision_2d_msgs/local/lib/python3.10/dist-packages/soccer_vision_2d_msgs/msg/_ball.py
[0.766s] -- Up-to-date: /home/ivan/Webots_YOLOv8/install/soccer_vision_2d_msgs/local/lib/python3.10/dist-packages/soccer_vision_2d_msgs/soccer_vision_2d_msgs_s__rosidl_typesupport_introspection_c.cpython-310-x86_64-linux-gnu.so
[0.766s] -- Up-to-date: /home/ivan/Webots_YOLOv8/install/soccer_vision_2d_msgs/local/lib/python3.10/dist-packages/soccer_vision_2d_msgs/__init__.py
[0.766s] -- Up-to-date: /home/ivan/Webots_YOLOv8/install/soccer_vision_2d_msgs/local/lib/python3.10/dist-packages/soccer_vision_2d_msgs/_soccer_vision_2d_msgs_s.ep.rosidl_typesupport_introspection_c.c
[0.766s] -- Up-to-date: /home/ivan/Webots_YOLOv8/install/soccer_vision_2d_msgs/local/lib/python3.10/dist-packages/soccer_vision_2d_msgs/libsoccer_vision_2d_msgs__rosidl_generator_py.so
[0.766s] -- Up-to-date: /home/ivan/Webots_YOLOv8/install/soccer_vision_2d_msgs/local/lib/python3.10/dist-packages/soccer_vision_2d_msgs/soccer_vision_2d_msgs_s__rosidl_typesupport_fastrtps_c.cpython-310-x86_64-linux-gnu.so
[0.766s] -- Up-to-date: /home/ivan/Webots_YOLOv8/install/soccer_vision_2d_msgs/local/lib/python3.10/dist-packages/soccer_vision_2d_msgs/_soccer_vision_2d_msgs_s.ep.rosidl_typesupport_fastrtps_c.c
[0.766s] -- Up-to-date: /home/ivan/Webots_YOLOv8/install/soccer_vision_2d_msgs/local/lib/python3.10/dist-packages/soccer_vision_2d_msgs/_soccer_vision_2d_msgs_s.ep.rosidl_typesupport_c.c
[0.798s] Listing '/home/ivan/Webots_YOLOv8/install/soccer_vision_2d_msgs/local/lib/python3.10/dist-packages/soccer_vision_2d_msgs'...
[0.799s] Listing '/home/ivan/Webots_YOLOv8/install/soccer_vision_2d_msgs/local/lib/python3.10/dist-packages/soccer_vision_2d_msgs/msg'...
[0.808s] -- Up-to-date: /home/ivan/Webots_YOLOv8/install/soccer_vision_2d_msgs/local/lib/python3.10/dist-packages/soccer_vision_2d_msgs/soccer_vision_2d_msgs_s__rosidl_typesupport_fastrtps_c.cpython-310-x86_64-linux-gnu.so
[0.808s] -- Up-to-date: /home/ivan/Webots_YOLOv8/install/soccer_vision_2d_msgs/local/lib/python3.10/dist-packages/soccer_vision_2d_msgs/soccer_vision_2d_msgs_s__rosidl_typesupport_introspection_c.cpython-310-x86_64-linux-gnu.so
[0.809s] -- Up-to-date: /home/ivan/Webots_YOLOv8/install/soccer_vision_2d_msgs/local/lib/python3.10/dist-packages/soccer_vision_2d_msgs/soccer_vision_2d_msgs_s__rosidl_typesupport_c.cpython-310-x86_64-linux-gnu.so
[0.824s] -- Up-to-date: /home/ivan/Webots_YOLOv8/install/soccer_vision_2d_msgs/lib/libsoccer_vision_2d_msgs__rosidl_generator_py.so
[0.824s] -- Up-to-date: /home/ivan/Webots_YOLOv8/install/soccer_vision_2d_msgs/share/soccer_vision_2d_msgs/msg/Ball.idl
[0.825s] -- Up-to-date: /home/ivan/Webots_YOLOv8/install/soccer_vision_2d_msgs/share/soccer_vision_2d_msgs/msg/BallArray.idl
[0.826s] -- Up-to-date: /home/ivan/Webots_YOLOv8/install/soccer_vision_2d_msgs/share/soccer_vision_2d_msgs/msg/FieldBoundary.idl
[0.826s] -- Up-to-date: /home/ivan/Webots_YOLOv8/install/soccer_vision_2d_msgs/share/soccer_vision_2d_msgs/msg/Goalpost.idl
[0.826s] -- Up-to-date: /home/ivan/Webots_YOLOv8/install/soccer_vision_2d_msgs/share/soccer_vision_2d_msgs/msg/GoalpostArray.idl
[0.826s] -- Up-to-date: /home/ivan/Webots_YOLOv8/install/soccer_vision_2d_msgs/share/soccer_vision_2d_msgs/msg/MarkingEllipse.idl
[0.826s] -- Up-to-date: /home/ivan/Webots_YOLOv8/install/soccer_vision_2d_msgs/share/soccer_vision_2d_msgs/msg/MarkingIntersection.idl
[0.827s] -- Up-to-date: /home/ivan/Webots_YOLOv8/install/soccer_vision_2d_msgs/share/soccer_vision_2d_msgs/msg/MarkingSegment.idl
[0.827s] -- Up-to-date: /home/ivan/Webots_YOLOv8/install/soccer_vision_2d_msgs/share/soccer_vision_2d_msgs/msg/MarkingArray.idl
[0.827s] -- Up-to-date: /home/ivan/Webots_YOLOv8/install/soccer_vision_2d_msgs/share/soccer_vision_2d_msgs/msg/Obstacle.idl
[0.828s] -- Up-to-date: /home/ivan/Webots_YOLOv8/install/soccer_vision_2d_msgs/share/soccer_vision_2d_msgs/msg/ObstacleArray.idl
[0.828s] -- Up-to-date: /home/ivan/Webots_YOLOv8/install/soccer_vision_2d_msgs/share/soccer_vision_2d_msgs/msg/Robot.idl
[0.828s] -- Up-to-date: /home/ivan/Webots_YOLOv8/install/soccer_vision_2d_msgs/share/soccer_vision_2d_msgs/msg/RobotArray.idl
[0.828s] -- Up-to-date: /home/ivan/Webots_YOLOv8/install/soccer_vision_2d_msgs/share/soccer_vision_2d_msgs/msg/Ball.msg
[0.828s] -- Up-to-date: /home/ivan/Webots_YOLOv8/install/soccer_vision_2d_msgs/share/soccer_vision_2d_msgs/msg/BallArray.msg
[0.828s] -- Up-to-date: /home/ivan/Webots_YOLOv8/install/soccer_vision_2d_msgs/share/soccer_vision_2d_msgs/msg/FieldBoundary.msg
[0.828s] -- Up-to-date: /home/ivan/Webots_YOLOv8/install/soccer_vision_2d_msgs/share/soccer_vision_2d_msgs/msg/Goalpost.msg
[0.828s] -- Up-to-date: /home/ivan/Webots_YOLOv8/install/soccer_vision_2d_msgs/share/soccer_vision_2d_msgs/msg/GoalpostArray.msg
[0.828s] -- Up-to-date: /home/ivan/Webots_YOLOv8/install/soccer_vision_2d_msgs/share/soccer_vision_2d_msgs/msg/MarkingEllipse.msg
[0.829s] -- Up-to-date: /home/ivan/Webots_YOLOv8/install/soccer_vision_2d_msgs/share/soccer_vision_2d_msgs/msg/MarkingIntersection.msg
[0.829s] -- Up-to-date: /home/ivan/Webots_YOLOv8/install/soccer_vision_2d_msgs/share/soccer_vision_2d_msgs/msg/MarkingSegment.msg
[0.829s] -- Up-to-date: /home/ivan/Webots_YOLOv8/install/soccer_vision_2d_msgs/share/soccer_vision_2d_msgs/msg/MarkingArray.msg
[0.829s] -- Up-to-date: /home/ivan/Webots_YOLOv8/install/soccer_vision_2d_msgs/share/soccer_vision_2d_msgs/msg/Obstacle.msg
[0.829s] -- Up-to-date: /home/ivan/Webots_YOLOv8/install/soccer_vision_2d_msgs/share/soccer_vision_2d_msgs/msg/ObstacleArray.msg
[0.829s] -- Up-to-date: /home/ivan/Webots_YOLOv8/install/soccer_vision_2d_msgs/share/soccer_vision_2d_msgs/msg/Robot.msg
[0.829s] -- Up-to-date: /home/ivan/Webots_YOLOv8/install/soccer_vision_2d_msgs/share/soccer_vision_2d_msgs/msg/RobotArray.msg
[0.829s] -- Up-to-date: /home/ivan/Webots_YOLOv8/install/soccer_vision_2d_msgs/share/ament_index/resource_index/package_run_dependencies/soccer_vision_2d_msgs
[0.830s] -- Up-to-date: /home/ivan/Webots_YOLOv8/install/soccer_vision_2d_msgs/share/ament_index/resource_index/parent_prefix_path/soccer_vision_2d_msgs
[0.830s] -- Up-to-date: /home/ivan/Webots_YOLOv8/install/soccer_vision_2d_msgs/share/soccer_vision_2d_msgs/environment/ament_prefix_path.sh
[0.830s] -- Up-to-date: /home/ivan/Webots_YOLOv8/install/soccer_vision_2d_msgs/share/soccer_vision_2d_msgs/environment/ament_prefix_path.dsv
[0.830s] -- Up-to-date: /home/ivan/Webots_YOLOv8/install/soccer_vision_2d_msgs/share/soccer_vision_2d_msgs/environment/path.sh
[0.830s] -- Up-to-date: /home/ivan/Webots_YOLOv8/install/soccer_vision_2d_msgs/share/soccer_vision_2d_msgs/environment/path.dsv
[0.830s] -- Up-to-date: /home/ivan/Webots_YOLOv8/install/soccer_vision_2d_msgs/share/soccer_vision_2d_msgs/local_setup.bash
[0.830s] -- Up-to-date: /home/ivan/Webots_YOLOv8/install/soccer_vision_2d_msgs/share/soccer_vision_2d_msgs/local_setup.sh
[0.830s] -- Up-to-date: /home/ivan/Webots_YOLOv8/install/soccer_vision_2d_msgs/share/soccer_vision_2d_msgs/local_setup.zsh
[0.830s] -- Up-to-date: /home/ivan/Webots_YOLOv8/install/soccer_vision_2d_msgs/share/soccer_vision_2d_msgs/local_setup.dsv
[0.830s] -- Installing: /home/ivan/Webots_YOLOv8/install/soccer_vision_2d_msgs/share/soccer_vision_2d_msgs/package.dsv
[0.830s] -- Up-to-date: /home/ivan/Webots_YOLOv8/install/soccer_vision_2d_msgs/share/ament_index/resource_index/packages/soccer_vision_2d_msgs
[0.830s] -- Up-to-date: /home/ivan/Webots_YOLOv8/install/soccer_vision_2d_msgs/share/soccer_vision_2d_msgs/cmake/export_soccer_vision_2d_msgs__rosidl_generator_cExport.cmake
[0.830s] -- Up-to-date: /home/ivan/Webots_YOLOv8/install/soccer_vision_2d_msgs/share/soccer_vision_2d_msgs/cmake/export_soccer_vision_2d_msgs__rosidl_generator_cExport-noconfig.cmake
[0.830s] -- Up-to-date: /home/ivan/Webots_YOLOv8/install/soccer_vision_2d_msgs/share/soccer_vision_2d_msgs/cmake/export_soccer_vision_2d_msgs__rosidl_typesupport_fastrtps_cExport.cmake
[0.831s] -- Up-to-date: /home/ivan/Webots_YOLOv8/install/soccer_vision_2d_msgs/share/soccer_vision_2d_msgs/cmake/export_soccer_vision_2d_msgs__rosidl_typesupport_fastrtps_cExport-noconfig.cmake
[0.831s] -- Up-to-date: /home/ivan/Webots_YOLOv8/install/soccer_vision_2d_msgs/share/soccer_vision_2d_msgs/cmake/soccer_vision_2d_msgs__rosidl_typesupport_introspection_cExport.cmake
[0.831s] -- Up-to-date: /home/ivan/Webots_YOLOv8/install/soccer_vision_2d_msgs/share/soccer_vision_2d_msgs/cmake/soccer_vision_2d_msgs__rosidl_typesupport_introspection_cExport-noconfig.cmake
[0.831s] -- Up-to-date: /home/ivan/Webots_YOLOv8/install/soccer_vision_2d_msgs/share/soccer_vision_2d_msgs/cmake/soccer_vision_2d_msgs__rosidl_typesupport_cExport.cmake
[0.831s] -- Up-to-date: /home/ivan/Webots_YOLOv8/install/soccer_vision_2d_msgs/share/soccer_vision_2d_msgs/cmake/soccer_vision_2d_msgs__rosidl_typesupport_cExport-noconfig.cmake
[0.832s] -- Up-to-date: /home/ivan/Webots_YOLOv8/install/soccer_vision_2d_msgs/share/soccer_vision_2d_msgs/cmake/export_soccer_vision_2d_msgs__rosidl_generator_cppExport.cmake
[0.832s] -- Up-to-date: /home/ivan/Webots_YOLOv8/install/soccer_vision_2d_msgs/share/soccer_vision_2d_msgs/cmake/export_soccer_vision_2d_msgs__rosidl_typesupport_fastrtps_cppExport.cmake
[0.832s] -- Up-to-date: /home/ivan/Webots_YOLOv8/install/soccer_vision_2d_msgs/share/soccer_vision_2d_msgs/cmake/export_soccer_vision_2d_msgs__rosidl_typesupport_fastrtps_cppExport-noconfig.cmake
[0.833s] -- Up-to-date: /home/ivan/Webots_YOLOv8/install/soccer_vision_2d_msgs/share/soccer_vision_2d_msgs/cmake/soccer_vision_2d_msgs__rosidl_typesupport_introspection_cppExport.cmake
[0.833s] -- Up-to-date: /home/ivan/Webots_YOLOv8/install/soccer_vision_2d_msgs/share/soccer_vision_2d_msgs/cmake/soccer_vision_2d_msgs__rosidl_typesupport_introspection_cppExport-noconfig.cmake
[0.833s] -- Up-to-date: /home/ivan/Webots_YOLOv8/install/soccer_vision_2d_msgs/share/soccer_vision_2d_msgs/cmake/soccer_vision_2d_msgs__rosidl_typesupport_cppExport.cmake
[0.833s] -- Up-to-date: /home/ivan/Webots_YOLOv8/install/soccer_vision_2d_msgs/share/soccer_vision_2d_msgs/cmake/soccer_vision_2d_msgs__rosidl_typesupport_cppExport-noconfig.cmake
[0.833s] -- Up-to-date: /home/ivan/Webots_YOLOv8/install/soccer_vision_2d_msgs/share/soccer_vision_2d_msgs/cmake/export_soccer_vision_2d_msgs__rosidl_generator_pyExport.cmake
[0.833s] -- Up-to-date: /home/ivan/Webots_YOLOv8/install/soccer_vision_2d_msgs/share/soccer_vision_2d_msgs/cmake/export_soccer_vision_2d_msgs__rosidl_generator_pyExport-noconfig.cmake
[0.833s] -- Up-to-date: /home/ivan/Webots_YOLOv8/install/soccer_vision_2d_msgs/share/soccer_vision_2d_msgs/cmake/rosidl_cmake-extras.cmake
[0.834s] -- Up-to-date: /home/ivan/Webots_YOLOv8/install/soccer_vision_2d_msgs/share/soccer_vision_2d_msgs/cmake/ament_cmake_export_dependencies-extras.cmake
[0.834s] -- Up-to-date: /home/ivan/Webots_YOLOv8/install/soccer_vision_2d_msgs/share/soccer_vision_2d_msgs/cmake/ament_cmake_export_include_directories-extras.cmake
[0.834s] -- Up-to-date: /home/ivan/Webots_YOLOv8/install/soccer_vision_2d_msgs/share/soccer_vision_2d_msgs/cmake/ament_cmake_export_libraries-extras.cmake
[0.834s] -- Up-to-date: /home/ivan/Webots_YOLOv8/install/soccer_vision_2d_msgs/share/soccer_vision_2d_msgs/cmake/ament_cmake_export_targets-extras.cmake
[0.834s] -- Up-to-date: /home/ivan/Webots_YOLOv8/install/soccer_vision_2d_msgs/share/soccer_vision_2d_msgs/cmake/rosidl_cmake_export_typesupport_targets-extras.cmake
[0.834s] -- Up-to-date: /home/ivan/Webots_YOLOv8/install/soccer_vision_2d_msgs/share/soccer_vision_2d_msgs/cmake/rosidl_cmake_export_typesupport_libraries-extras.cmake
[0.834s] -- Up-to-date: /home/ivan/Webots_YOLOv8/install/soccer_vision_2d_msgs/share/soccer_vision_2d_msgs/cmake/soccer_vision_2d_msgsConfig.cmake
[0.834s] -- Up-to-date: /home/ivan/Webots_YOLOv8/install/soccer_vision_2d_msgs/share/soccer_vision_2d_msgs/cmake/soccer_vision_2d_msgsConfig-version.cmake
[0.834s] -- Up-to-date: /home/ivan/Webots_YOLOv8/install/soccer_vision_2d_msgs/share/soccer_vision_2d_msgs/package.xml
[0.848s] Invoked command in '/home/ivan/Webots_YOLOv8/build/soccer_vision_2d_msgs' returned '0': AMENT_PREFIX_PATH=/home/ivan/Webots_YOLOv8/install/soccer_vision_attribute_msgs:${AMENT_PREFIX_PATH} CMAKE_PREFIX_PATH=/home/ivan/Webots_YOLOv8/install/soccer_vision_attribute_msgs:/home/ivan/ros2_ws/install/edrom_msgs:/home/ivan/ros2_ws/install/object_finder_onnx:/home/ivan/ros2_ws/install/object_finder:/home/ivan/ros2_ws/install/my_package:/home/ivan/ros2_ws/install/Webots_YOLOv8:/opt/ros/humble LD_LIBRARY_PATH=/home/ivan/Webots_YOLOv8/install/soccer_vision_attribute_msgs/lib:${LD_LIBRARY_PATH} PYTHONPATH=/home/ivan/Webots_YOLOv8/install/soccer_vision_attribute_msgs/local/lib/python3.10/dist-packages:${PYTHONPATH} /usr/bin/cmake --install /home/ivan/Webots_YOLOv8/build/soccer_vision_2d_msgs
