[0.037s] Invoking command in '/home/ivan/Webots_YOLOv8/build/ipm_interfaces': CMAKE_PREFIX_PATH=${CMAKE_PREFIX_PATH}:/home/ivan/Webots_YOLOv8/install/soccer_ipm:/home/ivan/Webots_YOLOv8/install/Webots_YOLOv8:/home/ivan/Webots_YOLOv8/install/my_package:/home/ivan/Webots_YOLOv8/install/ipm_service:/home/ivan/Webots_YOLOv8/install/ipm_image_node:/home/ivan/Webots_YOLOv8/install/ipm_library:/home/ivan/ros2_ws/install/object_finder_onnx:/home/ivan/ros2_ws/install/object_finder:/home/ivan/ros2_ws/install/my_package:/home/ivan/ros2_ws/install/Webots_YOLOv8:/opt/ros/humble /usr/bin/cmake --build /home/ivan/Webots_YOLOv8/build/ipm_interfaces -- -j12 -l12
[0.192s] [  2%] Built target ipm_interfaces__cpp
[0.225s] [ 12%] Built target ipm_interfaces__rosidl_generator_c
[0.235s] [ 12%] Built target ament_cmake_python_copy_ipm_interfaces
[0.269s] [ 23%] Built target ipm_interfaces__rosidl_typesupport_cpp
[0.273s] [ 33%] Built target ipm_interfaces__rosidl_typesupport_introspection_cpp
[0.283s] [ 43%] Built target ipm_interfaces__rosidl_typesupport_fastrtps_cpp
[0.295s] [ 53%] Built target ipm_interfaces__rosidl_typesupport_c
[0.297s] [ 64%] Built target ipm_interfaces__rosidl_typesupport_fastrtps_c
[0.305s] [ 74%] Built target ipm_interfaces__rosidl_typesupport_introspection_c
[0.343s] [ 74%] Built target ipm_interfaces
[0.377s] [ 76%] Built target ipm_interfaces__py
[0.412s] [ 84%] Built target ipm_interfaces__rosidl_generator_py
[0.465s] [ 89%] Built target ipm_interfaces__rosidl_typesupport_c__pyext
[0.469s] [ 94%] Built target ipm_interfaces__rosidl_typesupport_fastrtps_c__pyext
[0.469s] [100%] Built target ipm_interfaces__rosidl_typesupport_introspection_c__pyext
[0.644s] running egg_info
[0.645s] writing ipm_interfaces.egg-info/PKG-INFO
[0.646s] writing dependency_links to ipm_interfaces.egg-info/dependency_links.txt
[0.646s] writing top-level names to ipm_interfaces.egg-info/top_level.txt
[0.649s] reading manifest file 'ipm_interfaces.egg-info/SOURCES.txt'
[0.650s] writing manifest file 'ipm_interfaces.egg-info/SOURCES.txt'
[0.695s] [100%] Built target ament_cmake_python_build_ipm_interfaces_egg
[0.708s] Invoked command in '/home/ivan/Webots_YOLOv8/build/ipm_interfaces' returned '0': CMAKE_PREFIX_PATH=${CMAKE_PREFIX_PATH}:/home/ivan/Webots_YOLOv8/install/soccer_ipm:/home/ivan/Webots_YOLOv8/install/Webots_YOLOv8:/home/ivan/Webots_YOLOv8/install/my_package:/home/ivan/Webots_YOLOv8/install/ipm_service:/home/ivan/Webots_YOLOv8/install/ipm_image_node:/home/ivan/Webots_YOLOv8/install/ipm_library:/home/ivan/ros2_ws/install/object_finder_onnx:/home/ivan/ros2_ws/install/object_finder:/home/ivan/ros2_ws/install/my_package:/home/ivan/ros2_ws/install/Webots_YOLOv8:/opt/ros/humble /usr/bin/cmake --build /home/ivan/Webots_YOLOv8/build/ipm_interfaces -- -j12 -l12
[0.710s] Invoking command in '/home/ivan/Webots_YOLOv8/build/ipm_interfaces': CMAKE_PREFIX_PATH=${CMAKE_PREFIX_PATH}:/home/ivan/Webots_YOLOv8/install/soccer_ipm:/home/ivan/Webots_YOLOv8/install/Webots_YOLOv8:/home/ivan/Webots_YOLOv8/install/my_package:/home/ivan/Webots_YOLOv8/install/ipm_service:/home/ivan/Webots_YOLOv8/install/ipm_image_node:/home/ivan/Webots_YOLOv8/install/ipm_library:/home/ivan/ros2_ws/install/object_finder_onnx:/home/ivan/ros2_ws/install/object_finder:/home/ivan/ros2_ws/install/my_package:/home/ivan/ros2_ws/install/Webots_YOLOv8:/opt/ros/humble /usr/bin/cmake --install /home/ivan/Webots_YOLOv8/build/ipm_interfaces
[0.721s] -- Install configuration: ""
[0.721s] -- Up-to-date: /home/ivan/Webots_YOLOv8/install/ipm_interfaces/share/ament_index/resource_index/rosidl_interfaces/ipm_interfaces
[0.721s] -- Up-to-date: /home/ivan/Webots_YOLOv8/install/ipm_interfaces/include/ipm_interfaces/ipm_interfaces
[0.721s] -- Up-to-date: /home/ivan/Webots_YOLOv8/install/ipm_interfaces/include/ipm_interfaces/ipm_interfaces/srv
[0.722s] -- Up-to-date: /home/ivan/Webots_YOLOv8/install/ipm_interfaces/include/ipm_interfaces/ipm_interfaces/srv/detail
[0.723s] -- Up-to-date: /home/ivan/Webots_YOLOv8/install/ipm_interfaces/include/ipm_interfaces/ipm_interfaces/srv/detail/map_point__functions.c
[0.723s] -- Up-to-date: /home/ivan/Webots_YOLOv8/install/ipm_interfaces/include/ipm_interfaces/ipm_interfaces/srv/detail/map_point__struct.h
[0.723s] -- Up-to-date: /home/ivan/Webots_YOLOv8/install/ipm_interfaces/include/ipm_interfaces/ipm_interfaces/srv/detail/map_point__functions.h
[0.723s] -- Up-to-date: /home/ivan/Webots_YOLOv8/install/ipm_interfaces/include/ipm_interfaces/ipm_interfaces/srv/detail/map_point_cloud2__type_support.h
[0.723s] -- Up-to-date: /home/ivan/Webots_YOLOv8/install/ipm_interfaces/include/ipm_interfaces/ipm_interfaces/srv/detail/map_point_cloud2__functions.c
[0.723s] -- Up-to-date: /home/ivan/Webots_YOLOv8/install/ipm_interfaces/include/ipm_interfaces/ipm_interfaces/srv/detail/map_point_cloud2__struct.h
[0.723s] -- Up-to-date: /home/ivan/Webots_YOLOv8/install/ipm_interfaces/include/ipm_interfaces/ipm_interfaces/srv/detail/map_point__type_support.h
[0.723s] -- Up-to-date: /home/ivan/Webots_YOLOv8/install/ipm_interfaces/include/ipm_interfaces/ipm_interfaces/srv/detail/map_point_cloud2__functions.h
[0.723s] -- Up-to-date: /home/ivan/Webots_YOLOv8/install/ipm_interfaces/include/ipm_interfaces/ipm_interfaces/srv/map_point.h
[0.723s] -- Up-to-date: /home/ivan/Webots_YOLOv8/install/ipm_interfaces/include/ipm_interfaces/ipm_interfaces/srv/map_point_cloud2.h
[0.723s] -- Up-to-date: /home/ivan/Webots_YOLOv8/install/ipm_interfaces/include/ipm_interfaces/ipm_interfaces/msg
[0.723s] -- Up-to-date: /home/ivan/Webots_YOLOv8/install/ipm_interfaces/include/ipm_interfaces/ipm_interfaces/msg/rosidl_generator_c__visibility_control.h
[0.724s] -- Up-to-date: /home/ivan/Webots_YOLOv8/install/ipm_interfaces/share/ipm_interfaces/environment/library_path.sh
[0.724s] -- Up-to-date: /home/ivan/Webots_YOLOv8/install/ipm_interfaces/share/ipm_interfaces/environment/library_path.dsv
[0.725s] -- Up-to-date: /home/ivan/Webots_YOLOv8/install/ipm_interfaces/lib/libipm_interfaces__rosidl_generator_c.so
[0.725s] -- Up-to-date: /home/ivan/Webots_YOLOv8/install/ipm_interfaces/include/ipm_interfaces/ipm_interfaces
[0.726s] -- Up-to-date: /home/ivan/Webots_YOLOv8/install/ipm_interfaces/include/ipm_interfaces/ipm_interfaces/srv
[0.726s] -- Up-to-date: /home/ivan/Webots_YOLOv8/install/ipm_interfaces/include/ipm_interfaces/ipm_interfaces/srv/detail
[0.726s] -- Up-to-date: /home/ivan/Webots_YOLOv8/install/ipm_interfaces/include/ipm_interfaces/ipm_interfaces/srv/detail/map_point__rosidl_typesupport_fastrtps_c.h
[0.726s] -- Up-to-date: /home/ivan/Webots_YOLOv8/install/ipm_interfaces/include/ipm_interfaces/ipm_interfaces/srv/detail/map_point_cloud2__rosidl_typesupport_fastrtps_c.h
[0.726s] -- Up-to-date: /home/ivan/Webots_YOLOv8/install/ipm_interfaces/include/ipm_interfaces/ipm_interfaces/msg
[0.726s] -- Up-to-date: /home/ivan/Webots_YOLOv8/install/ipm_interfaces/include/ipm_interfaces/ipm_interfaces/msg/rosidl_typesupport_fastrtps_c__visibility_control.h
[0.727s] -- Up-to-date: /home/ivan/Webots_YOLOv8/install/ipm_interfaces/lib/libipm_interfaces__rosidl_typesupport_fastrtps_c.so
[0.727s] -- Up-to-date: /home/ivan/Webots_YOLOv8/install/ipm_interfaces/include/ipm_interfaces/ipm_interfaces
[0.727s] -- Up-to-date: /home/ivan/Webots_YOLOv8/install/ipm_interfaces/include/ipm_interfaces/ipm_interfaces/srv
[0.727s] -- Up-to-date: /home/ivan/Webots_YOLOv8/install/ipm_interfaces/include/ipm_interfaces/ipm_interfaces/srv/detail
[0.727s] -- Up-to-date: /home/ivan/Webots_YOLOv8/install/ipm_interfaces/include/ipm_interfaces/ipm_interfaces/srv/detail/map_point_cloud2__traits.hpp
[0.728s] -- Up-to-date: /home/ivan/Webots_YOLOv8/install/ipm_interfaces/include/ipm_interfaces/ipm_interfaces/srv/detail/map_point_cloud2__type_support.hpp
[0.728s] -- Up-to-date: /home/ivan/Webots_YOLOv8/install/ipm_interfaces/include/ipm_interfaces/ipm_interfaces/srv/detail/map_point_cloud2__struct.hpp
[0.728s] -- Up-to-date: /home/ivan/Webots_YOLOv8/install/ipm_interfaces/include/ipm_interfaces/ipm_interfaces/srv/detail/map_point_cloud2__builder.hpp
[0.728s] -- Up-to-date: /home/ivan/Webots_YOLOv8/install/ipm_interfaces/include/ipm_interfaces/ipm_interfaces/srv/detail/map_point__struct.hpp
[0.728s] -- Up-to-date: /home/ivan/Webots_YOLOv8/install/ipm_interfaces/include/ipm_interfaces/ipm_interfaces/srv/detail/map_point__builder.hpp
[0.728s] -- Up-to-date: /home/ivan/Webots_YOLOv8/install/ipm_interfaces/include/ipm_interfaces/ipm_interfaces/srv/detail/map_point__type_support.hpp
[0.728s] -- Up-to-date: /home/ivan/Webots_YOLOv8/install/ipm_interfaces/include/ipm_interfaces/ipm_interfaces/srv/detail/map_point__traits.hpp
[0.728s] -- Up-to-date: /home/ivan/Webots_YOLOv8/install/ipm_interfaces/include/ipm_interfaces/ipm_interfaces/srv/map_point_cloud2.hpp
[0.728s] -- Up-to-date: /home/ivan/Webots_YOLOv8/install/ipm_interfaces/include/ipm_interfaces/ipm_interfaces/srv/map_point.hpp
[0.728s] -- Up-to-date: /home/ivan/Webots_YOLOv8/install/ipm_interfaces/include/ipm_interfaces/ipm_interfaces/msg
[0.728s] -- Up-to-date: /home/ivan/Webots_YOLOv8/install/ipm_interfaces/include/ipm_interfaces/ipm_interfaces/msg/rosidl_generator_cpp__visibility_control.hpp
[0.728s] -- Up-to-date: /home/ivan/Webots_YOLOv8/install/ipm_interfaces/include/ipm_interfaces/ipm_interfaces
[0.729s] -- Up-to-date: /home/ivan/Webots_YOLOv8/install/ipm_interfaces/include/ipm_interfaces/ipm_interfaces/srv
[0.729s] -- Up-to-date: /home/ivan/Webots_YOLOv8/install/ipm_interfaces/include/ipm_interfaces/ipm_interfaces/srv/detail
[0.729s] -- Up-to-date: /home/ivan/Webots_YOLOv8/install/ipm_interfaces/include/ipm_interfaces/ipm_interfaces/srv/detail/dds_fastrtps
[0.729s] -- Up-to-date: /home/ivan/Webots_YOLOv8/install/ipm_interfaces/include/ipm_interfaces/ipm_interfaces/srv/detail/map_point_cloud2__rosidl_typesupport_fastrtps_cpp.hpp
[0.729s] -- Up-to-date: /home/ivan/Webots_YOLOv8/install/ipm_interfaces/include/ipm_interfaces/ipm_interfaces/srv/detail/map_point__rosidl_typesupport_fastrtps_cpp.hpp
[0.729s] -- Up-to-date: /home/ivan/Webots_YOLOv8/install/ipm_interfaces/include/ipm_interfaces/ipm_interfaces/msg
[0.729s] -- Up-to-date: /home/ivan/Webots_YOLOv8/install/ipm_interfaces/include/ipm_interfaces/ipm_interfaces/msg/rosidl_typesupport_fastrtps_cpp__visibility_control.h
[0.729s] -- Up-to-date: /home/ivan/Webots_YOLOv8/install/ipm_interfaces/lib/libipm_interfaces__rosidl_typesupport_fastrtps_cpp.so
[0.729s] -- Up-to-date: /home/ivan/Webots_YOLOv8/install/ipm_interfaces/include/ipm_interfaces/ipm_interfaces
[0.729s] -- Up-to-date: /home/ivan/Webots_YOLOv8/install/ipm_interfaces/include/ipm_interfaces/ipm_interfaces/srv
[0.730s] -- Up-to-date: /home/ivan/Webots_YOLOv8/install/ipm_interfaces/include/ipm_interfaces/ipm_interfaces/srv/detail
[0.730s] -- Up-to-date: /home/ivan/Webots_YOLOv8/install/ipm_interfaces/include/ipm_interfaces/ipm_interfaces/srv/detail/map_point_cloud2__rosidl_typesupport_introspection_c.h
[0.730s] -- Up-to-date: /home/ivan/Webots_YOLOv8/install/ipm_interfaces/include/ipm_interfaces/ipm_interfaces/srv/detail/map_point_cloud2__type_support.c
[0.730s] -- Up-to-date: /home/ivan/Webots_YOLOv8/install/ipm_interfaces/include/ipm_interfaces/ipm_interfaces/srv/detail/map_point__rosidl_typesupport_introspection_c.h
[0.730s] -- Up-to-date: /home/ivan/Webots_YOLOv8/install/ipm_interfaces/include/ipm_interfaces/ipm_interfaces/srv/detail/map_point__type_support.c
[0.730s] -- Up-to-date: /home/ivan/Webots_YOLOv8/install/ipm_interfaces/include/ipm_interfaces/ipm_interfaces/msg
[0.730s] -- Up-to-date: /home/ivan/Webots_YOLOv8/install/ipm_interfaces/include/ipm_interfaces/ipm_interfaces/msg/rosidl_typesupport_introspection_c__visibility_control.h
[0.730s] -- Up-to-date: /home/ivan/Webots_YOLOv8/install/ipm_interfaces/lib/libipm_interfaces__rosidl_typesupport_introspection_c.so
[0.730s] -- Up-to-date: /home/ivan/Webots_YOLOv8/install/ipm_interfaces/lib/libipm_interfaces__rosidl_typesupport_c.so
[0.730s] -- Up-to-date: /home/ivan/Webots_YOLOv8/install/ipm_interfaces/include/ipm_interfaces/ipm_interfaces
[0.731s] -- Up-to-date: /home/ivan/Webots_YOLOv8/install/ipm_interfaces/include/ipm_interfaces/ipm_interfaces/srv
[0.731s] -- Up-to-date: /home/ivan/Webots_YOLOv8/install/ipm_interfaces/include/ipm_interfaces/ipm_interfaces/srv/detail
[0.731s] -- Up-to-date: /home/ivan/Webots_YOLOv8/install/ipm_interfaces/include/ipm_interfaces/ipm_interfaces/srv/detail/map_point__rosidl_typesupport_introspection_cpp.hpp
[0.731s] -- Up-to-date: /home/ivan/Webots_YOLOv8/install/ipm_interfaces/include/ipm_interfaces/ipm_interfaces/srv/detail/map_point_cloud2__type_support.cpp
[0.731s] -- Up-to-date: /home/ivan/Webots_YOLOv8/install/ipm_interfaces/include/ipm_interfaces/ipm_interfaces/srv/detail/map_point__type_support.cpp
[0.731s] -- Up-to-date: /home/ivan/Webots_YOLOv8/install/ipm_interfaces/include/ipm_interfaces/ipm_interfaces/srv/detail/map_point_cloud2__rosidl_typesupport_introspection_cpp.hpp
[0.732s] -- Up-to-date: /home/ivan/Webots_YOLOv8/install/ipm_interfaces/lib/libipm_interfaces__rosidl_typesupport_introspection_cpp.so
[0.732s] -- Up-to-date: /home/ivan/Webots_YOLOv8/install/ipm_interfaces/lib/libipm_interfaces__rosidl_typesupport_cpp.so
[0.732s] -- Up-to-date: /home/ivan/Webots_YOLOv8/install/ipm_interfaces/share/ipm_interfaces/environment/pythonpath.sh
[0.732s] -- Up-to-date: /home/ivan/Webots_YOLOv8/install/ipm_interfaces/share/ipm_interfaces/environment/pythonpath.dsv
[0.733s] -- Up-to-date: /home/ivan/Webots_YOLOv8/install/ipm_interfaces/local/lib/python3.10/dist-packages/ipm_interfaces-0.0.0-py3.10.egg-info
[0.733s] -- Installing: /home/ivan/Webots_YOLOv8/install/ipm_interfaces/local/lib/python3.10/dist-packages/ipm_interfaces-0.0.0-py3.10.egg-info/top_level.txt
[0.733s] -- Installing: /home/ivan/Webots_YOLOv8/install/ipm_interfaces/local/lib/python3.10/dist-packages/ipm_interfaces-0.0.0-py3.10.egg-info/dependency_links.txt
[0.733s] -- Installing: /home/ivan/Webots_YOLOv8/install/ipm_interfaces/local/lib/python3.10/dist-packages/ipm_interfaces-0.0.0-py3.10.egg-info/SOURCES.txt
[0.733s] -- Installing: /home/ivan/Webots_YOLOv8/install/ipm_interfaces/local/lib/python3.10/dist-packages/ipm_interfaces-0.0.0-py3.10.egg-info/PKG-INFO
[0.733s] -- Up-to-date: /home/ivan/Webots_YOLOv8/install/ipm_interfaces/local/lib/python3.10/dist-packages/ipm_interfaces
[0.734s] -- Up-to-date: /home/ivan/Webots_YOLOv8/install/ipm_interfaces/local/lib/python3.10/dist-packages/ipm_interfaces/ipm_interfaces_s__rosidl_typesupport_fastrtps_c.cpython-310-x86_64-linux-gnu.so
[0.734s] -- Up-to-date: /home/ivan/Webots_YOLOv8/install/ipm_interfaces/local/lib/python3.10/dist-packages/ipm_interfaces/srv
[0.734s] -- Up-to-date: /home/ivan/Webots_YOLOv8/install/ipm_interfaces/local/lib/python3.10/dist-packages/ipm_interfaces/srv/_map_point_cloud2.py
[0.734s] -- Up-to-date: /home/ivan/Webots_YOLOv8/install/ipm_interfaces/local/lib/python3.10/dist-packages/ipm_interfaces/srv/_map_point_cloud2_s.c
[0.734s] -- Up-to-date: /home/ivan/Webots_YOLOv8/install/ipm_interfaces/local/lib/python3.10/dist-packages/ipm_interfaces/srv/_map_point.py
[0.735s] -- Up-to-date: /home/ivan/Webots_YOLOv8/install/ipm_interfaces/local/lib/python3.10/dist-packages/ipm_interfaces/srv/__init__.py
[0.735s] -- Up-to-date: /home/ivan/Webots_YOLOv8/install/ipm_interfaces/local/lib/python3.10/dist-packages/ipm_interfaces/srv/_map_point_s.c
[0.735s] -- Up-to-date: /home/ivan/Webots_YOLOv8/install/ipm_interfaces/local/lib/python3.10/dist-packages/ipm_interfaces/_ipm_interfaces_s.ep.rosidl_typesupport_c.c
[0.735s] -- Up-to-date: /home/ivan/Webots_YOLOv8/install/ipm_interfaces/local/lib/python3.10/dist-packages/ipm_interfaces/__init__.py
[0.735s] -- Up-to-date: /home/ivan/Webots_YOLOv8/install/ipm_interfaces/local/lib/python3.10/dist-packages/ipm_interfaces/_ipm_interfaces_s.ep.rosidl_typesupport_fastrtps_c.c
[0.735s] -- Up-to-date: /home/ivan/Webots_YOLOv8/install/ipm_interfaces/local/lib/python3.10/dist-packages/ipm_interfaces/ipm_interfaces_s__rosidl_typesupport_c.cpython-310-x86_64-linux-gnu.so
[0.735s] -- Up-to-date: /home/ivan/Webots_YOLOv8/install/ipm_interfaces/local/lib/python3.10/dist-packages/ipm_interfaces/ipm_interfaces_s__rosidl_typesupport_introspection_c.cpython-310-x86_64-linux-gnu.so
[0.735s] -- Up-to-date: /home/ivan/Webots_YOLOv8/install/ipm_interfaces/local/lib/python3.10/dist-packages/ipm_interfaces/_ipm_interfaces_s.ep.rosidl_typesupport_introspection_c.c
[0.735s] -- Up-to-date: /home/ivan/Webots_YOLOv8/install/ipm_interfaces/local/lib/python3.10/dist-packages/ipm_interfaces/libipm_interfaces__rosidl_generator_py.so
[0.780s] Listing '/home/ivan/Webots_YOLOv8/install/ipm_interfaces/local/lib/python3.10/dist-packages/ipm_interfaces'...
[0.780s] Listing '/home/ivan/Webots_YOLOv8/install/ipm_interfaces/local/lib/python3.10/dist-packages/ipm_interfaces/srv'...
[0.787s] -- Up-to-date: /home/ivan/Webots_YOLOv8/install/ipm_interfaces/local/lib/python3.10/dist-packages/ipm_interfaces/ipm_interfaces_s__rosidl_typesupport_fastrtps_c.cpython-310-x86_64-linux-gnu.so
[0.788s] -- Up-to-date: /home/ivan/Webots_YOLOv8/install/ipm_interfaces/local/lib/python3.10/dist-packages/ipm_interfaces/ipm_interfaces_s__rosidl_typesupport_introspection_c.cpython-310-x86_64-linux-gnu.so
[0.790s] -- Up-to-date: /home/ivan/Webots_YOLOv8/install/ipm_interfaces/local/lib/python3.10/dist-packages/ipm_interfaces/ipm_interfaces_s__rosidl_typesupport_c.cpython-310-x86_64-linux-gnu.so
[0.791s] -- Up-to-date: /home/ivan/Webots_YOLOv8/install/ipm_interfaces/lib/libipm_interfaces__rosidl_generator_py.so
[0.791s] -- Up-to-date: /home/ivan/Webots_YOLOv8/install/ipm_interfaces/share/ipm_interfaces/srv/MapPoint.idl
[0.791s] -- Up-to-date: /home/ivan/Webots_YOLOv8/install/ipm_interfaces/share/ipm_interfaces/srv/MapPointCloud2.idl
[0.792s] -- Up-to-date: /home/ivan/Webots_YOLOv8/install/ipm_interfaces/share/ipm_interfaces/srv/MapPoint.srv
[0.792s] -- Up-to-date: /home/ivan/Webots_YOLOv8/install/ipm_interfaces/share/ipm_interfaces/srv/MapPoint_Request.msg
[0.792s] -- Up-to-date: /home/ivan/Webots_YOLOv8/install/ipm_interfaces/share/ipm_interfaces/srv/MapPoint_Response.msg
[0.792s] -- Up-to-date: /home/ivan/Webots_YOLOv8/install/ipm_interfaces/share/ipm_interfaces/srv/MapPointCloud2.srv
[0.793s] -- Up-to-date: /home/ivan/Webots_YOLOv8/install/ipm_interfaces/share/ipm_interfaces/srv/MapPointCloud2_Request.msg
[0.793s] -- Up-to-date: /home/ivan/Webots_YOLOv8/install/ipm_interfaces/share/ipm_interfaces/srv/MapPointCloud2_Response.msg
[0.793s] -- Up-to-date: /home/ivan/Webots_YOLOv8/install/ipm_interfaces/share/ament_index/resource_index/package_run_dependencies/ipm_interfaces
[0.793s] -- Up-to-date: /home/ivan/Webots_YOLOv8/install/ipm_interfaces/share/ament_index/resource_index/parent_prefix_path/ipm_interfaces
[0.793s] -- Up-to-date: /home/ivan/Webots_YOLOv8/install/ipm_interfaces/share/ipm_interfaces/environment/ament_prefix_path.sh
[0.793s] -- Up-to-date: /home/ivan/Webots_YOLOv8/install/ipm_interfaces/share/ipm_interfaces/environment/ament_prefix_path.dsv
[0.793s] -- Up-to-date: /home/ivan/Webots_YOLOv8/install/ipm_interfaces/share/ipm_interfaces/environment/path.sh
[0.793s] -- Up-to-date: /home/ivan/Webots_YOLOv8/install/ipm_interfaces/share/ipm_interfaces/environment/path.dsv
[0.793s] -- Up-to-date: /home/ivan/Webots_YOLOv8/install/ipm_interfaces/share/ipm_interfaces/local_setup.bash
[0.793s] -- Up-to-date: /home/ivan/Webots_YOLOv8/install/ipm_interfaces/share/ipm_interfaces/local_setup.sh
[0.794s] -- Up-to-date: /home/ivan/Webots_YOLOv8/install/ipm_interfaces/share/ipm_interfaces/local_setup.zsh
[0.794s] -- Up-to-date: /home/ivan/Webots_YOLOv8/install/ipm_interfaces/share/ipm_interfaces/local_setup.dsv
[0.794s] -- Installing: /home/ivan/Webots_YOLOv8/install/ipm_interfaces/share/ipm_interfaces/package.dsv
[0.795s] -- Up-to-date: /home/ivan/Webots_YOLOv8/install/ipm_interfaces/share/ament_index/resource_index/packages/ipm_interfaces
[0.795s] -- Up-to-date: /home/ivan/Webots_YOLOv8/install/ipm_interfaces/share/ipm_interfaces/cmake/export_ipm_interfaces__rosidl_generator_cExport.cmake
[0.796s] -- Up-to-date: /home/ivan/Webots_YOLOv8/install/ipm_interfaces/share/ipm_interfaces/cmake/export_ipm_interfaces__rosidl_generator_cExport-noconfig.cmake
[0.798s] -- Up-to-date: /home/ivan/Webots_YOLOv8/install/ipm_interfaces/share/ipm_interfaces/cmake/export_ipm_interfaces__rosidl_typesupport_fastrtps_cExport.cmake
[0.798s] -- Up-to-date: /home/ivan/Webots_YOLOv8/install/ipm_interfaces/share/ipm_interfaces/cmake/export_ipm_interfaces__rosidl_typesupport_fastrtps_cExport-noconfig.cmake
[0.798s] -- Up-to-date: /home/ivan/Webots_YOLOv8/install/ipm_interfaces/share/ipm_interfaces/cmake/export_ipm_interfaces__rosidl_generator_cppExport.cmake
[0.799s] -- Up-to-date: /home/ivan/Webots_YOLOv8/install/ipm_interfaces/share/ipm_interfaces/cmake/export_ipm_interfaces__rosidl_typesupport_fastrtps_cppExport.cmake
[0.799s] -- Up-to-date: /home/ivan/Webots_YOLOv8/install/ipm_interfaces/share/ipm_interfaces/cmake/export_ipm_interfaces__rosidl_typesupport_fastrtps_cppExport-noconfig.cmake
[0.800s] -- Up-to-date: /home/ivan/Webots_YOLOv8/install/ipm_interfaces/share/ipm_interfaces/cmake/ipm_interfaces__rosidl_typesupport_introspection_cExport.cmake
[0.800s] -- Up-to-date: /home/ivan/Webots_YOLOv8/install/ipm_interfaces/share/ipm_interfaces/cmake/ipm_interfaces__rosidl_typesupport_introspection_cExport-noconfig.cmake
[0.800s] -- Up-to-date: /home/ivan/Webots_YOLOv8/install/ipm_interfaces/share/ipm_interfaces/cmake/ipm_interfaces__rosidl_typesupport_cExport.cmake
[0.800s] -- Up-to-date: /home/ivan/Webots_YOLOv8/install/ipm_interfaces/share/ipm_interfaces/cmake/ipm_interfaces__rosidl_typesupport_cExport-noconfig.cmake
[0.800s] -- Up-to-date: /home/ivan/Webots_YOLOv8/install/ipm_interfaces/share/ipm_interfaces/cmake/ipm_interfaces__rosidl_typesupport_introspection_cppExport.cmake
[0.800s] -- Up-to-date: /home/ivan/Webots_YOLOv8/install/ipm_interfaces/share/ipm_interfaces/cmake/ipm_interfaces__rosidl_typesupport_introspection_cppExport-noconfig.cmake
[0.800s] -- Up-to-date: /home/ivan/Webots_YOLOv8/install/ipm_interfaces/share/ipm_interfaces/cmake/ipm_interfaces__rosidl_typesupport_cppExport.cmake
[0.800s] -- Up-to-date: /home/ivan/Webots_YOLOv8/install/ipm_interfaces/share/ipm_interfaces/cmake/ipm_interfaces__rosidl_typesupport_cppExport-noconfig.cmake
[0.801s] -- Up-to-date: /home/ivan/Webots_YOLOv8/install/ipm_interfaces/share/ipm_interfaces/cmake/export_ipm_interfaces__rosidl_generator_pyExport.cmake
[0.801s] -- Up-to-date: /home/ivan/Webots_YOLOv8/install/ipm_interfaces/share/ipm_interfaces/cmake/export_ipm_interfaces__rosidl_generator_pyExport-noconfig.cmake
[0.801s] -- Up-to-date: /home/ivan/Webots_YOLOv8/install/ipm_interfaces/share/ipm_interfaces/cmake/rosidl_cmake-extras.cmake
[0.801s] -- Up-to-date: /home/ivan/Webots_YOLOv8/install/ipm_interfaces/share/ipm_interfaces/cmake/ament_cmake_export_dependencies-extras.cmake
[0.801s] -- Up-to-date: /home/ivan/Webots_YOLOv8/install/ipm_interfaces/share/ipm_interfaces/cmake/ament_cmake_export_include_directories-extras.cmake
[0.801s] -- Up-to-date: /home/ivan/Webots_YOLOv8/install/ipm_interfaces/share/ipm_interfaces/cmake/ament_cmake_export_libraries-extras.cmake
[0.801s] -- Up-to-date: /home/ivan/Webots_YOLOv8/install/ipm_interfaces/share/ipm_interfaces/cmake/ament_cmake_export_targets-extras.cmake
[0.801s] -- Up-to-date: /home/ivan/Webots_YOLOv8/install/ipm_interfaces/share/ipm_interfaces/cmake/rosidl_cmake_export_typesupport_targets-extras.cmake
[0.801s] -- Up-to-date: /home/ivan/Webots_YOLOv8/install/ipm_interfaces/share/ipm_interfaces/cmake/rosidl_cmake_export_typesupport_libraries-extras.cmake
[0.801s] -- Up-to-date: /home/ivan/Webots_YOLOv8/install/ipm_interfaces/share/ipm_interfaces/cmake/ipm_interfacesConfig.cmake
[0.801s] -- Up-to-date: /home/ivan/Webots_YOLOv8/install/ipm_interfaces/share/ipm_interfaces/cmake/ipm_interfacesConfig-version.cmake
[0.802s] -- Up-to-date: /home/ivan/Webots_YOLOv8/install/ipm_interfaces/share/ipm_interfaces/package.xml
[0.835s] Invoked command in '/home/ivan/Webots_YOLOv8/build/ipm_interfaces' returned '0': CMAKE_PREFIX_PATH=${CMAKE_PREFIX_PATH}:/home/ivan/Webots_YOLOv8/install/soccer_ipm:/home/ivan/Webots_YOLOv8/install/Webots_YOLOv8:/home/ivan/Webots_YOLOv8/install/my_package:/home/ivan/Webots_YOLOv8/install/ipm_service:/home/ivan/Webots_YOLOv8/install/ipm_image_node:/home/ivan/Webots_YOLOv8/install/ipm_library:/home/ivan/ros2_ws/install/object_finder_onnx:/home/ivan/ros2_ws/install/object_finder:/home/ivan/ros2_ws/install/my_package:/home/ivan/ros2_ws/install/Webots_YOLOv8:/opt/ros/humble /usr/bin/cmake --install /home/ivan/Webots_YOLOv8/build/ipm_interfaces
