[1.210s] Invoking command in '/home/ivan/Webots_YOLOv8/src/ipm/ipm_image_node': AMENT_PREFIX_PATH=/home/ivan/Webots_YOLOv8/install/ipm_library:/home/ivan/Webots_YOLOv8/install/ipm_interfaces:${AMENT_PREFIX_PATH} CMAKE_PREFIX_PATH=/home/ivan/Webots_YOLOv8/install/ipm_interfaces LD_LIBRARY_PATH=/home/ivan/Webots_YOLOv8/install/ipm_interfaces/lib:${LD_LIBRARY_PATH} PYTHONPATH=/home/ivan/Webots_YOLOv8/build/ipm_image_node/prefix_override:/usr/lib/python3/dist-packages/colcon_core/task/python/colcon_distutils_commands:/home/ivan/Webots_YOLOv8/install/ipm_image_node/lib/python3.10/site-packages:/home/ivan/Webots_YOLOv8/install/ipm_library/lib/python3.10/site-packages:/home/ivan/Webots_YOLOv8/install/ipm_interfaces/local/lib/python3.10/dist-packages:${PYTHONPATH} /usr/bin/python3 -W ignore:setup.py install is deprecated -W ignore:easy_install command is deprecated setup.py egg_info --egg-base ../../../build/ipm_image_node build --build-base /home/ivan/Webots_YOLOv8/build/ipm_image_node/build install --record /home/ivan/Webots_YOLOv8/build/ipm_image_node/install.log --single-version-externally-managed install_data
[1.442s] running egg_info
[1.443s] writing ../../../build/ipm_image_node/ipm_image_node.egg-info/PKG-INFO
[1.443s] writing dependency_links to ../../../build/ipm_image_node/ipm_image_node.egg-info/dependency_links.txt
[1.443s] writing entry points to ../../../build/ipm_image_node/ipm_image_node.egg-info/entry_points.txt
[1.443s] writing requirements to ../../../build/ipm_image_node/ipm_image_node.egg-info/requires.txt
[1.444s] writing top-level names to ../../../build/ipm_image_node/ipm_image_node.egg-info/top_level.txt
[1.447s] reading manifest file '../../../build/ipm_image_node/ipm_image_node.egg-info/SOURCES.txt'
[1.448s] writing manifest file '../../../build/ipm_image_node/ipm_image_node.egg-info/SOURCES.txt'
[1.448s] running build
[1.449s] running build_py
[1.450s] running install
[1.450s] running install_lib
[1.452s] running install_data
[1.453s] running install_egg_info
[1.455s] removing '/home/ivan/Webots_YOLOv8/install/ipm_image_node/lib/python3.10/site-packages/ipm_image_node-0.0.0-py3.10.egg-info' (and everything under it)
[1.455s] Copying ../../../build/ipm_image_node/ipm_image_node.egg-info to /home/ivan/Webots_YOLOv8/install/ipm_image_node/lib/python3.10/site-packages/ipm_image_node-0.0.0-py3.10.egg-info
[1.458s] running install_scripts
[1.479s] Installing ipm script to /home/ivan/Webots_YOLOv8/install/ipm_image_node/lib/ipm_image_node
[1.479s] writing list of installed files to '/home/ivan/Webots_YOLOv8/build/ipm_image_node/install.log'
[1.783s] Invoked command in '/home/ivan/Webots_YOLOv8/src/ipm/ipm_image_node' returned '0': AMENT_PREFIX_PATH=/home/ivan/Webots_YOLOv8/install/ipm_library:/home/ivan/Webots_YOLOv8/install/ipm_interfaces:${AMENT_PREFIX_PATH} CMAKE_PREFIX_PATH=/home/ivan/Webots_YOLOv8/install/ipm_interfaces LD_LIBRARY_PATH=/home/ivan/Webots_YOLOv8/install/ipm_interfaces/lib:${LD_LIBRARY_PATH} PYTHONPATH=/home/ivan/Webots_YOLOv8/build/ipm_image_node/prefix_override:/usr/lib/python3/dist-packages/colcon_core/task/python/colcon_distutils_commands:/home/ivan/Webots_YOLOv8/install/ipm_image_node/lib/python3.10/site-packages:/home/ivan/Webots_YOLOv8/install/ipm_library/lib/python3.10/site-packages:/home/ivan/Webots_YOLOv8/install/ipm_interfaces/local/lib/python3.10/dist-packages:${PYTHONPATH} /usr/bin/python3 -W ignore:setup.py install is deprecated -W ignore:easy_install command is deprecated setup.py egg_info --egg-base ../../../build/ipm_image_node build --build-base /home/ivan/Webots_YOLOv8/build/ipm_image_node/build install --record /home/ivan/Webots_YOLOv8/build/ipm_image_node/install.log --single-version-externally-managed install_data
