[0.300s] Invoking command in '/home/ivan/Webots_YOLOv8/build/soccer_model_msgs': CMAKE_PREFIX_PATH=/home/ivan/Webots_YOLOv8/install/soccer_vision_attribute_msgs:/home/ivan/Webots_YOLOv8/install/soccer_geometry_msgs:/home/ivan/Webots_YOLOv8/install/soccer_interfaces:/home/ivan/Webots_YOLOv8/install/soccer_vision_3d_msgs:/home/ivan/Webots_YOLOv8/install/soccer_vision_2d_msgs:/home/ivan/Webots_YOLOv8/install/soccer_model_msgs:/home/ivan/Webots_YOLOv8/install/ipm_interfaces:/home/ivan/Webots_YOLOv8/install/Webots_YOLOv8:/home/ivan/Webots_YOLOv8/install/soccer_ipm:/home/ivan/Webots_YOLOv8/install/my_package:/home/ivan/Webots_YOLOv8/install/ipm_service:/home/ivan/Webots_YOLOv8/install/ipm_image_node:/home/ivan/Webots_YOLOv8/install/ipm_library:/opt/ros/humble LD_LIBRARY_PATH=/home/ivan/Webots_YOLOv8/install/soccer_vision_attribute_msgs/lib:/home/ivan/Webots_YOLOv8/install/soccer_geometry_msgs/lib:/home/ivan/Webots_YOLOv8/install/soccer_vision_3d_msgs/lib:/home/ivan/Webots_YOLOv8/install/soccer_vision_2d_msgs/lib:/home/ivan/Webots_YOLOv8/install/soccer_model_msgs/lib:/home/ivan/Webots_YOLOv8/install/ipm_interfaces/lib:/opt/ros/humble/opt/rviz_ogre_vendor/lib:/opt/ros/humble/lib/x86_64-linux-gnu:/opt/ros/humble/lib /usr/bin/cmake --build /home/ivan/Webots_YOLOv8/build/soccer_model_msgs -- -j12 -l12
[0.387s] [  1%] Built target soccer_model_msgs__cpp
[0.390s] [ 12%] Built target soccer_model_msgs__rosidl_generator_c
[0.425s] [ 12%] Built target ament_cmake_python_copy_soccer_model_msgs
[0.482s] [ 23%] Built target soccer_model_msgs__rosidl_typesupport_introspection_cpp
[0.485s] [ 34%] Built target soccer_model_msgs__rosidl_typesupport_introspection_c
[0.487s] [ 46%] Built target soccer_model_msgs__rosidl_typesupport_cpp
[0.489s] [ 68%] Built target soccer_model_msgs__rosidl_typesupport_fastrtps_cpp
[0.490s] [ 68%] Built target soccer_model_msgs__rosidl_typesupport_fastrtps_c
[0.498s] [ 79%] Built target soccer_model_msgs__rosidl_typesupport_c
[0.537s] [ 79%] Built target soccer_model_msgs
[0.573s] [ 80%] Built target soccer_model_msgs__py
[0.620s] [ 90%] Built target soccer_model_msgs__rosidl_generator_py
[0.678s] [ 93%] Built target soccer_model_msgs__rosidl_typesupport_introspection_c__pyext
[0.697s] [100%] Built target soccer_model_msgs__rosidl_typesupport_c__pyext
[0.697s] [100%] Built target soccer_model_msgs__rosidl_typesupport_fastrtps_c__pyext
[0.891s] running egg_info
[0.892s] writing soccer_model_msgs.egg-info/PKG-INFO
[0.892s] writing dependency_links to soccer_model_msgs.egg-info/dependency_links.txt
[0.892s] writing top-level names to soccer_model_msgs.egg-info/top_level.txt
[0.895s] reading manifest file 'soccer_model_msgs.egg-info/SOURCES.txt'
[0.896s] writing manifest file 'soccer_model_msgs.egg-info/SOURCES.txt'
[0.945s] [100%] Built target ament_cmake_python_build_soccer_model_msgs_egg
[0.963s] Invoked command in '/home/ivan/Webots_YOLOv8/build/soccer_model_msgs' returned '0': CMAKE_PREFIX_PATH=/home/ivan/Webots_YOLOv8/install/soccer_vision_attribute_msgs:/home/ivan/Webots_YOLOv8/install/soccer_geometry_msgs:/home/ivan/Webots_YOLOv8/install/soccer_interfaces:/home/ivan/Webots_YOLOv8/install/soccer_vision_3d_msgs:/home/ivan/Webots_YOLOv8/install/soccer_vision_2d_msgs:/home/ivan/Webots_YOLOv8/install/soccer_model_msgs:/home/ivan/Webots_YOLOv8/install/ipm_interfaces:/home/ivan/Webots_YOLOv8/install/Webots_YOLOv8:/home/ivan/Webots_YOLOv8/install/soccer_ipm:/home/ivan/Webots_YOLOv8/install/my_package:/home/ivan/Webots_YOLOv8/install/ipm_service:/home/ivan/Webots_YOLOv8/install/ipm_image_node:/home/ivan/Webots_YOLOv8/install/ipm_library:/opt/ros/humble LD_LIBRARY_PATH=/home/ivan/Webots_YOLOv8/install/soccer_vision_attribute_msgs/lib:/home/ivan/Webots_YOLOv8/install/soccer_geometry_msgs/lib:/home/ivan/Webots_YOLOv8/install/soccer_vision_3d_msgs/lib:/home/ivan/Webots_YOLOv8/install/soccer_vision_2d_msgs/lib:/home/ivan/Webots_YOLOv8/install/soccer_model_msgs/lib:/home/ivan/Webots_YOLOv8/install/ipm_interfaces/lib:/opt/ros/humble/opt/rviz_ogre_vendor/lib:/opt/ros/humble/lib/x86_64-linux-gnu:/opt/ros/humble/lib /usr/bin/cmake --build /home/ivan/Webots_YOLOv8/build/soccer_model_msgs -- -j12 -l12
[0.965s] Invoking command in '/home/ivan/Webots_YOLOv8/build/soccer_model_msgs': CMAKE_PREFIX_PATH=/home/ivan/Webots_YOLOv8/install/soccer_vision_attribute_msgs:/home/ivan/Webots_YOLOv8/install/soccer_geometry_msgs:/home/ivan/Webots_YOLOv8/install/soccer_interfaces:/home/ivan/Webots_YOLOv8/install/soccer_vision_3d_msgs:/home/ivan/Webots_YOLOv8/install/soccer_vision_2d_msgs:/home/ivan/Webots_YOLOv8/install/soccer_model_msgs:/home/ivan/Webots_YOLOv8/install/ipm_interfaces:/home/ivan/Webots_YOLOv8/install/Webots_YOLOv8:/home/ivan/Webots_YOLOv8/install/soccer_ipm:/home/ivan/Webots_YOLOv8/install/my_package:/home/ivan/Webots_YOLOv8/install/ipm_service:/home/ivan/Webots_YOLOv8/install/ipm_image_node:/home/ivan/Webots_YOLOv8/install/ipm_library:/opt/ros/humble LD_LIBRARY_PATH=/home/ivan/Webots_YOLOv8/install/soccer_vision_attribute_msgs/lib:/home/ivan/Webots_YOLOv8/install/soccer_geometry_msgs/lib:/home/ivan/Webots_YOLOv8/install/soccer_vision_3d_msgs/lib:/home/ivan/Webots_YOLOv8/install/soccer_vision_2d_msgs/lib:/home/ivan/Webots_YOLOv8/install/soccer_model_msgs/lib:/home/ivan/Webots_YOLOv8/install/ipm_interfaces/lib:/opt/ros/humble/opt/rviz_ogre_vendor/lib:/opt/ros/humble/lib/x86_64-linux-gnu:/opt/ros/humble/lib /usr/bin/cmake --install /home/ivan/Webots_YOLOv8/build/soccer_model_msgs
[0.976s] -- Install configuration: ""
[0.976s] -- Up-to-date: /home/ivan/Webots_YOLOv8/install/soccer_model_msgs/share/ament_index/resource_index/rosidl_interfaces/soccer_model_msgs
[0.977s] -- Up-to-date: /home/ivan/Webots_YOLOv8/install/soccer_model_msgs/include/soccer_model_msgs/soccer_model_msgs
[0.977s] -- Up-to-date: /home/ivan/Webots_YOLOv8/install/soccer_model_msgs/include/soccer_model_msgs/soccer_model_msgs/msg
[0.977s] -- Up-to-date: /home/ivan/Webots_YOLOv8/install/soccer_model_msgs/include/soccer_model_msgs/soccer_model_msgs/msg/detail
[0.977s] -- Up-to-date: /home/ivan/Webots_YOLOv8/install/soccer_model_msgs/include/soccer_model_msgs/soccer_model_msgs/msg/detail/robot__functions.h
[0.977s] -- Up-to-date: /home/ivan/Webots_YOLOv8/install/soccer_model_msgs/include/soccer_model_msgs/soccer_model_msgs/msg/detail/robot__struct.h
[0.978s] -- Up-to-date: /home/ivan/Webots_YOLOv8/install/soccer_model_msgs/include/soccer_model_msgs/soccer_model_msgs/msg/detail/obstacle_array__functions.c
[0.978s] -- Up-to-date: /home/ivan/Webots_YOLOv8/install/soccer_model_msgs/include/soccer_model_msgs/soccer_model_msgs/msg/detail/obstacle__struct.h
[0.978s] -- Up-to-date: /home/ivan/Webots_YOLOv8/install/soccer_model_msgs/include/soccer_model_msgs/soccer_model_msgs/msg/detail/obstacle_array__functions.h
[0.978s] -- Up-to-date: /home/ivan/Webots_YOLOv8/install/soccer_model_msgs/include/soccer_model_msgs/soccer_model_msgs/msg/detail/robot_array__struct.h
[0.978s] -- Up-to-date: /home/ivan/Webots_YOLOv8/install/soccer_model_msgs/include/soccer_model_msgs/soccer_model_msgs/msg/detail/obstacle_array__type_support.h
[0.978s] -- Up-to-date: /home/ivan/Webots_YOLOv8/install/soccer_model_msgs/include/soccer_model_msgs/soccer_model_msgs/msg/detail/obstacle__functions.c
[0.978s] -- Up-to-date: /home/ivan/Webots_YOLOv8/install/soccer_model_msgs/include/soccer_model_msgs/soccer_model_msgs/msg/detail/robot_array__type_support.h
[0.978s] -- Up-to-date: /home/ivan/Webots_YOLOv8/install/soccer_model_msgs/include/soccer_model_msgs/soccer_model_msgs/msg/detail/ball__functions.h
[0.979s] -- Up-to-date: /home/ivan/Webots_YOLOv8/install/soccer_model_msgs/include/soccer_model_msgs/soccer_model_msgs/msg/detail/obstacle_array__struct.h
[0.979s] -- Up-to-date: /home/ivan/Webots_YOLOv8/install/soccer_model_msgs/include/soccer_model_msgs/soccer_model_msgs/msg/detail/robot__functions.c
[0.979s] -- Up-to-date: /home/ivan/Webots_YOLOv8/install/soccer_model_msgs/include/soccer_model_msgs/soccer_model_msgs/msg/detail/robot_array__functions.h
[0.979s] -- Up-to-date: /home/ivan/Webots_YOLOv8/install/soccer_model_msgs/include/soccer_model_msgs/soccer_model_msgs/msg/detail/obstacle__type_support.h
[0.979s] -- Up-to-date: /home/ivan/Webots_YOLOv8/install/soccer_model_msgs/include/soccer_model_msgs/soccer_model_msgs/msg/detail/robot_array__functions.c
[0.979s] -- Up-to-date: /home/ivan/Webots_YOLOv8/install/soccer_model_msgs/include/soccer_model_msgs/soccer_model_msgs/msg/detail/ball__struct.h
[0.979s] -- Up-to-date: /home/ivan/Webots_YOLOv8/install/soccer_model_msgs/include/soccer_model_msgs/soccer_model_msgs/msg/detail/ball__type_support.h
[0.979s] -- Up-to-date: /home/ivan/Webots_YOLOv8/install/soccer_model_msgs/include/soccer_model_msgs/soccer_model_msgs/msg/detail/robot__type_support.h
[0.979s] -- Up-to-date: /home/ivan/Webots_YOLOv8/install/soccer_model_msgs/include/soccer_model_msgs/soccer_model_msgs/msg/detail/ball__functions.c
[0.979s] -- Up-to-date: /home/ivan/Webots_YOLOv8/install/soccer_model_msgs/include/soccer_model_msgs/soccer_model_msgs/msg/detail/obstacle__functions.h
[0.979s] -- Up-to-date: /home/ivan/Webots_YOLOv8/install/soccer_model_msgs/include/soccer_model_msgs/soccer_model_msgs/msg/ball.h
[0.979s] -- Up-to-date: /home/ivan/Webots_YOLOv8/install/soccer_model_msgs/include/soccer_model_msgs/soccer_model_msgs/msg/rosidl_generator_c__visibility_control.h
[0.980s] -- Up-to-date: /home/ivan/Webots_YOLOv8/install/soccer_model_msgs/include/soccer_model_msgs/soccer_model_msgs/msg/obstacle_array.h
[0.980s] -- Up-to-date: /home/ivan/Webots_YOLOv8/install/soccer_model_msgs/include/soccer_model_msgs/soccer_model_msgs/msg/robot_array.h
[0.980s] -- Up-to-date: /home/ivan/Webots_YOLOv8/install/soccer_model_msgs/include/soccer_model_msgs/soccer_model_msgs/msg/obstacle.h
[0.980s] -- Up-to-date: /home/ivan/Webots_YOLOv8/install/soccer_model_msgs/include/soccer_model_msgs/soccer_model_msgs/msg/robot.h
[0.980s] -- Up-to-date: /home/ivan/Webots_YOLOv8/install/soccer_model_msgs/share/soccer_model_msgs/environment/library_path.sh
[0.980s] -- Up-to-date: /home/ivan/Webots_YOLOv8/install/soccer_model_msgs/share/soccer_model_msgs/environment/library_path.dsv
[0.981s] -- Up-to-date: /home/ivan/Webots_YOLOv8/install/soccer_model_msgs/lib/libsoccer_model_msgs__rosidl_generator_c.so
[0.981s] -- Up-to-date: /home/ivan/Webots_YOLOv8/install/soccer_model_msgs/include/soccer_model_msgs/soccer_model_msgs
[0.981s] -- Up-to-date: /home/ivan/Webots_YOLOv8/install/soccer_model_msgs/include/soccer_model_msgs/soccer_model_msgs/msg
[0.981s] -- Up-to-date: /home/ivan/Webots_YOLOv8/install/soccer_model_msgs/include/soccer_model_msgs/soccer_model_msgs/msg/detail
[0.981s] -- Up-to-date: /home/ivan/Webots_YOLOv8/install/soccer_model_msgs/include/soccer_model_msgs/soccer_model_msgs/msg/detail/obstacle__rosidl_typesupport_fastrtps_c.h
[0.982s] -- Up-to-date: /home/ivan/Webots_YOLOv8/install/soccer_model_msgs/include/soccer_model_msgs/soccer_model_msgs/msg/detail/obstacle_array__rosidl_typesupport_fastrtps_c.h
[0.982s] -- Up-to-date: /home/ivan/Webots_YOLOv8/install/soccer_model_msgs/include/soccer_model_msgs/soccer_model_msgs/msg/detail/ball__rosidl_typesupport_fastrtps_c.h
[0.982s] -- Up-to-date: /home/ivan/Webots_YOLOv8/install/soccer_model_msgs/include/soccer_model_msgs/soccer_model_msgs/msg/detail/robot_array__rosidl_typesupport_fastrtps_c.h
[0.982s] -- Up-to-date: /home/ivan/Webots_YOLOv8/install/soccer_model_msgs/include/soccer_model_msgs/soccer_model_msgs/msg/detail/robot__rosidl_typesupport_fastrtps_c.h
[0.982s] -- Up-to-date: /home/ivan/Webots_YOLOv8/install/soccer_model_msgs/include/soccer_model_msgs/soccer_model_msgs/msg/rosidl_typesupport_fastrtps_c__visibility_control.h
[0.983s] -- Up-to-date: /home/ivan/Webots_YOLOv8/install/soccer_model_msgs/lib/libsoccer_model_msgs__rosidl_typesupport_fastrtps_c.so
[0.984s] -- Up-to-date: /home/ivan/Webots_YOLOv8/install/soccer_model_msgs/include/soccer_model_msgs/soccer_model_msgs
[0.984s] -- Up-to-date: /home/ivan/Webots_YOLOv8/install/soccer_model_msgs/include/soccer_model_msgs/soccer_model_msgs/msg
[0.984s] -- Up-to-date: /home/ivan/Webots_YOLOv8/install/soccer_model_msgs/include/soccer_model_msgs/soccer_model_msgs/msg/detail
[0.984s] -- Up-to-date: /home/ivan/Webots_YOLOv8/install/soccer_model_msgs/include/soccer_model_msgs/soccer_model_msgs/msg/detail/obstacle_array__type_support.hpp
[0.985s] -- Up-to-date: /home/ivan/Webots_YOLOv8/install/soccer_model_msgs/include/soccer_model_msgs/soccer_model_msgs/msg/detail/ball__builder.hpp
[0.985s] -- Up-to-date: /home/ivan/Webots_YOLOv8/install/soccer_model_msgs/include/soccer_model_msgs/soccer_model_msgs/msg/detail/ball__struct.hpp
[0.985s] -- Up-to-date: /home/ivan/Webots_YOLOv8/install/soccer_model_msgs/include/soccer_model_msgs/soccer_model_msgs/msg/detail/robot__traits.hpp
[0.986s] -- Up-to-date: /home/ivan/Webots_YOLOv8/install/soccer_model_msgs/include/soccer_model_msgs/soccer_model_msgs/msg/detail/robot__struct.hpp
[0.986s] -- Up-to-date: /home/ivan/Webots_YOLOv8/install/soccer_model_msgs/include/soccer_model_msgs/soccer_model_msgs/msg/detail/robot_array__type_support.hpp
[0.986s] -- Up-to-date: /home/ivan/Webots_YOLOv8/install/soccer_model_msgs/include/soccer_model_msgs/soccer_model_msgs/msg/detail/obstacle__builder.hpp
[0.986s] -- Up-to-date: /home/ivan/Webots_YOLOv8/install/soccer_model_msgs/include/soccer_model_msgs/soccer_model_msgs/msg/detail/obstacle__type_support.hpp
[0.986s] -- Up-to-date: /home/ivan/Webots_YOLOv8/install/soccer_model_msgs/include/soccer_model_msgs/soccer_model_msgs/msg/detail/robot_array__traits.hpp
[0.986s] -- Up-to-date: /home/ivan/Webots_YOLOv8/install/soccer_model_msgs/include/soccer_model_msgs/soccer_model_msgs/msg/detail/obstacle_array__builder.hpp
[0.987s] -- Up-to-date: /home/ivan/Webots_YOLOv8/install/soccer_model_msgs/include/soccer_model_msgs/soccer_model_msgs/msg/detail/obstacle_array__traits.hpp
[0.987s] -- Up-to-date: /home/ivan/Webots_YOLOv8/install/soccer_model_msgs/include/soccer_model_msgs/soccer_model_msgs/msg/detail/ball__type_support.hpp
[0.987s] -- Up-to-date: /home/ivan/Webots_YOLOv8/install/soccer_model_msgs/include/soccer_model_msgs/soccer_model_msgs/msg/detail/robot_array__builder.hpp
[0.987s] -- Up-to-date: /home/ivan/Webots_YOLOv8/install/soccer_model_msgs/include/soccer_model_msgs/soccer_model_msgs/msg/detail/obstacle__traits.hpp
[0.987s] -- Up-to-date: /home/ivan/Webots_YOLOv8/install/soccer_model_msgs/include/soccer_model_msgs/soccer_model_msgs/msg/detail/robot_array__struct.hpp
[0.987s] -- Up-to-date: /home/ivan/Webots_YOLOv8/install/soccer_model_msgs/include/soccer_model_msgs/soccer_model_msgs/msg/detail/obstacle__struct.hpp
[0.987s] -- Up-to-date: /home/ivan/Webots_YOLOv8/install/soccer_model_msgs/include/soccer_model_msgs/soccer_model_msgs/msg/detail/obstacle_array__struct.hpp
[0.987s] -- Up-to-date: /home/ivan/Webots_YOLOv8/install/soccer_model_msgs/include/soccer_model_msgs/soccer_model_msgs/msg/detail/ball__traits.hpp
[0.988s] -- Up-to-date: /home/ivan/Webots_YOLOv8/install/soccer_model_msgs/include/soccer_model_msgs/soccer_model_msgs/msg/detail/robot__builder.hpp
[0.988s] -- Up-to-date: /home/ivan/Webots_YOLOv8/install/soccer_model_msgs/include/soccer_model_msgs/soccer_model_msgs/msg/detail/robot__type_support.hpp
[0.988s] -- Up-to-date: /home/ivan/Webots_YOLOv8/install/soccer_model_msgs/include/soccer_model_msgs/soccer_model_msgs/msg/ball.hpp
[0.988s] -- Up-to-date: /home/ivan/Webots_YOLOv8/install/soccer_model_msgs/include/soccer_model_msgs/soccer_model_msgs/msg/rosidl_generator_cpp__visibility_control.hpp
[0.988s] -- Up-to-date: /home/ivan/Webots_YOLOv8/install/soccer_model_msgs/include/soccer_model_msgs/soccer_model_msgs/msg/robot.hpp
[0.988s] -- Up-to-date: /home/ivan/Webots_YOLOv8/install/soccer_model_msgs/include/soccer_model_msgs/soccer_model_msgs/msg/obstacle_array.hpp
[0.988s] -- Up-to-date: /home/ivan/Webots_YOLOv8/install/soccer_model_msgs/include/soccer_model_msgs/soccer_model_msgs/msg/obstacle.hpp
[0.988s] -- Up-to-date: /home/ivan/Webots_YOLOv8/install/soccer_model_msgs/include/soccer_model_msgs/soccer_model_msgs/msg/robot_array.hpp
[0.989s] -- Up-to-date: /home/ivan/Webots_YOLOv8/install/soccer_model_msgs/include/soccer_model_msgs/soccer_model_msgs
[0.989s] -- Up-to-date: /home/ivan/Webots_YOLOv8/install/soccer_model_msgs/include/soccer_model_msgs/soccer_model_msgs/msg
[0.989s] -- Up-to-date: /home/ivan/Webots_YOLOv8/install/soccer_model_msgs/include/soccer_model_msgs/soccer_model_msgs/msg/detail
[0.989s] -- Up-to-date: /home/ivan/Webots_YOLOv8/install/soccer_model_msgs/include/soccer_model_msgs/soccer_model_msgs/msg/detail/robot_array__rosidl_typesupport_fastrtps_cpp.hpp
[0.989s] -- Up-to-date: /home/ivan/Webots_YOLOv8/install/soccer_model_msgs/include/soccer_model_msgs/soccer_model_msgs/msg/detail/obstacle_array__rosidl_typesupport_fastrtps_cpp.hpp
[0.989s] -- Up-to-date: /home/ivan/Webots_YOLOv8/install/soccer_model_msgs/include/soccer_model_msgs/soccer_model_msgs/msg/detail/dds_fastrtps
[0.989s] -- Up-to-date: /home/ivan/Webots_YOLOv8/install/soccer_model_msgs/include/soccer_model_msgs/soccer_model_msgs/msg/detail/obstacle__rosidl_typesupport_fastrtps_cpp.hpp
[0.989s] -- Up-to-date: /home/ivan/Webots_YOLOv8/install/soccer_model_msgs/include/soccer_model_msgs/soccer_model_msgs/msg/detail/robot__rosidl_typesupport_fastrtps_cpp.hpp
[0.990s] -- Up-to-date: /home/ivan/Webots_YOLOv8/install/soccer_model_msgs/include/soccer_model_msgs/soccer_model_msgs/msg/detail/ball__rosidl_typesupport_fastrtps_cpp.hpp
[0.990s] -- Up-to-date: /home/ivan/Webots_YOLOv8/install/soccer_model_msgs/include/soccer_model_msgs/soccer_model_msgs/msg/rosidl_typesupport_fastrtps_cpp__visibility_control.h
[0.992s] -- Up-to-date: /home/ivan/Webots_YOLOv8/install/soccer_model_msgs/lib/libsoccer_model_msgs__rosidl_typesupport_fastrtps_cpp.so
[0.992s] -- Up-to-date: /home/ivan/Webots_YOLOv8/install/soccer_model_msgs/include/soccer_model_msgs/soccer_model_msgs
[0.992s] -- Up-to-date: /home/ivan/Webots_YOLOv8/install/soccer_model_msgs/include/soccer_model_msgs/soccer_model_msgs/msg
[0.992s] -- Up-to-date: /home/ivan/Webots_YOLOv8/install/soccer_model_msgs/include/soccer_model_msgs/soccer_model_msgs/msg/detail
[0.992s] -- Up-to-date: /home/ivan/Webots_YOLOv8/install/soccer_model_msgs/include/soccer_model_msgs/soccer_model_msgs/msg/detail/robot__rosidl_typesupport_introspection_c.h
[0.992s] -- Up-to-date: /home/ivan/Webots_YOLOv8/install/soccer_model_msgs/include/soccer_model_msgs/soccer_model_msgs/msg/detail/obstacle_array__type_support.c
[0.992s] -- Up-to-date: /home/ivan/Webots_YOLOv8/install/soccer_model_msgs/include/soccer_model_msgs/soccer_model_msgs/msg/detail/ball__type_support.c
[0.993s] -- Up-to-date: /home/ivan/Webots_YOLOv8/install/soccer_model_msgs/include/soccer_model_msgs/soccer_model_msgs/msg/detail/obstacle__rosidl_typesupport_introspection_c.h
[0.993s] -- Up-to-date: /home/ivan/Webots_YOLOv8/install/soccer_model_msgs/include/soccer_model_msgs/soccer_model_msgs/msg/detail/robot__type_support.c
[0.993s] -- Up-to-date: /home/ivan/Webots_YOLOv8/install/soccer_model_msgs/include/soccer_model_msgs/soccer_model_msgs/msg/detail/robot_array__rosidl_typesupport_introspection_c.h
[0.993s] -- Up-to-date: /home/ivan/Webots_YOLOv8/install/soccer_model_msgs/include/soccer_model_msgs/soccer_model_msgs/msg/detail/robot_array__type_support.c
[0.993s] -- Up-to-date: /home/ivan/Webots_YOLOv8/install/soccer_model_msgs/include/soccer_model_msgs/soccer_model_msgs/msg/detail/obstacle_array__rosidl_typesupport_introspection_c.h
[0.993s] -- Up-to-date: /home/ivan/Webots_YOLOv8/install/soccer_model_msgs/include/soccer_model_msgs/soccer_model_msgs/msg/detail/ball__rosidl_typesupport_introspection_c.h
[0.993s] -- Up-to-date: /home/ivan/Webots_YOLOv8/install/soccer_model_msgs/include/soccer_model_msgs/soccer_model_msgs/msg/detail/obstacle__type_support.c
[0.993s] -- Up-to-date: /home/ivan/Webots_YOLOv8/install/soccer_model_msgs/include/soccer_model_msgs/soccer_model_msgs/msg/rosidl_typesupport_introspection_c__visibility_control.h
[0.996s] -- Up-to-date: /home/ivan/Webots_YOLOv8/install/soccer_model_msgs/lib/libsoccer_model_msgs__rosidl_typesupport_introspection_c.so
[0.996s] -- Up-to-date: /home/ivan/Webots_YOLOv8/install/soccer_model_msgs/lib/libsoccer_model_msgs__rosidl_typesupport_c.so
[0.996s] -- Up-to-date: /home/ivan/Webots_YOLOv8/install/soccer_model_msgs/include/soccer_model_msgs/soccer_model_msgs
[0.997s] -- Up-to-date: /home/ivan/Webots_YOLOv8/install/soccer_model_msgs/include/soccer_model_msgs/soccer_model_msgs/msg
[0.997s] -- Up-to-date: /home/ivan/Webots_YOLOv8/install/soccer_model_msgs/include/soccer_model_msgs/soccer_model_msgs/msg/detail
[0.997s] -- Up-to-date: /home/ivan/Webots_YOLOv8/install/soccer_model_msgs/include/soccer_model_msgs/soccer_model_msgs/msg/detail/robot_array__type_support.cpp
[0.997s] -- Up-to-date: /home/ivan/Webots_YOLOv8/install/soccer_model_msgs/include/soccer_model_msgs/soccer_model_msgs/msg/detail/robot__rosidl_typesupport_introspection_cpp.hpp
[0.997s] -- Up-to-date: /home/ivan/Webots_YOLOv8/install/soccer_model_msgs/include/soccer_model_msgs/soccer_model_msgs/msg/detail/ball__rosidl_typesupport_introspection_cpp.hpp
[0.997s] -- Up-to-date: /home/ivan/Webots_YOLOv8/install/soccer_model_msgs/include/soccer_model_msgs/soccer_model_msgs/msg/detail/obstacle__rosidl_typesupport_introspection_cpp.hpp
[0.997s] -- Up-to-date: /home/ivan/Webots_YOLOv8/install/soccer_model_msgs/include/soccer_model_msgs/soccer_model_msgs/msg/detail/obstacle__type_support.cpp
[0.997s] -- Up-to-date: /home/ivan/Webots_YOLOv8/install/soccer_model_msgs/include/soccer_model_msgs/soccer_model_msgs/msg/detail/robot_array__rosidl_typesupport_introspection_cpp.hpp
[0.997s] -- Up-to-date: /home/ivan/Webots_YOLOv8/install/soccer_model_msgs/include/soccer_model_msgs/soccer_model_msgs/msg/detail/obstacle_array__type_support.cpp
[0.998s] -- Up-to-date: /home/ivan/Webots_YOLOv8/install/soccer_model_msgs/include/soccer_model_msgs/soccer_model_msgs/msg/detail/ball__type_support.cpp
[0.998s] -- Up-to-date: /home/ivan/Webots_YOLOv8/install/soccer_model_msgs/include/soccer_model_msgs/soccer_model_msgs/msg/detail/obstacle_array__rosidl_typesupport_introspection_cpp.hpp
[0.998s] -- Up-to-date: /home/ivan/Webots_YOLOv8/install/soccer_model_msgs/include/soccer_model_msgs/soccer_model_msgs/msg/detail/robot__type_support.cpp
[0.998s] -- Up-to-date: /home/ivan/Webots_YOLOv8/install/soccer_model_msgs/lib/libsoccer_model_msgs__rosidl_typesupport_introspection_cpp.so
[1.002s] -- Up-to-date: /home/ivan/Webots_YOLOv8/install/soccer_model_msgs/lib/libsoccer_model_msgs__rosidl_typesupport_cpp.so
[1.004s] -- Up-to-date: /home/ivan/Webots_YOLOv8/install/soccer_model_msgs/share/soccer_model_msgs/environment/pythonpath.sh
[1.004s] -- Up-to-date: /home/ivan/Webots_YOLOv8/install/soccer_model_msgs/share/soccer_model_msgs/environment/pythonpath.dsv
[1.004s] -- Up-to-date: /home/ivan/Webots_YOLOv8/install/soccer_model_msgs/local/lib/python3.10/dist-packages/soccer_model_msgs-1.0.0-py3.10.egg-info
[1.004s] -- Installing: /home/ivan/Webots_YOLOv8/install/soccer_model_msgs/local/lib/python3.10/dist-packages/soccer_model_msgs-1.0.0-py3.10.egg-info/top_level.txt
[1.004s] -- Installing: /home/ivan/Webots_YOLOv8/install/soccer_model_msgs/local/lib/python3.10/dist-packages/soccer_model_msgs-1.0.0-py3.10.egg-info/dependency_links.txt
[1.004s] -- Installing: /home/ivan/Webots_YOLOv8/install/soccer_model_msgs/local/lib/python3.10/dist-packages/soccer_model_msgs-1.0.0-py3.10.egg-info/SOURCES.txt
[1.004s] -- Installing: /home/ivan/Webots_YOLOv8/install/soccer_model_msgs/local/lib/python3.10/dist-packages/soccer_model_msgs-1.0.0-py3.10.egg-info/PKG-INFO
[1.004s] -- Up-to-date: /home/ivan/Webots_YOLOv8/install/soccer_model_msgs/local/lib/python3.10/dist-packages/soccer_model_msgs
[1.005s] -- Up-to-date: /home/ivan/Webots_YOLOv8/install/soccer_model_msgs/local/lib/python3.10/dist-packages/soccer_model_msgs/soccer_model_msgs_s__rosidl_typesupport_c.cpython-310-x86_64-linux-gnu.so
[1.005s] -- Up-to-date: /home/ivan/Webots_YOLOv8/install/soccer_model_msgs/local/lib/python3.10/dist-packages/soccer_model_msgs/soccer_model_msgs_s__rosidl_typesupport_fastrtps_c.cpython-310-x86_64-linux-gnu.so
[1.005s] -- Up-to-date: /home/ivan/Webots_YOLOv8/install/soccer_model_msgs/local/lib/python3.10/dist-packages/soccer_model_msgs/msg
[1.006s] -- Up-to-date: /home/ivan/Webots_YOLOv8/install/soccer_model_msgs/local/lib/python3.10/dist-packages/soccer_model_msgs/msg/_obstacle_s.c
[1.006s] -- Up-to-date: /home/ivan/Webots_YOLOv8/install/soccer_model_msgs/local/lib/python3.10/dist-packages/soccer_model_msgs/msg/_robot_s.c
[1.007s] -- Up-to-date: /home/ivan/Webots_YOLOv8/install/soccer_model_msgs/local/lib/python3.10/dist-packages/soccer_model_msgs/msg/_robot_array.py
[1.007s] -- Up-to-date: /home/ivan/Webots_YOLOv8/install/soccer_model_msgs/local/lib/python3.10/dist-packages/soccer_model_msgs/msg/_obstacle_array.py
[1.007s] -- Up-to-date: /home/ivan/Webots_YOLOv8/install/soccer_model_msgs/local/lib/python3.10/dist-packages/soccer_model_msgs/msg/__init__.py
[1.008s] -- Up-to-date: /home/ivan/Webots_YOLOv8/install/soccer_model_msgs/local/lib/python3.10/dist-packages/soccer_model_msgs/msg/_ball_s.c
[1.008s] -- Up-to-date: /home/ivan/Webots_YOLOv8/install/soccer_model_msgs/local/lib/python3.10/dist-packages/soccer_model_msgs/msg/_obstacle_array_s.c
[1.008s] -- Up-to-date: /home/ivan/Webots_YOLOv8/install/soccer_model_msgs/local/lib/python3.10/dist-packages/soccer_model_msgs/msg/_obstacle.py
[1.008s] -- Up-to-date: /home/ivan/Webots_YOLOv8/install/soccer_model_msgs/local/lib/python3.10/dist-packages/soccer_model_msgs/msg/_robot_array_s.c
[1.008s] -- Up-to-date: /home/ivan/Webots_YOLOv8/install/soccer_model_msgs/local/lib/python3.10/dist-packages/soccer_model_msgs/msg/_robot.py
[1.008s] -- Up-to-date: /home/ivan/Webots_YOLOv8/install/soccer_model_msgs/local/lib/python3.10/dist-packages/soccer_model_msgs/msg/_ball.py
[1.008s] -- Up-to-date: /home/ivan/Webots_YOLOv8/install/soccer_model_msgs/local/lib/python3.10/dist-packages/soccer_model_msgs/__init__.py
[1.008s] -- Up-to-date: /home/ivan/Webots_YOLOv8/install/soccer_model_msgs/local/lib/python3.10/dist-packages/soccer_model_msgs/_soccer_model_msgs_s.ep.rosidl_typesupport_fastrtps_c.c
[1.008s] -- Up-to-date: /home/ivan/Webots_YOLOv8/install/soccer_model_msgs/local/lib/python3.10/dist-packages/soccer_model_msgs/soccer_model_msgs_s__rosidl_typesupport_introspection_c.cpython-310-x86_64-linux-gnu.so
[1.009s] -- Up-to-date: /home/ivan/Webots_YOLOv8/install/soccer_model_msgs/local/lib/python3.10/dist-packages/soccer_model_msgs/_soccer_model_msgs_s.ep.rosidl_typesupport_c.c
[1.009s] -- Up-to-date: /home/ivan/Webots_YOLOv8/install/soccer_model_msgs/local/lib/python3.10/dist-packages/soccer_model_msgs/libsoccer_model_msgs__rosidl_generator_py.so
[1.009s] -- Up-to-date: /home/ivan/Webots_YOLOv8/install/soccer_model_msgs/local/lib/python3.10/dist-packages/soccer_model_msgs/_soccer_model_msgs_s.ep.rosidl_typesupport_introspection_c.c
[1.046s] Listing '/home/ivan/Webots_YOLOv8/install/soccer_model_msgs/local/lib/python3.10/dist-packages/soccer_model_msgs'...
[1.046s] Listing '/home/ivan/Webots_YOLOv8/install/soccer_model_msgs/local/lib/python3.10/dist-packages/soccer_model_msgs/msg'...
[1.052s] -- Up-to-date: /home/ivan/Webots_YOLOv8/install/soccer_model_msgs/local/lib/python3.10/dist-packages/soccer_model_msgs/soccer_model_msgs_s__rosidl_typesupport_fastrtps_c.cpython-310-x86_64-linux-gnu.so
[1.054s] -- Up-to-date: /home/ivan/Webots_YOLOv8/install/soccer_model_msgs/local/lib/python3.10/dist-packages/soccer_model_msgs/soccer_model_msgs_s__rosidl_typesupport_introspection_c.cpython-310-x86_64-linux-gnu.so
[1.055s] -- Up-to-date: /home/ivan/Webots_YOLOv8/install/soccer_model_msgs/local/lib/python3.10/dist-packages/soccer_model_msgs/soccer_model_msgs_s__rosidl_typesupport_c.cpython-310-x86_64-linux-gnu.so
[1.057s] -- Up-to-date: /home/ivan/Webots_YOLOv8/install/soccer_model_msgs/lib/libsoccer_model_msgs__rosidl_generator_py.so
[1.058s] -- Up-to-date: /home/ivan/Webots_YOLOv8/install/soccer_model_msgs/share/soccer_model_msgs/msg/Ball.idl
[1.058s] -- Up-to-date: /home/ivan/Webots_YOLOv8/install/soccer_model_msgs/share/soccer_model_msgs/msg/Obstacle.idl
[1.058s] -- Up-to-date: /home/ivan/Webots_YOLOv8/install/soccer_model_msgs/share/soccer_model_msgs/msg/ObstacleArray.idl
[1.058s] -- Up-to-date: /home/ivan/Webots_YOLOv8/install/soccer_model_msgs/share/soccer_model_msgs/msg/Robot.idl
[1.058s] -- Up-to-date: /home/ivan/Webots_YOLOv8/install/soccer_model_msgs/share/soccer_model_msgs/msg/RobotArray.idl
[1.058s] -- Up-to-date: /home/ivan/Webots_YOLOv8/install/soccer_model_msgs/share/soccer_model_msgs/msg/Ball.msg
[1.058s] -- Up-to-date: /home/ivan/Webots_YOLOv8/install/soccer_model_msgs/share/soccer_model_msgs/msg/Obstacle.msg
[1.058s] -- Up-to-date: /home/ivan/Webots_YOLOv8/install/soccer_model_msgs/share/soccer_model_msgs/msg/ObstacleArray.msg
[1.058s] -- Up-to-date: /home/ivan/Webots_YOLOv8/install/soccer_model_msgs/share/soccer_model_msgs/msg/Robot.msg
[1.059s] -- Up-to-date: /home/ivan/Webots_YOLOv8/install/soccer_model_msgs/share/soccer_model_msgs/msg/RobotArray.msg
[1.059s] -- Up-to-date: /home/ivan/Webots_YOLOv8/install/soccer_model_msgs/share/ament_index/resource_index/package_run_dependencies/soccer_model_msgs
[1.059s] -- Up-to-date: /home/ivan/Webots_YOLOv8/install/soccer_model_msgs/share/ament_index/resource_index/parent_prefix_path/soccer_model_msgs
[1.059s] -- Up-to-date: /home/ivan/Webots_YOLOv8/install/soccer_model_msgs/share/soccer_model_msgs/environment/ament_prefix_path.sh
[1.059s] -- Up-to-date: /home/ivan/Webots_YOLOv8/install/soccer_model_msgs/share/soccer_model_msgs/environment/ament_prefix_path.dsv
[1.059s] -- Up-to-date: /home/ivan/Webots_YOLOv8/install/soccer_model_msgs/share/soccer_model_msgs/environment/path.sh
[1.059s] -- Up-to-date: /home/ivan/Webots_YOLOv8/install/soccer_model_msgs/share/soccer_model_msgs/environment/path.dsv
[1.059s] -- Up-to-date: /home/ivan/Webots_YOLOv8/install/soccer_model_msgs/share/soccer_model_msgs/local_setup.bash
[1.059s] -- Up-to-date: /home/ivan/Webots_YOLOv8/install/soccer_model_msgs/share/soccer_model_msgs/local_setup.sh
[1.060s] -- Up-to-date: /home/ivan/Webots_YOLOv8/install/soccer_model_msgs/share/soccer_model_msgs/local_setup.zsh
[1.060s] -- Up-to-date: /home/ivan/Webots_YOLOv8/install/soccer_model_msgs/share/soccer_model_msgs/local_setup.dsv
[1.060s] -- Installing: /home/ivan/Webots_YOLOv8/install/soccer_model_msgs/share/soccer_model_msgs/package.dsv
[1.060s] -- Up-to-date: /home/ivan/Webots_YOLOv8/install/soccer_model_msgs/share/ament_index/resource_index/packages/soccer_model_msgs
[1.060s] -- Up-to-date: /home/ivan/Webots_YOLOv8/install/soccer_model_msgs/share/soccer_model_msgs/cmake/export_soccer_model_msgs__rosidl_generator_cExport.cmake
[1.060s] -- Up-to-date: /home/ivan/Webots_YOLOv8/install/soccer_model_msgs/share/soccer_model_msgs/cmake/export_soccer_model_msgs__rosidl_generator_cExport-noconfig.cmake
[1.060s] -- Up-to-date: /home/ivan/Webots_YOLOv8/install/soccer_model_msgs/share/soccer_model_msgs/cmake/export_soccer_model_msgs__rosidl_typesupport_fastrtps_cExport.cmake
[1.060s] -- Up-to-date: /home/ivan/Webots_YOLOv8/install/soccer_model_msgs/share/soccer_model_msgs/cmake/export_soccer_model_msgs__rosidl_typesupport_fastrtps_cExport-noconfig.cmake
[1.061s] -- Up-to-date: /home/ivan/Webots_YOLOv8/install/soccer_model_msgs/share/soccer_model_msgs/cmake/export_soccer_model_msgs__rosidl_generator_cppExport.cmake
[1.061s] -- Up-to-date: /home/ivan/Webots_YOLOv8/install/soccer_model_msgs/share/soccer_model_msgs/cmake/export_soccer_model_msgs__rosidl_typesupport_fastrtps_cppExport.cmake
[1.061s] -- Up-to-date: /home/ivan/Webots_YOLOv8/install/soccer_model_msgs/share/soccer_model_msgs/cmake/export_soccer_model_msgs__rosidl_typesupport_fastrtps_cppExport-noconfig.cmake
[1.061s] -- Up-to-date: /home/ivan/Webots_YOLOv8/install/soccer_model_msgs/share/soccer_model_msgs/cmake/soccer_model_msgs__rosidl_typesupport_introspection_cExport.cmake
[1.062s] -- Up-to-date: /home/ivan/Webots_YOLOv8/install/soccer_model_msgs/share/soccer_model_msgs/cmake/soccer_model_msgs__rosidl_typesupport_introspection_cExport-noconfig.cmake
[1.063s] -- Up-to-date: /home/ivan/Webots_YOLOv8/install/soccer_model_msgs/share/soccer_model_msgs/cmake/soccer_model_msgs__rosidl_typesupport_cExport.cmake
[1.063s] -- Up-to-date: /home/ivan/Webots_YOLOv8/install/soccer_model_msgs/share/soccer_model_msgs/cmake/soccer_model_msgs__rosidl_typesupport_cExport-noconfig.cmake
[1.063s] -- Up-to-date: /home/ivan/Webots_YOLOv8/install/soccer_model_msgs/share/soccer_model_msgs/cmake/soccer_model_msgs__rosidl_typesupport_introspection_cppExport.cmake
[1.064s] -- Up-to-date: /home/ivan/Webots_YOLOv8/install/soccer_model_msgs/share/soccer_model_msgs/cmake/soccer_model_msgs__rosidl_typesupport_introspection_cppExport-noconfig.cmake
[1.065s] -- Up-to-date: /home/ivan/Webots_YOLOv8/install/soccer_model_msgs/share/soccer_model_msgs/cmake/soccer_model_msgs__rosidl_typesupport_cppExport.cmake
[1.065s] -- Up-to-date: /home/ivan/Webots_YOLOv8/install/soccer_model_msgs/share/soccer_model_msgs/cmake/soccer_model_msgs__rosidl_typesupport_cppExport-noconfig.cmake
[1.065s] -- Up-to-date: /home/ivan/Webots_YOLOv8/install/soccer_model_msgs/share/soccer_model_msgs/cmake/export_soccer_model_msgs__rosidl_generator_pyExport.cmake
[1.065s] -- Up-to-date: /home/ivan/Webots_YOLOv8/install/soccer_model_msgs/share/soccer_model_msgs/cmake/export_soccer_model_msgs__rosidl_generator_pyExport-noconfig.cmake
[1.065s] -- Up-to-date: /home/ivan/Webots_YOLOv8/install/soccer_model_msgs/share/soccer_model_msgs/cmake/rosidl_cmake-extras.cmake
[1.065s] -- Up-to-date: /home/ivan/Webots_YOLOv8/install/soccer_model_msgs/share/soccer_model_msgs/cmake/ament_cmake_export_dependencies-extras.cmake
[1.065s] -- Up-to-date: /home/ivan/Webots_YOLOv8/install/soccer_model_msgs/share/soccer_model_msgs/cmake/ament_cmake_export_include_directories-extras.cmake
[1.066s] -- Up-to-date: /home/ivan/Webots_YOLOv8/install/soccer_model_msgs/share/soccer_model_msgs/cmake/ament_cmake_export_libraries-extras.cmake
[1.066s] -- Up-to-date: /home/ivan/Webots_YOLOv8/install/soccer_model_msgs/share/soccer_model_msgs/cmake/ament_cmake_export_targets-extras.cmake
[1.066s] -- Up-to-date: /home/ivan/Webots_YOLOv8/install/soccer_model_msgs/share/soccer_model_msgs/cmake/rosidl_cmake_export_typesupport_targets-extras.cmake
[1.066s] -- Up-to-date: /home/ivan/Webots_YOLOv8/install/soccer_model_msgs/share/soccer_model_msgs/cmake/rosidl_cmake_export_typesupport_libraries-extras.cmake
[1.066s] -- Up-to-date: /home/ivan/Webots_YOLOv8/install/soccer_model_msgs/share/soccer_model_msgs/cmake/soccer_model_msgsConfig.cmake
[1.066s] -- Up-to-date: /home/ivan/Webots_YOLOv8/install/soccer_model_msgs/share/soccer_model_msgs/cmake/soccer_model_msgsConfig-version.cmake
[1.066s] -- Up-to-date: /home/ivan/Webots_YOLOv8/install/soccer_model_msgs/share/soccer_model_msgs/package.xml
[1.093s] Invoked command in '/home/ivan/Webots_YOLOv8/build/soccer_model_msgs' returned '0': CMAKE_PREFIX_PATH=/home/ivan/Webots_YOLOv8/install/soccer_vision_attribute_msgs:/home/ivan/Webots_YOLOv8/install/soccer_geometry_msgs:/home/ivan/Webots_YOLOv8/install/soccer_interfaces:/home/ivan/Webots_YOLOv8/install/soccer_vision_3d_msgs:/home/ivan/Webots_YOLOv8/install/soccer_vision_2d_msgs:/home/ivan/Webots_YOLOv8/install/soccer_model_msgs:/home/ivan/Webots_YOLOv8/install/ipm_interfaces:/home/ivan/Webots_YOLOv8/install/Webots_YOLOv8:/home/ivan/Webots_YOLOv8/install/soccer_ipm:/home/ivan/Webots_YOLOv8/install/my_package:/home/ivan/Webots_YOLOv8/install/ipm_service:/home/ivan/Webots_YOLOv8/install/ipm_image_node:/home/ivan/Webots_YOLOv8/install/ipm_library:/opt/ros/humble LD_LIBRARY_PATH=/home/ivan/Webots_YOLOv8/install/soccer_vision_attribute_msgs/lib:/home/ivan/Webots_YOLOv8/install/soccer_geometry_msgs/lib:/home/ivan/Webots_YOLOv8/install/soccer_vision_3d_msgs/lib:/home/ivan/Webots_YOLOv8/install/soccer_vision_2d_msgs/lib:/home/ivan/Webots_YOLOv8/install/soccer_model_msgs/lib:/home/ivan/Webots_YOLOv8/install/ipm_interfaces/lib:/opt/ros/humble/opt/rviz_ogre_vendor/lib:/opt/ros/humble/lib/x86_64-linux-gnu:/opt/ros/humble/lib /usr/bin/cmake --install /home/ivan/Webots_YOLOv8/build/soccer_model_msgs
