[0.025s] Invoking command in '/home/ivan/Webots_YOLOv8/build/soccer_geometry_msgs': CMAKE_PREFIX_PATH=${CMAKE_PREFIX_PATH}:/home/ivan/Webots_YOLOv8/install/soccer_ipm:/home/ivan/Webots_YOLOv8/install/Webots_YOLOv8:/home/ivan/Webots_YOLOv8/install/my_package:/home/ivan/Webots_YOLOv8/install/ipm_service:/home/ivan/Webots_YOLOv8/install/ipm_image_node:/home/ivan/Webots_YOLOv8/install/ipm_library:/home/ivan/ros2_ws/install/object_finder_onnx:/home/ivan/ros2_ws/install/object_finder:/home/ivan/ros2_ws/install/my_package:/home/ivan/ros2_ws/install/Webots_YOLOv8:/opt/ros/humble /usr/bin/cmake /home/ivan/Webots_YOLOv8/src/soccer_interfaces/soccer_geometry_msgs -DCMAKE_INSTALL_PREFIX=/home/ivan/Webots_YOLOv8/install/soccer_geometry_msgs
[0.157s] -- The C compiler identification is GNU 11.4.0
[0.263s] -- The CXX compiler identification is GNU 11.4.0
[0.274s] -- Detecting C compiler ABI info
[0.371s] -- Detecting C compiler ABI info - done
[0.381s] -- Check for working C compiler: /usr/bin/cc - skipped
[0.381s] -- Detecting C compile features
[0.382s] -- Detecting C compile features - done
[0.385s] -- Detecting CXX compiler ABI info
[0.480s] -- Detecting CXX compiler ABI info - done
[0.487s] -- Check for working CXX compiler: /usr/bin/c++ - skipped
[0.488s] -- Detecting CXX compile features
[0.488s] -- Detecting CXX compile features - done
[0.492s] -- Found ament_cmake: 1.3.11 (/opt/ros/humble/share/ament_cmake/cmake)
[0.664s] -- Found Python3: /usr/bin/python3 (found version "3.10.12") found components: Interpreter 
[0.785s] -- Found geometry_msgs: 4.9.0 (/opt/ros/humble/share/geometry_msgs/cmake)
[0.829s] -- Found rosidl_generator_c: 3.1.6 (/opt/ros/humble/share/rosidl_generator_c/cmake)
[0.835s] -- Found rosidl_adapter: 3.1.6 (/opt/ros/humble/share/rosidl_adapter/cmake)
[0.844s] -- Found rosidl_generator_cpp: 3.1.6 (/opt/ros/humble/share/rosidl_generator_cpp/cmake)
[0.860s] -- Using all available rosidl_typesupport_c: rosidl_typesupport_fastrtps_c;rosidl_typesupport_introspection_c
[0.879s] -- Using all available rosidl_typesupport_cpp: rosidl_typesupport_fastrtps_cpp;rosidl_typesupport_introspection_cpp
[0.926s] -- Found rosidl_default_generators: 1.2.0 (/opt/ros/humble/share/rosidl_default_generators/cmake)
[1.253s] -- Found ament_cmake_ros: 0.10.0 (/opt/ros/humble/share/ament_cmake_ros/cmake)
[1.703s] -- Using all available rosidl_typesupport_c: rosidl_typesupport_fastrtps_c;rosidl_typesupport_introspection_c
[1.870s] -- Using all available rosidl_typesupport_cpp: rosidl_typesupport_fastrtps_cpp;rosidl_typesupport_introspection_cpp
[1.895s] -- Found PythonInterp: /usr/bin/python3 (found suitable version "3.10.12", minimum required is "3.6") 
[1.897s] -- Found python_cmake_module: 0.10.0 (/opt/ros/humble/share/python_cmake_module/cmake)
[1.932s] -- Found PythonLibs: /usr/lib/x86_64-linux-gnu/libpython3.10.so (found suitable version "3.10.12", minimum required is "3.5") 
[1.932s] -- Using PYTHON_EXECUTABLE: /usr/bin/python3
[1.932s] -- Using PYTHON_INCLUDE_DIRS: /usr/include/python3.10
[1.932s] -- Using PYTHON_LIBRARIES: /usr/lib/x86_64-linux-gnu/libpython3.10.so
[1.958s] -- Found PythonExtra: .so  
[2.042s] -- Found ament_lint_auto: 0.12.12 (/opt/ros/humble/share/ament_lint_auto/cmake)
[2.072s] -- Added test 'copyright' to check source files copyright and LICENSE
[2.075s] -- Added test 'lint_cmake' to check CMake code style
[2.076s] -- Added test 'xmllint' to check XML markup files
[2.080s] -- Configuring done
[2.128s] -- Generating done
[2.143s] -- Build files have been written to: /home/ivan/Webots_YOLOv8/build/soccer_geometry_msgs
[2.158s] Invoked command in '/home/ivan/Webots_YOLOv8/build/soccer_geometry_msgs' returned '0': CMAKE_PREFIX_PATH=${CMAKE_PREFIX_PATH}:/home/ivan/Webots_YOLOv8/install/soccer_ipm:/home/ivan/Webots_YOLOv8/install/Webots_YOLOv8:/home/ivan/Webots_YOLOv8/install/my_package:/home/ivan/Webots_YOLOv8/install/ipm_service:/home/ivan/Webots_YOLOv8/install/ipm_image_node:/home/ivan/Webots_YOLOv8/install/ipm_library:/home/ivan/ros2_ws/install/object_finder_onnx:/home/ivan/ros2_ws/install/object_finder:/home/ivan/ros2_ws/install/my_package:/home/ivan/ros2_ws/install/Webots_YOLOv8:/opt/ros/humble /usr/bin/cmake /home/ivan/Webots_YOLOv8/src/soccer_interfaces/soccer_geometry_msgs -DCMAKE_INSTALL_PREFIX=/home/ivan/Webots_YOLOv8/install/soccer_geometry_msgs
[2.161s] Invoking command in '/home/ivan/Webots_YOLOv8/build/soccer_geometry_msgs': CMAKE_PREFIX_PATH=${CMAKE_PREFIX_PATH}:/home/ivan/Webots_YOLOv8/install/soccer_ipm:/home/ivan/Webots_YOLOv8/install/Webots_YOLOv8:/home/ivan/Webots_YOLOv8/install/my_package:/home/ivan/Webots_YOLOv8/install/ipm_service:/home/ivan/Webots_YOLOv8/install/ipm_image_node:/home/ivan/Webots_YOLOv8/install/ipm_library:/home/ivan/ros2_ws/install/object_finder_onnx:/home/ivan/ros2_ws/install/object_finder:/home/ivan/ros2_ws/install/my_package:/home/ivan/ros2_ws/install/Webots_YOLOv8:/opt/ros/humble /usr/bin/cmake --build /home/ivan/Webots_YOLOv8/build/soccer_geometry_msgs -- -j12 -l12
[2.216s] [  3%] [34m[1mGenerating C code for ROS interfaces[0m
[2.235s] [  6%] [34m[1mGenerating C++ code for ROS interfaces[0m
[2.248s] [  6%] Built target ament_cmake_python_copy_soccer_geometry_msgs
[2.635s] [  9%] [32mBuilding C object CMakeFiles/soccer_geometry_msgs__rosidl_generator_c.dir/rosidl_generator_c/soccer_geometry_msgs/msg/detail/point_with_covariance__functions.c.o[0m
[2.646s] running egg_info
[2.650s] creating soccer_geometry_msgs.egg-info
[2.651s] writing soccer_geometry_msgs.egg-info/PKG-INFO
[2.651s] writing dependency_links to soccer_geometry_msgs.egg-info/dependency_links.txt
[2.652s] writing top-level names to soccer_geometry_msgs.egg-info/top_level.txt
[2.652s] writing manifest file 'soccer_geometry_msgs.egg-info/SOURCES.txt'
[2.654s] [  9%] Built target soccer_geometry_msgs__cpp
[2.656s] reading manifest file 'soccer_geometry_msgs.egg-info/SOURCES.txt'
[2.657s] writing manifest file 'soccer_geometry_msgs.egg-info/SOURCES.txt'
[2.677s] [ 12%] [34m[1mGenerating C++ type support dispatch for ROS interfaces[0m
[2.677s] [ 16%] [34m[1mGenerating C++ type support for eProsima Fast-RTPS[0m
[2.678s] [ 19%] [34m[1mGenerating C++ introspection for ROS interfaces[0m
[2.733s] [ 22%] [32m[1mLinking C shared library libsoccer_geometry_msgs__rosidl_generator_c.so[0m
[2.780s] [ 22%] Built target ament_cmake_python_build_soccer_geometry_msgs_egg
[2.915s] [ 22%] Built target soccer_geometry_msgs__rosidl_generator_c
[2.956s] [ 25%] [34m[1mGenerating C type support for eProsima Fast-RTPS[0m
[2.966s] [ 29%] [34m[1mGenerating C type support dispatch for ROS interfaces[0m
[2.966s] [ 32%] [34m[1mGenerating C introspection for ROS interfaces[0m
[3.230s] [ 35%] [32mBuilding CXX object CMakeFiles/soccer_geometry_msgs__rosidl_typesupport_cpp.dir/rosidl_typesupport_cpp/soccer_geometry_msgs/msg/point_with_covariance__type_support.cpp.o[0m
[3.378s] [ 38%] [32mBuilding CXX object CMakeFiles/soccer_geometry_msgs__rosidl_typesupport_introspection_cpp.dir/rosidl_typesupport_introspection_cpp/soccer_geometry_msgs/msg/detail/point_with_covariance__type_support.cpp.o[0m
[3.440s] [ 41%] [32mBuilding CXX object CMakeFiles/soccer_geometry_msgs__rosidl_typesupport_fastrtps_cpp.dir/rosidl_typesupport_fastrtps_cpp/soccer_geometry_msgs/msg/detail/dds_fastrtps/point_with_covariance__type_support.cpp.o[0m
[3.587s] [ 45%] [32mBuilding CXX object CMakeFiles/soccer_geometry_msgs__rosidl_typesupport_fastrtps_c.dir/rosidl_typesupport_fastrtps_c/soccer_geometry_msgs/msg/detail/point_with_covariance__type_support_c.cpp.o[0m
[3.655s] [ 48%] [32mBuilding CXX object CMakeFiles/soccer_geometry_msgs__rosidl_typesupport_c.dir/rosidl_typesupport_c/soccer_geometry_msgs/msg/point_with_covariance__type_support.cpp.o[0m
[3.794s] [ 51%] [32m[1mLinking CXX shared library libsoccer_geometry_msgs__rosidl_typesupport_c.so[0m
[3.984s] [ 51%] Built target soccer_geometry_msgs__rosidl_typesupport_c
[4.003s] [ 54%] [32mBuilding C object CMakeFiles/soccer_geometry_msgs__rosidl_typesupport_introspection_c.dir/rosidl_typesupport_introspection_c/soccer_geometry_msgs/msg/detail/point_with_covariance__type_support.c.o[0m
[4.168s] [ 58%] [32m[1mLinking C shared library libsoccer_geometry_msgs__rosidl_typesupport_introspection_c.so[0m
[4.315s] [ 58%] Built target soccer_geometry_msgs__rosidl_typesupport_introspection_c
[4.480s] [ 61%] [32m[1mLinking CXX shared library libsoccer_geometry_msgs__rosidl_typesupport_cpp.so[0m
[4.675s] [ 61%] Built target soccer_geometry_msgs__rosidl_typesupport_cpp
[4.777s] [ 64%] [32m[1mLinking CXX shared library libsoccer_geometry_msgs__rosidl_typesupport_fastrtps_cpp.so[0m
[4.782s] [ 67%] [32m[1mLinking CXX shared library libsoccer_geometry_msgs__rosidl_typesupport_introspection_cpp.so[0m
[4.858s] [ 70%] [32m[1mLinking CXX shared library libsoccer_geometry_msgs__rosidl_typesupport_fastrtps_c.so[0m
[5.158s] [ 70%] Built target soccer_geometry_msgs__rosidl_typesupport_introspection_cpp
[5.194s] [ 70%] Built target soccer_geometry_msgs__rosidl_typesupport_fastrtps_cpp
[5.253s] [ 70%] Built target soccer_geometry_msgs__rosidl_typesupport_fastrtps_c
[5.321s] [ 70%] Built target soccer_geometry_msgs
[5.380s] [ 74%] [34m[1mGenerating Python code for ROS interfaces[0m
[6.120s] [ 74%] Built target soccer_geometry_msgs__py
[6.150s] [ 77%] [32mBuilding C object CMakeFiles/soccer_geometry_msgs__rosidl_generator_py.dir/rosidl_generator_py/soccer_geometry_msgs/msg/_point_with_covariance_s.c.o[0m
[6.294s] [ 80%] [32m[1mLinking C shared library rosidl_generator_py/soccer_geometry_msgs/libsoccer_geometry_msgs__rosidl_generator_py.so[0m
[6.346s] [ 80%] Built target soccer_geometry_msgs__rosidl_generator_py
[6.371s] [ 90%] [32mBuilding C object CMakeFiles/soccer_geometry_msgs__rosidl_typesupport_c__pyext.dir/rosidl_generator_py/soccer_geometry_msgs/_soccer_geometry_msgs_s.ep.rosidl_typesupport_c.c.o[0m
[6.372s] [ 90%] [32mBuilding C object CMakeFiles/soccer_geometry_msgs__rosidl_typesupport_fastrtps_c__pyext.dir/rosidl_generator_py/soccer_geometry_msgs/_soccer_geometry_msgs_s.ep.rosidl_typesupport_fastrtps_c.c.o[0m
[6.372s] [ 90%] [32mBuilding C object CMakeFiles/soccer_geometry_msgs__rosidl_typesupport_introspection_c__pyext.dir/rosidl_generator_py/soccer_geometry_msgs/_soccer_geometry_msgs_s.ep.rosidl_typesupport_introspection_c.c.o[0m
[6.489s] [ 93%] [32m[1mLinking C shared library rosidl_generator_py/soccer_geometry_msgs/soccer_geometry_msgs_s__rosidl_typesupport_fastrtps_c.cpython-310-x86_64-linux-gnu.so[0m
[6.489s] [ 96%] [32m[1mLinking C shared library rosidl_generator_py/soccer_geometry_msgs/soccer_geometry_msgs_s__rosidl_typesupport_c.cpython-310-x86_64-linux-gnu.so[0m
[6.490s] [100%] [32m[1mLinking C shared library rosidl_generator_py/soccer_geometry_msgs/soccer_geometry_msgs_s__rosidl_typesupport_introspection_c.cpython-310-x86_64-linux-gnu.so[0m
[6.541s] [100%] Built target soccer_geometry_msgs__rosidl_typesupport_introspection_c__pyext
[6.541s] [100%] Built target soccer_geometry_msgs__rosidl_typesupport_c__pyext
[6.542s] [100%] Built target soccer_geometry_msgs__rosidl_typesupport_fastrtps_c__pyext
[6.559s] Invoked command in '/home/ivan/Webots_YOLOv8/build/soccer_geometry_msgs' returned '0': CMAKE_PREFIX_PATH=${CMAKE_PREFIX_PATH}:/home/ivan/Webots_YOLOv8/install/soccer_ipm:/home/ivan/Webots_YOLOv8/install/Webots_YOLOv8:/home/ivan/Webots_YOLOv8/install/my_package:/home/ivan/Webots_YOLOv8/install/ipm_service:/home/ivan/Webots_YOLOv8/install/ipm_image_node:/home/ivan/Webots_YOLOv8/install/ipm_library:/home/ivan/ros2_ws/install/object_finder_onnx:/home/ivan/ros2_ws/install/object_finder:/home/ivan/ros2_ws/install/my_package:/home/ivan/ros2_ws/install/Webots_YOLOv8:/opt/ros/humble /usr/bin/cmake --build /home/ivan/Webots_YOLOv8/build/soccer_geometry_msgs -- -j12 -l12
[6.571s] Invoking command in '/home/ivan/Webots_YOLOv8/build/soccer_geometry_msgs': CMAKE_PREFIX_PATH=${CMAKE_PREFIX_PATH}:/home/ivan/Webots_YOLOv8/install/soccer_ipm:/home/ivan/Webots_YOLOv8/install/Webots_YOLOv8:/home/ivan/Webots_YOLOv8/install/my_package:/home/ivan/Webots_YOLOv8/install/ipm_service:/home/ivan/Webots_YOLOv8/install/ipm_image_node:/home/ivan/Webots_YOLOv8/install/ipm_library:/home/ivan/ros2_ws/install/object_finder_onnx:/home/ivan/ros2_ws/install/object_finder:/home/ivan/ros2_ws/install/my_package:/home/ivan/ros2_ws/install/Webots_YOLOv8:/opt/ros/humble /usr/bin/cmake --install /home/ivan/Webots_YOLOv8/build/soccer_geometry_msgs
[6.580s] -- Install configuration: ""
[6.580s] -- Installing: /home/ivan/Webots_YOLOv8/install/soccer_geometry_msgs/share/ament_index/resource_index/rosidl_interfaces/soccer_geometry_msgs
[6.580s] -- Installing: /home/ivan/Webots_YOLOv8/install/soccer_geometry_msgs/include/soccer_geometry_msgs/soccer_geometry_msgs
[6.582s] -- Installing: /home/ivan/Webots_YOLOv8/install/soccer_geometry_msgs/include/soccer_geometry_msgs/soccer_geometry_msgs/msg
[6.582s] -- Installing: /home/ivan/Webots_YOLOv8/install/soccer_geometry_msgs/include/soccer_geometry_msgs/soccer_geometry_msgs/msg/detail
[6.582s] -- Installing: /home/ivan/Webots_YOLOv8/install/soccer_geometry_msgs/include/soccer_geometry_msgs/soccer_geometry_msgs/msg/detail/point_with_covariance__struct.h
[6.582s] -- Installing: /home/ivan/Webots_YOLOv8/install/soccer_geometry_msgs/include/soccer_geometry_msgs/soccer_geometry_msgs/msg/detail/point_with_covariance__type_support.h
[6.582s] -- Installing: /home/ivan/Webots_YOLOv8/install/soccer_geometry_msgs/include/soccer_geometry_msgs/soccer_geometry_msgs/msg/detail/point_with_covariance__functions.c
[6.583s] -- Installing: /home/ivan/Webots_YOLOv8/install/soccer_geometry_msgs/include/soccer_geometry_msgs/soccer_geometry_msgs/msg/detail/point_with_covariance__functions.h
[6.583s] -- Installing: /home/ivan/Webots_YOLOv8/install/soccer_geometry_msgs/include/soccer_geometry_msgs/soccer_geometry_msgs/msg/rosidl_generator_c__visibility_control.h
[6.583s] -- Installing: /home/ivan/Webots_YOLOv8/install/soccer_geometry_msgs/include/soccer_geometry_msgs/soccer_geometry_msgs/msg/point_with_covariance.h
[6.583s] -- Installing: /home/ivan/Webots_YOLOv8/install/soccer_geometry_msgs/share/soccer_geometry_msgs/environment/library_path.sh
[6.583s] -- Installing: /home/ivan/Webots_YOLOv8/install/soccer_geometry_msgs/share/soccer_geometry_msgs/environment/library_path.dsv
[6.583s] -- Installing: /home/ivan/Webots_YOLOv8/install/soccer_geometry_msgs/lib/libsoccer_geometry_msgs__rosidl_generator_c.so
[6.584s] -- Set runtime path of "/home/ivan/Webots_YOLOv8/install/soccer_geometry_msgs/lib/libsoccer_geometry_msgs__rosidl_generator_c.so" to ""
[6.584s] -- Up-to-date: /home/ivan/Webots_YOLOv8/install/soccer_geometry_msgs/include/soccer_geometry_msgs/soccer_geometry_msgs
[6.584s] -- Up-to-date: /home/ivan/Webots_YOLOv8/install/soccer_geometry_msgs/include/soccer_geometry_msgs/soccer_geometry_msgs/msg
[6.584s] -- Up-to-date: /home/ivan/Webots_YOLOv8/install/soccer_geometry_msgs/include/soccer_geometry_msgs/soccer_geometry_msgs/msg/detail
[6.584s] -- Installing: /home/ivan/Webots_YOLOv8/install/soccer_geometry_msgs/include/soccer_geometry_msgs/soccer_geometry_msgs/msg/detail/point_with_covariance__rosidl_typesupport_fastrtps_c.h
[6.584s] -- Installing: /home/ivan/Webots_YOLOv8/install/soccer_geometry_msgs/include/soccer_geometry_msgs/soccer_geometry_msgs/msg/rosidl_typesupport_fastrtps_c__visibility_control.h
[6.585s] -- Installing: /home/ivan/Webots_YOLOv8/install/soccer_geometry_msgs/lib/libsoccer_geometry_msgs__rosidl_typesupport_fastrtps_c.so
[6.585s] -- Set runtime path of "/home/ivan/Webots_YOLOv8/install/soccer_geometry_msgs/lib/libsoccer_geometry_msgs__rosidl_typesupport_fastrtps_c.so" to ""
[6.585s] -- Up-to-date: /home/ivan/Webots_YOLOv8/install/soccer_geometry_msgs/include/soccer_geometry_msgs/soccer_geometry_msgs
[6.585s] -- Up-to-date: /home/ivan/Webots_YOLOv8/install/soccer_geometry_msgs/include/soccer_geometry_msgs/soccer_geometry_msgs/msg
[6.585s] -- Up-to-date: /home/ivan/Webots_YOLOv8/install/soccer_geometry_msgs/include/soccer_geometry_msgs/soccer_geometry_msgs/msg/detail
[6.585s] -- Installing: /home/ivan/Webots_YOLOv8/install/soccer_geometry_msgs/include/soccer_geometry_msgs/soccer_geometry_msgs/msg/detail/point_with_covariance__traits.hpp
[6.585s] -- Installing: /home/ivan/Webots_YOLOv8/install/soccer_geometry_msgs/include/soccer_geometry_msgs/soccer_geometry_msgs/msg/detail/point_with_covariance__type_support.hpp
[6.586s] -- Installing: /home/ivan/Webots_YOLOv8/install/soccer_geometry_msgs/include/soccer_geometry_msgs/soccer_geometry_msgs/msg/detail/point_with_covariance__struct.hpp
[6.586s] -- Installing: /home/ivan/Webots_YOLOv8/install/soccer_geometry_msgs/include/soccer_geometry_msgs/soccer_geometry_msgs/msg/detail/point_with_covariance__builder.hpp
[6.586s] -- Installing: /home/ivan/Webots_YOLOv8/install/soccer_geometry_msgs/include/soccer_geometry_msgs/soccer_geometry_msgs/msg/rosidl_generator_cpp__visibility_control.hpp
[6.586s] -- Installing: /home/ivan/Webots_YOLOv8/install/soccer_geometry_msgs/include/soccer_geometry_msgs/soccer_geometry_msgs/msg/point_with_covariance.hpp
[6.586s] -- Up-to-date: /home/ivan/Webots_YOLOv8/install/soccer_geometry_msgs/include/soccer_geometry_msgs/soccer_geometry_msgs
[6.586s] -- Up-to-date: /home/ivan/Webots_YOLOv8/install/soccer_geometry_msgs/include/soccer_geometry_msgs/soccer_geometry_msgs/msg
[6.586s] -- Up-to-date: /home/ivan/Webots_YOLOv8/install/soccer_geometry_msgs/include/soccer_geometry_msgs/soccer_geometry_msgs/msg/detail
[6.586s] -- Installing: /home/ivan/Webots_YOLOv8/install/soccer_geometry_msgs/include/soccer_geometry_msgs/soccer_geometry_msgs/msg/detail/dds_fastrtps
[6.586s] -- Installing: /home/ivan/Webots_YOLOv8/install/soccer_geometry_msgs/include/soccer_geometry_msgs/soccer_geometry_msgs/msg/detail/point_with_covariance__rosidl_typesupport_fastrtps_cpp.hpp
[6.587s] -- Installing: /home/ivan/Webots_YOLOv8/install/soccer_geometry_msgs/include/soccer_geometry_msgs/soccer_geometry_msgs/msg/rosidl_typesupport_fastrtps_cpp__visibility_control.h
[6.587s] -- Installing: /home/ivan/Webots_YOLOv8/install/soccer_geometry_msgs/lib/libsoccer_geometry_msgs__rosidl_typesupport_fastrtps_cpp.so
[6.587s] -- Set runtime path of "/home/ivan/Webots_YOLOv8/install/soccer_geometry_msgs/lib/libsoccer_geometry_msgs__rosidl_typesupport_fastrtps_cpp.so" to ""
[6.587s] -- Up-to-date: /home/ivan/Webots_YOLOv8/install/soccer_geometry_msgs/include/soccer_geometry_msgs/soccer_geometry_msgs
[6.587s] -- Up-to-date: /home/ivan/Webots_YOLOv8/install/soccer_geometry_msgs/include/soccer_geometry_msgs/soccer_geometry_msgs/msg
[6.587s] -- Up-to-date: /home/ivan/Webots_YOLOv8/install/soccer_geometry_msgs/include/soccer_geometry_msgs/soccer_geometry_msgs/msg/detail
[6.587s] -- Installing: /home/ivan/Webots_YOLOv8/install/soccer_geometry_msgs/include/soccer_geometry_msgs/soccer_geometry_msgs/msg/detail/point_with_covariance__rosidl_typesupport_introspection_c.h
[6.587s] -- Installing: /home/ivan/Webots_YOLOv8/install/soccer_geometry_msgs/include/soccer_geometry_msgs/soccer_geometry_msgs/msg/detail/point_with_covariance__type_support.c
[6.588s] -- Installing: /home/ivan/Webots_YOLOv8/install/soccer_geometry_msgs/include/soccer_geometry_msgs/soccer_geometry_msgs/msg/rosidl_typesupport_introspection_c__visibility_control.h
[6.588s] -- Installing: /home/ivan/Webots_YOLOv8/install/soccer_geometry_msgs/lib/libsoccer_geometry_msgs__rosidl_typesupport_introspection_c.so
[6.588s] -- Set runtime path of "/home/ivan/Webots_YOLOv8/install/soccer_geometry_msgs/lib/libsoccer_geometry_msgs__rosidl_typesupport_introspection_c.so" to ""
[6.588s] -- Installing: /home/ivan/Webots_YOLOv8/install/soccer_geometry_msgs/lib/libsoccer_geometry_msgs__rosidl_typesupport_c.so
[6.590s] -- Set runtime path of "/home/ivan/Webots_YOLOv8/install/soccer_geometry_msgs/lib/libsoccer_geometry_msgs__rosidl_typesupport_c.so" to ""
[6.590s] -- Up-to-date: /home/ivan/Webots_YOLOv8/install/soccer_geometry_msgs/include/soccer_geometry_msgs/soccer_geometry_msgs
[6.590s] -- Up-to-date: /home/ivan/Webots_YOLOv8/install/soccer_geometry_msgs/include/soccer_geometry_msgs/soccer_geometry_msgs/msg
[6.590s] -- Up-to-date: /home/ivan/Webots_YOLOv8/install/soccer_geometry_msgs/include/soccer_geometry_msgs/soccer_geometry_msgs/msg/detail
[6.591s] -- Installing: /home/ivan/Webots_YOLOv8/install/soccer_geometry_msgs/include/soccer_geometry_msgs/soccer_geometry_msgs/msg/detail/point_with_covariance__type_support.cpp
[6.591s] -- Installing: /home/ivan/Webots_YOLOv8/install/soccer_geometry_msgs/include/soccer_geometry_msgs/soccer_geometry_msgs/msg/detail/point_with_covariance__rosidl_typesupport_introspection_cpp.hpp
[6.591s] -- Installing: /home/ivan/Webots_YOLOv8/install/soccer_geometry_msgs/lib/libsoccer_geometry_msgs__rosidl_typesupport_introspection_cpp.so
[6.591s] -- Set runtime path of "/home/ivan/Webots_YOLOv8/install/soccer_geometry_msgs/lib/libsoccer_geometry_msgs__rosidl_typesupport_introspection_cpp.so" to ""
[6.591s] -- Installing: /home/ivan/Webots_YOLOv8/install/soccer_geometry_msgs/lib/libsoccer_geometry_msgs__rosidl_typesupport_cpp.so
[6.592s] -- Set runtime path of "/home/ivan/Webots_YOLOv8/install/soccer_geometry_msgs/lib/libsoccer_geometry_msgs__rosidl_typesupport_cpp.so" to ""
[6.592s] -- Installing: /home/ivan/Webots_YOLOv8/install/soccer_geometry_msgs/share/soccer_geometry_msgs/environment/pythonpath.sh
[6.592s] -- Installing: /home/ivan/Webots_YOLOv8/install/soccer_geometry_msgs/share/soccer_geometry_msgs/environment/pythonpath.dsv
[6.592s] -- Installing: /home/ivan/Webots_YOLOv8/install/soccer_geometry_msgs/local/lib/python3.10/dist-packages/soccer_geometry_msgs-1.0.0-py3.10.egg-info
[6.592s] -- Installing: /home/ivan/Webots_YOLOv8/install/soccer_geometry_msgs/local/lib/python3.10/dist-packages/soccer_geometry_msgs-1.0.0-py3.10.egg-info/top_level.txt
[6.593s] -- Installing: /home/ivan/Webots_YOLOv8/install/soccer_geometry_msgs/local/lib/python3.10/dist-packages/soccer_geometry_msgs-1.0.0-py3.10.egg-info/dependency_links.txt
[6.593s] -- Installing: /home/ivan/Webots_YOLOv8/install/soccer_geometry_msgs/local/lib/python3.10/dist-packages/soccer_geometry_msgs-1.0.0-py3.10.egg-info/SOURCES.txt
[6.593s] -- Installing: /home/ivan/Webots_YOLOv8/install/soccer_geometry_msgs/local/lib/python3.10/dist-packages/soccer_geometry_msgs-1.0.0-py3.10.egg-info/PKG-INFO
[6.593s] -- Installing: /home/ivan/Webots_YOLOv8/install/soccer_geometry_msgs/local/lib/python3.10/dist-packages/soccer_geometry_msgs
[6.593s] -- Installing: /home/ivan/Webots_YOLOv8/install/soccer_geometry_msgs/local/lib/python3.10/dist-packages/soccer_geometry_msgs/libsoccer_geometry_msgs__rosidl_generator_py.so
[6.593s] -- Installing: /home/ivan/Webots_YOLOv8/install/soccer_geometry_msgs/local/lib/python3.10/dist-packages/soccer_geometry_msgs/_soccer_geometry_msgs_s.ep.rosidl_typesupport_introspection_c.c
[6.593s] -- Installing: /home/ivan/Webots_YOLOv8/install/soccer_geometry_msgs/local/lib/python3.10/dist-packages/soccer_geometry_msgs/soccer_geometry_msgs_s__rosidl_typesupport_introspection_c.cpython-310-x86_64-linux-gnu.so
[6.594s] -- Installing: /home/ivan/Webots_YOLOv8/install/soccer_geometry_msgs/local/lib/python3.10/dist-packages/soccer_geometry_msgs/msg
[6.594s] -- Installing: /home/ivan/Webots_YOLOv8/install/soccer_geometry_msgs/local/lib/python3.10/dist-packages/soccer_geometry_msgs/msg/_point_with_covariance_s.c
[6.594s] -- Installing: /home/ivan/Webots_YOLOv8/install/soccer_geometry_msgs/local/lib/python3.10/dist-packages/soccer_geometry_msgs/msg/_point_with_covariance.py
[6.595s] -- Installing: /home/ivan/Webots_YOLOv8/install/soccer_geometry_msgs/local/lib/python3.10/dist-packages/soccer_geometry_msgs/msg/__init__.py
[6.595s] -- Installing: /home/ivan/Webots_YOLOv8/install/soccer_geometry_msgs/local/lib/python3.10/dist-packages/soccer_geometry_msgs/_soccer_geometry_msgs_s.ep.rosidl_typesupport_c.c
[6.597s] -- Installing: /home/ivan/Webots_YOLOv8/install/soccer_geometry_msgs/local/lib/python3.10/dist-packages/soccer_geometry_msgs/soccer_geometry_msgs_s__rosidl_typesupport_fastrtps_c.cpython-310-x86_64-linux-gnu.so
[6.597s] -- Installing: /home/ivan/Webots_YOLOv8/install/soccer_geometry_msgs/local/lib/python3.10/dist-packages/soccer_geometry_msgs/_soccer_geometry_msgs_s.ep.rosidl_typesupport_fastrtps_c.c
[6.598s] -- Installing: /home/ivan/Webots_YOLOv8/install/soccer_geometry_msgs/local/lib/python3.10/dist-packages/soccer_geometry_msgs/__init__.py
[6.598s] -- Installing: /home/ivan/Webots_YOLOv8/install/soccer_geometry_msgs/local/lib/python3.10/dist-packages/soccer_geometry_msgs/soccer_geometry_msgs_s__rosidl_typesupport_c.cpython-310-x86_64-linux-gnu.so
[6.634s] Listing '/home/ivan/Webots_YOLOv8/install/soccer_geometry_msgs/local/lib/python3.10/dist-packages/soccer_geometry_msgs'...
[6.634s] Compiling '/home/ivan/Webots_YOLOv8/install/soccer_geometry_msgs/local/lib/python3.10/dist-packages/soccer_geometry_msgs/__init__.py'...
[6.634s] Listing '/home/ivan/Webots_YOLOv8/install/soccer_geometry_msgs/local/lib/python3.10/dist-packages/soccer_geometry_msgs/msg'...
[6.635s] Compiling '/home/ivan/Webots_YOLOv8/install/soccer_geometry_msgs/local/lib/python3.10/dist-packages/soccer_geometry_msgs/msg/__init__.py'...
[6.635s] Compiling '/home/ivan/Webots_YOLOv8/install/soccer_geometry_msgs/local/lib/python3.10/dist-packages/soccer_geometry_msgs/msg/_point_with_covariance.py'...
[6.641s] -- Installing: /home/ivan/Webots_YOLOv8/install/soccer_geometry_msgs/local/lib/python3.10/dist-packages/soccer_geometry_msgs/soccer_geometry_msgs_s__rosidl_typesupport_fastrtps_c.cpython-310-x86_64-linux-gnu.so
[6.641s] -- Set runtime path of "/home/ivan/Webots_YOLOv8/install/soccer_geometry_msgs/local/lib/python3.10/dist-packages/soccer_geometry_msgs/soccer_geometry_msgs_s__rosidl_typesupport_fastrtps_c.cpython-310-x86_64-linux-gnu.so" to ""
[6.642s] -- Installing: /home/ivan/Webots_YOLOv8/install/soccer_geometry_msgs/local/lib/python3.10/dist-packages/soccer_geometry_msgs/soccer_geometry_msgs_s__rosidl_typesupport_introspection_c.cpython-310-x86_64-linux-gnu.so
[6.642s] -- Set runtime path of "/home/ivan/Webots_YOLOv8/install/soccer_geometry_msgs/local/lib/python3.10/dist-packages/soccer_geometry_msgs/soccer_geometry_msgs_s__rosidl_typesupport_introspection_c.cpython-310-x86_64-linux-gnu.so" to ""
[6.642s] -- Installing: /home/ivan/Webots_YOLOv8/install/soccer_geometry_msgs/local/lib/python3.10/dist-packages/soccer_geometry_msgs/soccer_geometry_msgs_s__rosidl_typesupport_c.cpython-310-x86_64-linux-gnu.so
[6.642s] -- Set runtime path of "/home/ivan/Webots_YOLOv8/install/soccer_geometry_msgs/local/lib/python3.10/dist-packages/soccer_geometry_msgs/soccer_geometry_msgs_s__rosidl_typesupport_c.cpython-310-x86_64-linux-gnu.so" to ""
[6.643s] -- Installing: /home/ivan/Webots_YOLOv8/install/soccer_geometry_msgs/lib/libsoccer_geometry_msgs__rosidl_generator_py.so
[6.643s] -- Set runtime path of "/home/ivan/Webots_YOLOv8/install/soccer_geometry_msgs/lib/libsoccer_geometry_msgs__rosidl_generator_py.so" to ""
[6.643s] -- Installing: /home/ivan/Webots_YOLOv8/install/soccer_geometry_msgs/share/soccer_geometry_msgs/msg/PointWithCovariance.idl
[6.643s] -- Installing: /home/ivan/Webots_YOLOv8/install/soccer_geometry_msgs/share/soccer_geometry_msgs/msg/PointWithCovariance.msg
[6.644s] -- Installing: /home/ivan/Webots_YOLOv8/install/soccer_geometry_msgs/share/ament_index/resource_index/package_run_dependencies/soccer_geometry_msgs
[6.644s] -- Installing: /home/ivan/Webots_YOLOv8/install/soccer_geometry_msgs/share/ament_index/resource_index/parent_prefix_path/soccer_geometry_msgs
[6.644s] -- Installing: /home/ivan/Webots_YOLOv8/install/soccer_geometry_msgs/share/soccer_geometry_msgs/environment/ament_prefix_path.sh
[6.644s] -- Installing: /home/ivan/Webots_YOLOv8/install/soccer_geometry_msgs/share/soccer_geometry_msgs/environment/ament_prefix_path.dsv
[6.644s] -- Installing: /home/ivan/Webots_YOLOv8/install/soccer_geometry_msgs/share/soccer_geometry_msgs/environment/path.sh
[6.644s] -- Installing: /home/ivan/Webots_YOLOv8/install/soccer_geometry_msgs/share/soccer_geometry_msgs/environment/path.dsv
[6.645s] -- Installing: /home/ivan/Webots_YOLOv8/install/soccer_geometry_msgs/share/soccer_geometry_msgs/local_setup.bash
[6.645s] -- Installing: /home/ivan/Webots_YOLOv8/install/soccer_geometry_msgs/share/soccer_geometry_msgs/local_setup.sh
[6.645s] -- Installing: /home/ivan/Webots_YOLOv8/install/soccer_geometry_msgs/share/soccer_geometry_msgs/local_setup.zsh
[6.645s] -- Installing: /home/ivan/Webots_YOLOv8/install/soccer_geometry_msgs/share/soccer_geometry_msgs/local_setup.dsv
[6.645s] -- Installing: /home/ivan/Webots_YOLOv8/install/soccer_geometry_msgs/share/soccer_geometry_msgs/package.dsv
[6.646s] -- Installing: /home/ivan/Webots_YOLOv8/install/soccer_geometry_msgs/share/ament_index/resource_index/packages/soccer_geometry_msgs
[6.646s] -- Installing: /home/ivan/Webots_YOLOv8/install/soccer_geometry_msgs/share/soccer_geometry_msgs/cmake/export_soccer_geometry_msgs__rosidl_generator_cExport.cmake
[6.647s] -- Installing: /home/ivan/Webots_YOLOv8/install/soccer_geometry_msgs/share/soccer_geometry_msgs/cmake/export_soccer_geometry_msgs__rosidl_generator_cExport-noconfig.cmake
[6.647s] -- Installing: /home/ivan/Webots_YOLOv8/install/soccer_geometry_msgs/share/soccer_geometry_msgs/cmake/export_soccer_geometry_msgs__rosidl_typesupport_fastrtps_cExport.cmake
[6.647s] -- Installing: /home/ivan/Webots_YOLOv8/install/soccer_geometry_msgs/share/soccer_geometry_msgs/cmake/export_soccer_geometry_msgs__rosidl_typesupport_fastrtps_cExport-noconfig.cmake
[6.647s] -- Installing: /home/ivan/Webots_YOLOv8/install/soccer_geometry_msgs/share/soccer_geometry_msgs/cmake/export_soccer_geometry_msgs__rosidl_generator_cppExport.cmake
[6.648s] -- Installing: /home/ivan/Webots_YOLOv8/install/soccer_geometry_msgs/share/soccer_geometry_msgs/cmake/export_soccer_geometry_msgs__rosidl_typesupport_fastrtps_cppExport.cmake
[6.648s] -- Installing: /home/ivan/Webots_YOLOv8/install/soccer_geometry_msgs/share/soccer_geometry_msgs/cmake/export_soccer_geometry_msgs__rosidl_typesupport_fastrtps_cppExport-noconfig.cmake
[6.648s] -- Installing: /home/ivan/Webots_YOLOv8/install/soccer_geometry_msgs/share/soccer_geometry_msgs/cmake/soccer_geometry_msgs__rosidl_typesupport_introspection_cExport.cmake
[6.648s] -- Installing: /home/ivan/Webots_YOLOv8/install/soccer_geometry_msgs/share/soccer_geometry_msgs/cmake/soccer_geometry_msgs__rosidl_typesupport_introspection_cExport-noconfig.cmake
[6.648s] -- Installing: /home/ivan/Webots_YOLOv8/install/soccer_geometry_msgs/share/soccer_geometry_msgs/cmake/soccer_geometry_msgs__rosidl_typesupport_cExport.cmake
[6.649s] -- Installing: /home/ivan/Webots_YOLOv8/install/soccer_geometry_msgs/share/soccer_geometry_msgs/cmake/soccer_geometry_msgs__rosidl_typesupport_cExport-noconfig.cmake
[6.649s] -- Installing: /home/ivan/Webots_YOLOv8/install/soccer_geometry_msgs/share/soccer_geometry_msgs/cmake/soccer_geometry_msgs__rosidl_typesupport_introspection_cppExport.cmake
[6.649s] -- Installing: /home/ivan/Webots_YOLOv8/install/soccer_geometry_msgs/share/soccer_geometry_msgs/cmake/soccer_geometry_msgs__rosidl_typesupport_introspection_cppExport-noconfig.cmake
[6.649s] -- Installing: /home/ivan/Webots_YOLOv8/install/soccer_geometry_msgs/share/soccer_geometry_msgs/cmake/soccer_geometry_msgs__rosidl_typesupport_cppExport.cmake
[6.649s] -- Installing: /home/ivan/Webots_YOLOv8/install/soccer_geometry_msgs/share/soccer_geometry_msgs/cmake/soccer_geometry_msgs__rosidl_typesupport_cppExport-noconfig.cmake
[6.649s] -- Installing: /home/ivan/Webots_YOLOv8/install/soccer_geometry_msgs/share/soccer_geometry_msgs/cmake/export_soccer_geometry_msgs__rosidl_generator_pyExport.cmake
[6.650s] -- Installing: /home/ivan/Webots_YOLOv8/install/soccer_geometry_msgs/share/soccer_geometry_msgs/cmake/export_soccer_geometry_msgs__rosidl_generator_pyExport-noconfig.cmake
[6.650s] -- Installing: /home/ivan/Webots_YOLOv8/install/soccer_geometry_msgs/share/soccer_geometry_msgs/cmake/rosidl_cmake-extras.cmake
[6.650s] -- Installing: /home/ivan/Webots_YOLOv8/install/soccer_geometry_msgs/share/soccer_geometry_msgs/cmake/ament_cmake_export_dependencies-extras.cmake
[6.650s] -- Installing: /home/ivan/Webots_YOLOv8/install/soccer_geometry_msgs/share/soccer_geometry_msgs/cmake/ament_cmake_export_include_directories-extras.cmake
[6.650s] -- Installing: /home/ivan/Webots_YOLOv8/install/soccer_geometry_msgs/share/soccer_geometry_msgs/cmake/ament_cmake_export_libraries-extras.cmake
[6.650s] -- Installing: /home/ivan/Webots_YOLOv8/install/soccer_geometry_msgs/share/soccer_geometry_msgs/cmake/ament_cmake_export_targets-extras.cmake
[6.651s] -- Installing: /home/ivan/Webots_YOLOv8/install/soccer_geometry_msgs/share/soccer_geometry_msgs/cmake/rosidl_cmake_export_typesupport_targets-extras.cmake
[6.651s] -- Installing: /home/ivan/Webots_YOLOv8/install/soccer_geometry_msgs/share/soccer_geometry_msgs/cmake/rosidl_cmake_export_typesupport_libraries-extras.cmake
[6.651s] -- Installing: /home/ivan/Webots_YOLOv8/install/soccer_geometry_msgs/share/soccer_geometry_msgs/cmake/soccer_geometry_msgsConfig.cmake
[6.651s] -- Installing: /home/ivan/Webots_YOLOv8/install/soccer_geometry_msgs/share/soccer_geometry_msgs/cmake/soccer_geometry_msgsConfig-version.cmake
[6.651s] -- Installing: /home/ivan/Webots_YOLOv8/install/soccer_geometry_msgs/share/soccer_geometry_msgs/package.xml
[6.655s] Invoked command in '/home/ivan/Webots_YOLOv8/build/soccer_geometry_msgs' returned '0': CMAKE_PREFIX_PATH=${CMAKE_PREFIX_PATH}:/home/ivan/Webots_YOLOv8/install/soccer_ipm:/home/ivan/Webots_YOLOv8/install/Webots_YOLOv8:/home/ivan/Webots_YOLOv8/install/my_package:/home/ivan/Webots_YOLOv8/install/ipm_service:/home/ivan/Webots_YOLOv8/install/ipm_image_node:/home/ivan/Webots_YOLOv8/install/ipm_library:/home/ivan/ros2_ws/install/object_finder_onnx:/home/ivan/ros2_ws/install/object_finder:/home/ivan/ros2_ws/install/my_package:/home/ivan/ros2_ws/install/Webots_YOLOv8:/opt/ros/humble /usr/bin/cmake --install /home/ivan/Webots_YOLOv8/build/soccer_geometry_msgs
