[1.462s] Invoking command in '/home/ivan/Webots_YOLOv8/src/my_package': PYTHONPATH=/home/ivan/Webots_YOLOv8/build/my_package/prefix_override:/usr/lib/python3/dist-packages/colcon_core/task/python/colcon_distutils_commands:/home/ivan/Webots_YOLOv8/install/my_package/lib/python3.10/site-packages:${PYTHONPATH} /usr/bin/python3 -W ignore:setup.py install is deprecated -W ignore:easy_install command is deprecated setup.py egg_info --egg-base ../../build/my_package build --build-base /home/ivan/Webots_YOLOv8/build/my_package/build install --record /home/ivan/Webots_YOLOv8/build/my_package/install.log --single-version-externally-managed install_data
[2.098s] running egg_info
[2.100s] writing ../../build/my_package/my_package.egg-info/PKG-INFO
[2.101s] writing dependency_links to ../../build/my_package/my_package.egg-info/dependency_links.txt
[2.101s] writing entry points to ../../build/my_package/my_package.egg-info/entry_points.txt
[2.101s] writing requirements to ../../build/my_package/my_package.egg-info/requires.txt
[2.101s] writing top-level names to ../../build/my_package/my_package.egg-info/top_level.txt
[2.106s] reading manifest file '../../build/my_package/my_package.egg-info/SOURCES.txt'
[2.107s] adding license file 'LICENSE'
[2.108s] writing manifest file '../../build/my_package/my_package.egg-info/SOURCES.txt'
[2.108s] running build
[2.108s] running build_py
[2.109s] copying my_package/my_robot_driver.py -> /home/ivan/Webots_YOLOv8/build/my_package/build/lib/my_package
[2.109s] running install
[2.110s] running install_lib
[2.112s] copying /home/ivan/Webots_YOLOv8/build/my_package/build/lib/my_package/my_robot_driver.py -> /home/ivan/Webots_YOLOv8/install/my_package/lib/python3.10/site-packages/my_package
[2.114s] byte-compiling /home/ivan/Webots_YOLOv8/install/my_package/lib/python3.10/site-packages/my_package/my_robot_driver.py to my_robot_driver.cpython-310.pyc
[2.115s] running install_data
[2.116s] running install_egg_info
[2.121s] removing '/home/ivan/Webots_YOLOv8/install/my_package/lib/python3.10/site-packages/my_package-0.0.0-py3.10.egg-info' (and everything under it)
[2.122s] Copying ../../build/my_package/my_package.egg-info to /home/ivan/Webots_YOLOv8/install/my_package/lib/python3.10/site-packages/my_package-0.0.0-py3.10.egg-info
[2.124s] running install_scripts
[2.169s] Installing keyboard_teleop script to /home/ivan/Webots_YOLOv8/install/my_package/lib/my_package
[2.169s] Installing my_robot_driver script to /home/ivan/Webots_YOLOv8/install/my_package/lib/my_package
[2.170s] writing list of installed files to '/home/ivan/Webots_YOLOv8/build/my_package/install.log'
[2.230s] Invoked command in '/home/ivan/Webots_YOLOv8/src/my_package' returned '0': PYTHONPATH=/home/ivan/Webots_YOLOv8/build/my_package/prefix_override:/usr/lib/python3/dist-packages/colcon_core/task/python/colcon_distutils_commands:/home/ivan/Webots_YOLOv8/install/my_package/lib/python3.10/site-packages:${PYTHONPATH} /usr/bin/python3 -W ignore:setup.py install is deprecated -W ignore:easy_install command is deprecated setup.py egg_info --egg-base ../../build/my_package build --build-base /home/ivan/Webots_YOLOv8/build/my_package/build install --record /home/ivan/Webots_YOLOv8/build/my_package/install.log --single-version-externally-managed install_data
