[1.311s] Invoking command in '/home/ivan/Webots_YOLOv8/src/my_package': PYTHONPATH=/home/ivan/Webots_YOLOv8/build/my_package/prefix_override:/usr/lib/python3/dist-packages/colcon_core/task/python/colcon_distutils_commands:/home/ivan/Webots_YOLOv8/install/my_package/lib/python3.10/site-packages:${PYTHONPATH} /usr/bin/python3 -W ignore:setup.py install is deprecated -W ignore:easy_install command is deprecated setup.py egg_info --egg-base ../../build/my_package build --build-base /home/ivan/Webots_YOLOv8/build/my_package/build install --record /home/ivan/Webots_YOLOv8/build/my_package/install.log --single-version-externally-managed install_data
[1.621s] running egg_info
[1.621s] writing ../../build/my_package/my_package.egg-info/PKG-INFO
[1.621s] writing dependency_links to ../../build/my_package/my_package.egg-info/dependency_links.txt
[1.621s] writing entry points to ../../build/my_package/my_package.egg-info/entry_points.txt
[1.622s] writing requirements to ../../build/my_package/my_package.egg-info/requires.txt
[1.622s] writing top-level names to ../../build/my_package/my_package.egg-info/top_level.txt
[1.625s] reading manifest file '../../build/my_package/my_package.egg-info/SOURCES.txt'
[1.626s] adding license file 'LICENSE'
[1.626s] writing manifest file '../../build/my_package/my_package.egg-info/SOURCES.txt'
[1.626s] running build
[1.626s] running build_py
[1.628s] running install
[1.628s] running install_lib
[1.630s] running install_data
[1.631s] copying launch/robot_launch.py -> /home/ivan/Webots_YOLOv8/install/my_package/share/my_package/launch
[1.631s] running install_egg_info
[1.634s] removing '/home/ivan/Webots_YOLOv8/install/my_package/lib/python3.10/site-packages/my_package-0.0.0-py3.10.egg-info' (and everything under it)
[1.634s] Copying ../../build/my_package/my_package.egg-info to /home/ivan/Webots_YOLOv8/install/my_package/lib/python3.10/site-packages/my_package-0.0.0-py3.10.egg-info
[1.635s] running install_scripts
[1.658s] Installing keyboard_teleop script to /home/ivan/Webots_YOLOv8/install/my_package/lib/my_package
[1.658s] Installing my_robot_driver script to /home/ivan/Webots_YOLOv8/install/my_package/lib/my_package
[1.658s] writing list of installed files to '/home/ivan/Webots_YOLOv8/build/my_package/install.log'
[1.705s] Invoked command in '/home/ivan/Webots_YOLOv8/src/my_package' returned '0': PYTHONPATH=/home/ivan/Webots_YOLOv8/build/my_package/prefix_override:/usr/lib/python3/dist-packages/colcon_core/task/python/colcon_distutils_commands:/home/ivan/Webots_YOLOv8/install/my_package/lib/python3.10/site-packages:${PYTHONPATH} /usr/bin/python3 -W ignore:setup.py install is deprecated -W ignore:easy_install command is deprecated setup.py egg_info --egg-base ../../build/my_package build --build-base /home/ivan/Webots_YOLOv8/build/my_package/build install --record /home/ivan/Webots_YOLOv8/build/my_package/install.log --single-version-externally-managed install_data
