[1.748s] Invoking command in '/home/ivan/Webots_YOLOv8/src/Webots_YOLOv8': CMAKE_PREFIX_PATH=/home/ivan/Webots_YOLOv8/install/soccer_vision_2d_msgs:/home/ivan/Webots_YOLOv8/install/soccer_vision_attribute_msgs:/home/ivan/Webots_YOLOv8/install/soccer_interfaces:/home/ivan/Webots_YOLOv8/install/soccer_vision_3d_msgs:/home/ivan/Webots_YOLOv8/install/soccer_model_msgs:/home/ivan/Webots_YOLOv8/install/soccer_geometry_msgs:/home/ivan/Webots_YOLOv8/install/ipm_interfaces:/home/ivan/ros2_ws/install/edrom_msgs LD_LIBRARY_PATH=/home/ivan/Webots_YOLOv8/install/soccer_vision_2d_msgs/lib:/home/ivan/Webots_YOLOv8/install/soccer_vision_attribute_msgs/lib:/home/ivan/Webots_YOLOv8/install/soccer_vision_3d_msgs/lib:/home/ivan/Webots_YOLOv8/install/soccer_model_msgs/lib:/home/ivan/Webots_YOLOv8/install/soccer_geometry_msgs/lib:/home/ivan/Webots_YOLOv8/install/ipm_interfaces/lib:/home/ivan/ros2_ws/install/edrom_msgs/lib:/opt/ros/humble/opt/rviz_ogre_vendor/lib:/opt/ros/humble/lib/x86_64-linux-gnu:/opt/ros/humble/lib PYTHONPATH=/home/ivan/Webots_YOLOv8/build/Webots_YOLOv8/prefix_override:/usr/lib/python3/dist-packages/colcon_core/task/python/colcon_distutils_commands:/home/ivan/Webots_YOLOv8/install/Webots_YOLOv8/lib/python3.10/site-packages:${PYTHONPATH} /usr/bin/python3 -W ignore:setup.py install is deprecated -W ignore:easy_install command is deprecated setup.py egg_info --egg-base ../../build/Webots_YOLOv8 build --build-base /home/ivan/Webots_YOLOv8/build/Webots_YOLOv8/build install --record /home/ivan/Webots_YOLOv8/build/Webots_YOLOv8/install.log --single-version-externally-managed install_data
[2.159s] running egg_info
[2.160s] writing ../../build/Webots_YOLOv8/Webots_YOLOv8.egg-info/PKG-INFO
[2.160s] writing dependency_links to ../../build/Webots_YOLOv8/Webots_YOLOv8.egg-info/dependency_links.txt
[2.160s] writing entry points to ../../build/Webots_YOLOv8/Webots_YOLOv8.egg-info/entry_points.txt
[2.160s] writing requirements to ../../build/Webots_YOLOv8/Webots_YOLOv8.egg-info/requires.txt
[2.160s] writing top-level names to ../../build/Webots_YOLOv8/Webots_YOLOv8.egg-info/top_level.txt
[2.160s] reading manifest file '../../build/Webots_YOLOv8/Webots_YOLOv8.egg-info/SOURCES.txt'
[2.161s] writing manifest file '../../build/Webots_YOLOv8/Webots_YOLOv8.egg-info/SOURCES.txt'
[2.161s] running build
[2.161s] running build_py
[2.162s] running install
[2.162s] running install_lib
[2.162s] running install_data
[2.162s] running install_egg_info
[2.162s] removing '/home/ivan/Webots_YOLOv8/install/Webots_YOLOv8/lib/python3.10/site-packages/Webots_YOLOv8-0.0.1-py3.10.egg-info' (and everything under it)
[2.162s] Copying ../../build/Webots_YOLOv8/Webots_YOLOv8.egg-info to /home/ivan/Webots_YOLOv8/install/Webots_YOLOv8/lib/python3.10/site-packages/Webots_YOLOv8-0.0.1-py3.10.egg-info
[2.162s] running install_scripts
[2.187s] Installing finder script to /home/ivan/Webots_YOLOv8/install/Webots_YOLOv8/lib/Webots_YOLOv8
[2.188s] writing list of installed files to '/home/ivan/Webots_YOLOv8/build/Webots_YOLOv8/install.log'
[2.245s] Invoked command in '/home/ivan/Webots_YOLOv8/src/Webots_YOLOv8' returned '0': CMAKE_PREFIX_PATH=/home/ivan/Webots_YOLOv8/install/soccer_vision_2d_msgs:/home/ivan/Webots_YOLOv8/install/soccer_vision_attribute_msgs:/home/ivan/Webots_YOLOv8/install/soccer_interfaces:/home/ivan/Webots_YOLOv8/install/soccer_vision_3d_msgs:/home/ivan/Webots_YOLOv8/install/soccer_model_msgs:/home/ivan/Webots_YOLOv8/install/soccer_geometry_msgs:/home/ivan/Webots_YOLOv8/install/ipm_interfaces:/home/ivan/ros2_ws/install/edrom_msgs LD_LIBRARY_PATH=/home/ivan/Webots_YOLOv8/install/soccer_vision_2d_msgs/lib:/home/ivan/Webots_YOLOv8/install/soccer_vision_attribute_msgs/lib:/home/ivan/Webots_YOLOv8/install/soccer_vision_3d_msgs/lib:/home/ivan/Webots_YOLOv8/install/soccer_model_msgs/lib:/home/ivan/Webots_YOLOv8/install/soccer_geometry_msgs/lib:/home/ivan/Webots_YOLOv8/install/ipm_interfaces/lib:/home/ivan/ros2_ws/install/edrom_msgs/lib:/opt/ros/humble/opt/rviz_ogre_vendor/lib:/opt/ros/humble/lib/x86_64-linux-gnu:/opt/ros/humble/lib PYTHONPATH=/home/ivan/Webots_YOLOv8/build/Webots_YOLOv8/prefix_override:/usr/lib/python3/dist-packages/colcon_core/task/python/colcon_distutils_commands:/home/ivan/Webots_YOLOv8/install/Webots_YOLOv8/lib/python3.10/site-packages:${PYTHONPATH} /usr/bin/python3 -W ignore:setup.py install is deprecated -W ignore:easy_install command is deprecated setup.py egg_info --egg-base ../../build/Webots_YOLOv8 build --build-base /home/ivan/Webots_YOLOv8/build/Webots_YOLOv8/build install --record /home/ivan/Webots_YOLOv8/build/Webots_YOLOv8/install.log --single-version-externally-managed install_data
