[0.032s] Invoking command in '/home/ivan/Webots_YOLOv8/build/soccer_geometry_msgs': CMAKE_PREFIX_PATH=${CMAKE_PREFIX_PATH}:/home/ivan/Webots_YOLOv8/install/Webots_YOLOv8:/home/ivan/Webots_YOLOv8/install/soccer_ipm:/home/ivan/Webots_YOLOv8/install/my_package:/home/ivan/Webots_YOLOv8/install/ipm_service:/home/ivan/Webots_YOLOv8/install/ipm_image_node:/home/ivan/Webots_YOLOv8/install/ipm_library:/opt/ros/humble /usr/bin/cmake --build /home/ivan/Webots_YOLOv8/build/soccer_geometry_msgs -- -j12 -l12
[0.113s] [  3%] Built target soccer_geometry_msgs__cpp
[0.137s] [ 12%] Built target soccer_geometry_msgs__rosidl_generator_c
[0.151s] [ 12%] Built target ament_cmake_python_copy_soccer_geometry_msgs
[0.173s] [ 22%] Built target soccer_geometry_msgs__rosidl_typesupport_introspection_cpp
[0.178s] [ 32%] Built target soccer_geometry_msgs__rosidl_typesupport_cpp
[0.183s] [ 41%] Built target soccer_geometry_msgs__rosidl_typesupport_fastrtps_cpp
[0.206s] [ 51%] Built target soccer_geometry_msgs__rosidl_typesupport_fastrtps_c
[0.211s] [ 61%] Built target soccer_geometry_msgs__rosidl_typesupport_c
[0.213s] [ 70%] Built target soccer_geometry_msgs__rosidl_typesupport_introspection_c
[0.250s] [ 70%] Built target soccer_geometry_msgs
[0.281s] [ 74%] Built target soccer_geometry_msgs__py
[0.333s] [ 80%] Built target soccer_geometry_msgs__rosidl_generator_py
[0.366s] [ 87%] Built target soccer_geometry_msgs__rosidl_typesupport_introspection_c__pyext
[0.374s] [ 93%] Built target soccer_geometry_msgs__rosidl_typesupport_fastrtps_c__pyext
[0.375s] [100%] Built target soccer_geometry_msgs__rosidl_typesupport_c__pyext
[0.494s] running egg_info
[0.495s] writing soccer_geometry_msgs.egg-info/PKG-INFO
[0.495s] writing dependency_links to soccer_geometry_msgs.egg-info/dependency_links.txt
[0.495s] writing top-level names to soccer_geometry_msgs.egg-info/top_level.txt
[0.498s] reading manifest file 'soccer_geometry_msgs.egg-info/SOURCES.txt'
[0.499s] writing manifest file 'soccer_geometry_msgs.egg-info/SOURCES.txt'
[0.547s] [100%] Built target ament_cmake_python_build_soccer_geometry_msgs_egg
[0.577s] Invoked command in '/home/ivan/Webots_YOLOv8/build/soccer_geometry_msgs' returned '0': CMAKE_PREFIX_PATH=${CMAKE_PREFIX_PATH}:/home/ivan/Webots_YOLOv8/install/Webots_YOLOv8:/home/ivan/Webots_YOLOv8/install/soccer_ipm:/home/ivan/Webots_YOLOv8/install/my_package:/home/ivan/Webots_YOLOv8/install/ipm_service:/home/ivan/Webots_YOLOv8/install/ipm_image_node:/home/ivan/Webots_YOLOv8/install/ipm_library:/opt/ros/humble /usr/bin/cmake --build /home/ivan/Webots_YOLOv8/build/soccer_geometry_msgs -- -j12 -l12
[0.579s] Invoking command in '/home/ivan/Webots_YOLOv8/build/soccer_geometry_msgs': CMAKE_PREFIX_PATH=${CMAKE_PREFIX_PATH}:/home/ivan/Webots_YOLOv8/install/Webots_YOLOv8:/home/ivan/Webots_YOLOv8/install/soccer_ipm:/home/ivan/Webots_YOLOv8/install/my_package:/home/ivan/Webots_YOLOv8/install/ipm_service:/home/ivan/Webots_YOLOv8/install/ipm_image_node:/home/ivan/Webots_YOLOv8/install/ipm_library:/opt/ros/humble /usr/bin/cmake --install /home/ivan/Webots_YOLOv8/build/soccer_geometry_msgs
[0.588s] -- Install configuration: ""
[0.588s] -- Up-to-date: /home/ivan/Webots_YOLOv8/install/soccer_geometry_msgs/share/ament_index/resource_index/rosidl_interfaces/soccer_geometry_msgs
[0.588s] -- Up-to-date: /home/ivan/Webots_YOLOv8/install/soccer_geometry_msgs/include/soccer_geometry_msgs/soccer_geometry_msgs
[0.590s] -- Up-to-date: /home/ivan/Webots_YOLOv8/install/soccer_geometry_msgs/include/soccer_geometry_msgs/soccer_geometry_msgs/msg
[0.590s] -- Up-to-date: /home/ivan/Webots_YOLOv8/install/soccer_geometry_msgs/include/soccer_geometry_msgs/soccer_geometry_msgs/msg/detail
[0.590s] -- Up-to-date: /home/ivan/Webots_YOLOv8/install/soccer_geometry_msgs/include/soccer_geometry_msgs/soccer_geometry_msgs/msg/detail/point_with_covariance__struct.h
[0.591s] -- Up-to-date: /home/ivan/Webots_YOLOv8/install/soccer_geometry_msgs/include/soccer_geometry_msgs/soccer_geometry_msgs/msg/detail/point_with_covariance__type_support.h
[0.592s] -- Up-to-date: /home/ivan/Webots_YOLOv8/install/soccer_geometry_msgs/include/soccer_geometry_msgs/soccer_geometry_msgs/msg/detail/point_with_covariance__functions.c
[0.593s] -- Up-to-date: /home/ivan/Webots_YOLOv8/install/soccer_geometry_msgs/include/soccer_geometry_msgs/soccer_geometry_msgs/msg/detail/point_with_covariance__functions.h
[0.593s] -- Up-to-date: /home/ivan/Webots_YOLOv8/install/soccer_geometry_msgs/include/soccer_geometry_msgs/soccer_geometry_msgs/msg/rosidl_generator_c__visibility_control.h
[0.593s] -- Up-to-date: /home/ivan/Webots_YOLOv8/install/soccer_geometry_msgs/include/soccer_geometry_msgs/soccer_geometry_msgs/msg/point_with_covariance.h
[0.594s] -- Up-to-date: /home/ivan/Webots_YOLOv8/install/soccer_geometry_msgs/share/soccer_geometry_msgs/environment/library_path.sh
[0.594s] -- Up-to-date: /home/ivan/Webots_YOLOv8/install/soccer_geometry_msgs/share/soccer_geometry_msgs/environment/library_path.dsv
[0.595s] -- Up-to-date: /home/ivan/Webots_YOLOv8/install/soccer_geometry_msgs/lib/libsoccer_geometry_msgs__rosidl_generator_c.so
[0.596s] -- Up-to-date: /home/ivan/Webots_YOLOv8/install/soccer_geometry_msgs/include/soccer_geometry_msgs/soccer_geometry_msgs
[0.596s] -- Up-to-date: /home/ivan/Webots_YOLOv8/install/soccer_geometry_msgs/include/soccer_geometry_msgs/soccer_geometry_msgs/msg
[0.597s] -- Up-to-date: /home/ivan/Webots_YOLOv8/install/soccer_geometry_msgs/include/soccer_geometry_msgs/soccer_geometry_msgs/msg/detail
[0.597s] -- Up-to-date: /home/ivan/Webots_YOLOv8/install/soccer_geometry_msgs/include/soccer_geometry_msgs/soccer_geometry_msgs/msg/detail/point_with_covariance__rosidl_typesupport_fastrtps_c.h
[0.597s] -- Up-to-date: /home/ivan/Webots_YOLOv8/install/soccer_geometry_msgs/include/soccer_geometry_msgs/soccer_geometry_msgs/msg/rosidl_typesupport_fastrtps_c__visibility_control.h
[0.598s] -- Up-to-date: /home/ivan/Webots_YOLOv8/install/soccer_geometry_msgs/lib/libsoccer_geometry_msgs__rosidl_typesupport_fastrtps_c.so
[0.598s] -- Up-to-date: /home/ivan/Webots_YOLOv8/install/soccer_geometry_msgs/include/soccer_geometry_msgs/soccer_geometry_msgs
[0.599s] -- Up-to-date: /home/ivan/Webots_YOLOv8/install/soccer_geometry_msgs/include/soccer_geometry_msgs/soccer_geometry_msgs/msg
[0.599s] -- Up-to-date: /home/ivan/Webots_YOLOv8/install/soccer_geometry_msgs/include/soccer_geometry_msgs/soccer_geometry_msgs/msg/detail
[0.599s] -- Up-to-date: /home/ivan/Webots_YOLOv8/install/soccer_geometry_msgs/include/soccer_geometry_msgs/soccer_geometry_msgs/msg/detail/point_with_covariance__traits.hpp
[0.599s] -- Up-to-date: /home/ivan/Webots_YOLOv8/install/soccer_geometry_msgs/include/soccer_geometry_msgs/soccer_geometry_msgs/msg/detail/point_with_covariance__type_support.hpp
[0.599s] -- Up-to-date: /home/ivan/Webots_YOLOv8/install/soccer_geometry_msgs/include/soccer_geometry_msgs/soccer_geometry_msgs/msg/detail/point_with_covariance__struct.hpp
[0.599s] -- Up-to-date: /home/ivan/Webots_YOLOv8/install/soccer_geometry_msgs/include/soccer_geometry_msgs/soccer_geometry_msgs/msg/detail/point_with_covariance__builder.hpp
[0.599s] -- Up-to-date: /home/ivan/Webots_YOLOv8/install/soccer_geometry_msgs/include/soccer_geometry_msgs/soccer_geometry_msgs/msg/rosidl_generator_cpp__visibility_control.hpp
[0.599s] -- Up-to-date: /home/ivan/Webots_YOLOv8/install/soccer_geometry_msgs/include/soccer_geometry_msgs/soccer_geometry_msgs/msg/point_with_covariance.hpp
[0.599s] -- Up-to-date: /home/ivan/Webots_YOLOv8/install/soccer_geometry_msgs/include/soccer_geometry_msgs/soccer_geometry_msgs
[0.599s] -- Up-to-date: /home/ivan/Webots_YOLOv8/install/soccer_geometry_msgs/include/soccer_geometry_msgs/soccer_geometry_msgs/msg
[0.600s] -- Up-to-date: /home/ivan/Webots_YOLOv8/install/soccer_geometry_msgs/include/soccer_geometry_msgs/soccer_geometry_msgs/msg/detail
[0.600s] -- Up-to-date: /home/ivan/Webots_YOLOv8/install/soccer_geometry_msgs/include/soccer_geometry_msgs/soccer_geometry_msgs/msg/detail/dds_fastrtps
[0.601s] -- Up-to-date: /home/ivan/Webots_YOLOv8/install/soccer_geometry_msgs/include/soccer_geometry_msgs/soccer_geometry_msgs/msg/detail/point_with_covariance__rosidl_typesupport_fastrtps_cpp.hpp
[0.601s] -- Up-to-date: /home/ivan/Webots_YOLOv8/install/soccer_geometry_msgs/include/soccer_geometry_msgs/soccer_geometry_msgs/msg/rosidl_typesupport_fastrtps_cpp__visibility_control.h
[0.602s] -- Up-to-date: /home/ivan/Webots_YOLOv8/install/soccer_geometry_msgs/lib/libsoccer_geometry_msgs__rosidl_typesupport_fastrtps_cpp.so
[0.602s] -- Up-to-date: /home/ivan/Webots_YOLOv8/install/soccer_geometry_msgs/include/soccer_geometry_msgs/soccer_geometry_msgs
[0.602s] -- Up-to-date: /home/ivan/Webots_YOLOv8/install/soccer_geometry_msgs/include/soccer_geometry_msgs/soccer_geometry_msgs/msg
[0.602s] -- Up-to-date: /home/ivan/Webots_YOLOv8/install/soccer_geometry_msgs/include/soccer_geometry_msgs/soccer_geometry_msgs/msg/detail
[0.603s] -- Up-to-date: /home/ivan/Webots_YOLOv8/install/soccer_geometry_msgs/include/soccer_geometry_msgs/soccer_geometry_msgs/msg/detail/point_with_covariance__rosidl_typesupport_introspection_c.h
[0.604s] -- Up-to-date: /home/ivan/Webots_YOLOv8/install/soccer_geometry_msgs/include/soccer_geometry_msgs/soccer_geometry_msgs/msg/detail/point_with_covariance__type_support.c
[0.604s] -- Up-to-date: /home/ivan/Webots_YOLOv8/install/soccer_geometry_msgs/include/soccer_geometry_msgs/soccer_geometry_msgs/msg/rosidl_typesupport_introspection_c__visibility_control.h
[0.605s] -- Up-to-date: /home/ivan/Webots_YOLOv8/install/soccer_geometry_msgs/lib/libsoccer_geometry_msgs__rosidl_typesupport_introspection_c.so
[0.605s] -- Up-to-date: /home/ivan/Webots_YOLOv8/install/soccer_geometry_msgs/lib/libsoccer_geometry_msgs__rosidl_typesupport_c.so
[0.605s] -- Up-to-date: /home/ivan/Webots_YOLOv8/install/soccer_geometry_msgs/include/soccer_geometry_msgs/soccer_geometry_msgs
[0.605s] -- Up-to-date: /home/ivan/Webots_YOLOv8/install/soccer_geometry_msgs/include/soccer_geometry_msgs/soccer_geometry_msgs/msg
[0.605s] -- Up-to-date: /home/ivan/Webots_YOLOv8/install/soccer_geometry_msgs/include/soccer_geometry_msgs/soccer_geometry_msgs/msg/detail
[0.605s] -- Up-to-date: /home/ivan/Webots_YOLOv8/install/soccer_geometry_msgs/include/soccer_geometry_msgs/soccer_geometry_msgs/msg/detail/point_with_covariance__type_support.cpp
[0.605s] -- Up-to-date: /home/ivan/Webots_YOLOv8/install/soccer_geometry_msgs/include/soccer_geometry_msgs/soccer_geometry_msgs/msg/detail/point_with_covariance__rosidl_typesupport_introspection_cpp.hpp
[0.606s] -- Up-to-date: /home/ivan/Webots_YOLOv8/install/soccer_geometry_msgs/lib/libsoccer_geometry_msgs__rosidl_typesupport_introspection_cpp.so
[0.606s] -- Up-to-date: /home/ivan/Webots_YOLOv8/install/soccer_geometry_msgs/lib/libsoccer_geometry_msgs__rosidl_typesupport_cpp.so
[0.606s] -- Up-to-date: /home/ivan/Webots_YOLOv8/install/soccer_geometry_msgs/share/soccer_geometry_msgs/environment/pythonpath.sh
[0.606s] -- Up-to-date: /home/ivan/Webots_YOLOv8/install/soccer_geometry_msgs/share/soccer_geometry_msgs/environment/pythonpath.dsv
[0.606s] -- Up-to-date: /home/ivan/Webots_YOLOv8/install/soccer_geometry_msgs/local/lib/python3.10/dist-packages/soccer_geometry_msgs-1.0.0-py3.10.egg-info
[0.606s] -- Installing: /home/ivan/Webots_YOLOv8/install/soccer_geometry_msgs/local/lib/python3.10/dist-packages/soccer_geometry_msgs-1.0.0-py3.10.egg-info/top_level.txt
[0.607s] -- Installing: /home/ivan/Webots_YOLOv8/install/soccer_geometry_msgs/local/lib/python3.10/dist-packages/soccer_geometry_msgs-1.0.0-py3.10.egg-info/dependency_links.txt
[0.607s] -- Installing: /home/ivan/Webots_YOLOv8/install/soccer_geometry_msgs/local/lib/python3.10/dist-packages/soccer_geometry_msgs-1.0.0-py3.10.egg-info/SOURCES.txt
[0.607s] -- Installing: /home/ivan/Webots_YOLOv8/install/soccer_geometry_msgs/local/lib/python3.10/dist-packages/soccer_geometry_msgs-1.0.0-py3.10.egg-info/PKG-INFO
[0.607s] -- Up-to-date: /home/ivan/Webots_YOLOv8/install/soccer_geometry_msgs/local/lib/python3.10/dist-packages/soccer_geometry_msgs
[0.607s] -- Up-to-date: /home/ivan/Webots_YOLOv8/install/soccer_geometry_msgs/local/lib/python3.10/dist-packages/soccer_geometry_msgs/libsoccer_geometry_msgs__rosidl_generator_py.so
[0.607s] -- Up-to-date: /home/ivan/Webots_YOLOv8/install/soccer_geometry_msgs/local/lib/python3.10/dist-packages/soccer_geometry_msgs/_soccer_geometry_msgs_s.ep.rosidl_typesupport_introspection_c.c
[0.607s] -- Up-to-date: /home/ivan/Webots_YOLOv8/install/soccer_geometry_msgs/local/lib/python3.10/dist-packages/soccer_geometry_msgs/soccer_geometry_msgs_s__rosidl_typesupport_introspection_c.cpython-310-x86_64-linux-gnu.so
[0.607s] -- Up-to-date: /home/ivan/Webots_YOLOv8/install/soccer_geometry_msgs/local/lib/python3.10/dist-packages/soccer_geometry_msgs/msg
[0.607s] -- Up-to-date: /home/ivan/Webots_YOLOv8/install/soccer_geometry_msgs/local/lib/python3.10/dist-packages/soccer_geometry_msgs/msg/_point_with_covariance_s.c
[0.607s] -- Up-to-date: /home/ivan/Webots_YOLOv8/install/soccer_geometry_msgs/local/lib/python3.10/dist-packages/soccer_geometry_msgs/msg/_point_with_covariance.py
[0.607s] -- Up-to-date: /home/ivan/Webots_YOLOv8/install/soccer_geometry_msgs/local/lib/python3.10/dist-packages/soccer_geometry_msgs/msg/__init__.py
[0.608s] -- Up-to-date: /home/ivan/Webots_YOLOv8/install/soccer_geometry_msgs/local/lib/python3.10/dist-packages/soccer_geometry_msgs/_soccer_geometry_msgs_s.ep.rosidl_typesupport_c.c
[0.608s] -- Up-to-date: /home/ivan/Webots_YOLOv8/install/soccer_geometry_msgs/local/lib/python3.10/dist-packages/soccer_geometry_msgs/soccer_geometry_msgs_s__rosidl_typesupport_fastrtps_c.cpython-310-x86_64-linux-gnu.so
[0.608s] -- Up-to-date: /home/ivan/Webots_YOLOv8/install/soccer_geometry_msgs/local/lib/python3.10/dist-packages/soccer_geometry_msgs/_soccer_geometry_msgs_s.ep.rosidl_typesupport_fastrtps_c.c
[0.608s] -- Up-to-date: /home/ivan/Webots_YOLOv8/install/soccer_geometry_msgs/local/lib/python3.10/dist-packages/soccer_geometry_msgs/__init__.py
[0.608s] -- Up-to-date: /home/ivan/Webots_YOLOv8/install/soccer_geometry_msgs/local/lib/python3.10/dist-packages/soccer_geometry_msgs/soccer_geometry_msgs_s__rosidl_typesupport_c.cpython-310-x86_64-linux-gnu.so
[0.645s] Listing '/home/ivan/Webots_YOLOv8/install/soccer_geometry_msgs/local/lib/python3.10/dist-packages/soccer_geometry_msgs'...
[0.645s] Listing '/home/ivan/Webots_YOLOv8/install/soccer_geometry_msgs/local/lib/python3.10/dist-packages/soccer_geometry_msgs/msg'...
[0.652s] -- Up-to-date: /home/ivan/Webots_YOLOv8/install/soccer_geometry_msgs/local/lib/python3.10/dist-packages/soccer_geometry_msgs/soccer_geometry_msgs_s__rosidl_typesupport_fastrtps_c.cpython-310-x86_64-linux-gnu.so
[0.653s] -- Up-to-date: /home/ivan/Webots_YOLOv8/install/soccer_geometry_msgs/local/lib/python3.10/dist-packages/soccer_geometry_msgs/soccer_geometry_msgs_s__rosidl_typesupport_introspection_c.cpython-310-x86_64-linux-gnu.so
[0.653s] -- Up-to-date: /home/ivan/Webots_YOLOv8/install/soccer_geometry_msgs/local/lib/python3.10/dist-packages/soccer_geometry_msgs/soccer_geometry_msgs_s__rosidl_typesupport_c.cpython-310-x86_64-linux-gnu.so
[0.655s] -- Up-to-date: /home/ivan/Webots_YOLOv8/install/soccer_geometry_msgs/lib/libsoccer_geometry_msgs__rosidl_generator_py.so
[0.656s] -- Up-to-date: /home/ivan/Webots_YOLOv8/install/soccer_geometry_msgs/share/soccer_geometry_msgs/msg/PointWithCovariance.idl
[0.656s] -- Up-to-date: /home/ivan/Webots_YOLOv8/install/soccer_geometry_msgs/share/soccer_geometry_msgs/msg/PointWithCovariance.msg
[0.656s] -- Up-to-date: /home/ivan/Webots_YOLOv8/install/soccer_geometry_msgs/share/ament_index/resource_index/package_run_dependencies/soccer_geometry_msgs
[0.656s] -- Up-to-date: /home/ivan/Webots_YOLOv8/install/soccer_geometry_msgs/share/ament_index/resource_index/parent_prefix_path/soccer_geometry_msgs
[0.656s] -- Up-to-date: /home/ivan/Webots_YOLOv8/install/soccer_geometry_msgs/share/soccer_geometry_msgs/environment/ament_prefix_path.sh
[0.657s] -- Up-to-date: /home/ivan/Webots_YOLOv8/install/soccer_geometry_msgs/share/soccer_geometry_msgs/environment/ament_prefix_path.dsv
[0.657s] -- Up-to-date: /home/ivan/Webots_YOLOv8/install/soccer_geometry_msgs/share/soccer_geometry_msgs/environment/path.sh
[0.657s] -- Up-to-date: /home/ivan/Webots_YOLOv8/install/soccer_geometry_msgs/share/soccer_geometry_msgs/environment/path.dsv
[0.657s] -- Up-to-date: /home/ivan/Webots_YOLOv8/install/soccer_geometry_msgs/share/soccer_geometry_msgs/local_setup.bash
[0.657s] -- Up-to-date: /home/ivan/Webots_YOLOv8/install/soccer_geometry_msgs/share/soccer_geometry_msgs/local_setup.sh
[0.657s] -- Up-to-date: /home/ivan/Webots_YOLOv8/install/soccer_geometry_msgs/share/soccer_geometry_msgs/local_setup.zsh
[0.657s] -- Up-to-date: /home/ivan/Webots_YOLOv8/install/soccer_geometry_msgs/share/soccer_geometry_msgs/local_setup.dsv
[0.657s] -- Installing: /home/ivan/Webots_YOLOv8/install/soccer_geometry_msgs/share/soccer_geometry_msgs/package.dsv
[0.657s] -- Up-to-date: /home/ivan/Webots_YOLOv8/install/soccer_geometry_msgs/share/ament_index/resource_index/packages/soccer_geometry_msgs
[0.658s] -- Up-to-date: /home/ivan/Webots_YOLOv8/install/soccer_geometry_msgs/share/soccer_geometry_msgs/cmake/export_soccer_geometry_msgs__rosidl_generator_cExport.cmake
[0.658s] -- Up-to-date: /home/ivan/Webots_YOLOv8/install/soccer_geometry_msgs/share/soccer_geometry_msgs/cmake/export_soccer_geometry_msgs__rosidl_generator_cExport-noconfig.cmake
[0.658s] -- Up-to-date: /home/ivan/Webots_YOLOv8/install/soccer_geometry_msgs/share/soccer_geometry_msgs/cmake/export_soccer_geometry_msgs__rosidl_typesupport_fastrtps_cExport.cmake
[0.658s] -- Up-to-date: /home/ivan/Webots_YOLOv8/install/soccer_geometry_msgs/share/soccer_geometry_msgs/cmake/export_soccer_geometry_msgs__rosidl_typesupport_fastrtps_cExport-noconfig.cmake
[0.659s] -- Up-to-date: /home/ivan/Webots_YOLOv8/install/soccer_geometry_msgs/share/soccer_geometry_msgs/cmake/export_soccer_geometry_msgs__rosidl_generator_cppExport.cmake
[0.659s] -- Up-to-date: /home/ivan/Webots_YOLOv8/install/soccer_geometry_msgs/share/soccer_geometry_msgs/cmake/export_soccer_geometry_msgs__rosidl_typesupport_fastrtps_cppExport.cmake
[0.659s] -- Up-to-date: /home/ivan/Webots_YOLOv8/install/soccer_geometry_msgs/share/soccer_geometry_msgs/cmake/export_soccer_geometry_msgs__rosidl_typesupport_fastrtps_cppExport-noconfig.cmake
[0.660s] -- Up-to-date: /home/ivan/Webots_YOLOv8/install/soccer_geometry_msgs/share/soccer_geometry_msgs/cmake/soccer_geometry_msgs__rosidl_typesupport_introspection_cExport.cmake
[0.660s] -- Up-to-date: /home/ivan/Webots_YOLOv8/install/soccer_geometry_msgs/share/soccer_geometry_msgs/cmake/soccer_geometry_msgs__rosidl_typesupport_introspection_cExport-noconfig.cmake
[0.661s] -- Up-to-date: /home/ivan/Webots_YOLOv8/install/soccer_geometry_msgs/share/soccer_geometry_msgs/cmake/soccer_geometry_msgs__rosidl_typesupport_cExport.cmake
[0.661s] -- Up-to-date: /home/ivan/Webots_YOLOv8/install/soccer_geometry_msgs/share/soccer_geometry_msgs/cmake/soccer_geometry_msgs__rosidl_typesupport_cExport-noconfig.cmake
[0.661s] -- Up-to-date: /home/ivan/Webots_YOLOv8/install/soccer_geometry_msgs/share/soccer_geometry_msgs/cmake/soccer_geometry_msgs__rosidl_typesupport_introspection_cppExport.cmake
[0.661s] -- Up-to-date: /home/ivan/Webots_YOLOv8/install/soccer_geometry_msgs/share/soccer_geometry_msgs/cmake/soccer_geometry_msgs__rosidl_typesupport_introspection_cppExport-noconfig.cmake
[0.661s] -- Up-to-date: /home/ivan/Webots_YOLOv8/install/soccer_geometry_msgs/share/soccer_geometry_msgs/cmake/soccer_geometry_msgs__rosidl_typesupport_cppExport.cmake
[0.661s] -- Up-to-date: /home/ivan/Webots_YOLOv8/install/soccer_geometry_msgs/share/soccer_geometry_msgs/cmake/soccer_geometry_msgs__rosidl_typesupport_cppExport-noconfig.cmake
[0.661s] -- Up-to-date: /home/ivan/Webots_YOLOv8/install/soccer_geometry_msgs/share/soccer_geometry_msgs/cmake/export_soccer_geometry_msgs__rosidl_generator_pyExport.cmake
[0.661s] -- Up-to-date: /home/ivan/Webots_YOLOv8/install/soccer_geometry_msgs/share/soccer_geometry_msgs/cmake/export_soccer_geometry_msgs__rosidl_generator_pyExport-noconfig.cmake
[0.661s] -- Up-to-date: /home/ivan/Webots_YOLOv8/install/soccer_geometry_msgs/share/soccer_geometry_msgs/cmake/rosidl_cmake-extras.cmake
[0.662s] -- Up-to-date: /home/ivan/Webots_YOLOv8/install/soccer_geometry_msgs/share/soccer_geometry_msgs/cmake/ament_cmake_export_dependencies-extras.cmake
[0.662s] -- Up-to-date: /home/ivan/Webots_YOLOv8/install/soccer_geometry_msgs/share/soccer_geometry_msgs/cmake/ament_cmake_export_include_directories-extras.cmake
[0.662s] -- Up-to-date: /home/ivan/Webots_YOLOv8/install/soccer_geometry_msgs/share/soccer_geometry_msgs/cmake/ament_cmake_export_libraries-extras.cmake
[0.662s] -- Up-to-date: /home/ivan/Webots_YOLOv8/install/soccer_geometry_msgs/share/soccer_geometry_msgs/cmake/ament_cmake_export_targets-extras.cmake
[0.662s] -- Up-to-date: /home/ivan/Webots_YOLOv8/install/soccer_geometry_msgs/share/soccer_geometry_msgs/cmake/rosidl_cmake_export_typesupport_targets-extras.cmake
[0.662s] -- Up-to-date: /home/ivan/Webots_YOLOv8/install/soccer_geometry_msgs/share/soccer_geometry_msgs/cmake/rosidl_cmake_export_typesupport_libraries-extras.cmake
[0.662s] -- Up-to-date: /home/ivan/Webots_YOLOv8/install/soccer_geometry_msgs/share/soccer_geometry_msgs/cmake/soccer_geometry_msgsConfig.cmake
[0.662s] -- Up-to-date: /home/ivan/Webots_YOLOv8/install/soccer_geometry_msgs/share/soccer_geometry_msgs/cmake/soccer_geometry_msgsConfig-version.cmake
[0.663s] -- Up-to-date: /home/ivan/Webots_YOLOv8/install/soccer_geometry_msgs/share/soccer_geometry_msgs/package.xml
[0.664s] Invoked command in '/home/ivan/Webots_YOLOv8/build/soccer_geometry_msgs' returned '0': CMAKE_PREFIX_PATH=${CMAKE_PREFIX_PATH}:/home/ivan/Webots_YOLOv8/install/Webots_YOLOv8:/home/ivan/Webots_YOLOv8/install/soccer_ipm:/home/ivan/Webots_YOLOv8/install/my_package:/home/ivan/Webots_YOLOv8/install/ipm_service:/home/ivan/Webots_YOLOv8/install/ipm_image_node:/home/ivan/Webots_YOLOv8/install/ipm_library:/opt/ros/humble /usr/bin/cmake --install /home/ivan/Webots_YOLOv8/build/soccer_geometry_msgs
