[1.645s] Invoking command in '/home/ivan/Webots_YOLOv8/src/ipm/ipm_service': AMENT_PREFIX_PATH=/home/ivan/Webots_YOLOv8/install/ipm_library:/home/ivan/Webots_YOLOv8/install/ipm_interfaces:${AMENT_PREFIX_PATH} CMAKE_PREFIX_PATH=/home/ivan/Webots_YOLOv8/install/ipm_interfaces:${CMAKE_PREFIX_PATH} LD_LIBRARY_PATH=/home/ivan/Webots_YOLOv8/install/ipm_interfaces/lib:${LD_LIBRARY_PATH} PYTHONPATH=/home/ivan/Webots_YOLOv8/build/ipm_service/prefix_override:/usr/lib/python3/dist-packages/colcon_core/task/python/colcon_distutils_commands:/home/ivan/Webots_YOLOv8/install/ipm_service/lib/python3.10/site-packages:/home/ivan/Webots_YOLOv8/install/ipm_library/lib/python3.10/site-packages:/home/ivan/Webots_YOLOv8/install/ipm_interfaces/local/lib/python3.10/dist-packages:${PYTHONPATH} /usr/bin/python3 -W ignore:setup.py install is deprecated -W ignore:easy_install command is deprecated setup.py egg_info --egg-base ../../../build/ipm_service build --build-base /home/ivan/Webots_YOLOv8/build/ipm_service/build install --record /home/ivan/Webots_YOLOv8/build/ipm_service/install.log --single-version-externally-managed install_data
[1.977s] running egg_info
[1.978s] writing ../../../build/ipm_service/ipm_service.egg-info/PKG-INFO
[1.979s] writing dependency_links to ../../../build/ipm_service/ipm_service.egg-info/dependency_links.txt
[1.980s] writing entry points to ../../../build/ipm_service/ipm_service.egg-info/entry_points.txt
[1.980s] writing requirements to ../../../build/ipm_service/ipm_service.egg-info/requires.txt
[1.980s] writing top-level names to ../../../build/ipm_service/ipm_service.egg-info/top_level.txt
[1.982s] reading manifest file '../../../build/ipm_service/ipm_service.egg-info/SOURCES.txt'
[1.984s] writing manifest file '../../../build/ipm_service/ipm_service.egg-info/SOURCES.txt'
[1.984s] running build
[1.984s] running build_py
[1.985s] running install
[1.985s] running install_lib
[1.987s] running install_data
[1.988s] running install_egg_info
[1.990s] removing '/home/ivan/Webots_YOLOv8/install/ipm_service/lib/python3.10/site-packages/ipm_service-0.0.0-py3.10.egg-info' (and everything under it)
[1.990s] Copying ../../../build/ipm_service/ipm_service.egg-info to /home/ivan/Webots_YOLOv8/install/ipm_service/lib/python3.10/site-packages/ipm_service-0.0.0-py3.10.egg-info
[1.992s] running install_scripts
[2.019s] Installing ipm_service script to /home/ivan/Webots_YOLOv8/install/ipm_service/lib/ipm_service
[2.020s] writing list of installed files to '/home/ivan/Webots_YOLOv8/build/ipm_service/install.log'
[2.072s] Invoked command in '/home/ivan/Webots_YOLOv8/src/ipm/ipm_service' returned '0': AMENT_PREFIX_PATH=/home/ivan/Webots_YOLOv8/install/ipm_library:/home/ivan/Webots_YOLOv8/install/ipm_interfaces:${AMENT_PREFIX_PATH} CMAKE_PREFIX_PATH=/home/ivan/Webots_YOLOv8/install/ipm_interfaces:${CMAKE_PREFIX_PATH} LD_LIBRARY_PATH=/home/ivan/Webots_YOLOv8/install/ipm_interfaces/lib:${LD_LIBRARY_PATH} PYTHONPATH=/home/ivan/Webots_YOLOv8/build/ipm_service/prefix_override:/usr/lib/python3/dist-packages/colcon_core/task/python/colcon_distutils_commands:/home/ivan/Webots_YOLOv8/install/ipm_service/lib/python3.10/site-packages:/home/ivan/Webots_YOLOv8/install/ipm_library/lib/python3.10/site-packages:/home/ivan/Webots_YOLOv8/install/ipm_interfaces/local/lib/python3.10/dist-packages:${PYTHONPATH} /usr/bin/python3 -W ignore:setup.py install is deprecated -W ignore:easy_install command is deprecated setup.py egg_info --egg-base ../../../build/ipm_service build --build-base /home/ivan/Webots_YOLOv8/build/ipm_service/build install --record /home/ivan/Webots_YOLOv8/build/ipm_service/install.log --single-version-externally-managed install_data
