[0.307s] Invoking command in '/home/ivan/Webots_YOLOv8/build/soccer_vision_3d_msgs': CMAKE_PREFIX_PATH=/home/ivan/Webots_YOLOv8/install/soccer_vision_attribute_msgs:/home/ivan/Webots_YOLOv8/install/soccer_interfaces:/home/ivan/Webots_YOLOv8/install/soccer_vision_3d_msgs:/home/ivan/Webots_YOLOv8/install/soccer_vision_2d_msgs:/home/ivan/Webots_YOLOv8/install/soccer_model_msgs:/home/ivan/Webots_YOLOv8/install/soccer_geometry_msgs:/home/ivan/Webots_YOLOv8/install/ipm_interfaces:/home/ivan/Webots_YOLOv8/install/Webots_YOLOv8:/home/ivan/Webots_YOLOv8/install/soccer_ipm:/home/ivan/Webots_YOLOv8/install/my_package:/home/ivan/Webots_YOLOv8/install/ipm_service:/home/ivan/Webots_YOLOv8/install/ipm_image_node:/home/ivan/Webots_YOLOv8/install/ipm_library:/opt/ros/humble LD_LIBRARY_PATH=/home/ivan/Webots_YOLOv8/install/soccer_vision_attribute_msgs/lib:/home/ivan/Webots_YOLOv8/install/soccer_vision_3d_msgs/lib:/home/ivan/Webots_YOLOv8/install/soccer_vision_2d_msgs/lib:/home/ivan/Webots_YOLOv8/install/soccer_model_msgs/lib:/home/ivan/Webots_YOLOv8/install/soccer_geometry_msgs/lib:/home/ivan/Webots_YOLOv8/install/ipm_interfaces/lib:/opt/ros/humble/opt/rviz_ogre_vendor/lib:/opt/ros/humble/lib/x86_64-linux-gnu:/opt/ros/humble/lib /usr/bin/cmake --build /home/ivan/Webots_YOLOv8/build/soccer_vision_3d_msgs -- -j12 -l12
[0.393s] [  0%] Built target soccer_vision_3d_msgs__cpp
[0.404s] [ 12%] Built target soccer_vision_3d_msgs__rosidl_generator_c
[0.430s] [ 12%] Built target ament_cmake_python_copy_soccer_vision_3d_msgs
[0.476s] [ 24%] Built target soccer_vision_3d_msgs__rosidl_typesupport_cpp
[0.480s] [ 36%] Built target soccer_vision_3d_msgs__rosidl_typesupport_introspection_cpp
[0.487s] [ 48%] Built target soccer_vision_3d_msgs__rosidl_typesupport_c
[0.494s] [ 67%] Built target soccer_vision_3d_msgs__rosidl_typesupport_fastrtps_c
[0.494s] [ 72%] Built target soccer_vision_3d_msgs__rosidl_typesupport_introspection_c
[0.496s] [ 84%] Built target soccer_vision_3d_msgs__rosidl_typesupport_fastrtps_cpp
[0.529s] [ 84%] Built target soccer_vision_3d_msgs
[0.570s] [ 85%] Built target soccer_vision_3d_msgs__py
[0.620s] [ 96%] Built target soccer_vision_3d_msgs__rosidl_generator_py
[0.682s] [ 97%] Built target soccer_vision_3d_msgs__rosidl_typesupport_fastrtps_c__pyext
[0.685s] [ 98%] Built target soccer_vision_3d_msgs__rosidl_typesupport_c__pyext
[0.698s] [100%] Built target soccer_vision_3d_msgs__rosidl_typesupport_introspection_c__pyext
[0.859s] running egg_info
[0.859s] writing soccer_vision_3d_msgs.egg-info/PKG-INFO
[0.859s] writing dependency_links to soccer_vision_3d_msgs.egg-info/dependency_links.txt
[0.859s] writing top-level names to soccer_vision_3d_msgs.egg-info/top_level.txt
[0.863s] reading manifest file 'soccer_vision_3d_msgs.egg-info/SOURCES.txt'
[0.864s] writing manifest file 'soccer_vision_3d_msgs.egg-info/SOURCES.txt'
[0.928s] [100%] Built target ament_cmake_python_build_soccer_vision_3d_msgs_egg
[0.950s] Invoked command in '/home/ivan/Webots_YOLOv8/build/soccer_vision_3d_msgs' returned '0': CMAKE_PREFIX_PATH=/home/ivan/Webots_YOLOv8/install/soccer_vision_attribute_msgs:/home/ivan/Webots_YOLOv8/install/soccer_interfaces:/home/ivan/Webots_YOLOv8/install/soccer_vision_3d_msgs:/home/ivan/Webots_YOLOv8/install/soccer_vision_2d_msgs:/home/ivan/Webots_YOLOv8/install/soccer_model_msgs:/home/ivan/Webots_YOLOv8/install/soccer_geometry_msgs:/home/ivan/Webots_YOLOv8/install/ipm_interfaces:/home/ivan/Webots_YOLOv8/install/Webots_YOLOv8:/home/ivan/Webots_YOLOv8/install/soccer_ipm:/home/ivan/Webots_YOLOv8/install/my_package:/home/ivan/Webots_YOLOv8/install/ipm_service:/home/ivan/Webots_YOLOv8/install/ipm_image_node:/home/ivan/Webots_YOLOv8/install/ipm_library:/opt/ros/humble LD_LIBRARY_PATH=/home/ivan/Webots_YOLOv8/install/soccer_vision_attribute_msgs/lib:/home/ivan/Webots_YOLOv8/install/soccer_vision_3d_msgs/lib:/home/ivan/Webots_YOLOv8/install/soccer_vision_2d_msgs/lib:/home/ivan/Webots_YOLOv8/install/soccer_model_msgs/lib:/home/ivan/Webots_YOLOv8/install/soccer_geometry_msgs/lib:/home/ivan/Webots_YOLOv8/install/ipm_interfaces/lib:/opt/ros/humble/opt/rviz_ogre_vendor/lib:/opt/ros/humble/lib/x86_64-linux-gnu:/opt/ros/humble/lib /usr/bin/cmake --build /home/ivan/Webots_YOLOv8/build/soccer_vision_3d_msgs -- -j12 -l12
[0.957s] Invoking command in '/home/ivan/Webots_YOLOv8/build/soccer_vision_3d_msgs': CMAKE_PREFIX_PATH=/home/ivan/Webots_YOLOv8/install/soccer_vision_attribute_msgs:/home/ivan/Webots_YOLOv8/install/soccer_interfaces:/home/ivan/Webots_YOLOv8/install/soccer_vision_3d_msgs:/home/ivan/Webots_YOLOv8/install/soccer_vision_2d_msgs:/home/ivan/Webots_YOLOv8/install/soccer_model_msgs:/home/ivan/Webots_YOLOv8/install/soccer_geometry_msgs:/home/ivan/Webots_YOLOv8/install/ipm_interfaces:/home/ivan/Webots_YOLOv8/install/Webots_YOLOv8:/home/ivan/Webots_YOLOv8/install/soccer_ipm:/home/ivan/Webots_YOLOv8/install/my_package:/home/ivan/Webots_YOLOv8/install/ipm_service:/home/ivan/Webots_YOLOv8/install/ipm_image_node:/home/ivan/Webots_YOLOv8/install/ipm_library:/opt/ros/humble LD_LIBRARY_PATH=/home/ivan/Webots_YOLOv8/install/soccer_vision_attribute_msgs/lib:/home/ivan/Webots_YOLOv8/install/soccer_vision_3d_msgs/lib:/home/ivan/Webots_YOLOv8/install/soccer_vision_2d_msgs/lib:/home/ivan/Webots_YOLOv8/install/soccer_model_msgs/lib:/home/ivan/Webots_YOLOv8/install/soccer_geometry_msgs/lib:/home/ivan/Webots_YOLOv8/install/ipm_interfaces/lib:/opt/ros/humble/opt/rviz_ogre_vendor/lib:/opt/ros/humble/lib/x86_64-linux-gnu:/opt/ros/humble/lib /usr/bin/cmake --install /home/ivan/Webots_YOLOv8/build/soccer_vision_3d_msgs
[0.963s] -- Install configuration: ""
[0.963s] -- Up-to-date: /home/ivan/Webots_YOLOv8/install/soccer_vision_3d_msgs/share/ament_index/resource_index/rosidl_interfaces/soccer_vision_3d_msgs
[0.964s] -- Up-to-date: /home/ivan/Webots_YOLOv8/install/soccer_vision_3d_msgs/include/soccer_vision_3d_msgs/soccer_vision_3d_msgs
[0.964s] -- Up-to-date: /home/ivan/Webots_YOLOv8/install/soccer_vision_3d_msgs/include/soccer_vision_3d_msgs/soccer_vision_3d_msgs/msg
[0.964s] -- Up-to-date: /home/ivan/Webots_YOLOv8/install/soccer_vision_3d_msgs/include/soccer_vision_3d_msgs/soccer_vision_3d_msgs/msg/detail
[0.966s] -- Up-to-date: /home/ivan/Webots_YOLOv8/install/soccer_vision_3d_msgs/include/soccer_vision_3d_msgs/soccer_vision_3d_msgs/msg/detail/marking_intersection__functions.h
[0.966s] -- Up-to-date: /home/ivan/Webots_YOLOv8/install/soccer_vision_3d_msgs/include/soccer_vision_3d_msgs/soccer_vision_3d_msgs/msg/detail/robot__functions.h
[0.966s] -- Up-to-date: /home/ivan/Webots_YOLOv8/install/soccer_vision_3d_msgs/include/soccer_vision_3d_msgs/soccer_vision_3d_msgs/msg/detail/robot__struct.h
[0.966s] -- Up-to-date: /home/ivan/Webots_YOLOv8/install/soccer_vision_3d_msgs/include/soccer_vision_3d_msgs/soccer_vision_3d_msgs/msg/detail/obstacle_array__functions.c
[0.966s] -- Up-to-date: /home/ivan/Webots_YOLOv8/install/soccer_vision_3d_msgs/include/soccer_vision_3d_msgs/soccer_vision_3d_msgs/msg/detail/obstacle__struct.h
[0.966s] -- Up-to-date: /home/ivan/Webots_YOLOv8/install/soccer_vision_3d_msgs/include/soccer_vision_3d_msgs/soccer_vision_3d_msgs/msg/detail/marking_segment__struct.h
[0.966s] -- Up-to-date: /home/ivan/Webots_YOLOv8/install/soccer_vision_3d_msgs/include/soccer_vision_3d_msgs/soccer_vision_3d_msgs/msg/detail/field_boundary__type_support.h
[0.966s] -- Up-to-date: /home/ivan/Webots_YOLOv8/install/soccer_vision_3d_msgs/include/soccer_vision_3d_msgs/soccer_vision_3d_msgs/msg/detail/obstacle_array__functions.h
[0.966s] -- Up-to-date: /home/ivan/Webots_YOLOv8/install/soccer_vision_3d_msgs/include/soccer_vision_3d_msgs/soccer_vision_3d_msgs/msg/detail/marking_array__functions.h
[0.966s] -- Up-to-date: /home/ivan/Webots_YOLOv8/install/soccer_vision_3d_msgs/include/soccer_vision_3d_msgs/soccer_vision_3d_msgs/msg/detail/robot_array__struct.h
[0.966s] -- Up-to-date: /home/ivan/Webots_YOLOv8/install/soccer_vision_3d_msgs/include/soccer_vision_3d_msgs/soccer_vision_3d_msgs/msg/detail/obstacle_array__type_support.h
[0.967s] -- Up-to-date: /home/ivan/Webots_YOLOv8/install/soccer_vision_3d_msgs/include/soccer_vision_3d_msgs/soccer_vision_3d_msgs/msg/detail/marking_segment__type_support.h
[0.968s] -- Up-to-date: /home/ivan/Webots_YOLOv8/install/soccer_vision_3d_msgs/include/soccer_vision_3d_msgs/soccer_vision_3d_msgs/msg/detail/marking_array__functions.c
[0.968s] -- Up-to-date: /home/ivan/Webots_YOLOv8/install/soccer_vision_3d_msgs/include/soccer_vision_3d_msgs/soccer_vision_3d_msgs/msg/detail/marking_segment__functions.h
[0.968s] -- Up-to-date: /home/ivan/Webots_YOLOv8/install/soccer_vision_3d_msgs/include/soccer_vision_3d_msgs/soccer_vision_3d_msgs/msg/detail/obstacle__functions.c
[0.968s] -- Up-to-date: /home/ivan/Webots_YOLOv8/install/soccer_vision_3d_msgs/include/soccer_vision_3d_msgs/soccer_vision_3d_msgs/msg/detail/marking_intersection__type_support.h
[0.968s] -- Up-to-date: /home/ivan/Webots_YOLOv8/install/soccer_vision_3d_msgs/include/soccer_vision_3d_msgs/soccer_vision_3d_msgs/msg/detail/robot_array__type_support.h
[0.968s] -- Up-to-date: /home/ivan/Webots_YOLOv8/install/soccer_vision_3d_msgs/include/soccer_vision_3d_msgs/soccer_vision_3d_msgs/msg/detail/ball__functions.h
[0.968s] -- Up-to-date: /home/ivan/Webots_YOLOv8/install/soccer_vision_3d_msgs/include/soccer_vision_3d_msgs/soccer_vision_3d_msgs/msg/detail/obstacle_array__struct.h
[0.969s] -- Up-to-date: /home/ivan/Webots_YOLOv8/install/soccer_vision_3d_msgs/include/soccer_vision_3d_msgs/soccer_vision_3d_msgs/msg/detail/goalpost_array__functions.h
[0.969s] -- Up-to-date: /home/ivan/Webots_YOLOv8/install/soccer_vision_3d_msgs/include/soccer_vision_3d_msgs/soccer_vision_3d_msgs/msg/detail/marking_segment__functions.c
[0.970s] -- Up-to-date: /home/ivan/Webots_YOLOv8/install/soccer_vision_3d_msgs/include/soccer_vision_3d_msgs/soccer_vision_3d_msgs/msg/detail/goalpost_array__type_support.h
[0.971s] -- Up-to-date: /home/ivan/Webots_YOLOv8/install/soccer_vision_3d_msgs/include/soccer_vision_3d_msgs/soccer_vision_3d_msgs/msg/detail/robot__functions.c
[0.971s] -- Up-to-date: /home/ivan/Webots_YOLOv8/install/soccer_vision_3d_msgs/include/soccer_vision_3d_msgs/soccer_vision_3d_msgs/msg/detail/goalpost_array__functions.c
[0.971s] -- Up-to-date: /home/ivan/Webots_YOLOv8/install/soccer_vision_3d_msgs/include/soccer_vision_3d_msgs/soccer_vision_3d_msgs/msg/detail/robot_array__functions.h
[0.971s] -- Up-to-date: /home/ivan/Webots_YOLOv8/install/soccer_vision_3d_msgs/include/soccer_vision_3d_msgs/soccer_vision_3d_msgs/msg/detail/obstacle__type_support.h
[0.971s] -- Up-to-date: /home/ivan/Webots_YOLOv8/install/soccer_vision_3d_msgs/include/soccer_vision_3d_msgs/soccer_vision_3d_msgs/msg/detail/robot_array__functions.c
[0.971s] -- Up-to-date: /home/ivan/Webots_YOLOv8/install/soccer_vision_3d_msgs/include/soccer_vision_3d_msgs/soccer_vision_3d_msgs/msg/detail/ball__struct.h
[0.972s] -- Up-to-date: /home/ivan/Webots_YOLOv8/install/soccer_vision_3d_msgs/include/soccer_vision_3d_msgs/soccer_vision_3d_msgs/msg/detail/field_boundary__struct.h
[0.972s] -- Up-to-date: /home/ivan/Webots_YOLOv8/install/soccer_vision_3d_msgs/include/soccer_vision_3d_msgs/soccer_vision_3d_msgs/msg/detail/marking_ellipse__functions.c
[0.972s] -- Up-to-date: /home/ivan/Webots_YOLOv8/install/soccer_vision_3d_msgs/include/soccer_vision_3d_msgs/soccer_vision_3d_msgs/msg/detail/field_boundary__functions.c
[0.972s] -- Up-to-date: /home/ivan/Webots_YOLOv8/install/soccer_vision_3d_msgs/include/soccer_vision_3d_msgs/soccer_vision_3d_msgs/msg/detail/marking_ellipse__struct.h
[0.973s] -- Up-to-date: /home/ivan/Webots_YOLOv8/install/soccer_vision_3d_msgs/include/soccer_vision_3d_msgs/soccer_vision_3d_msgs/msg/detail/ball__type_support.h
[0.973s] -- Up-to-date: /home/ivan/Webots_YOLOv8/install/soccer_vision_3d_msgs/include/soccer_vision_3d_msgs/soccer_vision_3d_msgs/msg/detail/marking_array__type_support.h
[0.973s] -- Up-to-date: /home/ivan/Webots_YOLOv8/install/soccer_vision_3d_msgs/include/soccer_vision_3d_msgs/soccer_vision_3d_msgs/msg/detail/ball_array__functions.h
[0.973s] -- Up-to-date: /home/ivan/Webots_YOLOv8/install/soccer_vision_3d_msgs/include/soccer_vision_3d_msgs/soccer_vision_3d_msgs/msg/detail/marking_ellipse__type_support.h
[0.974s] -- Up-to-date: /home/ivan/Webots_YOLOv8/install/soccer_vision_3d_msgs/include/soccer_vision_3d_msgs/soccer_vision_3d_msgs/msg/detail/marking_array__struct.h
[0.975s] -- Up-to-date: /home/ivan/Webots_YOLOv8/install/soccer_vision_3d_msgs/include/soccer_vision_3d_msgs/soccer_vision_3d_msgs/msg/detail/marking_intersection__functions.c
[0.975s] -- Up-to-date: /home/ivan/Webots_YOLOv8/install/soccer_vision_3d_msgs/include/soccer_vision_3d_msgs/soccer_vision_3d_msgs/msg/detail/robot__type_support.h
[0.975s] -- Up-to-date: /home/ivan/Webots_YOLOv8/install/soccer_vision_3d_msgs/include/soccer_vision_3d_msgs/soccer_vision_3d_msgs/msg/detail/goalpost__functions.h
[0.977s] -- Up-to-date: /home/ivan/Webots_YOLOv8/install/soccer_vision_3d_msgs/include/soccer_vision_3d_msgs/soccer_vision_3d_msgs/msg/detail/goalpost__functions.c
[0.977s] -- Up-to-date: /home/ivan/Webots_YOLOv8/install/soccer_vision_3d_msgs/include/soccer_vision_3d_msgs/soccer_vision_3d_msgs/msg/detail/ball__functions.c
[0.977s] -- Up-to-date: /home/ivan/Webots_YOLOv8/install/soccer_vision_3d_msgs/include/soccer_vision_3d_msgs/soccer_vision_3d_msgs/msg/detail/marking_intersection__struct.h
[0.977s] -- Up-to-date: /home/ivan/Webots_YOLOv8/install/soccer_vision_3d_msgs/include/soccer_vision_3d_msgs/soccer_vision_3d_msgs/msg/detail/goalpost__type_support.h
[0.977s] -- Up-to-date: /home/ivan/Webots_YOLOv8/install/soccer_vision_3d_msgs/include/soccer_vision_3d_msgs/soccer_vision_3d_msgs/msg/detail/ball_array__struct.h
[0.977s] -- Up-to-date: /home/ivan/Webots_YOLOv8/install/soccer_vision_3d_msgs/include/soccer_vision_3d_msgs/soccer_vision_3d_msgs/msg/detail/field_boundary__functions.h
[0.977s] -- Up-to-date: /home/ivan/Webots_YOLOv8/install/soccer_vision_3d_msgs/include/soccer_vision_3d_msgs/soccer_vision_3d_msgs/msg/detail/goalpost_array__struct.h
[0.977s] -- Up-to-date: /home/ivan/Webots_YOLOv8/install/soccer_vision_3d_msgs/include/soccer_vision_3d_msgs/soccer_vision_3d_msgs/msg/detail/marking_ellipse__functions.h
[0.977s] -- Up-to-date: /home/ivan/Webots_YOLOv8/install/soccer_vision_3d_msgs/include/soccer_vision_3d_msgs/soccer_vision_3d_msgs/msg/detail/obstacle__functions.h
[0.977s] -- Up-to-date: /home/ivan/Webots_YOLOv8/install/soccer_vision_3d_msgs/include/soccer_vision_3d_msgs/soccer_vision_3d_msgs/msg/detail/ball_array__type_support.h
[0.978s] -- Up-to-date: /home/ivan/Webots_YOLOv8/install/soccer_vision_3d_msgs/include/soccer_vision_3d_msgs/soccer_vision_3d_msgs/msg/detail/goalpost__struct.h
[0.978s] -- Up-to-date: /home/ivan/Webots_YOLOv8/install/soccer_vision_3d_msgs/include/soccer_vision_3d_msgs/soccer_vision_3d_msgs/msg/detail/ball_array__functions.c
[0.978s] -- Up-to-date: /home/ivan/Webots_YOLOv8/install/soccer_vision_3d_msgs/include/soccer_vision_3d_msgs/soccer_vision_3d_msgs/msg/marking_ellipse.h
[0.978s] -- Up-to-date: /home/ivan/Webots_YOLOv8/install/soccer_vision_3d_msgs/include/soccer_vision_3d_msgs/soccer_vision_3d_msgs/msg/marking_array.h
[0.978s] -- Up-to-date: /home/ivan/Webots_YOLOv8/install/soccer_vision_3d_msgs/include/soccer_vision_3d_msgs/soccer_vision_3d_msgs/msg/marking_intersection.h
[0.978s] -- Up-to-date: /home/ivan/Webots_YOLOv8/install/soccer_vision_3d_msgs/include/soccer_vision_3d_msgs/soccer_vision_3d_msgs/msg/field_boundary.h
[0.978s] -- Up-to-date: /home/ivan/Webots_YOLOv8/install/soccer_vision_3d_msgs/include/soccer_vision_3d_msgs/soccer_vision_3d_msgs/msg/ball.h
[0.979s] -- Up-to-date: /home/ivan/Webots_YOLOv8/install/soccer_vision_3d_msgs/include/soccer_vision_3d_msgs/soccer_vision_3d_msgs/msg/rosidl_generator_c__visibility_control.h
[0.979s] -- Up-to-date: /home/ivan/Webots_YOLOv8/install/soccer_vision_3d_msgs/include/soccer_vision_3d_msgs/soccer_vision_3d_msgs/msg/goalpost.h
[0.979s] -- Up-to-date: /home/ivan/Webots_YOLOv8/install/soccer_vision_3d_msgs/include/soccer_vision_3d_msgs/soccer_vision_3d_msgs/msg/obstacle_array.h
[0.979s] -- Up-to-date: /home/ivan/Webots_YOLOv8/install/soccer_vision_3d_msgs/include/soccer_vision_3d_msgs/soccer_vision_3d_msgs/msg/marking_segment.h
[0.979s] -- Up-to-date: /home/ivan/Webots_YOLOv8/install/soccer_vision_3d_msgs/include/soccer_vision_3d_msgs/soccer_vision_3d_msgs/msg/robot_array.h
[0.979s] -- Up-to-date: /home/ivan/Webots_YOLOv8/install/soccer_vision_3d_msgs/include/soccer_vision_3d_msgs/soccer_vision_3d_msgs/msg/obstacle.h
[0.979s] -- Up-to-date: /home/ivan/Webots_YOLOv8/install/soccer_vision_3d_msgs/include/soccer_vision_3d_msgs/soccer_vision_3d_msgs/msg/robot.h
[0.979s] -- Up-to-date: /home/ivan/Webots_YOLOv8/install/soccer_vision_3d_msgs/include/soccer_vision_3d_msgs/soccer_vision_3d_msgs/msg/goalpost_array.h
[0.979s] -- Up-to-date: /home/ivan/Webots_YOLOv8/install/soccer_vision_3d_msgs/include/soccer_vision_3d_msgs/soccer_vision_3d_msgs/msg/ball_array.h
[0.979s] -- Up-to-date: /home/ivan/Webots_YOLOv8/install/soccer_vision_3d_msgs/share/soccer_vision_3d_msgs/environment/library_path.sh
[0.980s] -- Up-to-date: /home/ivan/Webots_YOLOv8/install/soccer_vision_3d_msgs/share/soccer_vision_3d_msgs/environment/library_path.dsv
[0.980s] -- Up-to-date: /home/ivan/Webots_YOLOv8/install/soccer_vision_3d_msgs/lib/libsoccer_vision_3d_msgs__rosidl_generator_c.so
[0.980s] -- Up-to-date: /home/ivan/Webots_YOLOv8/install/soccer_vision_3d_msgs/include/soccer_vision_3d_msgs/soccer_vision_3d_msgs
[0.981s] -- Up-to-date: /home/ivan/Webots_YOLOv8/install/soccer_vision_3d_msgs/include/soccer_vision_3d_msgs/soccer_vision_3d_msgs/msg
[0.981s] -- Up-to-date: /home/ivan/Webots_YOLOv8/install/soccer_vision_3d_msgs/include/soccer_vision_3d_msgs/soccer_vision_3d_msgs/msg/detail
[0.981s] -- Up-to-date: /home/ivan/Webots_YOLOv8/install/soccer_vision_3d_msgs/include/soccer_vision_3d_msgs/soccer_vision_3d_msgs/msg/detail/obstacle__rosidl_typesupport_fastrtps_c.h
[0.981s] -- Up-to-date: /home/ivan/Webots_YOLOv8/install/soccer_vision_3d_msgs/include/soccer_vision_3d_msgs/soccer_vision_3d_msgs/msg/detail/goalpost__rosidl_typesupport_fastrtps_c.h
[0.981s] -- Up-to-date: /home/ivan/Webots_YOLOv8/install/soccer_vision_3d_msgs/include/soccer_vision_3d_msgs/soccer_vision_3d_msgs/msg/detail/marking_intersection__rosidl_typesupport_fastrtps_c.h
[0.981s] -- Up-to-date: /home/ivan/Webots_YOLOv8/install/soccer_vision_3d_msgs/include/soccer_vision_3d_msgs/soccer_vision_3d_msgs/msg/detail/obstacle_array__rosidl_typesupport_fastrtps_c.h
[0.981s] -- Up-to-date: /home/ivan/Webots_YOLOv8/install/soccer_vision_3d_msgs/include/soccer_vision_3d_msgs/soccer_vision_3d_msgs/msg/detail/ball_array__rosidl_typesupport_fastrtps_c.h
[0.981s] -- Up-to-date: /home/ivan/Webots_YOLOv8/install/soccer_vision_3d_msgs/include/soccer_vision_3d_msgs/soccer_vision_3d_msgs/msg/detail/marking_segment__rosidl_typesupport_fastrtps_c.h
[0.981s] -- Up-to-date: /home/ivan/Webots_YOLOv8/install/soccer_vision_3d_msgs/include/soccer_vision_3d_msgs/soccer_vision_3d_msgs/msg/detail/marking_ellipse__rosidl_typesupport_fastrtps_c.h
[0.982s] -- Up-to-date: /home/ivan/Webots_YOLOv8/install/soccer_vision_3d_msgs/include/soccer_vision_3d_msgs/soccer_vision_3d_msgs/msg/detail/goalpost_array__rosidl_typesupport_fastrtps_c.h
[0.982s] -- Up-to-date: /home/ivan/Webots_YOLOv8/install/soccer_vision_3d_msgs/include/soccer_vision_3d_msgs/soccer_vision_3d_msgs/msg/detail/ball__rosidl_typesupport_fastrtps_c.h
[0.982s] -- Up-to-date: /home/ivan/Webots_YOLOv8/install/soccer_vision_3d_msgs/include/soccer_vision_3d_msgs/soccer_vision_3d_msgs/msg/detail/field_boundary__rosidl_typesupport_fastrtps_c.h
[0.982s] -- Up-to-date: /home/ivan/Webots_YOLOv8/install/soccer_vision_3d_msgs/include/soccer_vision_3d_msgs/soccer_vision_3d_msgs/msg/detail/robot_array__rosidl_typesupport_fastrtps_c.h
[0.982s] -- Up-to-date: /home/ivan/Webots_YOLOv8/install/soccer_vision_3d_msgs/include/soccer_vision_3d_msgs/soccer_vision_3d_msgs/msg/detail/marking_array__rosidl_typesupport_fastrtps_c.h
[0.982s] -- Up-to-date: /home/ivan/Webots_YOLOv8/install/soccer_vision_3d_msgs/include/soccer_vision_3d_msgs/soccer_vision_3d_msgs/msg/detail/robot__rosidl_typesupport_fastrtps_c.h
[0.982s] -- Up-to-date: /home/ivan/Webots_YOLOv8/install/soccer_vision_3d_msgs/include/soccer_vision_3d_msgs/soccer_vision_3d_msgs/msg/rosidl_typesupport_fastrtps_c__visibility_control.h
[0.982s] -- Up-to-date: /home/ivan/Webots_YOLOv8/install/soccer_vision_3d_msgs/lib/libsoccer_vision_3d_msgs__rosidl_typesupport_fastrtps_c.so
[0.982s] -- Up-to-date: /home/ivan/Webots_YOLOv8/install/soccer_vision_3d_msgs/include/soccer_vision_3d_msgs/soccer_vision_3d_msgs
[0.983s] -- Up-to-date: /home/ivan/Webots_YOLOv8/install/soccer_vision_3d_msgs/include/soccer_vision_3d_msgs/soccer_vision_3d_msgs/msg
[0.983s] -- Up-to-date: /home/ivan/Webots_YOLOv8/install/soccer_vision_3d_msgs/include/soccer_vision_3d_msgs/soccer_vision_3d_msgs/msg/detail
[0.983s] -- Up-to-date: /home/ivan/Webots_YOLOv8/install/soccer_vision_3d_msgs/include/soccer_vision_3d_msgs/soccer_vision_3d_msgs/msg/detail/ball_array__type_support.c
[0.983s] -- Up-to-date: /home/ivan/Webots_YOLOv8/install/soccer_vision_3d_msgs/include/soccer_vision_3d_msgs/soccer_vision_3d_msgs/msg/detail/marking_array__rosidl_typesupport_introspection_c.h
[0.983s] -- Up-to-date: /home/ivan/Webots_YOLOv8/install/soccer_vision_3d_msgs/include/soccer_vision_3d_msgs/soccer_vision_3d_msgs/msg/detail/marking_ellipse__type_support.c
[0.983s] -- Up-to-date: /home/ivan/Webots_YOLOv8/install/soccer_vision_3d_msgs/include/soccer_vision_3d_msgs/soccer_vision_3d_msgs/msg/detail/robot__rosidl_typesupport_introspection_c.h
[0.983s] -- Up-to-date: /home/ivan/Webots_YOLOv8/install/soccer_vision_3d_msgs/include/soccer_vision_3d_msgs/soccer_vision_3d_msgs/msg/detail/field_boundary__type_support.c
[0.983s] -- Up-to-date: /home/ivan/Webots_YOLOv8/install/soccer_vision_3d_msgs/include/soccer_vision_3d_msgs/soccer_vision_3d_msgs/msg/detail/obstacle_array__type_support.c
[0.983s] -- Up-to-date: /home/ivan/Webots_YOLOv8/install/soccer_vision_3d_msgs/include/soccer_vision_3d_msgs/soccer_vision_3d_msgs/msg/detail/ball__type_support.c
[0.983s] -- Up-to-date: /home/ivan/Webots_YOLOv8/install/soccer_vision_3d_msgs/include/soccer_vision_3d_msgs/soccer_vision_3d_msgs/msg/detail/obstacle__rosidl_typesupport_introspection_c.h
[0.984s] -- Up-to-date: /home/ivan/Webots_YOLOv8/install/soccer_vision_3d_msgs/include/soccer_vision_3d_msgs/soccer_vision_3d_msgs/msg/detail/marking_segment__rosidl_typesupport_introspection_c.h
[0.984s] -- Up-to-date: /home/ivan/Webots_YOLOv8/install/soccer_vision_3d_msgs/include/soccer_vision_3d_msgs/soccer_vision_3d_msgs/msg/detail/goalpost__type_support.c
[0.984s] -- Up-to-date: /home/ivan/Webots_YOLOv8/install/soccer_vision_3d_msgs/include/soccer_vision_3d_msgs/soccer_vision_3d_msgs/msg/detail/goalpost_array__type_support.c
[0.984s] -- Up-to-date: /home/ivan/Webots_YOLOv8/install/soccer_vision_3d_msgs/include/soccer_vision_3d_msgs/soccer_vision_3d_msgs/msg/detail/ball_array__rosidl_typesupport_introspection_c.h
[0.984s] -- Up-to-date: /home/ivan/Webots_YOLOv8/install/soccer_vision_3d_msgs/include/soccer_vision_3d_msgs/soccer_vision_3d_msgs/msg/detail/marking_array__type_support.c
[0.984s] -- Up-to-date: /home/ivan/Webots_YOLOv8/install/soccer_vision_3d_msgs/include/soccer_vision_3d_msgs/soccer_vision_3d_msgs/msg/detail/marking_intersection__type_support.c
[0.984s] -- Up-to-date: /home/ivan/Webots_YOLOv8/install/soccer_vision_3d_msgs/include/soccer_vision_3d_msgs/soccer_vision_3d_msgs/msg/detail/marking_ellipse__rosidl_typesupport_introspection_c.h
[0.984s] -- Up-to-date: /home/ivan/Webots_YOLOv8/install/soccer_vision_3d_msgs/include/soccer_vision_3d_msgs/soccer_vision_3d_msgs/msg/detail/goalpost__rosidl_typesupport_introspection_c.h
[0.984s] -- Up-to-date: /home/ivan/Webots_YOLOv8/install/soccer_vision_3d_msgs/include/soccer_vision_3d_msgs/soccer_vision_3d_msgs/msg/detail/robot__type_support.c
[0.984s] -- Up-to-date: /home/ivan/Webots_YOLOv8/install/soccer_vision_3d_msgs/include/soccer_vision_3d_msgs/soccer_vision_3d_msgs/msg/detail/robot_array__rosidl_typesupport_introspection_c.h
[0.985s] -- Up-to-date: /home/ivan/Webots_YOLOv8/install/soccer_vision_3d_msgs/include/soccer_vision_3d_msgs/soccer_vision_3d_msgs/msg/detail/robot_array__type_support.c
[0.985s] -- Up-to-date: /home/ivan/Webots_YOLOv8/install/soccer_vision_3d_msgs/include/soccer_vision_3d_msgs/soccer_vision_3d_msgs/msg/detail/marking_intersection__rosidl_typesupport_introspection_c.h
[0.985s] -- Up-to-date: /home/ivan/Webots_YOLOv8/install/soccer_vision_3d_msgs/include/soccer_vision_3d_msgs/soccer_vision_3d_msgs/msg/detail/obstacle_array__rosidl_typesupport_introspection_c.h
[0.985s] -- Up-to-date: /home/ivan/Webots_YOLOv8/install/soccer_vision_3d_msgs/include/soccer_vision_3d_msgs/soccer_vision_3d_msgs/msg/detail/ball__rosidl_typesupport_introspection_c.h
[0.985s] -- Up-to-date: /home/ivan/Webots_YOLOv8/install/soccer_vision_3d_msgs/include/soccer_vision_3d_msgs/soccer_vision_3d_msgs/msg/detail/obstacle__type_support.c
[0.985s] -- Up-to-date: /home/ivan/Webots_YOLOv8/install/soccer_vision_3d_msgs/include/soccer_vision_3d_msgs/soccer_vision_3d_msgs/msg/detail/field_boundary__rosidl_typesupport_introspection_c.h
[0.985s] -- Up-to-date: /home/ivan/Webots_YOLOv8/install/soccer_vision_3d_msgs/include/soccer_vision_3d_msgs/soccer_vision_3d_msgs/msg/detail/marking_segment__type_support.c
[0.985s] -- Up-to-date: /home/ivan/Webots_YOLOv8/install/soccer_vision_3d_msgs/include/soccer_vision_3d_msgs/soccer_vision_3d_msgs/msg/detail/goalpost_array__rosidl_typesupport_introspection_c.h
[0.985s] -- Up-to-date: /home/ivan/Webots_YOLOv8/install/soccer_vision_3d_msgs/include/soccer_vision_3d_msgs/soccer_vision_3d_msgs/msg/rosidl_typesupport_introspection_c__visibility_control.h
[0.986s] -- Up-to-date: /home/ivan/Webots_YOLOv8/install/soccer_vision_3d_msgs/lib/libsoccer_vision_3d_msgs__rosidl_typesupport_introspection_c.so
[0.986s] -- Up-to-date: /home/ivan/Webots_YOLOv8/install/soccer_vision_3d_msgs/lib/libsoccer_vision_3d_msgs__rosidl_typesupport_c.so
[0.986s] -- Up-to-date: /home/ivan/Webots_YOLOv8/install/soccer_vision_3d_msgs/include/soccer_vision_3d_msgs/soccer_vision_3d_msgs
[0.986s] -- Up-to-date: /home/ivan/Webots_YOLOv8/install/soccer_vision_3d_msgs/include/soccer_vision_3d_msgs/soccer_vision_3d_msgs/msg
[0.986s] -- Up-to-date: /home/ivan/Webots_YOLOv8/install/soccer_vision_3d_msgs/include/soccer_vision_3d_msgs/soccer_vision_3d_msgs/msg/detail
[0.986s] -- Up-to-date: /home/ivan/Webots_YOLOv8/install/soccer_vision_3d_msgs/include/soccer_vision_3d_msgs/soccer_vision_3d_msgs/msg/detail/obstacle_array__type_support.hpp
[0.986s] -- Up-to-date: /home/ivan/Webots_YOLOv8/install/soccer_vision_3d_msgs/include/soccer_vision_3d_msgs/soccer_vision_3d_msgs/msg/detail/ball__builder.hpp
[0.986s] -- Up-to-date: /home/ivan/Webots_YOLOv8/install/soccer_vision_3d_msgs/include/soccer_vision_3d_msgs/soccer_vision_3d_msgs/msg/detail/ball__struct.hpp
[0.987s] -- Up-to-date: /home/ivan/Webots_YOLOv8/install/soccer_vision_3d_msgs/include/soccer_vision_3d_msgs/soccer_vision_3d_msgs/msg/detail/robot__traits.hpp
[0.987s] -- Up-to-date: /home/ivan/Webots_YOLOv8/install/soccer_vision_3d_msgs/include/soccer_vision_3d_msgs/soccer_vision_3d_msgs/msg/detail/ball_array__builder.hpp
[0.987s] -- Up-to-date: /home/ivan/Webots_YOLOv8/install/soccer_vision_3d_msgs/include/soccer_vision_3d_msgs/soccer_vision_3d_msgs/msg/detail/robot__struct.hpp
[0.987s] -- Up-to-date: /home/ivan/Webots_YOLOv8/install/soccer_vision_3d_msgs/include/soccer_vision_3d_msgs/soccer_vision_3d_msgs/msg/detail/marking_ellipse__traits.hpp
[0.987s] -- Up-to-date: /home/ivan/Webots_YOLOv8/install/soccer_vision_3d_msgs/include/soccer_vision_3d_msgs/soccer_vision_3d_msgs/msg/detail/marking_intersection__traits.hpp
[0.987s] -- Up-to-date: /home/ivan/Webots_YOLOv8/install/soccer_vision_3d_msgs/include/soccer_vision_3d_msgs/soccer_vision_3d_msgs/msg/detail/ball_array__traits.hpp
[0.988s] -- Up-to-date: /home/ivan/Webots_YOLOv8/install/soccer_vision_3d_msgs/include/soccer_vision_3d_msgs/soccer_vision_3d_msgs/msg/detail/robot_array__type_support.hpp
[0.988s] -- Up-to-date: /home/ivan/Webots_YOLOv8/install/soccer_vision_3d_msgs/include/soccer_vision_3d_msgs/soccer_vision_3d_msgs/msg/detail/goalpost_array__type_support.hpp
[0.988s] -- Up-to-date: /home/ivan/Webots_YOLOv8/install/soccer_vision_3d_msgs/include/soccer_vision_3d_msgs/soccer_vision_3d_msgs/msg/detail/marking_segment__builder.hpp
[0.988s] -- Up-to-date: /home/ivan/Webots_YOLOv8/install/soccer_vision_3d_msgs/include/soccer_vision_3d_msgs/soccer_vision_3d_msgs/msg/detail/obstacle__builder.hpp
[0.989s] -- Up-to-date: /home/ivan/Webots_YOLOv8/install/soccer_vision_3d_msgs/include/soccer_vision_3d_msgs/soccer_vision_3d_msgs/msg/detail/marking_intersection__builder.hpp
[0.989s] -- Up-to-date: /home/ivan/Webots_YOLOv8/install/soccer_vision_3d_msgs/include/soccer_vision_3d_msgs/soccer_vision_3d_msgs/msg/detail/obstacle__type_support.hpp
[0.989s] -- Up-to-date: /home/ivan/Webots_YOLOv8/install/soccer_vision_3d_msgs/include/soccer_vision_3d_msgs/soccer_vision_3d_msgs/msg/detail/goalpost__builder.hpp
[0.989s] -- Up-to-date: /home/ivan/Webots_YOLOv8/install/soccer_vision_3d_msgs/include/soccer_vision_3d_msgs/soccer_vision_3d_msgs/msg/detail/field_boundary__builder.hpp
[0.989s] -- Up-to-date: /home/ivan/Webots_YOLOv8/install/soccer_vision_3d_msgs/include/soccer_vision_3d_msgs/soccer_vision_3d_msgs/msg/detail/marking_array__builder.hpp
[0.990s] -- Up-to-date: /home/ivan/Webots_YOLOv8/install/soccer_vision_3d_msgs/include/soccer_vision_3d_msgs/soccer_vision_3d_msgs/msg/detail/marking_ellipse__type_support.hpp
[0.990s] -- Up-to-date: /home/ivan/Webots_YOLOv8/install/soccer_vision_3d_msgs/include/soccer_vision_3d_msgs/soccer_vision_3d_msgs/msg/detail/field_boundary__type_support.hpp
[0.990s] -- Up-to-date: /home/ivan/Webots_YOLOv8/install/soccer_vision_3d_msgs/include/soccer_vision_3d_msgs/soccer_vision_3d_msgs/msg/detail/goalpost_array__struct.hpp
[0.990s] -- Up-to-date: /home/ivan/Webots_YOLOv8/install/soccer_vision_3d_msgs/include/soccer_vision_3d_msgs/soccer_vision_3d_msgs/msg/detail/robot_array__traits.hpp
[0.990s] -- Up-to-date: /home/ivan/Webots_YOLOv8/install/soccer_vision_3d_msgs/include/soccer_vision_3d_msgs/soccer_vision_3d_msgs/msg/detail/obstacle_array__builder.hpp
[0.990s] -- Up-to-date: /home/ivan/Webots_YOLOv8/install/soccer_vision_3d_msgs/include/soccer_vision_3d_msgs/soccer_vision_3d_msgs/msg/detail/ball_array__type_support.hpp
[0.990s] -- Up-to-date: /home/ivan/Webots_YOLOv8/install/soccer_vision_3d_msgs/include/soccer_vision_3d_msgs/soccer_vision_3d_msgs/msg/detail/marking_array__struct.hpp
[0.990s] -- Up-to-date: /home/ivan/Webots_YOLOv8/install/soccer_vision_3d_msgs/include/soccer_vision_3d_msgs/soccer_vision_3d_msgs/msg/detail/field_boundary__traits.hpp
[0.990s] -- Up-to-date: /home/ivan/Webots_YOLOv8/install/soccer_vision_3d_msgs/include/soccer_vision_3d_msgs/soccer_vision_3d_msgs/msg/detail/goalpost__type_support.hpp
[0.991s] -- Up-to-date: /home/ivan/Webots_YOLOv8/install/soccer_vision_3d_msgs/include/soccer_vision_3d_msgs/soccer_vision_3d_msgs/msg/detail/marking_segment__struct.hpp
[0.991s] -- Up-to-date: /home/ivan/Webots_YOLOv8/install/soccer_vision_3d_msgs/include/soccer_vision_3d_msgs/soccer_vision_3d_msgs/msg/detail/marking_intersection__struct.hpp
[0.991s] -- Up-to-date: /home/ivan/Webots_YOLOv8/install/soccer_vision_3d_msgs/include/soccer_vision_3d_msgs/soccer_vision_3d_msgs/msg/detail/ball_array__struct.hpp
[0.991s] -- Up-to-date: /home/ivan/Webots_YOLOv8/install/soccer_vision_3d_msgs/include/soccer_vision_3d_msgs/soccer_vision_3d_msgs/msg/detail/marking_array__type_support.hpp
[0.991s] -- Up-to-date: /home/ivan/Webots_YOLOv8/install/soccer_vision_3d_msgs/include/soccer_vision_3d_msgs/soccer_vision_3d_msgs/msg/detail/marking_intersection__type_support.hpp
[0.991s] -- Up-to-date: /home/ivan/Webots_YOLOv8/install/soccer_vision_3d_msgs/include/soccer_vision_3d_msgs/soccer_vision_3d_msgs/msg/detail/obstacle_array__traits.hpp
[0.991s] -- Up-to-date: /home/ivan/Webots_YOLOv8/install/soccer_vision_3d_msgs/include/soccer_vision_3d_msgs/soccer_vision_3d_msgs/msg/detail/goalpost__traits.hpp
[0.991s] -- Up-to-date: /home/ivan/Webots_YOLOv8/install/soccer_vision_3d_msgs/include/soccer_vision_3d_msgs/soccer_vision_3d_msgs/msg/detail/ball__type_support.hpp
[0.991s] -- Up-to-date: /home/ivan/Webots_YOLOv8/install/soccer_vision_3d_msgs/include/soccer_vision_3d_msgs/soccer_vision_3d_msgs/msg/detail/goalpost_array__traits.hpp
[0.991s] -- Up-to-date: /home/ivan/Webots_YOLOv8/install/soccer_vision_3d_msgs/include/soccer_vision_3d_msgs/soccer_vision_3d_msgs/msg/detail/robot_array__builder.hpp
[0.992s] -- Up-to-date: /home/ivan/Webots_YOLOv8/install/soccer_vision_3d_msgs/include/soccer_vision_3d_msgs/soccer_vision_3d_msgs/msg/detail/field_boundary__struct.hpp
[0.992s] -- Up-to-date: /home/ivan/Webots_YOLOv8/install/soccer_vision_3d_msgs/include/soccer_vision_3d_msgs/soccer_vision_3d_msgs/msg/detail/obstacle__traits.hpp
[0.992s] -- Up-to-date: /home/ivan/Webots_YOLOv8/install/soccer_vision_3d_msgs/include/soccer_vision_3d_msgs/soccer_vision_3d_msgs/msg/detail/goalpost__struct.hpp
[0.992s] -- Up-to-date: /home/ivan/Webots_YOLOv8/install/soccer_vision_3d_msgs/include/soccer_vision_3d_msgs/soccer_vision_3d_msgs/msg/detail/robot_array__struct.hpp
[0.992s] -- Up-to-date: /home/ivan/Webots_YOLOv8/install/soccer_vision_3d_msgs/include/soccer_vision_3d_msgs/soccer_vision_3d_msgs/msg/detail/obstacle__struct.hpp
[0.992s] -- Up-to-date: /home/ivan/Webots_YOLOv8/install/soccer_vision_3d_msgs/include/soccer_vision_3d_msgs/soccer_vision_3d_msgs/msg/detail/marking_ellipse__builder.hpp
[0.992s] -- Up-to-date: /home/ivan/Webots_YOLOv8/install/soccer_vision_3d_msgs/include/soccer_vision_3d_msgs/soccer_vision_3d_msgs/msg/detail/marking_ellipse__struct.hpp
[0.992s] -- Up-to-date: /home/ivan/Webots_YOLOv8/install/soccer_vision_3d_msgs/include/soccer_vision_3d_msgs/soccer_vision_3d_msgs/msg/detail/obstacle_array__struct.hpp
[0.992s] -- Up-to-date: /home/ivan/Webots_YOLOv8/install/soccer_vision_3d_msgs/include/soccer_vision_3d_msgs/soccer_vision_3d_msgs/msg/detail/ball__traits.hpp
[0.993s] -- Up-to-date: /home/ivan/Webots_YOLOv8/install/soccer_vision_3d_msgs/include/soccer_vision_3d_msgs/soccer_vision_3d_msgs/msg/detail/marking_array__traits.hpp
[0.993s] -- Up-to-date: /home/ivan/Webots_YOLOv8/install/soccer_vision_3d_msgs/include/soccer_vision_3d_msgs/soccer_vision_3d_msgs/msg/detail/marking_segment__traits.hpp
[0.993s] -- Up-to-date: /home/ivan/Webots_YOLOv8/install/soccer_vision_3d_msgs/include/soccer_vision_3d_msgs/soccer_vision_3d_msgs/msg/detail/robot__builder.hpp
[0.993s] -- Up-to-date: /home/ivan/Webots_YOLOv8/install/soccer_vision_3d_msgs/include/soccer_vision_3d_msgs/soccer_vision_3d_msgs/msg/detail/robot__type_support.hpp
[0.993s] -- Up-to-date: /home/ivan/Webots_YOLOv8/install/soccer_vision_3d_msgs/include/soccer_vision_3d_msgs/soccer_vision_3d_msgs/msg/detail/marking_segment__type_support.hpp
[0.993s] -- Up-to-date: /home/ivan/Webots_YOLOv8/install/soccer_vision_3d_msgs/include/soccer_vision_3d_msgs/soccer_vision_3d_msgs/msg/detail/goalpost_array__builder.hpp
[0.993s] -- Up-to-date: /home/ivan/Webots_YOLOv8/install/soccer_vision_3d_msgs/include/soccer_vision_3d_msgs/soccer_vision_3d_msgs/msg/ball_array.hpp
[0.993s] -- Up-to-date: /home/ivan/Webots_YOLOv8/install/soccer_vision_3d_msgs/include/soccer_vision_3d_msgs/soccer_vision_3d_msgs/msg/goalpost_array.hpp
[0.993s] -- Up-to-date: /home/ivan/Webots_YOLOv8/install/soccer_vision_3d_msgs/include/soccer_vision_3d_msgs/soccer_vision_3d_msgs/msg/ball.hpp
[0.993s] -- Up-to-date: /home/ivan/Webots_YOLOv8/install/soccer_vision_3d_msgs/include/soccer_vision_3d_msgs/soccer_vision_3d_msgs/msg/rosidl_generator_cpp__visibility_control.hpp
[0.993s] -- Up-to-date: /home/ivan/Webots_YOLOv8/install/soccer_vision_3d_msgs/include/soccer_vision_3d_msgs/soccer_vision_3d_msgs/msg/marking_ellipse.hpp
[0.994s] -- Up-to-date: /home/ivan/Webots_YOLOv8/install/soccer_vision_3d_msgs/include/soccer_vision_3d_msgs/soccer_vision_3d_msgs/msg/robot.hpp
[0.994s] -- Up-to-date: /home/ivan/Webots_YOLOv8/install/soccer_vision_3d_msgs/include/soccer_vision_3d_msgs/soccer_vision_3d_msgs/msg/obstacle_array.hpp
[0.994s] -- Up-to-date: /home/ivan/Webots_YOLOv8/install/soccer_vision_3d_msgs/include/soccer_vision_3d_msgs/soccer_vision_3d_msgs/msg/marking_array.hpp
[0.994s] -- Up-to-date: /home/ivan/Webots_YOLOv8/install/soccer_vision_3d_msgs/include/soccer_vision_3d_msgs/soccer_vision_3d_msgs/msg/marking_segment.hpp
[0.994s] -- Up-to-date: /home/ivan/Webots_YOLOv8/install/soccer_vision_3d_msgs/include/soccer_vision_3d_msgs/soccer_vision_3d_msgs/msg/goalpost.hpp
[0.994s] -- Up-to-date: /home/ivan/Webots_YOLOv8/install/soccer_vision_3d_msgs/include/soccer_vision_3d_msgs/soccer_vision_3d_msgs/msg/obstacle.hpp
[0.994s] -- Up-to-date: /home/ivan/Webots_YOLOv8/install/soccer_vision_3d_msgs/include/soccer_vision_3d_msgs/soccer_vision_3d_msgs/msg/marking_intersection.hpp
[0.994s] -- Up-to-date: /home/ivan/Webots_YOLOv8/install/soccer_vision_3d_msgs/include/soccer_vision_3d_msgs/soccer_vision_3d_msgs/msg/robot_array.hpp
[0.994s] -- Up-to-date: /home/ivan/Webots_YOLOv8/install/soccer_vision_3d_msgs/include/soccer_vision_3d_msgs/soccer_vision_3d_msgs/msg/field_boundary.hpp
[0.994s] -- Up-to-date: /home/ivan/Webots_YOLOv8/install/soccer_vision_3d_msgs/include/soccer_vision_3d_msgs/soccer_vision_3d_msgs
[0.995s] -- Up-to-date: /home/ivan/Webots_YOLOv8/install/soccer_vision_3d_msgs/include/soccer_vision_3d_msgs/soccer_vision_3d_msgs/msg
[0.995s] -- Up-to-date: /home/ivan/Webots_YOLOv8/install/soccer_vision_3d_msgs/include/soccer_vision_3d_msgs/soccer_vision_3d_msgs/msg/detail
[0.995s] -- Up-to-date: /home/ivan/Webots_YOLOv8/install/soccer_vision_3d_msgs/include/soccer_vision_3d_msgs/soccer_vision_3d_msgs/msg/detail/robot_array__rosidl_typesupport_fastrtps_cpp.hpp
[0.995s] -- Up-to-date: /home/ivan/Webots_YOLOv8/install/soccer_vision_3d_msgs/include/soccer_vision_3d_msgs/soccer_vision_3d_msgs/msg/detail/obstacle_array__rosidl_typesupport_fastrtps_cpp.hpp
[0.995s] -- Up-to-date: /home/ivan/Webots_YOLOv8/install/soccer_vision_3d_msgs/include/soccer_vision_3d_msgs/soccer_vision_3d_msgs/msg/detail/dds_fastrtps
[0.995s] -- Up-to-date: /home/ivan/Webots_YOLOv8/install/soccer_vision_3d_msgs/include/soccer_vision_3d_msgs/soccer_vision_3d_msgs/msg/detail/marking_ellipse__rosidl_typesupport_fastrtps_cpp.hpp
[0.995s] -- Up-to-date: /home/ivan/Webots_YOLOv8/install/soccer_vision_3d_msgs/include/soccer_vision_3d_msgs/soccer_vision_3d_msgs/msg/detail/obstacle__rosidl_typesupport_fastrtps_cpp.hpp
[0.995s] -- Up-to-date: /home/ivan/Webots_YOLOv8/install/soccer_vision_3d_msgs/include/soccer_vision_3d_msgs/soccer_vision_3d_msgs/msg/detail/robot__rosidl_typesupport_fastrtps_cpp.hpp
[0.996s] -- Up-to-date: /home/ivan/Webots_YOLOv8/install/soccer_vision_3d_msgs/include/soccer_vision_3d_msgs/soccer_vision_3d_msgs/msg/detail/marking_array__rosidl_typesupport_fastrtps_cpp.hpp
[0.996s] -- Up-to-date: /home/ivan/Webots_YOLOv8/install/soccer_vision_3d_msgs/include/soccer_vision_3d_msgs/soccer_vision_3d_msgs/msg/detail/ball__rosidl_typesupport_fastrtps_cpp.hpp
[0.996s] -- Up-to-date: /home/ivan/Webots_YOLOv8/install/soccer_vision_3d_msgs/include/soccer_vision_3d_msgs/soccer_vision_3d_msgs/msg/detail/field_boundary__rosidl_typesupport_fastrtps_cpp.hpp
[0.996s] -- Up-to-date: /home/ivan/Webots_YOLOv8/install/soccer_vision_3d_msgs/include/soccer_vision_3d_msgs/soccer_vision_3d_msgs/msg/detail/goalpost__rosidl_typesupport_fastrtps_cpp.hpp
[0.996s] -- Up-to-date: /home/ivan/Webots_YOLOv8/install/soccer_vision_3d_msgs/include/soccer_vision_3d_msgs/soccer_vision_3d_msgs/msg/detail/marking_segment__rosidl_typesupport_fastrtps_cpp.hpp
[0.996s] -- Up-to-date: /home/ivan/Webots_YOLOv8/install/soccer_vision_3d_msgs/include/soccer_vision_3d_msgs/soccer_vision_3d_msgs/msg/detail/goalpost_array__rosidl_typesupport_fastrtps_cpp.hpp
[0.996s] -- Up-to-date: /home/ivan/Webots_YOLOv8/install/soccer_vision_3d_msgs/include/soccer_vision_3d_msgs/soccer_vision_3d_msgs/msg/detail/ball_array__rosidl_typesupport_fastrtps_cpp.hpp
[0.996s] -- Up-to-date: /home/ivan/Webots_YOLOv8/install/soccer_vision_3d_msgs/include/soccer_vision_3d_msgs/soccer_vision_3d_msgs/msg/detail/marking_intersection__rosidl_typesupport_fastrtps_cpp.hpp
[0.996s] -- Up-to-date: /home/ivan/Webots_YOLOv8/install/soccer_vision_3d_msgs/include/soccer_vision_3d_msgs/soccer_vision_3d_msgs/msg/rosidl_typesupport_fastrtps_cpp__visibility_control.h
[0.997s] -- Up-to-date: /home/ivan/Webots_YOLOv8/install/soccer_vision_3d_msgs/lib/libsoccer_vision_3d_msgs__rosidl_typesupport_fastrtps_cpp.so
[0.997s] -- Up-to-date: /home/ivan/Webots_YOLOv8/install/soccer_vision_3d_msgs/include/soccer_vision_3d_msgs/soccer_vision_3d_msgs
[0.997s] -- Up-to-date: /home/ivan/Webots_YOLOv8/install/soccer_vision_3d_msgs/include/soccer_vision_3d_msgs/soccer_vision_3d_msgs/msg
[0.997s] -- Up-to-date: /home/ivan/Webots_YOLOv8/install/soccer_vision_3d_msgs/include/soccer_vision_3d_msgs/soccer_vision_3d_msgs/msg/detail
[0.997s] -- Up-to-date: /home/ivan/Webots_YOLOv8/install/soccer_vision_3d_msgs/include/soccer_vision_3d_msgs/soccer_vision_3d_msgs/msg/detail/marking_ellipse__type_support.cpp
[0.997s] -- Up-to-date: /home/ivan/Webots_YOLOv8/install/soccer_vision_3d_msgs/include/soccer_vision_3d_msgs/soccer_vision_3d_msgs/msg/detail/robot_array__type_support.cpp
[0.997s] -- Up-to-date: /home/ivan/Webots_YOLOv8/install/soccer_vision_3d_msgs/include/soccer_vision_3d_msgs/soccer_vision_3d_msgs/msg/detail/goalpost_array__type_support.cpp
[0.997s] -- Up-to-date: /home/ivan/Webots_YOLOv8/install/soccer_vision_3d_msgs/include/soccer_vision_3d_msgs/soccer_vision_3d_msgs/msg/detail/ball_array__type_support.cpp
[0.997s] -- Up-to-date: /home/ivan/Webots_YOLOv8/install/soccer_vision_3d_msgs/include/soccer_vision_3d_msgs/soccer_vision_3d_msgs/msg/detail/marking_segment__type_support.cpp
[0.998s] -- Up-to-date: /home/ivan/Webots_YOLOv8/install/soccer_vision_3d_msgs/include/soccer_vision_3d_msgs/soccer_vision_3d_msgs/msg/detail/robot__rosidl_typesupport_introspection_cpp.hpp
[0.998s] -- Up-to-date: /home/ivan/Webots_YOLOv8/install/soccer_vision_3d_msgs/include/soccer_vision_3d_msgs/soccer_vision_3d_msgs/msg/detail/field_boundary__rosidl_typesupport_introspection_cpp.hpp
[0.998s] -- Up-to-date: /home/ivan/Webots_YOLOv8/install/soccer_vision_3d_msgs/include/soccer_vision_3d_msgs/soccer_vision_3d_msgs/msg/detail/ball__rosidl_typesupport_introspection_cpp.hpp
[0.998s] -- Up-to-date: /home/ivan/Webots_YOLOv8/install/soccer_vision_3d_msgs/include/soccer_vision_3d_msgs/soccer_vision_3d_msgs/msg/detail/ball_array__rosidl_typesupport_introspection_cpp.hpp
[0.998s] -- Up-to-date: /home/ivan/Webots_YOLOv8/install/soccer_vision_3d_msgs/include/soccer_vision_3d_msgs/soccer_vision_3d_msgs/msg/detail/obstacle__rosidl_typesupport_introspection_cpp.hpp
[0.998s] -- Up-to-date: /home/ivan/Webots_YOLOv8/install/soccer_vision_3d_msgs/include/soccer_vision_3d_msgs/soccer_vision_3d_msgs/msg/detail/obstacle__type_support.cpp
[0.998s] -- Up-to-date: /home/ivan/Webots_YOLOv8/install/soccer_vision_3d_msgs/include/soccer_vision_3d_msgs/soccer_vision_3d_msgs/msg/detail/robot_array__rosidl_typesupport_introspection_cpp.hpp
[0.998s] -- Up-to-date: /home/ivan/Webots_YOLOv8/install/soccer_vision_3d_msgs/include/soccer_vision_3d_msgs/soccer_vision_3d_msgs/msg/detail/obstacle_array__type_support.cpp
[0.998s] -- Up-to-date: /home/ivan/Webots_YOLOv8/install/soccer_vision_3d_msgs/include/soccer_vision_3d_msgs/soccer_vision_3d_msgs/msg/detail/marking_segment__rosidl_typesupport_introspection_cpp.hpp
[0.999s] -- Up-to-date: /home/ivan/Webots_YOLOv8/install/soccer_vision_3d_msgs/include/soccer_vision_3d_msgs/soccer_vision_3d_msgs/msg/detail/goalpost__rosidl_typesupport_introspection_cpp.hpp
[0.999s] -- Up-to-date: /home/ivan/Webots_YOLOv8/install/soccer_vision_3d_msgs/include/soccer_vision_3d_msgs/soccer_vision_3d_msgs/msg/detail/marking_intersection__rosidl_typesupport_introspection_cpp.hpp
[0.999s] -- Up-to-date: /home/ivan/Webots_YOLOv8/install/soccer_vision_3d_msgs/include/soccer_vision_3d_msgs/soccer_vision_3d_msgs/msg/detail/marking_array__type_support.cpp
[0.999s] -- Up-to-date: /home/ivan/Webots_YOLOv8/install/soccer_vision_3d_msgs/include/soccer_vision_3d_msgs/soccer_vision_3d_msgs/msg/detail/marking_ellipse__rosidl_typesupport_introspection_cpp.hpp
[0.999s] -- Up-to-date: /home/ivan/Webots_YOLOv8/install/soccer_vision_3d_msgs/include/soccer_vision_3d_msgs/soccer_vision_3d_msgs/msg/detail/goalpost_array__rosidl_typesupport_introspection_cpp.hpp
[0.999s] -- Up-to-date: /home/ivan/Webots_YOLOv8/install/soccer_vision_3d_msgs/include/soccer_vision_3d_msgs/soccer_vision_3d_msgs/msg/detail/field_boundary__type_support.cpp
[0.999s] -- Up-to-date: /home/ivan/Webots_YOLOv8/install/soccer_vision_3d_msgs/include/soccer_vision_3d_msgs/soccer_vision_3d_msgs/msg/detail/ball__type_support.cpp
[0.999s] -- Up-to-date: /home/ivan/Webots_YOLOv8/install/soccer_vision_3d_msgs/include/soccer_vision_3d_msgs/soccer_vision_3d_msgs/msg/detail/goalpost__type_support.cpp
[0.999s] -- Up-to-date: /home/ivan/Webots_YOLOv8/install/soccer_vision_3d_msgs/include/soccer_vision_3d_msgs/soccer_vision_3d_msgs/msg/detail/obstacle_array__rosidl_typesupport_introspection_cpp.hpp
[1.000s] -- Up-to-date: /home/ivan/Webots_YOLOv8/install/soccer_vision_3d_msgs/include/soccer_vision_3d_msgs/soccer_vision_3d_msgs/msg/detail/marking_intersection__type_support.cpp
[1.000s] -- Up-to-date: /home/ivan/Webots_YOLOv8/install/soccer_vision_3d_msgs/include/soccer_vision_3d_msgs/soccer_vision_3d_msgs/msg/detail/marking_array__rosidl_typesupport_introspection_cpp.hpp
[1.000s] -- Up-to-date: /home/ivan/Webots_YOLOv8/install/soccer_vision_3d_msgs/include/soccer_vision_3d_msgs/soccer_vision_3d_msgs/msg/detail/robot__type_support.cpp
[1.000s] -- Up-to-date: /home/ivan/Webots_YOLOv8/install/soccer_vision_3d_msgs/lib/libsoccer_vision_3d_msgs__rosidl_typesupport_introspection_cpp.so
[1.000s] -- Up-to-date: /home/ivan/Webots_YOLOv8/install/soccer_vision_3d_msgs/lib/libsoccer_vision_3d_msgs__rosidl_typesupport_cpp.so
[1.000s] -- Up-to-date: /home/ivan/Webots_YOLOv8/install/soccer_vision_3d_msgs/share/soccer_vision_3d_msgs/environment/pythonpath.sh
[1.000s] -- Up-to-date: /home/ivan/Webots_YOLOv8/install/soccer_vision_3d_msgs/share/soccer_vision_3d_msgs/environment/pythonpath.dsv
[1.001s] -- Up-to-date: /home/ivan/Webots_YOLOv8/install/soccer_vision_3d_msgs/local/lib/python3.10/dist-packages/soccer_vision_3d_msgs-1.0.0-py3.10.egg-info
[1.001s] -- Installing: /home/ivan/Webots_YOLOv8/install/soccer_vision_3d_msgs/local/lib/python3.10/dist-packages/soccer_vision_3d_msgs-1.0.0-py3.10.egg-info/top_level.txt
[1.005s] -- Installing: /home/ivan/Webots_YOLOv8/install/soccer_vision_3d_msgs/local/lib/python3.10/dist-packages/soccer_vision_3d_msgs-1.0.0-py3.10.egg-info/dependency_links.txt
[1.005s] -- Installing: /home/ivan/Webots_YOLOv8/install/soccer_vision_3d_msgs/local/lib/python3.10/dist-packages/soccer_vision_3d_msgs-1.0.0-py3.10.egg-info/SOURCES.txt
[1.005s] -- Installing: /home/ivan/Webots_YOLOv8/install/soccer_vision_3d_msgs/local/lib/python3.10/dist-packages/soccer_vision_3d_msgs-1.0.0-py3.10.egg-info/PKG-INFO
[1.007s] -- Up-to-date: /home/ivan/Webots_YOLOv8/install/soccer_vision_3d_msgs/local/lib/python3.10/dist-packages/soccer_vision_3d_msgs
[1.007s] -- Up-to-date: /home/ivan/Webots_YOLOv8/install/soccer_vision_3d_msgs/local/lib/python3.10/dist-packages/soccer_vision_3d_msgs/soccer_vision_3d_msgs_s__rosidl_typesupport_c.cpython-310-x86_64-linux-gnu.so
[1.007s] -- Up-to-date: /home/ivan/Webots_YOLOv8/install/soccer_vision_3d_msgs/local/lib/python3.10/dist-packages/soccer_vision_3d_msgs/_soccer_vision_3d_msgs_s.ep.rosidl_typesupport_fastrtps_c.c
[1.007s] -- Up-to-date: /home/ivan/Webots_YOLOv8/install/soccer_vision_3d_msgs/local/lib/python3.10/dist-packages/soccer_vision_3d_msgs/msg
[1.008s] -- Up-to-date: /home/ivan/Webots_YOLOv8/install/soccer_vision_3d_msgs/local/lib/python3.10/dist-packages/soccer_vision_3d_msgs/msg/_ball_array.py
[1.009s] -- Up-to-date: /home/ivan/Webots_YOLOv8/install/soccer_vision_3d_msgs/local/lib/python3.10/dist-packages/soccer_vision_3d_msgs/msg/_marking_segment.py
[1.009s] -- Up-to-date: /home/ivan/Webots_YOLOv8/install/soccer_vision_3d_msgs/local/lib/python3.10/dist-packages/soccer_vision_3d_msgs/msg/_goalpost.py
[1.009s] -- Up-to-date: /home/ivan/Webots_YOLOv8/install/soccer_vision_3d_msgs/local/lib/python3.10/dist-packages/soccer_vision_3d_msgs/msg/_obstacle_s.c
[1.009s] -- Up-to-date: /home/ivan/Webots_YOLOv8/install/soccer_vision_3d_msgs/local/lib/python3.10/dist-packages/soccer_vision_3d_msgs/msg/_robot_s.c
[1.009s] -- Up-to-date: /home/ivan/Webots_YOLOv8/install/soccer_vision_3d_msgs/local/lib/python3.10/dist-packages/soccer_vision_3d_msgs/msg/_robot_array.py
[1.009s] -- Up-to-date: /home/ivan/Webots_YOLOv8/install/soccer_vision_3d_msgs/local/lib/python3.10/dist-packages/soccer_vision_3d_msgs/msg/_marking_array_s.c
[1.009s] -- Up-to-date: /home/ivan/Webots_YOLOv8/install/soccer_vision_3d_msgs/local/lib/python3.10/dist-packages/soccer_vision_3d_msgs/msg/_marking_array.py
[1.009s] -- Up-to-date: /home/ivan/Webots_YOLOv8/install/soccer_vision_3d_msgs/local/lib/python3.10/dist-packages/soccer_vision_3d_msgs/msg/_marking_intersection.py
[1.009s] -- Up-to-date: /home/ivan/Webots_YOLOv8/install/soccer_vision_3d_msgs/local/lib/python3.10/dist-packages/soccer_vision_3d_msgs/msg/_goalpost_array.py
[1.009s] -- Up-to-date: /home/ivan/Webots_YOLOv8/install/soccer_vision_3d_msgs/local/lib/python3.10/dist-packages/soccer_vision_3d_msgs/msg/_ball_array_s.c
[1.010s] -- Up-to-date: /home/ivan/Webots_YOLOv8/install/soccer_vision_3d_msgs/local/lib/python3.10/dist-packages/soccer_vision_3d_msgs/msg/_obstacle_array.py
[1.010s] -- Up-to-date: /home/ivan/Webots_YOLOv8/install/soccer_vision_3d_msgs/local/lib/python3.10/dist-packages/soccer_vision_3d_msgs/msg/__init__.py
[1.010s] -- Up-to-date: /home/ivan/Webots_YOLOv8/install/soccer_vision_3d_msgs/local/lib/python3.10/dist-packages/soccer_vision_3d_msgs/msg/_goalpost_array_s.c
[1.010s] -- Up-to-date: /home/ivan/Webots_YOLOv8/install/soccer_vision_3d_msgs/local/lib/python3.10/dist-packages/soccer_vision_3d_msgs/msg/_ball_s.c
[1.010s] -- Up-to-date: /home/ivan/Webots_YOLOv8/install/soccer_vision_3d_msgs/local/lib/python3.10/dist-packages/soccer_vision_3d_msgs/msg/_marking_intersection_s.c
[1.011s] -- Up-to-date: /home/ivan/Webots_YOLOv8/install/soccer_vision_3d_msgs/local/lib/python3.10/dist-packages/soccer_vision_3d_msgs/msg/_obstacle_array_s.c
[1.011s] -- Up-to-date: /home/ivan/Webots_YOLOv8/install/soccer_vision_3d_msgs/local/lib/python3.10/dist-packages/soccer_vision_3d_msgs/msg/_field_boundary_s.c
[1.011s] -- Up-to-date: /home/ivan/Webots_YOLOv8/install/soccer_vision_3d_msgs/local/lib/python3.10/dist-packages/soccer_vision_3d_msgs/msg/_obstacle.py
[1.011s] -- Up-to-date: /home/ivan/Webots_YOLOv8/install/soccer_vision_3d_msgs/local/lib/python3.10/dist-packages/soccer_vision_3d_msgs/msg/_marking_segment_s.c
[1.011s] -- Up-to-date: /home/ivan/Webots_YOLOv8/install/soccer_vision_3d_msgs/local/lib/python3.10/dist-packages/soccer_vision_3d_msgs/msg/_marking_ellipse_s.c
[1.011s] -- Up-to-date: /home/ivan/Webots_YOLOv8/install/soccer_vision_3d_msgs/local/lib/python3.10/dist-packages/soccer_vision_3d_msgs/msg/_field_boundary.py
[1.011s] -- Up-to-date: /home/ivan/Webots_YOLOv8/install/soccer_vision_3d_msgs/local/lib/python3.10/dist-packages/soccer_vision_3d_msgs/msg/_robot_array_s.c
[1.011s] -- Up-to-date: /home/ivan/Webots_YOLOv8/install/soccer_vision_3d_msgs/local/lib/python3.10/dist-packages/soccer_vision_3d_msgs/msg/_robot.py
[1.012s] -- Up-to-date: /home/ivan/Webots_YOLOv8/install/soccer_vision_3d_msgs/local/lib/python3.10/dist-packages/soccer_vision_3d_msgs/msg/_goalpost_s.c
[1.012s] -- Up-to-date: /home/ivan/Webots_YOLOv8/install/soccer_vision_3d_msgs/local/lib/python3.10/dist-packages/soccer_vision_3d_msgs/msg/_marking_ellipse.py
[1.012s] -- Up-to-date: /home/ivan/Webots_YOLOv8/install/soccer_vision_3d_msgs/local/lib/python3.10/dist-packages/soccer_vision_3d_msgs/msg/_ball.py
[1.012s] -- Up-to-date: /home/ivan/Webots_YOLOv8/install/soccer_vision_3d_msgs/local/lib/python3.10/dist-packages/soccer_vision_3d_msgs/_soccer_vision_3d_msgs_s.ep.rosidl_typesupport_introspection_c.c
[1.012s] -- Up-to-date: /home/ivan/Webots_YOLOv8/install/soccer_vision_3d_msgs/local/lib/python3.10/dist-packages/soccer_vision_3d_msgs/__init__.py
[1.012s] -- Up-to-date: /home/ivan/Webots_YOLOv8/install/soccer_vision_3d_msgs/local/lib/python3.10/dist-packages/soccer_vision_3d_msgs/soccer_vision_3d_msgs_s__rosidl_typesupport_fastrtps_c.cpython-310-x86_64-linux-gnu.so
[1.012s] -- Up-to-date: /home/ivan/Webots_YOLOv8/install/soccer_vision_3d_msgs/local/lib/python3.10/dist-packages/soccer_vision_3d_msgs/_soccer_vision_3d_msgs_s.ep.rosidl_typesupport_c.c
[1.012s] -- Up-to-date: /home/ivan/Webots_YOLOv8/install/soccer_vision_3d_msgs/local/lib/python3.10/dist-packages/soccer_vision_3d_msgs/soccer_vision_3d_msgs_s__rosidl_typesupport_introspection_c.cpython-310-x86_64-linux-gnu.so
[1.012s] -- Up-to-date: /home/ivan/Webots_YOLOv8/install/soccer_vision_3d_msgs/local/lib/python3.10/dist-packages/soccer_vision_3d_msgs/libsoccer_vision_3d_msgs__rosidl_generator_py.so
[1.042s] Listing '/home/ivan/Webots_YOLOv8/install/soccer_vision_3d_msgs/local/lib/python3.10/dist-packages/soccer_vision_3d_msgs'...
[1.043s] Listing '/home/ivan/Webots_YOLOv8/install/soccer_vision_3d_msgs/local/lib/python3.10/dist-packages/soccer_vision_3d_msgs/msg'...
[1.043s] -- Up-to-date: /home/ivan/Webots_YOLOv8/install/soccer_vision_3d_msgs/local/lib/python3.10/dist-packages/soccer_vision_3d_msgs/soccer_vision_3d_msgs_s__rosidl_typesupport_fastrtps_c.cpython-310-x86_64-linux-gnu.so
[1.043s] -- Up-to-date: /home/ivan/Webots_YOLOv8/install/soccer_vision_3d_msgs/local/lib/python3.10/dist-packages/soccer_vision_3d_msgs/soccer_vision_3d_msgs_s__rosidl_typesupport_introspection_c.cpython-310-x86_64-linux-gnu.so
[1.043s] -- Up-to-date: /home/ivan/Webots_YOLOv8/install/soccer_vision_3d_msgs/local/lib/python3.10/dist-packages/soccer_vision_3d_msgs/soccer_vision_3d_msgs_s__rosidl_typesupport_c.cpython-310-x86_64-linux-gnu.so
[1.043s] -- Up-to-date: /home/ivan/Webots_YOLOv8/install/soccer_vision_3d_msgs/lib/libsoccer_vision_3d_msgs__rosidl_generator_py.so
[1.043s] -- Up-to-date: /home/ivan/Webots_YOLOv8/install/soccer_vision_3d_msgs/share/soccer_vision_3d_msgs/msg/Ball.idl
[1.043s] -- Up-to-date: /home/ivan/Webots_YOLOv8/install/soccer_vision_3d_msgs/share/soccer_vision_3d_msgs/msg/BallArray.idl
[1.043s] -- Up-to-date: /home/ivan/Webots_YOLOv8/install/soccer_vision_3d_msgs/share/soccer_vision_3d_msgs/msg/FieldBoundary.idl
[1.044s] -- Up-to-date: /home/ivan/Webots_YOLOv8/install/soccer_vision_3d_msgs/share/soccer_vision_3d_msgs/msg/Goalpost.idl
[1.044s] -- Up-to-date: /home/ivan/Webots_YOLOv8/install/soccer_vision_3d_msgs/share/soccer_vision_3d_msgs/msg/GoalpostArray.idl
[1.044s] -- Up-to-date: /home/ivan/Webots_YOLOv8/install/soccer_vision_3d_msgs/share/soccer_vision_3d_msgs/msg/MarkingEllipse.idl
[1.044s] -- Up-to-date: /home/ivan/Webots_YOLOv8/install/soccer_vision_3d_msgs/share/soccer_vision_3d_msgs/msg/MarkingIntersection.idl
[1.044s] -- Up-to-date: /home/ivan/Webots_YOLOv8/install/soccer_vision_3d_msgs/share/soccer_vision_3d_msgs/msg/MarkingSegment.idl
[1.044s] -- Up-to-date: /home/ivan/Webots_YOLOv8/install/soccer_vision_3d_msgs/share/soccer_vision_3d_msgs/msg/MarkingArray.idl
[1.044s] -- Up-to-date: /home/ivan/Webots_YOLOv8/install/soccer_vision_3d_msgs/share/soccer_vision_3d_msgs/msg/Obstacle.idl
[1.044s] -- Up-to-date: /home/ivan/Webots_YOLOv8/install/soccer_vision_3d_msgs/share/soccer_vision_3d_msgs/msg/ObstacleArray.idl
[1.045s] -- Up-to-date: /home/ivan/Webots_YOLOv8/install/soccer_vision_3d_msgs/share/soccer_vision_3d_msgs/msg/Robot.idl
[1.045s] -- Up-to-date: /home/ivan/Webots_YOLOv8/install/soccer_vision_3d_msgs/share/soccer_vision_3d_msgs/msg/RobotArray.idl
[1.045s] -- Up-to-date: /home/ivan/Webots_YOLOv8/install/soccer_vision_3d_msgs/share/soccer_vision_3d_msgs/msg/Ball.msg
[1.045s] -- Up-to-date: /home/ivan/Webots_YOLOv8/install/soccer_vision_3d_msgs/share/soccer_vision_3d_msgs/msg/BallArray.msg
[1.045s] -- Up-to-date: /home/ivan/Webots_YOLOv8/install/soccer_vision_3d_msgs/share/soccer_vision_3d_msgs/msg/FieldBoundary.msg
[1.045s] -- Up-to-date: /home/ivan/Webots_YOLOv8/install/soccer_vision_3d_msgs/share/soccer_vision_3d_msgs/msg/Goalpost.msg
[1.045s] -- Up-to-date: /home/ivan/Webots_YOLOv8/install/soccer_vision_3d_msgs/share/soccer_vision_3d_msgs/msg/GoalpostArray.msg
[1.045s] -- Up-to-date: /home/ivan/Webots_YOLOv8/install/soccer_vision_3d_msgs/share/soccer_vision_3d_msgs/msg/MarkingEllipse.msg
[1.045s] -- Up-to-date: /home/ivan/Webots_YOLOv8/install/soccer_vision_3d_msgs/share/soccer_vision_3d_msgs/msg/MarkingIntersection.msg
[1.046s] -- Up-to-date: /home/ivan/Webots_YOLOv8/install/soccer_vision_3d_msgs/share/soccer_vision_3d_msgs/msg/MarkingSegment.msg
[1.046s] -- Up-to-date: /home/ivan/Webots_YOLOv8/install/soccer_vision_3d_msgs/share/soccer_vision_3d_msgs/msg/MarkingArray.msg
[1.046s] -- Up-to-date: /home/ivan/Webots_YOLOv8/install/soccer_vision_3d_msgs/share/soccer_vision_3d_msgs/msg/Obstacle.msg
[1.046s] -- Up-to-date: /home/ivan/Webots_YOLOv8/install/soccer_vision_3d_msgs/share/soccer_vision_3d_msgs/msg/ObstacleArray.msg
[1.046s] -- Up-to-date: /home/ivan/Webots_YOLOv8/install/soccer_vision_3d_msgs/share/soccer_vision_3d_msgs/msg/Robot.msg
[1.046s] -- Up-to-date: /home/ivan/Webots_YOLOv8/install/soccer_vision_3d_msgs/share/soccer_vision_3d_msgs/msg/RobotArray.msg
[1.046s] -- Up-to-date: /home/ivan/Webots_YOLOv8/install/soccer_vision_3d_msgs/share/ament_index/resource_index/package_run_dependencies/soccer_vision_3d_msgs
[1.046s] -- Up-to-date: /home/ivan/Webots_YOLOv8/install/soccer_vision_3d_msgs/share/ament_index/resource_index/parent_prefix_path/soccer_vision_3d_msgs
[1.046s] -- Up-to-date: /home/ivan/Webots_YOLOv8/install/soccer_vision_3d_msgs/share/soccer_vision_3d_msgs/environment/ament_prefix_path.sh
[1.046s] -- Up-to-date: /home/ivan/Webots_YOLOv8/install/soccer_vision_3d_msgs/share/soccer_vision_3d_msgs/environment/ament_prefix_path.dsv
[1.047s] -- Up-to-date: /home/ivan/Webots_YOLOv8/install/soccer_vision_3d_msgs/share/soccer_vision_3d_msgs/environment/path.sh
[1.047s] -- Up-to-date: /home/ivan/Webots_YOLOv8/install/soccer_vision_3d_msgs/share/soccer_vision_3d_msgs/environment/path.dsv
[1.047s] -- Up-to-date: /home/ivan/Webots_YOLOv8/install/soccer_vision_3d_msgs/share/soccer_vision_3d_msgs/local_setup.bash
[1.047s] -- Up-to-date: /home/ivan/Webots_YOLOv8/install/soccer_vision_3d_msgs/share/soccer_vision_3d_msgs/local_setup.sh
[1.047s] -- Up-to-date: /home/ivan/Webots_YOLOv8/install/soccer_vision_3d_msgs/share/soccer_vision_3d_msgs/local_setup.zsh
[1.047s] -- Up-to-date: /home/ivan/Webots_YOLOv8/install/soccer_vision_3d_msgs/share/soccer_vision_3d_msgs/local_setup.dsv
[1.047s] -- Installing: /home/ivan/Webots_YOLOv8/install/soccer_vision_3d_msgs/share/soccer_vision_3d_msgs/package.dsv
[1.047s] -- Up-to-date: /home/ivan/Webots_YOLOv8/install/soccer_vision_3d_msgs/share/ament_index/resource_index/packages/soccer_vision_3d_msgs
[1.048s] -- Up-to-date: /home/ivan/Webots_YOLOv8/install/soccer_vision_3d_msgs/share/soccer_vision_3d_msgs/cmake/export_soccer_vision_3d_msgs__rosidl_generator_cExport.cmake
[1.048s] -- Up-to-date: /home/ivan/Webots_YOLOv8/install/soccer_vision_3d_msgs/share/soccer_vision_3d_msgs/cmake/export_soccer_vision_3d_msgs__rosidl_generator_cExport-noconfig.cmake
[1.048s] -- Up-to-date: /home/ivan/Webots_YOLOv8/install/soccer_vision_3d_msgs/share/soccer_vision_3d_msgs/cmake/export_soccer_vision_3d_msgs__rosidl_typesupport_fastrtps_cExport.cmake
[1.048s] -- Up-to-date: /home/ivan/Webots_YOLOv8/install/soccer_vision_3d_msgs/share/soccer_vision_3d_msgs/cmake/export_soccer_vision_3d_msgs__rosidl_typesupport_fastrtps_cExport-noconfig.cmake
[1.048s] -- Up-to-date: /home/ivan/Webots_YOLOv8/install/soccer_vision_3d_msgs/share/soccer_vision_3d_msgs/cmake/soccer_vision_3d_msgs__rosidl_typesupport_introspection_cExport.cmake
[1.048s] -- Up-to-date: /home/ivan/Webots_YOLOv8/install/soccer_vision_3d_msgs/share/soccer_vision_3d_msgs/cmake/soccer_vision_3d_msgs__rosidl_typesupport_introspection_cExport-noconfig.cmake
[1.048s] -- Up-to-date: /home/ivan/Webots_YOLOv8/install/soccer_vision_3d_msgs/share/soccer_vision_3d_msgs/cmake/soccer_vision_3d_msgs__rosidl_typesupport_cExport.cmake
[1.048s] -- Up-to-date: /home/ivan/Webots_YOLOv8/install/soccer_vision_3d_msgs/share/soccer_vision_3d_msgs/cmake/soccer_vision_3d_msgs__rosidl_typesupport_cExport-noconfig.cmake
[1.048s] -- Up-to-date: /home/ivan/Webots_YOLOv8/install/soccer_vision_3d_msgs/share/soccer_vision_3d_msgs/cmake/export_soccer_vision_3d_msgs__rosidl_generator_cppExport.cmake
[1.049s] -- Up-to-date: /home/ivan/Webots_YOLOv8/install/soccer_vision_3d_msgs/share/soccer_vision_3d_msgs/cmake/export_soccer_vision_3d_msgs__rosidl_typesupport_fastrtps_cppExport.cmake
[1.049s] -- Up-to-date: /home/ivan/Webots_YOLOv8/install/soccer_vision_3d_msgs/share/soccer_vision_3d_msgs/cmake/export_soccer_vision_3d_msgs__rosidl_typesupport_fastrtps_cppExport-noconfig.cmake
[1.049s] -- Up-to-date: /home/ivan/Webots_YOLOv8/install/soccer_vision_3d_msgs/share/soccer_vision_3d_msgs/cmake/soccer_vision_3d_msgs__rosidl_typesupport_introspection_cppExport.cmake
[1.049s] -- Up-to-date: /home/ivan/Webots_YOLOv8/install/soccer_vision_3d_msgs/share/soccer_vision_3d_msgs/cmake/soccer_vision_3d_msgs__rosidl_typesupport_introspection_cppExport-noconfig.cmake
[1.049s] -- Up-to-date: /home/ivan/Webots_YOLOv8/install/soccer_vision_3d_msgs/share/soccer_vision_3d_msgs/cmake/soccer_vision_3d_msgs__rosidl_typesupport_cppExport.cmake
[1.050s] -- Up-to-date: /home/ivan/Webots_YOLOv8/install/soccer_vision_3d_msgs/share/soccer_vision_3d_msgs/cmake/soccer_vision_3d_msgs__rosidl_typesupport_cppExport-noconfig.cmake
[1.050s] -- Up-to-date: /home/ivan/Webots_YOLOv8/install/soccer_vision_3d_msgs/share/soccer_vision_3d_msgs/cmake/export_soccer_vision_3d_msgs__rosidl_generator_pyExport.cmake
[1.050s] -- Up-to-date: /home/ivan/Webots_YOLOv8/install/soccer_vision_3d_msgs/share/soccer_vision_3d_msgs/cmake/export_soccer_vision_3d_msgs__rosidl_generator_pyExport-noconfig.cmake
[1.050s] -- Up-to-date: /home/ivan/Webots_YOLOv8/install/soccer_vision_3d_msgs/share/soccer_vision_3d_msgs/cmake/rosidl_cmake-extras.cmake
[1.050s] -- Up-to-date: /home/ivan/Webots_YOLOv8/install/soccer_vision_3d_msgs/share/soccer_vision_3d_msgs/cmake/ament_cmake_export_dependencies-extras.cmake
[1.050s] -- Up-to-date: /home/ivan/Webots_YOLOv8/install/soccer_vision_3d_msgs/share/soccer_vision_3d_msgs/cmake/ament_cmake_export_include_directories-extras.cmake
[1.050s] -- Up-to-date: /home/ivan/Webots_YOLOv8/install/soccer_vision_3d_msgs/share/soccer_vision_3d_msgs/cmake/ament_cmake_export_libraries-extras.cmake
[1.050s] -- Up-to-date: /home/ivan/Webots_YOLOv8/install/soccer_vision_3d_msgs/share/soccer_vision_3d_msgs/cmake/ament_cmake_export_targets-extras.cmake
[1.051s] -- Up-to-date: /home/ivan/Webots_YOLOv8/install/soccer_vision_3d_msgs/share/soccer_vision_3d_msgs/cmake/rosidl_cmake_export_typesupport_targets-extras.cmake
[1.051s] -- Up-to-date: /home/ivan/Webots_YOLOv8/install/soccer_vision_3d_msgs/share/soccer_vision_3d_msgs/cmake/rosidl_cmake_export_typesupport_libraries-extras.cmake
[1.051s] -- Up-to-date: /home/ivan/Webots_YOLOv8/install/soccer_vision_3d_msgs/share/soccer_vision_3d_msgs/cmake/soccer_vision_3d_msgsConfig.cmake
[1.051s] -- Up-to-date: /home/ivan/Webots_YOLOv8/install/soccer_vision_3d_msgs/share/soccer_vision_3d_msgs/cmake/soccer_vision_3d_msgsConfig-version.cmake
[1.051s] -- Up-to-date: /home/ivan/Webots_YOLOv8/install/soccer_vision_3d_msgs/share/soccer_vision_3d_msgs/package.xml
[1.080s] Invoked command in '/home/ivan/Webots_YOLOv8/build/soccer_vision_3d_msgs' returned '0': CMAKE_PREFIX_PATH=/home/ivan/Webots_YOLOv8/install/soccer_vision_attribute_msgs:/home/ivan/Webots_YOLOv8/install/soccer_interfaces:/home/ivan/Webots_YOLOv8/install/soccer_vision_3d_msgs:/home/ivan/Webots_YOLOv8/install/soccer_vision_2d_msgs:/home/ivan/Webots_YOLOv8/install/soccer_model_msgs:/home/ivan/Webots_YOLOv8/install/soccer_geometry_msgs:/home/ivan/Webots_YOLOv8/install/ipm_interfaces:/home/ivan/Webots_YOLOv8/install/Webots_YOLOv8:/home/ivan/Webots_YOLOv8/install/soccer_ipm:/home/ivan/Webots_YOLOv8/install/my_package:/home/ivan/Webots_YOLOv8/install/ipm_service:/home/ivan/Webots_YOLOv8/install/ipm_image_node:/home/ivan/Webots_YOLOv8/install/ipm_library:/opt/ros/humble LD_LIBRARY_PATH=/home/ivan/Webots_YOLOv8/install/soccer_vision_attribute_msgs/lib:/home/ivan/Webots_YOLOv8/install/soccer_vision_3d_msgs/lib:/home/ivan/Webots_YOLOv8/install/soccer_vision_2d_msgs/lib:/home/ivan/Webots_YOLOv8/install/soccer_model_msgs/lib:/home/ivan/Webots_YOLOv8/install/soccer_geometry_msgs/lib:/home/ivan/Webots_YOLOv8/install/ipm_interfaces/lib:/opt/ros/humble/opt/rviz_ogre_vendor/lib:/opt/ros/humble/lib/x86_64-linux-gnu:/opt/ros/humble/lib /usr/bin/cmake --install /home/ivan/Webots_YOLOv8/build/soccer_vision_3d_msgs
