[0.039s] Invoking command in '/home/ivan/Webots_YOLOv8/build/ipm_interfaces': CMAKE_PREFIX_PATH=${CMAKE_PREFIX_PATH}:/home/ivan/Webots_YOLOv8/install/soccer_ipm:/home/ivan/Webots_YOLOv8/install/Webots_YOLOv8:/home/ivan/Webots_YOLOv8/install/my_package:/home/ivan/Webots_YOLOv8/install/ipm_service:/home/ivan/Webots_YOLOv8/install/ipm_image_node:/home/ivan/Webots_YOLOv8/install/ipm_library:/home/ivan/ros2_ws/install/object_finder_onnx:/home/ivan/ros2_ws/install/object_finder:/home/ivan/ros2_ws/install/my_package:/home/ivan/ros2_ws/install/Webots_YOLOv8:/opt/ros/humble /usr/bin/cmake --build /home/ivan/Webots_YOLOv8/build/ipm_interfaces -- -j12 -l12
[0.148s] [  7%] Built target ipm_interfaces__cpp
[0.148s] [ 12%] Built target ipm_interfaces__rosidl_generator_c
[0.198s] [ 12%] Built target ament_cmake_python_copy_ipm_interfaces
[0.230s] [ 23%] Built target ipm_interfaces__rosidl_typesupport_cpp
[0.254s] [ 33%] Built target ipm_interfaces__rosidl_typesupport_c
[0.291s] [ 43%] Built target ipm_interfaces__rosidl_typesupport_fastrtps_c
[0.310s] [ 53%] Built target ipm_interfaces__rosidl_typesupport_fastrtps_cpp
[0.327s] [ 64%] Built target ipm_interfaces__rosidl_typesupport_introspection_c
[0.334s] [ 74%] Built target ipm_interfaces__rosidl_typesupport_introspection_cpp
[0.404s] [ 74%] Built target ipm_interfaces
[0.456s] [ 76%] Built target ipm_interfaces__py
[0.514s] [ 84%] Built target ipm_interfaces__rosidl_generator_py
[0.577s] [ 89%] Built target ipm_interfaces__rosidl_typesupport_fastrtps_c__pyext
[0.582s] [ 94%] Built target ipm_interfaces__rosidl_typesupport_introspection_c__pyext
[0.589s] [100%] Built target ipm_interfaces__rosidl_typesupport_c__pyext
[0.770s] running egg_info
[0.772s] writing ipm_interfaces.egg-info/PKG-INFO
[0.774s] writing dependency_links to ipm_interfaces.egg-info/dependency_links.txt
[0.774s] writing top-level names to ipm_interfaces.egg-info/top_level.txt
[0.779s] reading manifest file 'ipm_interfaces.egg-info/SOURCES.txt'
[0.780s] writing manifest file 'ipm_interfaces.egg-info/SOURCES.txt'
[0.861s] [100%] Built target ament_cmake_python_build_ipm_interfaces_egg
[0.892s] Invoked command in '/home/ivan/Webots_YOLOv8/build/ipm_interfaces' returned '0': CMAKE_PREFIX_PATH=${CMAKE_PREFIX_PATH}:/home/ivan/Webots_YOLOv8/install/soccer_ipm:/home/ivan/Webots_YOLOv8/install/Webots_YOLOv8:/home/ivan/Webots_YOLOv8/install/my_package:/home/ivan/Webots_YOLOv8/install/ipm_service:/home/ivan/Webots_YOLOv8/install/ipm_image_node:/home/ivan/Webots_YOLOv8/install/ipm_library:/home/ivan/ros2_ws/install/object_finder_onnx:/home/ivan/ros2_ws/install/object_finder:/home/ivan/ros2_ws/install/my_package:/home/ivan/ros2_ws/install/Webots_YOLOv8:/opt/ros/humble /usr/bin/cmake --build /home/ivan/Webots_YOLOv8/build/ipm_interfaces -- -j12 -l12
[0.895s] Invoking command in '/home/ivan/Webots_YOLOv8/build/ipm_interfaces': CMAKE_PREFIX_PATH=${CMAKE_PREFIX_PATH}:/home/ivan/Webots_YOLOv8/install/soccer_ipm:/home/ivan/Webots_YOLOv8/install/Webots_YOLOv8:/home/ivan/Webots_YOLOv8/install/my_package:/home/ivan/Webots_YOLOv8/install/ipm_service:/home/ivan/Webots_YOLOv8/install/ipm_image_node:/home/ivan/Webots_YOLOv8/install/ipm_library:/home/ivan/ros2_ws/install/object_finder_onnx:/home/ivan/ros2_ws/install/object_finder:/home/ivan/ros2_ws/install/my_package:/home/ivan/ros2_ws/install/Webots_YOLOv8:/opt/ros/humble /usr/bin/cmake --install /home/ivan/Webots_YOLOv8/build/ipm_interfaces
[0.919s] -- Install configuration: ""
[0.919s] -- Up-to-date: /home/ivan/Webots_YOLOv8/install/ipm_interfaces/share/ament_index/resource_index/rosidl_interfaces/ipm_interfaces
[0.922s] -- Up-to-date: /home/ivan/Webots_YOLOv8/install/ipm_interfaces/include/ipm_interfaces/ipm_interfaces
[0.922s] -- Up-to-date: /home/ivan/Webots_YOLOv8/install/ipm_interfaces/include/ipm_interfaces/ipm_interfaces/srv
[0.922s] -- Up-to-date: /home/ivan/Webots_YOLOv8/install/ipm_interfaces/include/ipm_interfaces/ipm_interfaces/srv/detail
[0.923s] -- Up-to-date: /home/ivan/Webots_YOLOv8/install/ipm_interfaces/include/ipm_interfaces/ipm_interfaces/srv/detail/map_point__functions.c
[0.923s] -- Up-to-date: /home/ivan/Webots_YOLOv8/install/ipm_interfaces/include/ipm_interfaces/ipm_interfaces/srv/detail/map_point__struct.h
[0.923s] -- Up-to-date: /home/ivan/Webots_YOLOv8/install/ipm_interfaces/include/ipm_interfaces/ipm_interfaces/srv/detail/map_point__functions.h
[0.923s] -- Up-to-date: /home/ivan/Webots_YOLOv8/install/ipm_interfaces/include/ipm_interfaces/ipm_interfaces/srv/detail/map_point_cloud2__type_support.h
[0.923s] -- Up-to-date: /home/ivan/Webots_YOLOv8/install/ipm_interfaces/include/ipm_interfaces/ipm_interfaces/srv/detail/map_point_cloud2__functions.c
[0.923s] -- Up-to-date: /home/ivan/Webots_YOLOv8/install/ipm_interfaces/include/ipm_interfaces/ipm_interfaces/srv/detail/map_point_cloud2__struct.h
[0.923s] -- Up-to-date: /home/ivan/Webots_YOLOv8/install/ipm_interfaces/include/ipm_interfaces/ipm_interfaces/srv/detail/map_point__type_support.h
[0.923s] -- Up-to-date: /home/ivan/Webots_YOLOv8/install/ipm_interfaces/include/ipm_interfaces/ipm_interfaces/srv/detail/map_point_cloud2__functions.h
[0.924s] -- Up-to-date: /home/ivan/Webots_YOLOv8/install/ipm_interfaces/include/ipm_interfaces/ipm_interfaces/srv/map_point.h
[0.924s] -- Up-to-date: /home/ivan/Webots_YOLOv8/install/ipm_interfaces/include/ipm_interfaces/ipm_interfaces/srv/map_point_cloud2.h
[0.924s] -- Up-to-date: /home/ivan/Webots_YOLOv8/install/ipm_interfaces/include/ipm_interfaces/ipm_interfaces/msg
[0.924s] -- Up-to-date: /home/ivan/Webots_YOLOv8/install/ipm_interfaces/include/ipm_interfaces/ipm_interfaces/msg/rosidl_generator_c__visibility_control.h
[0.924s] -- Up-to-date: /home/ivan/Webots_YOLOv8/install/ipm_interfaces/share/ipm_interfaces/environment/library_path.sh
[0.924s] -- Up-to-date: /home/ivan/Webots_YOLOv8/install/ipm_interfaces/share/ipm_interfaces/environment/library_path.dsv
[0.925s] -- Up-to-date: /home/ivan/Webots_YOLOv8/install/ipm_interfaces/lib/libipm_interfaces__rosidl_generator_c.so
[0.925s] -- Up-to-date: /home/ivan/Webots_YOLOv8/install/ipm_interfaces/include/ipm_interfaces/ipm_interfaces
[0.925s] -- Up-to-date: /home/ivan/Webots_YOLOv8/install/ipm_interfaces/include/ipm_interfaces/ipm_interfaces/srv
[0.925s] -- Up-to-date: /home/ivan/Webots_YOLOv8/install/ipm_interfaces/include/ipm_interfaces/ipm_interfaces/srv/detail
[0.926s] -- Up-to-date: /home/ivan/Webots_YOLOv8/install/ipm_interfaces/include/ipm_interfaces/ipm_interfaces/srv/detail/map_point__rosidl_typesupport_fastrtps_c.h
[0.926s] -- Up-to-date: /home/ivan/Webots_YOLOv8/install/ipm_interfaces/include/ipm_interfaces/ipm_interfaces/srv/detail/map_point_cloud2__rosidl_typesupport_fastrtps_c.h
[0.926s] -- Up-to-date: /home/ivan/Webots_YOLOv8/install/ipm_interfaces/include/ipm_interfaces/ipm_interfaces/msg
[0.926s] -- Up-to-date: /home/ivan/Webots_YOLOv8/install/ipm_interfaces/include/ipm_interfaces/ipm_interfaces/msg/rosidl_typesupport_fastrtps_c__visibility_control.h
[0.926s] -- Up-to-date: /home/ivan/Webots_YOLOv8/install/ipm_interfaces/lib/libipm_interfaces__rosidl_typesupport_fastrtps_c.so
[0.927s] -- Up-to-date: /home/ivan/Webots_YOLOv8/install/ipm_interfaces/include/ipm_interfaces/ipm_interfaces
[0.927s] -- Up-to-date: /home/ivan/Webots_YOLOv8/install/ipm_interfaces/include/ipm_interfaces/ipm_interfaces/srv
[0.927s] -- Up-to-date: /home/ivan/Webots_YOLOv8/install/ipm_interfaces/include/ipm_interfaces/ipm_interfaces/srv/detail
[0.927s] -- Up-to-date: /home/ivan/Webots_YOLOv8/install/ipm_interfaces/include/ipm_interfaces/ipm_interfaces/srv/detail/map_point_cloud2__traits.hpp
[0.927s] -- Up-to-date: /home/ivan/Webots_YOLOv8/install/ipm_interfaces/include/ipm_interfaces/ipm_interfaces/srv/detail/map_point_cloud2__type_support.hpp
[0.927s] -- Up-to-date: /home/ivan/Webots_YOLOv8/install/ipm_interfaces/include/ipm_interfaces/ipm_interfaces/srv/detail/map_point_cloud2__struct.hpp
[0.927s] -- Up-to-date: /home/ivan/Webots_YOLOv8/install/ipm_interfaces/include/ipm_interfaces/ipm_interfaces/srv/detail/map_point_cloud2__builder.hpp
[0.928s] -- Up-to-date: /home/ivan/Webots_YOLOv8/install/ipm_interfaces/include/ipm_interfaces/ipm_interfaces/srv/detail/map_point__struct.hpp
[0.928s] -- Up-to-date: /home/ivan/Webots_YOLOv8/install/ipm_interfaces/include/ipm_interfaces/ipm_interfaces/srv/detail/map_point__builder.hpp
[0.928s] -- Up-to-date: /home/ivan/Webots_YOLOv8/install/ipm_interfaces/include/ipm_interfaces/ipm_interfaces/srv/detail/map_point__type_support.hpp
[0.928s] -- Up-to-date: /home/ivan/Webots_YOLOv8/install/ipm_interfaces/include/ipm_interfaces/ipm_interfaces/srv/detail/map_point__traits.hpp
[0.928s] -- Up-to-date: /home/ivan/Webots_YOLOv8/install/ipm_interfaces/include/ipm_interfaces/ipm_interfaces/srv/map_point_cloud2.hpp
[0.928s] -- Up-to-date: /home/ivan/Webots_YOLOv8/install/ipm_interfaces/include/ipm_interfaces/ipm_interfaces/srv/map_point.hpp
[0.928s] -- Up-to-date: /home/ivan/Webots_YOLOv8/install/ipm_interfaces/include/ipm_interfaces/ipm_interfaces/msg
[0.928s] -- Up-to-date: /home/ivan/Webots_YOLOv8/install/ipm_interfaces/include/ipm_interfaces/ipm_interfaces/msg/rosidl_generator_cpp__visibility_control.hpp
[0.928s] -- Up-to-date: /home/ivan/Webots_YOLOv8/install/ipm_interfaces/include/ipm_interfaces/ipm_interfaces
[0.928s] -- Up-to-date: /home/ivan/Webots_YOLOv8/install/ipm_interfaces/include/ipm_interfaces/ipm_interfaces/srv
[0.928s] -- Up-to-date: /home/ivan/Webots_YOLOv8/install/ipm_interfaces/include/ipm_interfaces/ipm_interfaces/srv/detail
[0.928s] -- Up-to-date: /home/ivan/Webots_YOLOv8/install/ipm_interfaces/include/ipm_interfaces/ipm_interfaces/srv/detail/dds_fastrtps
[0.928s] -- Up-to-date: /home/ivan/Webots_YOLOv8/install/ipm_interfaces/include/ipm_interfaces/ipm_interfaces/srv/detail/map_point_cloud2__rosidl_typesupport_fastrtps_cpp.hpp
[0.929s] -- Up-to-date: /home/ivan/Webots_YOLOv8/install/ipm_interfaces/include/ipm_interfaces/ipm_interfaces/srv/detail/map_point__rosidl_typesupport_fastrtps_cpp.hpp
[0.929s] -- Up-to-date: /home/ivan/Webots_YOLOv8/install/ipm_interfaces/include/ipm_interfaces/ipm_interfaces/msg
[0.929s] -- Up-to-date: /home/ivan/Webots_YOLOv8/install/ipm_interfaces/include/ipm_interfaces/ipm_interfaces/msg/rosidl_typesupport_fastrtps_cpp__visibility_control.h
[0.929s] -- Up-to-date: /home/ivan/Webots_YOLOv8/install/ipm_interfaces/lib/libipm_interfaces__rosidl_typesupport_fastrtps_cpp.so
[0.929s] -- Up-to-date: /home/ivan/Webots_YOLOv8/install/ipm_interfaces/include/ipm_interfaces/ipm_interfaces
[0.929s] -- Up-to-date: /home/ivan/Webots_YOLOv8/install/ipm_interfaces/include/ipm_interfaces/ipm_interfaces/srv
[0.929s] -- Up-to-date: /home/ivan/Webots_YOLOv8/install/ipm_interfaces/include/ipm_interfaces/ipm_interfaces/srv/detail
[0.929s] -- Up-to-date: /home/ivan/Webots_YOLOv8/install/ipm_interfaces/include/ipm_interfaces/ipm_interfaces/srv/detail/map_point_cloud2__rosidl_typesupport_introspection_c.h
[0.929s] -- Up-to-date: /home/ivan/Webots_YOLOv8/install/ipm_interfaces/include/ipm_interfaces/ipm_interfaces/srv/detail/map_point_cloud2__type_support.c
[0.929s] -- Up-to-date: /home/ivan/Webots_YOLOv8/install/ipm_interfaces/include/ipm_interfaces/ipm_interfaces/srv/detail/map_point__rosidl_typesupport_introspection_c.h
[0.929s] -- Up-to-date: /home/ivan/Webots_YOLOv8/install/ipm_interfaces/include/ipm_interfaces/ipm_interfaces/srv/detail/map_point__type_support.c
[0.929s] -- Up-to-date: /home/ivan/Webots_YOLOv8/install/ipm_interfaces/include/ipm_interfaces/ipm_interfaces/msg
[0.930s] -- Up-to-date: /home/ivan/Webots_YOLOv8/install/ipm_interfaces/include/ipm_interfaces/ipm_interfaces/msg/rosidl_typesupport_introspection_c__visibility_control.h
[0.930s] -- Up-to-date: /home/ivan/Webots_YOLOv8/install/ipm_interfaces/lib/libipm_interfaces__rosidl_typesupport_introspection_c.so
[0.930s] -- Up-to-date: /home/ivan/Webots_YOLOv8/install/ipm_interfaces/lib/libipm_interfaces__rosidl_typesupport_c.so
[0.930s] -- Up-to-date: /home/ivan/Webots_YOLOv8/install/ipm_interfaces/include/ipm_interfaces/ipm_interfaces
[0.930s] -- Up-to-date: /home/ivan/Webots_YOLOv8/install/ipm_interfaces/include/ipm_interfaces/ipm_interfaces/srv
[0.930s] -- Up-to-date: /home/ivan/Webots_YOLOv8/install/ipm_interfaces/include/ipm_interfaces/ipm_interfaces/srv/detail
[0.930s] -- Up-to-date: /home/ivan/Webots_YOLOv8/install/ipm_interfaces/include/ipm_interfaces/ipm_interfaces/srv/detail/map_point__rosidl_typesupport_introspection_cpp.hpp
[0.930s] -- Up-to-date: /home/ivan/Webots_YOLOv8/install/ipm_interfaces/include/ipm_interfaces/ipm_interfaces/srv/detail/map_point_cloud2__type_support.cpp
[0.930s] -- Up-to-date: /home/ivan/Webots_YOLOv8/install/ipm_interfaces/include/ipm_interfaces/ipm_interfaces/srv/detail/map_point__type_support.cpp
[0.930s] -- Up-to-date: /home/ivan/Webots_YOLOv8/install/ipm_interfaces/include/ipm_interfaces/ipm_interfaces/srv/detail/map_point_cloud2__rosidl_typesupport_introspection_cpp.hpp
[0.930s] -- Up-to-date: /home/ivan/Webots_YOLOv8/install/ipm_interfaces/lib/libipm_interfaces__rosidl_typesupport_introspection_cpp.so
[0.931s] -- Up-to-date: /home/ivan/Webots_YOLOv8/install/ipm_interfaces/lib/libipm_interfaces__rosidl_typesupport_cpp.so
[0.931s] -- Up-to-date: /home/ivan/Webots_YOLOv8/install/ipm_interfaces/share/ipm_interfaces/environment/pythonpath.sh
[0.931s] -- Up-to-date: /home/ivan/Webots_YOLOv8/install/ipm_interfaces/share/ipm_interfaces/environment/pythonpath.dsv
[0.931s] -- Up-to-date: /home/ivan/Webots_YOLOv8/install/ipm_interfaces/local/lib/python3.10/dist-packages/ipm_interfaces-0.0.0-py3.10.egg-info
[0.931s] -- Installing: /home/ivan/Webots_YOLOv8/install/ipm_interfaces/local/lib/python3.10/dist-packages/ipm_interfaces-0.0.0-py3.10.egg-info/top_level.txt
[0.931s] -- Installing: /home/ivan/Webots_YOLOv8/install/ipm_interfaces/local/lib/python3.10/dist-packages/ipm_interfaces-0.0.0-py3.10.egg-info/dependency_links.txt
[0.931s] -- Installing: /home/ivan/Webots_YOLOv8/install/ipm_interfaces/local/lib/python3.10/dist-packages/ipm_interfaces-0.0.0-py3.10.egg-info/SOURCES.txt
[0.931s] -- Installing: /home/ivan/Webots_YOLOv8/install/ipm_interfaces/local/lib/python3.10/dist-packages/ipm_interfaces-0.0.0-py3.10.egg-info/PKG-INFO
[0.931s] -- Up-to-date: /home/ivan/Webots_YOLOv8/install/ipm_interfaces/local/lib/python3.10/dist-packages/ipm_interfaces
[0.931s] -- Up-to-date: /home/ivan/Webots_YOLOv8/install/ipm_interfaces/local/lib/python3.10/dist-packages/ipm_interfaces/ipm_interfaces_s__rosidl_typesupport_fastrtps_c.cpython-310-x86_64-linux-gnu.so
[0.931s] -- Up-to-date: /home/ivan/Webots_YOLOv8/install/ipm_interfaces/local/lib/python3.10/dist-packages/ipm_interfaces/srv
[0.931s] -- Up-to-date: /home/ivan/Webots_YOLOv8/install/ipm_interfaces/local/lib/python3.10/dist-packages/ipm_interfaces/srv/_map_point_cloud2.py
[0.931s] -- Up-to-date: /home/ivan/Webots_YOLOv8/install/ipm_interfaces/local/lib/python3.10/dist-packages/ipm_interfaces/srv/_map_point_cloud2_s.c
[0.932s] -- Up-to-date: /home/ivan/Webots_YOLOv8/install/ipm_interfaces/local/lib/python3.10/dist-packages/ipm_interfaces/srv/_map_point.py
[0.932s] -- Up-to-date: /home/ivan/Webots_YOLOv8/install/ipm_interfaces/local/lib/python3.10/dist-packages/ipm_interfaces/srv/__init__.py
[0.932s] -- Up-to-date: /home/ivan/Webots_YOLOv8/install/ipm_interfaces/local/lib/python3.10/dist-packages/ipm_interfaces/srv/_map_point_s.c
[0.932s] -- Up-to-date: /home/ivan/Webots_YOLOv8/install/ipm_interfaces/local/lib/python3.10/dist-packages/ipm_interfaces/_ipm_interfaces_s.ep.rosidl_typesupport_c.c
[0.932s] -- Up-to-date: /home/ivan/Webots_YOLOv8/install/ipm_interfaces/local/lib/python3.10/dist-packages/ipm_interfaces/__init__.py
[0.932s] -- Up-to-date: /home/ivan/Webots_YOLOv8/install/ipm_interfaces/local/lib/python3.10/dist-packages/ipm_interfaces/_ipm_interfaces_s.ep.rosidl_typesupport_fastrtps_c.c
[0.932s] -- Up-to-date: /home/ivan/Webots_YOLOv8/install/ipm_interfaces/local/lib/python3.10/dist-packages/ipm_interfaces/ipm_interfaces_s__rosidl_typesupport_c.cpython-310-x86_64-linux-gnu.so
[0.932s] -- Up-to-date: /home/ivan/Webots_YOLOv8/install/ipm_interfaces/local/lib/python3.10/dist-packages/ipm_interfaces/ipm_interfaces_s__rosidl_typesupport_introspection_c.cpython-310-x86_64-linux-gnu.so
[0.932s] -- Up-to-date: /home/ivan/Webots_YOLOv8/install/ipm_interfaces/local/lib/python3.10/dist-packages/ipm_interfaces/_ipm_interfaces_s.ep.rosidl_typesupport_introspection_c.c
[0.932s] -- Up-to-date: /home/ivan/Webots_YOLOv8/install/ipm_interfaces/local/lib/python3.10/dist-packages/ipm_interfaces/libipm_interfaces__rosidl_generator_py.so
[0.982s] Listing '/home/ivan/Webots_YOLOv8/install/ipm_interfaces/local/lib/python3.10/dist-packages/ipm_interfaces'...
[0.982s] Listing '/home/ivan/Webots_YOLOv8/install/ipm_interfaces/local/lib/python3.10/dist-packages/ipm_interfaces/srv'...
[0.991s] -- Up-to-date: /home/ivan/Webots_YOLOv8/install/ipm_interfaces/local/lib/python3.10/dist-packages/ipm_interfaces/ipm_interfaces_s__rosidl_typesupport_fastrtps_c.cpython-310-x86_64-linux-gnu.so
[0.994s] -- Up-to-date: /home/ivan/Webots_YOLOv8/install/ipm_interfaces/local/lib/python3.10/dist-packages/ipm_interfaces/ipm_interfaces_s__rosidl_typesupport_introspection_c.cpython-310-x86_64-linux-gnu.so
[0.994s] -- Up-to-date: /home/ivan/Webots_YOLOv8/install/ipm_interfaces/local/lib/python3.10/dist-packages/ipm_interfaces/ipm_interfaces_s__rosidl_typesupport_c.cpython-310-x86_64-linux-gnu.so
[0.994s] -- Up-to-date: /home/ivan/Webots_YOLOv8/install/ipm_interfaces/lib/libipm_interfaces__rosidl_generator_py.so
[0.994s] -- Up-to-date: /home/ivan/Webots_YOLOv8/install/ipm_interfaces/share/ipm_interfaces/srv/MapPoint.idl
[1.001s] -- Up-to-date: /home/ivan/Webots_YOLOv8/install/ipm_interfaces/share/ipm_interfaces/srv/MapPointCloud2.idl
[1.002s] -- Up-to-date: /home/ivan/Webots_YOLOv8/install/ipm_interfaces/share/ipm_interfaces/srv/MapPoint.srv
[1.002s] -- Up-to-date: /home/ivan/Webots_YOLOv8/install/ipm_interfaces/share/ipm_interfaces/srv/MapPoint_Request.msg
[1.002s] -- Up-to-date: /home/ivan/Webots_YOLOv8/install/ipm_interfaces/share/ipm_interfaces/srv/MapPoint_Response.msg
[1.002s] -- Up-to-date: /home/ivan/Webots_YOLOv8/install/ipm_interfaces/share/ipm_interfaces/srv/MapPointCloud2.srv
[1.002s] -- Up-to-date: /home/ivan/Webots_YOLOv8/install/ipm_interfaces/share/ipm_interfaces/srv/MapPointCloud2_Request.msg
[1.002s] -- Up-to-date: /home/ivan/Webots_YOLOv8/install/ipm_interfaces/share/ipm_interfaces/srv/MapPointCloud2_Response.msg
[1.002s] -- Up-to-date: /home/ivan/Webots_YOLOv8/install/ipm_interfaces/share/ament_index/resource_index/package_run_dependencies/ipm_interfaces
[1.004s] -- Up-to-date: /home/ivan/Webots_YOLOv8/install/ipm_interfaces/share/ament_index/resource_index/parent_prefix_path/ipm_interfaces
[1.004s] -- Up-to-date: /home/ivan/Webots_YOLOv8/install/ipm_interfaces/share/ipm_interfaces/environment/ament_prefix_path.sh
[1.004s] -- Up-to-date: /home/ivan/Webots_YOLOv8/install/ipm_interfaces/share/ipm_interfaces/environment/ament_prefix_path.dsv
[1.004s] -- Up-to-date: /home/ivan/Webots_YOLOv8/install/ipm_interfaces/share/ipm_interfaces/environment/path.sh
[1.004s] -- Up-to-date: /home/ivan/Webots_YOLOv8/install/ipm_interfaces/share/ipm_interfaces/environment/path.dsv
[1.004s] -- Up-to-date: /home/ivan/Webots_YOLOv8/install/ipm_interfaces/share/ipm_interfaces/local_setup.bash
[1.004s] -- Up-to-date: /home/ivan/Webots_YOLOv8/install/ipm_interfaces/share/ipm_interfaces/local_setup.sh
[1.004s] -- Up-to-date: /home/ivan/Webots_YOLOv8/install/ipm_interfaces/share/ipm_interfaces/local_setup.zsh
[1.005s] -- Up-to-date: /home/ivan/Webots_YOLOv8/install/ipm_interfaces/share/ipm_interfaces/local_setup.dsv
[1.005s] -- Installing: /home/ivan/Webots_YOLOv8/install/ipm_interfaces/share/ipm_interfaces/package.dsv
[1.005s] -- Up-to-date: /home/ivan/Webots_YOLOv8/install/ipm_interfaces/share/ament_index/resource_index/packages/ipm_interfaces
[1.005s] -- Up-to-date: /home/ivan/Webots_YOLOv8/install/ipm_interfaces/share/ipm_interfaces/cmake/export_ipm_interfaces__rosidl_generator_cExport.cmake
[1.005s] -- Up-to-date: /home/ivan/Webots_YOLOv8/install/ipm_interfaces/share/ipm_interfaces/cmake/export_ipm_interfaces__rosidl_generator_cExport-noconfig.cmake
[1.005s] -- Up-to-date: /home/ivan/Webots_YOLOv8/install/ipm_interfaces/share/ipm_interfaces/cmake/export_ipm_interfaces__rosidl_typesupport_fastrtps_cExport.cmake
[1.005s] -- Up-to-date: /home/ivan/Webots_YOLOv8/install/ipm_interfaces/share/ipm_interfaces/cmake/export_ipm_interfaces__rosidl_typesupport_fastrtps_cExport-noconfig.cmake
[1.006s] -- Up-to-date: /home/ivan/Webots_YOLOv8/install/ipm_interfaces/share/ipm_interfaces/cmake/export_ipm_interfaces__rosidl_generator_cppExport.cmake
[1.006s] -- Up-to-date: /home/ivan/Webots_YOLOv8/install/ipm_interfaces/share/ipm_interfaces/cmake/export_ipm_interfaces__rosidl_typesupport_fastrtps_cppExport.cmake
[1.006s] -- Up-to-date: /home/ivan/Webots_YOLOv8/install/ipm_interfaces/share/ipm_interfaces/cmake/export_ipm_interfaces__rosidl_typesupport_fastrtps_cppExport-noconfig.cmake
[1.006s] -- Up-to-date: /home/ivan/Webots_YOLOv8/install/ipm_interfaces/share/ipm_interfaces/cmake/ipm_interfaces__rosidl_typesupport_introspection_cExport.cmake
[1.006s] -- Up-to-date: /home/ivan/Webots_YOLOv8/install/ipm_interfaces/share/ipm_interfaces/cmake/ipm_interfaces__rosidl_typesupport_introspection_cExport-noconfig.cmake
[1.006s] -- Up-to-date: /home/ivan/Webots_YOLOv8/install/ipm_interfaces/share/ipm_interfaces/cmake/ipm_interfaces__rosidl_typesupport_cExport.cmake
[1.006s] -- Up-to-date: /home/ivan/Webots_YOLOv8/install/ipm_interfaces/share/ipm_interfaces/cmake/ipm_interfaces__rosidl_typesupport_cExport-noconfig.cmake
[1.007s] -- Up-to-date: /home/ivan/Webots_YOLOv8/install/ipm_interfaces/share/ipm_interfaces/cmake/ipm_interfaces__rosidl_typesupport_introspection_cppExport.cmake
[1.007s] -- Up-to-date: /home/ivan/Webots_YOLOv8/install/ipm_interfaces/share/ipm_interfaces/cmake/ipm_interfaces__rosidl_typesupport_introspection_cppExport-noconfig.cmake
[1.007s] -- Up-to-date: /home/ivan/Webots_YOLOv8/install/ipm_interfaces/share/ipm_interfaces/cmake/ipm_interfaces__rosidl_typesupport_cppExport.cmake
[1.007s] -- Up-to-date: /home/ivan/Webots_YOLOv8/install/ipm_interfaces/share/ipm_interfaces/cmake/ipm_interfaces__rosidl_typesupport_cppExport-noconfig.cmake
[1.008s] -- Up-to-date: /home/ivan/Webots_YOLOv8/install/ipm_interfaces/share/ipm_interfaces/cmake/export_ipm_interfaces__rosidl_generator_pyExport.cmake
[1.008s] -- Up-to-date: /home/ivan/Webots_YOLOv8/install/ipm_interfaces/share/ipm_interfaces/cmake/export_ipm_interfaces__rosidl_generator_pyExport-noconfig.cmake
[1.008s] -- Up-to-date: /home/ivan/Webots_YOLOv8/install/ipm_interfaces/share/ipm_interfaces/cmake/rosidl_cmake-extras.cmake
[1.008s] -- Up-to-date: /home/ivan/Webots_YOLOv8/install/ipm_interfaces/share/ipm_interfaces/cmake/ament_cmake_export_dependencies-extras.cmake
[1.009s] -- Up-to-date: /home/ivan/Webots_YOLOv8/install/ipm_interfaces/share/ipm_interfaces/cmake/ament_cmake_export_include_directories-extras.cmake
[1.009s] -- Up-to-date: /home/ivan/Webots_YOLOv8/install/ipm_interfaces/share/ipm_interfaces/cmake/ament_cmake_export_libraries-extras.cmake
[1.009s] -- Up-to-date: /home/ivan/Webots_YOLOv8/install/ipm_interfaces/share/ipm_interfaces/cmake/ament_cmake_export_targets-extras.cmake
[1.009s] -- Up-to-date: /home/ivan/Webots_YOLOv8/install/ipm_interfaces/share/ipm_interfaces/cmake/rosidl_cmake_export_typesupport_targets-extras.cmake
[1.009s] -- Up-to-date: /home/ivan/Webots_YOLOv8/install/ipm_interfaces/share/ipm_interfaces/cmake/rosidl_cmake_export_typesupport_libraries-extras.cmake
[1.009s] -- Up-to-date: /home/ivan/Webots_YOLOv8/install/ipm_interfaces/share/ipm_interfaces/cmake/ipm_interfacesConfig.cmake
[1.009s] -- Up-to-date: /home/ivan/Webots_YOLOv8/install/ipm_interfaces/share/ipm_interfaces/cmake/ipm_interfacesConfig-version.cmake
[1.009s] -- Up-to-date: /home/ivan/Webots_YOLOv8/install/ipm_interfaces/share/ipm_interfaces/package.xml
[1.097s] Invoked command in '/home/ivan/Webots_YOLOv8/build/ipm_interfaces' returned '0': CMAKE_PREFIX_PATH=${CMAKE_PREFIX_PATH}:/home/ivan/Webots_YOLOv8/install/soccer_ipm:/home/ivan/Webots_YOLOv8/install/Webots_YOLOv8:/home/ivan/Webots_YOLOv8/install/my_package:/home/ivan/Webots_YOLOv8/install/ipm_service:/home/ivan/Webots_YOLOv8/install/ipm_image_node:/home/ivan/Webots_YOLOv8/install/ipm_library:/home/ivan/ros2_ws/install/object_finder_onnx:/home/ivan/ros2_ws/install/object_finder:/home/ivan/ros2_ws/install/my_package:/home/ivan/ros2_ws/install/Webots_YOLOv8:/opt/ros/humble /usr/bin/cmake --install /home/ivan/Webots_YOLOv8/build/ipm_interfaces
