[0.032s] Invoking command in '/home/ivan/Webots_YOLOv8/build/soccer_vision_attribute_msgs': CMAKE_PREFIX_PATH=/opt/ros/humble /usr/bin/cmake --build /home/ivan/Webots_YOLOv8/build/soccer_vision_attribute_msgs -- -j12 -l12
[0.142s] [  2%] Built target soccer_vision_attribute_msgs__cpp
[0.157s] [ 12%] Built target soccer_vision_attribute_msgs__rosidl_generator_c
[0.166s] [ 12%] Built target ament_cmake_python_copy_soccer_vision_attribute_msgs
[0.203s] [ 23%] Built target soccer_vision_attribute_msgs__rosidl_typesupport_cpp
[0.209s] [ 34%] Built target soccer_vision_attribute_msgs__rosidl_typesupport_introspection_cpp
[0.222s] [ 44%] Built target soccer_vision_attribute_msgs__rosidl_typesupport_fastrtps_cpp
[0.223s] [ 55%] Built target soccer_vision_attribute_msgs__rosidl_typesupport_introspection_c
[0.229s] [ 65%] Built target soccer_vision_attribute_msgs__rosidl_typesupport_fastrtps_c
[0.237s] [ 76%] Built target soccer_vision_attribute_msgs__rosidl_typesupport_c
[0.265s] [ 76%] Built target soccer_vision_attribute_msgs
[0.292s] [ 78%] Built target soccer_vision_attribute_msgs__py
[0.329s] [ 87%] Built target soccer_vision_attribute_msgs__rosidl_generator_py
[0.373s] [ 91%] Built target soccer_vision_attribute_msgs__rosidl_typesupport_introspection_c__pyext
[0.375s] [ 95%] Built target soccer_vision_attribute_msgs__rosidl_typesupport_c__pyext
[0.387s] [100%] Built target soccer_vision_attribute_msgs__rosidl_typesupport_fastrtps_c__pyext
[0.487s] running egg_info
[0.488s] writing soccer_vision_attribute_msgs.egg-info/PKG-INFO
[0.488s] writing dependency_links to soccer_vision_attribute_msgs.egg-info/dependency_links.txt
[0.488s] writing top-level names to soccer_vision_attribute_msgs.egg-info/top_level.txt
[0.492s] reading manifest file 'soccer_vision_attribute_msgs.egg-info/SOURCES.txt'
[0.493s] writing manifest file 'soccer_vision_attribute_msgs.egg-info/SOURCES.txt'
[0.539s] [100%] Built target ament_cmake_python_build_soccer_vision_attribute_msgs_egg
[0.568s] Invoked command in '/home/ivan/Webots_YOLOv8/build/soccer_vision_attribute_msgs' returned '0': CMAKE_PREFIX_PATH=/opt/ros/humble /usr/bin/cmake --build /home/ivan/Webots_YOLOv8/build/soccer_vision_attribute_msgs -- -j12 -l12
[0.570s] Invoking command in '/home/ivan/Webots_YOLOv8/build/soccer_vision_attribute_msgs': CMAKE_PREFIX_PATH=/opt/ros/humble /usr/bin/cmake --install /home/ivan/Webots_YOLOv8/build/soccer_vision_attribute_msgs
[0.582s] -- Install configuration: ""
[0.583s] -- Up-to-date: /home/ivan/Webots_YOLOv8/install/soccer_vision_attribute_msgs/share/ament_index/resource_index/rosidl_interfaces/soccer_vision_attribute_msgs
[0.583s] -- Up-to-date: /home/ivan/Webots_YOLOv8/install/soccer_vision_attribute_msgs/include/soccer_vision_attribute_msgs/soccer_vision_attribute_msgs
[0.586s] -- Up-to-date: /home/ivan/Webots_YOLOv8/install/soccer_vision_attribute_msgs/include/soccer_vision_attribute_msgs/soccer_vision_attribute_msgs/msg
[0.586s] -- Up-to-date: /home/ivan/Webots_YOLOv8/install/soccer_vision_attribute_msgs/include/soccer_vision_attribute_msgs/soccer_vision_attribute_msgs/msg/detail
[0.586s] -- Up-to-date: /home/ivan/Webots_YOLOv8/install/soccer_vision_attribute_msgs/include/soccer_vision_attribute_msgs/soccer_vision_attribute_msgs/msg/detail/robot__functions.h
[0.586s] -- Up-to-date: /home/ivan/Webots_YOLOv8/install/soccer_vision_attribute_msgs/include/soccer_vision_attribute_msgs/soccer_vision_attribute_msgs/msg/detail/robot__struct.h
[0.586s] -- Up-to-date: /home/ivan/Webots_YOLOv8/install/soccer_vision_attribute_msgs/include/soccer_vision_attribute_msgs/soccer_vision_attribute_msgs/msg/detail/confidence__functions.c
[0.587s] -- Up-to-date: /home/ivan/Webots_YOLOv8/install/soccer_vision_attribute_msgs/include/soccer_vision_attribute_msgs/soccer_vision_attribute_msgs/msg/detail/confidence__struct.h
[0.587s] -- Up-to-date: /home/ivan/Webots_YOLOv8/install/soccer_vision_attribute_msgs/include/soccer_vision_attribute_msgs/soccer_vision_attribute_msgs/msg/detail/confidence__type_support.h
[0.587s] -- Up-to-date: /home/ivan/Webots_YOLOv8/install/soccer_vision_attribute_msgs/include/soccer_vision_attribute_msgs/soccer_vision_attribute_msgs/msg/detail/robot__functions.c
[0.587s] -- Up-to-date: /home/ivan/Webots_YOLOv8/install/soccer_vision_attribute_msgs/include/soccer_vision_attribute_msgs/soccer_vision_attribute_msgs/msg/detail/confidence__functions.h
[0.587s] -- Up-to-date: /home/ivan/Webots_YOLOv8/install/soccer_vision_attribute_msgs/include/soccer_vision_attribute_msgs/soccer_vision_attribute_msgs/msg/detail/robot__type_support.h
[0.587s] -- Up-to-date: /home/ivan/Webots_YOLOv8/install/soccer_vision_attribute_msgs/include/soccer_vision_attribute_msgs/soccer_vision_attribute_msgs/msg/detail/goalpost__functions.h
[0.587s] -- Up-to-date: /home/ivan/Webots_YOLOv8/install/soccer_vision_attribute_msgs/include/soccer_vision_attribute_msgs/soccer_vision_attribute_msgs/msg/detail/goalpost__functions.c
[0.588s] -- Up-to-date: /home/ivan/Webots_YOLOv8/install/soccer_vision_attribute_msgs/include/soccer_vision_attribute_msgs/soccer_vision_attribute_msgs/msg/detail/goalpost__type_support.h
[0.588s] -- Up-to-date: /home/ivan/Webots_YOLOv8/install/soccer_vision_attribute_msgs/include/soccer_vision_attribute_msgs/soccer_vision_attribute_msgs/msg/detail/goalpost__struct.h
[0.588s] -- Up-to-date: /home/ivan/Webots_YOLOv8/install/soccer_vision_attribute_msgs/include/soccer_vision_attribute_msgs/soccer_vision_attribute_msgs/msg/rosidl_generator_c__visibility_control.h
[0.588s] -- Up-to-date: /home/ivan/Webots_YOLOv8/install/soccer_vision_attribute_msgs/include/soccer_vision_attribute_msgs/soccer_vision_attribute_msgs/msg/goalpost.h
[0.588s] -- Up-to-date: /home/ivan/Webots_YOLOv8/install/soccer_vision_attribute_msgs/include/soccer_vision_attribute_msgs/soccer_vision_attribute_msgs/msg/robot.h
[0.588s] -- Up-to-date: /home/ivan/Webots_YOLOv8/install/soccer_vision_attribute_msgs/include/soccer_vision_attribute_msgs/soccer_vision_attribute_msgs/msg/confidence.h
[0.591s] -- Up-to-date: /home/ivan/Webots_YOLOv8/install/soccer_vision_attribute_msgs/share/soccer_vision_attribute_msgs/environment/library_path.sh
[0.591s] -- Up-to-date: /home/ivan/Webots_YOLOv8/install/soccer_vision_attribute_msgs/share/soccer_vision_attribute_msgs/environment/library_path.dsv
[0.591s] -- Up-to-date: /home/ivan/Webots_YOLOv8/install/soccer_vision_attribute_msgs/lib/libsoccer_vision_attribute_msgs__rosidl_generator_c.so
[0.592s] -- Up-to-date: /home/ivan/Webots_YOLOv8/install/soccer_vision_attribute_msgs/include/soccer_vision_attribute_msgs/soccer_vision_attribute_msgs
[0.592s] -- Up-to-date: /home/ivan/Webots_YOLOv8/install/soccer_vision_attribute_msgs/include/soccer_vision_attribute_msgs/soccer_vision_attribute_msgs/msg
[0.592s] -- Up-to-date: /home/ivan/Webots_YOLOv8/install/soccer_vision_attribute_msgs/include/soccer_vision_attribute_msgs/soccer_vision_attribute_msgs/msg/detail
[0.592s] -- Up-to-date: /home/ivan/Webots_YOLOv8/install/soccer_vision_attribute_msgs/include/soccer_vision_attribute_msgs/soccer_vision_attribute_msgs/msg/detail/confidence__rosidl_typesupport_fastrtps_c.h
[0.592s] -- Up-to-date: /home/ivan/Webots_YOLOv8/install/soccer_vision_attribute_msgs/include/soccer_vision_attribute_msgs/soccer_vision_attribute_msgs/msg/detail/goalpost__rosidl_typesupport_fastrtps_c.h
[0.592s] -- Up-to-date: /home/ivan/Webots_YOLOv8/install/soccer_vision_attribute_msgs/include/soccer_vision_attribute_msgs/soccer_vision_attribute_msgs/msg/detail/robot__rosidl_typesupport_fastrtps_c.h
[0.592s] -- Up-to-date: /home/ivan/Webots_YOLOv8/install/soccer_vision_attribute_msgs/include/soccer_vision_attribute_msgs/soccer_vision_attribute_msgs/msg/rosidl_typesupport_fastrtps_c__visibility_control.h
[0.593s] -- Up-to-date: /home/ivan/Webots_YOLOv8/install/soccer_vision_attribute_msgs/lib/libsoccer_vision_attribute_msgs__rosidl_typesupport_fastrtps_c.so
[0.593s] -- Up-to-date: /home/ivan/Webots_YOLOv8/install/soccer_vision_attribute_msgs/include/soccer_vision_attribute_msgs/soccer_vision_attribute_msgs
[0.593s] -- Up-to-date: /home/ivan/Webots_YOLOv8/install/soccer_vision_attribute_msgs/include/soccer_vision_attribute_msgs/soccer_vision_attribute_msgs/msg
[0.594s] -- Up-to-date: /home/ivan/Webots_YOLOv8/install/soccer_vision_attribute_msgs/include/soccer_vision_attribute_msgs/soccer_vision_attribute_msgs/msg/detail
[0.594s] -- Up-to-date: /home/ivan/Webots_YOLOv8/install/soccer_vision_attribute_msgs/include/soccer_vision_attribute_msgs/soccer_vision_attribute_msgs/msg/detail/robot__rosidl_typesupport_introspection_c.h
[0.594s] -- Up-to-date: /home/ivan/Webots_YOLOv8/install/soccer_vision_attribute_msgs/include/soccer_vision_attribute_msgs/soccer_vision_attribute_msgs/msg/detail/confidence__type_support.c
[0.594s] -- Up-to-date: /home/ivan/Webots_YOLOv8/install/soccer_vision_attribute_msgs/include/soccer_vision_attribute_msgs/soccer_vision_attribute_msgs/msg/detail/goalpost__type_support.c
[0.594s] -- Up-to-date: /home/ivan/Webots_YOLOv8/install/soccer_vision_attribute_msgs/include/soccer_vision_attribute_msgs/soccer_vision_attribute_msgs/msg/detail/goalpost__rosidl_typesupport_introspection_c.h
[0.594s] -- Up-to-date: /home/ivan/Webots_YOLOv8/install/soccer_vision_attribute_msgs/include/soccer_vision_attribute_msgs/soccer_vision_attribute_msgs/msg/detail/robot__type_support.c
[0.594s] -- Up-to-date: /home/ivan/Webots_YOLOv8/install/soccer_vision_attribute_msgs/include/soccer_vision_attribute_msgs/soccer_vision_attribute_msgs/msg/detail/confidence__rosidl_typesupport_introspection_c.h
[0.594s] -- Up-to-date: /home/ivan/Webots_YOLOv8/install/soccer_vision_attribute_msgs/include/soccer_vision_attribute_msgs/soccer_vision_attribute_msgs/msg/rosidl_typesupport_introspection_c__visibility_control.h
[0.594s] -- Up-to-date: /home/ivan/Webots_YOLOv8/install/soccer_vision_attribute_msgs/lib/libsoccer_vision_attribute_msgs__rosidl_typesupport_introspection_c.so
[0.595s] -- Up-to-date: /home/ivan/Webots_YOLOv8/install/soccer_vision_attribute_msgs/lib/libsoccer_vision_attribute_msgs__rosidl_typesupport_c.so
[0.595s] -- Up-to-date: /home/ivan/Webots_YOLOv8/install/soccer_vision_attribute_msgs/include/soccer_vision_attribute_msgs/soccer_vision_attribute_msgs
[0.595s] -- Up-to-date: /home/ivan/Webots_YOLOv8/install/soccer_vision_attribute_msgs/include/soccer_vision_attribute_msgs/soccer_vision_attribute_msgs/msg
[0.595s] -- Up-to-date: /home/ivan/Webots_YOLOv8/install/soccer_vision_attribute_msgs/include/soccer_vision_attribute_msgs/soccer_vision_attribute_msgs/msg/detail
[0.595s] -- Up-to-date: /home/ivan/Webots_YOLOv8/install/soccer_vision_attribute_msgs/include/soccer_vision_attribute_msgs/soccer_vision_attribute_msgs/msg/detail/robot__traits.hpp
[0.595s] -- Up-to-date: /home/ivan/Webots_YOLOv8/install/soccer_vision_attribute_msgs/include/soccer_vision_attribute_msgs/soccer_vision_attribute_msgs/msg/detail/robot__struct.hpp
[0.595s] -- Up-to-date: /home/ivan/Webots_YOLOv8/install/soccer_vision_attribute_msgs/include/soccer_vision_attribute_msgs/soccer_vision_attribute_msgs/msg/detail/confidence__struct.hpp
[0.595s] -- Up-to-date: /home/ivan/Webots_YOLOv8/install/soccer_vision_attribute_msgs/include/soccer_vision_attribute_msgs/soccer_vision_attribute_msgs/msg/detail/confidence__type_support.hpp
[0.595s] -- Up-to-date: /home/ivan/Webots_YOLOv8/install/soccer_vision_attribute_msgs/include/soccer_vision_attribute_msgs/soccer_vision_attribute_msgs/msg/detail/goalpost__builder.hpp
[0.595s] -- Up-to-date: /home/ivan/Webots_YOLOv8/install/soccer_vision_attribute_msgs/include/soccer_vision_attribute_msgs/soccer_vision_attribute_msgs/msg/detail/goalpost__type_support.hpp
[0.596s] -- Up-to-date: /home/ivan/Webots_YOLOv8/install/soccer_vision_attribute_msgs/include/soccer_vision_attribute_msgs/soccer_vision_attribute_msgs/msg/detail/confidence__traits.hpp
[0.596s] -- Up-to-date: /home/ivan/Webots_YOLOv8/install/soccer_vision_attribute_msgs/include/soccer_vision_attribute_msgs/soccer_vision_attribute_msgs/msg/detail/goalpost__traits.hpp
[0.596s] -- Up-to-date: /home/ivan/Webots_YOLOv8/install/soccer_vision_attribute_msgs/include/soccer_vision_attribute_msgs/soccer_vision_attribute_msgs/msg/detail/goalpost__struct.hpp
[0.596s] -- Up-to-date: /home/ivan/Webots_YOLOv8/install/soccer_vision_attribute_msgs/include/soccer_vision_attribute_msgs/soccer_vision_attribute_msgs/msg/detail/confidence__builder.hpp
[0.596s] -- Up-to-date: /home/ivan/Webots_YOLOv8/install/soccer_vision_attribute_msgs/include/soccer_vision_attribute_msgs/soccer_vision_attribute_msgs/msg/detail/robot__builder.hpp
[0.596s] -- Up-to-date: /home/ivan/Webots_YOLOv8/install/soccer_vision_attribute_msgs/include/soccer_vision_attribute_msgs/soccer_vision_attribute_msgs/msg/detail/robot__type_support.hpp
[0.596s] -- Up-to-date: /home/ivan/Webots_YOLOv8/install/soccer_vision_attribute_msgs/include/soccer_vision_attribute_msgs/soccer_vision_attribute_msgs/msg/rosidl_generator_cpp__visibility_control.hpp
[0.596s] -- Up-to-date: /home/ivan/Webots_YOLOv8/install/soccer_vision_attribute_msgs/include/soccer_vision_attribute_msgs/soccer_vision_attribute_msgs/msg/robot.hpp
[0.596s] -- Up-to-date: /home/ivan/Webots_YOLOv8/install/soccer_vision_attribute_msgs/include/soccer_vision_attribute_msgs/soccer_vision_attribute_msgs/msg/confidence.hpp
[0.596s] -- Up-to-date: /home/ivan/Webots_YOLOv8/install/soccer_vision_attribute_msgs/include/soccer_vision_attribute_msgs/soccer_vision_attribute_msgs/msg/goalpost.hpp
[0.596s] -- Up-to-date: /home/ivan/Webots_YOLOv8/install/soccer_vision_attribute_msgs/include/soccer_vision_attribute_msgs/soccer_vision_attribute_msgs
[0.596s] -- Up-to-date: /home/ivan/Webots_YOLOv8/install/soccer_vision_attribute_msgs/include/soccer_vision_attribute_msgs/soccer_vision_attribute_msgs/msg
[0.596s] -- Up-to-date: /home/ivan/Webots_YOLOv8/install/soccer_vision_attribute_msgs/include/soccer_vision_attribute_msgs/soccer_vision_attribute_msgs/msg/detail
[0.596s] -- Up-to-date: /home/ivan/Webots_YOLOv8/install/soccer_vision_attribute_msgs/include/soccer_vision_attribute_msgs/soccer_vision_attribute_msgs/msg/detail/dds_fastrtps
[0.596s] -- Up-to-date: /home/ivan/Webots_YOLOv8/install/soccer_vision_attribute_msgs/include/soccer_vision_attribute_msgs/soccer_vision_attribute_msgs/msg/detail/robot__rosidl_typesupport_fastrtps_cpp.hpp
[0.596s] -- Up-to-date: /home/ivan/Webots_YOLOv8/install/soccer_vision_attribute_msgs/include/soccer_vision_attribute_msgs/soccer_vision_attribute_msgs/msg/detail/goalpost__rosidl_typesupport_fastrtps_cpp.hpp
[0.596s] -- Up-to-date: /home/ivan/Webots_YOLOv8/install/soccer_vision_attribute_msgs/include/soccer_vision_attribute_msgs/soccer_vision_attribute_msgs/msg/detail/confidence__rosidl_typesupport_fastrtps_cpp.hpp
[0.596s] -- Up-to-date: /home/ivan/Webots_YOLOv8/install/soccer_vision_attribute_msgs/include/soccer_vision_attribute_msgs/soccer_vision_attribute_msgs/msg/rosidl_typesupport_fastrtps_cpp__visibility_control.h
[0.597s] -- Up-to-date: /home/ivan/Webots_YOLOv8/install/soccer_vision_attribute_msgs/lib/libsoccer_vision_attribute_msgs__rosidl_typesupport_fastrtps_cpp.so
[0.597s] -- Up-to-date: /home/ivan/Webots_YOLOv8/install/soccer_vision_attribute_msgs/include/soccer_vision_attribute_msgs/soccer_vision_attribute_msgs
[0.597s] -- Up-to-date: /home/ivan/Webots_YOLOv8/install/soccer_vision_attribute_msgs/include/soccer_vision_attribute_msgs/soccer_vision_attribute_msgs/msg
[0.597s] -- Up-to-date: /home/ivan/Webots_YOLOv8/install/soccer_vision_attribute_msgs/include/soccer_vision_attribute_msgs/soccer_vision_attribute_msgs/msg/detail
[0.597s] -- Up-to-date: /home/ivan/Webots_YOLOv8/install/soccer_vision_attribute_msgs/include/soccer_vision_attribute_msgs/soccer_vision_attribute_msgs/msg/detail/robot__rosidl_typesupport_introspection_cpp.hpp
[0.597s] -- Up-to-date: /home/ivan/Webots_YOLOv8/install/soccer_vision_attribute_msgs/include/soccer_vision_attribute_msgs/soccer_vision_attribute_msgs/msg/detail/confidence__type_support.cpp
[0.598s] -- Up-to-date: /home/ivan/Webots_YOLOv8/install/soccer_vision_attribute_msgs/include/soccer_vision_attribute_msgs/soccer_vision_attribute_msgs/msg/detail/goalpost__rosidl_typesupport_introspection_cpp.hpp
[0.598s] -- Up-to-date: /home/ivan/Webots_YOLOv8/install/soccer_vision_attribute_msgs/include/soccer_vision_attribute_msgs/soccer_vision_attribute_msgs/msg/detail/goalpost__type_support.cpp
[0.598s] -- Up-to-date: /home/ivan/Webots_YOLOv8/install/soccer_vision_attribute_msgs/include/soccer_vision_attribute_msgs/soccer_vision_attribute_msgs/msg/detail/confidence__rosidl_typesupport_introspection_cpp.hpp
[0.598s] -- Up-to-date: /home/ivan/Webots_YOLOv8/install/soccer_vision_attribute_msgs/include/soccer_vision_attribute_msgs/soccer_vision_attribute_msgs/msg/detail/robot__type_support.cpp
[0.598s] -- Up-to-date: /home/ivan/Webots_YOLOv8/install/soccer_vision_attribute_msgs/lib/libsoccer_vision_attribute_msgs__rosidl_typesupport_introspection_cpp.so
[0.598s] -- Up-to-date: /home/ivan/Webots_YOLOv8/install/soccer_vision_attribute_msgs/lib/libsoccer_vision_attribute_msgs__rosidl_typesupport_cpp.so
[0.598s] -- Up-to-date: /home/ivan/Webots_YOLOv8/install/soccer_vision_attribute_msgs/share/soccer_vision_attribute_msgs/environment/pythonpath.sh
[0.598s] -- Up-to-date: /home/ivan/Webots_YOLOv8/install/soccer_vision_attribute_msgs/share/soccer_vision_attribute_msgs/environment/pythonpath.dsv
[0.599s] -- Up-to-date: /home/ivan/Webots_YOLOv8/install/soccer_vision_attribute_msgs/local/lib/python3.10/dist-packages/soccer_vision_attribute_msgs-1.0.0-py3.10.egg-info
[0.599s] -- Installing: /home/ivan/Webots_YOLOv8/install/soccer_vision_attribute_msgs/local/lib/python3.10/dist-packages/soccer_vision_attribute_msgs-1.0.0-py3.10.egg-info/top_level.txt
[0.599s] -- Installing: /home/ivan/Webots_YOLOv8/install/soccer_vision_attribute_msgs/local/lib/python3.10/dist-packages/soccer_vision_attribute_msgs-1.0.0-py3.10.egg-info/dependency_links.txt
[0.599s] -- Installing: /home/ivan/Webots_YOLOv8/install/soccer_vision_attribute_msgs/local/lib/python3.10/dist-packages/soccer_vision_attribute_msgs-1.0.0-py3.10.egg-info/SOURCES.txt
[0.599s] -- Installing: /home/ivan/Webots_YOLOv8/install/soccer_vision_attribute_msgs/local/lib/python3.10/dist-packages/soccer_vision_attribute_msgs-1.0.0-py3.10.egg-info/PKG-INFO
[0.600s] -- Up-to-date: /home/ivan/Webots_YOLOv8/install/soccer_vision_attribute_msgs/local/lib/python3.10/dist-packages/soccer_vision_attribute_msgs
[0.600s] -- Up-to-date: /home/ivan/Webots_YOLOv8/install/soccer_vision_attribute_msgs/local/lib/python3.10/dist-packages/soccer_vision_attribute_msgs/libsoccer_vision_attribute_msgs__rosidl_generator_py.so
[0.600s] -- Up-to-date: /home/ivan/Webots_YOLOv8/install/soccer_vision_attribute_msgs/local/lib/python3.10/dist-packages/soccer_vision_attribute_msgs/_soccer_vision_attribute_msgs_s.ep.rosidl_typesupport_introspection_c.c
[0.600s] -- Up-to-date: /home/ivan/Webots_YOLOv8/install/soccer_vision_attribute_msgs/local/lib/python3.10/dist-packages/soccer_vision_attribute_msgs/soccer_vision_attribute_msgs_s__rosidl_typesupport_fastrtps_c.cpython-310-x86_64-linux-gnu.so
[0.600s] -- Up-to-date: /home/ivan/Webots_YOLOv8/install/soccer_vision_attribute_msgs/local/lib/python3.10/dist-packages/soccer_vision_attribute_msgs/msg
[0.600s] -- Up-to-date: /home/ivan/Webots_YOLOv8/install/soccer_vision_attribute_msgs/local/lib/python3.10/dist-packages/soccer_vision_attribute_msgs/msg/_goalpost.py
[0.600s] -- Up-to-date: /home/ivan/Webots_YOLOv8/install/soccer_vision_attribute_msgs/local/lib/python3.10/dist-packages/soccer_vision_attribute_msgs/msg/_robot_s.c
[0.600s] -- Up-to-date: /home/ivan/Webots_YOLOv8/install/soccer_vision_attribute_msgs/local/lib/python3.10/dist-packages/soccer_vision_attribute_msgs/msg/__init__.py
[0.600s] -- Up-to-date: /home/ivan/Webots_YOLOv8/install/soccer_vision_attribute_msgs/local/lib/python3.10/dist-packages/soccer_vision_attribute_msgs/msg/_confidence_s.c
[0.600s] -- Up-to-date: /home/ivan/Webots_YOLOv8/install/soccer_vision_attribute_msgs/local/lib/python3.10/dist-packages/soccer_vision_attribute_msgs/msg/_robot.py
[0.600s] -- Up-to-date: /home/ivan/Webots_YOLOv8/install/soccer_vision_attribute_msgs/local/lib/python3.10/dist-packages/soccer_vision_attribute_msgs/msg/_goalpost_s.c
[0.601s] -- Up-to-date: /home/ivan/Webots_YOLOv8/install/soccer_vision_attribute_msgs/local/lib/python3.10/dist-packages/soccer_vision_attribute_msgs/msg/_confidence.py
[0.601s] -- Up-to-date: /home/ivan/Webots_YOLOv8/install/soccer_vision_attribute_msgs/local/lib/python3.10/dist-packages/soccer_vision_attribute_msgs/soccer_vision_attribute_msgs_s__rosidl_typesupport_c.cpython-310-x86_64-linux-gnu.so
[0.601s] -- Up-to-date: /home/ivan/Webots_YOLOv8/install/soccer_vision_attribute_msgs/local/lib/python3.10/dist-packages/soccer_vision_attribute_msgs/__init__.py
[0.601s] -- Up-to-date: /home/ivan/Webots_YOLOv8/install/soccer_vision_attribute_msgs/local/lib/python3.10/dist-packages/soccer_vision_attribute_msgs/_soccer_vision_attribute_msgs_s.ep.rosidl_typesupport_c.c
[0.601s] -- Up-to-date: /home/ivan/Webots_YOLOv8/install/soccer_vision_attribute_msgs/local/lib/python3.10/dist-packages/soccer_vision_attribute_msgs/_soccer_vision_attribute_msgs_s.ep.rosidl_typesupport_fastrtps_c.c
[0.601s] -- Up-to-date: /home/ivan/Webots_YOLOv8/install/soccer_vision_attribute_msgs/local/lib/python3.10/dist-packages/soccer_vision_attribute_msgs/soccer_vision_attribute_msgs_s__rosidl_typesupport_introspection_c.cpython-310-x86_64-linux-gnu.so
[0.624s] Listing '/home/ivan/Webots_YOLOv8/install/soccer_vision_attribute_msgs/local/lib/python3.10/dist-packages/soccer_vision_attribute_msgs'...
[0.624s] Listing '/home/ivan/Webots_YOLOv8/install/soccer_vision_attribute_msgs/local/lib/python3.10/dist-packages/soccer_vision_attribute_msgs/msg'...
[0.632s] -- Up-to-date: /home/ivan/Webots_YOLOv8/install/soccer_vision_attribute_msgs/local/lib/python3.10/dist-packages/soccer_vision_attribute_msgs/soccer_vision_attribute_msgs_s__rosidl_typesupport_fastrtps_c.cpython-310-x86_64-linux-gnu.so
[0.633s] -- Up-to-date: /home/ivan/Webots_YOLOv8/install/soccer_vision_attribute_msgs/local/lib/python3.10/dist-packages/soccer_vision_attribute_msgs/soccer_vision_attribute_msgs_s__rosidl_typesupport_introspection_c.cpython-310-x86_64-linux-gnu.so
[0.634s] -- Up-to-date: /home/ivan/Webots_YOLOv8/install/soccer_vision_attribute_msgs/local/lib/python3.10/dist-packages/soccer_vision_attribute_msgs/soccer_vision_attribute_msgs_s__rosidl_typesupport_c.cpython-310-x86_64-linux-gnu.so
[0.635s] -- Up-to-date: /home/ivan/Webots_YOLOv8/install/soccer_vision_attribute_msgs/lib/libsoccer_vision_attribute_msgs__rosidl_generator_py.so
[0.636s] -- Up-to-date: /home/ivan/Webots_YOLOv8/install/soccer_vision_attribute_msgs/share/soccer_vision_attribute_msgs/msg/Confidence.idl
[0.637s] -- Up-to-date: /home/ivan/Webots_YOLOv8/install/soccer_vision_attribute_msgs/share/soccer_vision_attribute_msgs/msg/Goalpost.idl
[0.637s] -- Up-to-date: /home/ivan/Webots_YOLOv8/install/soccer_vision_attribute_msgs/share/soccer_vision_attribute_msgs/msg/Robot.idl
[0.637s] -- Up-to-date: /home/ivan/Webots_YOLOv8/install/soccer_vision_attribute_msgs/share/soccer_vision_attribute_msgs/msg/Confidence.msg
[0.637s] -- Up-to-date: /home/ivan/Webots_YOLOv8/install/soccer_vision_attribute_msgs/share/soccer_vision_attribute_msgs/msg/Goalpost.msg
[0.637s] -- Up-to-date: /home/ivan/Webots_YOLOv8/install/soccer_vision_attribute_msgs/share/soccer_vision_attribute_msgs/msg/Robot.msg
[0.637s] -- Up-to-date: /home/ivan/Webots_YOLOv8/install/soccer_vision_attribute_msgs/share/ament_index/resource_index/package_run_dependencies/soccer_vision_attribute_msgs
[0.638s] -- Up-to-date: /home/ivan/Webots_YOLOv8/install/soccer_vision_attribute_msgs/share/ament_index/resource_index/parent_prefix_path/soccer_vision_attribute_msgs
[0.638s] -- Up-to-date: /home/ivan/Webots_YOLOv8/install/soccer_vision_attribute_msgs/share/soccer_vision_attribute_msgs/environment/ament_prefix_path.sh
[0.638s] -- Up-to-date: /home/ivan/Webots_YOLOv8/install/soccer_vision_attribute_msgs/share/soccer_vision_attribute_msgs/environment/ament_prefix_path.dsv
[0.638s] -- Up-to-date: /home/ivan/Webots_YOLOv8/install/soccer_vision_attribute_msgs/share/soccer_vision_attribute_msgs/environment/path.sh
[0.638s] -- Up-to-date: /home/ivan/Webots_YOLOv8/install/soccer_vision_attribute_msgs/share/soccer_vision_attribute_msgs/environment/path.dsv
[0.638s] -- Up-to-date: /home/ivan/Webots_YOLOv8/install/soccer_vision_attribute_msgs/share/soccer_vision_attribute_msgs/local_setup.bash
[0.638s] -- Up-to-date: /home/ivan/Webots_YOLOv8/install/soccer_vision_attribute_msgs/share/soccer_vision_attribute_msgs/local_setup.sh
[0.638s] -- Up-to-date: /home/ivan/Webots_YOLOv8/install/soccer_vision_attribute_msgs/share/soccer_vision_attribute_msgs/local_setup.zsh
[0.638s] -- Up-to-date: /home/ivan/Webots_YOLOv8/install/soccer_vision_attribute_msgs/share/soccer_vision_attribute_msgs/local_setup.dsv
[0.639s] -- Installing: /home/ivan/Webots_YOLOv8/install/soccer_vision_attribute_msgs/share/soccer_vision_attribute_msgs/package.dsv
[0.639s] -- Up-to-date: /home/ivan/Webots_YOLOv8/install/soccer_vision_attribute_msgs/share/ament_index/resource_index/packages/soccer_vision_attribute_msgs
[0.639s] -- Up-to-date: /home/ivan/Webots_YOLOv8/install/soccer_vision_attribute_msgs/share/soccer_vision_attribute_msgs/cmake/export_soccer_vision_attribute_msgs__rosidl_generator_cExport.cmake
[0.639s] -- Up-to-date: /home/ivan/Webots_YOLOv8/install/soccer_vision_attribute_msgs/share/soccer_vision_attribute_msgs/cmake/export_soccer_vision_attribute_msgs__rosidl_generator_cExport-noconfig.cmake
[0.640s] -- Up-to-date: /home/ivan/Webots_YOLOv8/install/soccer_vision_attribute_msgs/share/soccer_vision_attribute_msgs/cmake/export_soccer_vision_attribute_msgs__rosidl_typesupport_fastrtps_cExport.cmake
[0.640s] -- Up-to-date: /home/ivan/Webots_YOLOv8/install/soccer_vision_attribute_msgs/share/soccer_vision_attribute_msgs/cmake/export_soccer_vision_attribute_msgs__rosidl_typesupport_fastrtps_cExport-noconfig.cmake
[0.640s] -- Up-to-date: /home/ivan/Webots_YOLOv8/install/soccer_vision_attribute_msgs/share/soccer_vision_attribute_msgs/cmake/soccer_vision_attribute_msgs__rosidl_typesupport_introspection_cExport.cmake
[0.640s] -- Up-to-date: /home/ivan/Webots_YOLOv8/install/soccer_vision_attribute_msgs/share/soccer_vision_attribute_msgs/cmake/soccer_vision_attribute_msgs__rosidl_typesupport_introspection_cExport-noconfig.cmake
[0.641s] -- Up-to-date: /home/ivan/Webots_YOLOv8/install/soccer_vision_attribute_msgs/share/soccer_vision_attribute_msgs/cmake/soccer_vision_attribute_msgs__rosidl_typesupport_cExport.cmake
[0.641s] -- Up-to-date: /home/ivan/Webots_YOLOv8/install/soccer_vision_attribute_msgs/share/soccer_vision_attribute_msgs/cmake/soccer_vision_attribute_msgs__rosidl_typesupport_cExport-noconfig.cmake
[0.641s] -- Up-to-date: /home/ivan/Webots_YOLOv8/install/soccer_vision_attribute_msgs/share/soccer_vision_attribute_msgs/cmake/export_soccer_vision_attribute_msgs__rosidl_generator_cppExport.cmake
[0.642s] -- Up-to-date: /home/ivan/Webots_YOLOv8/install/soccer_vision_attribute_msgs/share/soccer_vision_attribute_msgs/cmake/export_soccer_vision_attribute_msgs__rosidl_typesupport_fastrtps_cppExport.cmake
[0.642s] -- Up-to-date: /home/ivan/Webots_YOLOv8/install/soccer_vision_attribute_msgs/share/soccer_vision_attribute_msgs/cmake/export_soccer_vision_attribute_msgs__rosidl_typesupport_fastrtps_cppExport-noconfig.cmake
[0.642s] -- Up-to-date: /home/ivan/Webots_YOLOv8/install/soccer_vision_attribute_msgs/share/soccer_vision_attribute_msgs/cmake/soccer_vision_attribute_msgs__rosidl_typesupport_introspection_cppExport.cmake
[0.642s] -- Up-to-date: /home/ivan/Webots_YOLOv8/install/soccer_vision_attribute_msgs/share/soccer_vision_attribute_msgs/cmake/soccer_vision_attribute_msgs__rosidl_typesupport_introspection_cppExport-noconfig.cmake
[0.642s] -- Up-to-date: /home/ivan/Webots_YOLOv8/install/soccer_vision_attribute_msgs/share/soccer_vision_attribute_msgs/cmake/soccer_vision_attribute_msgs__rosidl_typesupport_cppExport.cmake
[0.642s] -- Up-to-date: /home/ivan/Webots_YOLOv8/install/soccer_vision_attribute_msgs/share/soccer_vision_attribute_msgs/cmake/soccer_vision_attribute_msgs__rosidl_typesupport_cppExport-noconfig.cmake
[0.644s] -- Up-to-date: /home/ivan/Webots_YOLOv8/install/soccer_vision_attribute_msgs/share/soccer_vision_attribute_msgs/cmake/export_soccer_vision_attribute_msgs__rosidl_generator_pyExport.cmake
[0.645s] -- Up-to-date: /home/ivan/Webots_YOLOv8/install/soccer_vision_attribute_msgs/share/soccer_vision_attribute_msgs/cmake/export_soccer_vision_attribute_msgs__rosidl_generator_pyExport-noconfig.cmake
[0.645s] -- Up-to-date: /home/ivan/Webots_YOLOv8/install/soccer_vision_attribute_msgs/share/soccer_vision_attribute_msgs/cmake/rosidl_cmake-extras.cmake
[0.645s] -- Up-to-date: /home/ivan/Webots_YOLOv8/install/soccer_vision_attribute_msgs/share/soccer_vision_attribute_msgs/cmake/ament_cmake_export_include_directories-extras.cmake
[0.645s] -- Up-to-date: /home/ivan/Webots_YOLOv8/install/soccer_vision_attribute_msgs/share/soccer_vision_attribute_msgs/cmake/ament_cmake_export_libraries-extras.cmake
[0.645s] -- Up-to-date: /home/ivan/Webots_YOLOv8/install/soccer_vision_attribute_msgs/share/soccer_vision_attribute_msgs/cmake/ament_cmake_export_targets-extras.cmake
[0.646s] -- Up-to-date: /home/ivan/Webots_YOLOv8/install/soccer_vision_attribute_msgs/share/soccer_vision_attribute_msgs/cmake/rosidl_cmake_export_typesupport_targets-extras.cmake
[0.646s] -- Up-to-date: /home/ivan/Webots_YOLOv8/install/soccer_vision_attribute_msgs/share/soccer_vision_attribute_msgs/cmake/ament_cmake_export_dependencies-extras.cmake
[0.646s] -- Up-to-date: /home/ivan/Webots_YOLOv8/install/soccer_vision_attribute_msgs/share/soccer_vision_attribute_msgs/cmake/rosidl_cmake_export_typesupport_libraries-extras.cmake
[0.646s] -- Up-to-date: /home/ivan/Webots_YOLOv8/install/soccer_vision_attribute_msgs/share/soccer_vision_attribute_msgs/cmake/soccer_vision_attribute_msgsConfig.cmake
[0.646s] -- Up-to-date: /home/ivan/Webots_YOLOv8/install/soccer_vision_attribute_msgs/share/soccer_vision_attribute_msgs/cmake/soccer_vision_attribute_msgsConfig-version.cmake
[0.646s] -- Up-to-date: /home/ivan/Webots_YOLOv8/install/soccer_vision_attribute_msgs/share/soccer_vision_attribute_msgs/package.xml
[0.712s] Invoked command in '/home/ivan/Webots_YOLOv8/build/soccer_vision_attribute_msgs' returned '0': CMAKE_PREFIX_PATH=/opt/ros/humble /usr/bin/cmake --install /home/ivan/Webots_YOLOv8/build/soccer_vision_attribute_msgs
