[0.047s] Invoking command in '/home/ivan/Webots_YOLOv8/build/soccer_vision_2d_msgs': CMAKE_PREFIX_PATH=/home/ivan/Webots_YOLOv8/install/soccer_vision_attribute_msgs:/home/ivan/Webots_YOLOv8/install/soccer_interfaces:/home/ivan/Webots_YOLOv8/install/soccer_vision_3d_msgs:/home/ivan/Webots_YOLOv8/install/soccer_vision_2d_msgs:/home/ivan/Webots_YOLOv8/install/soccer_model_msgs:/home/ivan/Webots_YOLOv8/install/soccer_geometry_msgs:/home/ivan/Webots_YOLOv8/install/ipm_interfaces:/home/ivan/ros2_ws/install/edrom_msgs:/home/ivan/Webots_YOLOv8/install/soccer_ipm:/home/ivan/Webots_YOLOv8/install/Webots_YOLOv8:/home/ivan/Webots_YOLOv8/install/my_package:/home/ivan/Webots_YOLOv8/install/ipm_service:/home/ivan/Webots_YOLOv8/install/ipm_image_node:/home/ivan/Webots_YOLOv8/install/ipm_library:/home/ivan/ros2_ws/install/object_finder_onnx:/home/ivan/ros2_ws/install/object_finder:/home/ivan/ros2_ws/install/my_package:/home/ivan/ros2_ws/install/Webots_YOLOv8:/opt/ros/humble LD_LIBRARY_PATH=/home/ivan/Webots_YOLOv8/install/soccer_vision_attribute_msgs/lib:/home/ivan/Webots_YOLOv8/install/soccer_vision_3d_msgs/lib:/home/ivan/Webots_YOLOv8/install/soccer_vision_2d_msgs/lib:/home/ivan/Webots_YOLOv8/install/soccer_model_msgs/lib:/home/ivan/Webots_YOLOv8/install/soccer_geometry_msgs/lib:/home/ivan/Webots_YOLOv8/install/ipm_interfaces/lib:/home/ivan/ros2_ws/install/edrom_msgs/lib:/opt/ros/humble/opt/rviz_ogre_vendor/lib:/opt/ros/humble/lib/x86_64-linux-gnu:/opt/ros/humble/lib /usr/bin/cmake --build /home/ivan/Webots_YOLOv8/build/soccer_vision_2d_msgs -- -j12 -l12
[0.124s] [  0%] Built target soccer_vision_2d_msgs__cpp
[0.137s] [ 12%] Built target soccer_vision_2d_msgs__rosidl_generator_c
[0.193s] [ 12%] Built target ament_cmake_python_copy_soccer_vision_2d_msgs
[0.218s] [ 24%] Built target soccer_vision_2d_msgs__rosidl_typesupport_fastrtps_cpp
[0.220s] [ 36%] Built target soccer_vision_2d_msgs__rosidl_typesupport_introspection_cpp
[0.222s] [ 48%] Built target soccer_vision_2d_msgs__rosidl_typesupport_introspection_c
[0.224s] [ 60%] Built target soccer_vision_2d_msgs__rosidl_typesupport_cpp
[0.231s] [ 72%] Built target soccer_vision_2d_msgs__rosidl_typesupport_fastrtps_c
[0.232s] [ 84%] Built target soccer_vision_2d_msgs__rosidl_typesupport_c
[0.263s] [ 84%] Built target soccer_vision_2d_msgs
[0.295s] [ 85%] Built target soccer_vision_2d_msgs__py
[0.347s] [ 96%] Built target soccer_vision_2d_msgs__rosidl_generator_py
[0.400s] [ 97%] Built target soccer_vision_2d_msgs__rosidl_typesupport_fastrtps_c__pyext
[0.401s] [ 98%] Built target soccer_vision_2d_msgs__rosidl_typesupport_c__pyext
[0.406s] [100%] Built target soccer_vision_2d_msgs__rosidl_typesupport_introspection_c__pyext
[0.570s] running egg_info
[0.573s] writing soccer_vision_2d_msgs.egg-info/PKG-INFO
[0.573s] writing dependency_links to soccer_vision_2d_msgs.egg-info/dependency_links.txt
[0.573s] writing top-level names to soccer_vision_2d_msgs.egg-info/top_level.txt
[0.576s] reading manifest file 'soccer_vision_2d_msgs.egg-info/SOURCES.txt'
[0.577s] writing manifest file 'soccer_vision_2d_msgs.egg-info/SOURCES.txt'
[0.625s] [100%] Built target ament_cmake_python_build_soccer_vision_2d_msgs_egg
[0.657s] Invoked command in '/home/ivan/Webots_YOLOv8/build/soccer_vision_2d_msgs' returned '0': CMAKE_PREFIX_PATH=/home/ivan/Webots_YOLOv8/install/soccer_vision_attribute_msgs:/home/ivan/Webots_YOLOv8/install/soccer_interfaces:/home/ivan/Webots_YOLOv8/install/soccer_vision_3d_msgs:/home/ivan/Webots_YOLOv8/install/soccer_vision_2d_msgs:/home/ivan/Webots_YOLOv8/install/soccer_model_msgs:/home/ivan/Webots_YOLOv8/install/soccer_geometry_msgs:/home/ivan/Webots_YOLOv8/install/ipm_interfaces:/home/ivan/ros2_ws/install/edrom_msgs:/home/ivan/Webots_YOLOv8/install/soccer_ipm:/home/ivan/Webots_YOLOv8/install/Webots_YOLOv8:/home/ivan/Webots_YOLOv8/install/my_package:/home/ivan/Webots_YOLOv8/install/ipm_service:/home/ivan/Webots_YOLOv8/install/ipm_image_node:/home/ivan/Webots_YOLOv8/install/ipm_library:/home/ivan/ros2_ws/install/object_finder_onnx:/home/ivan/ros2_ws/install/object_finder:/home/ivan/ros2_ws/install/my_package:/home/ivan/ros2_ws/install/Webots_YOLOv8:/opt/ros/humble LD_LIBRARY_PATH=/home/ivan/Webots_YOLOv8/install/soccer_vision_attribute_msgs/lib:/home/ivan/Webots_YOLOv8/install/soccer_vision_3d_msgs/lib:/home/ivan/Webots_YOLOv8/install/soccer_vision_2d_msgs/lib:/home/ivan/Webots_YOLOv8/install/soccer_model_msgs/lib:/home/ivan/Webots_YOLOv8/install/soccer_geometry_msgs/lib:/home/ivan/Webots_YOLOv8/install/ipm_interfaces/lib:/home/ivan/ros2_ws/install/edrom_msgs/lib:/opt/ros/humble/opt/rviz_ogre_vendor/lib:/opt/ros/humble/lib/x86_64-linux-gnu:/opt/ros/humble/lib /usr/bin/cmake --build /home/ivan/Webots_YOLOv8/build/soccer_vision_2d_msgs -- -j12 -l12
[0.661s] Invoking command in '/home/ivan/Webots_YOLOv8/build/soccer_vision_2d_msgs': CMAKE_PREFIX_PATH=/home/ivan/Webots_YOLOv8/install/soccer_vision_attribute_msgs:/home/ivan/Webots_YOLOv8/install/soccer_interfaces:/home/ivan/Webots_YOLOv8/install/soccer_vision_3d_msgs:/home/ivan/Webots_YOLOv8/install/soccer_vision_2d_msgs:/home/ivan/Webots_YOLOv8/install/soccer_model_msgs:/home/ivan/Webots_YOLOv8/install/soccer_geometry_msgs:/home/ivan/Webots_YOLOv8/install/ipm_interfaces:/home/ivan/ros2_ws/install/edrom_msgs:/home/ivan/Webots_YOLOv8/install/soccer_ipm:/home/ivan/Webots_YOLOv8/install/Webots_YOLOv8:/home/ivan/Webots_YOLOv8/install/my_package:/home/ivan/Webots_YOLOv8/install/ipm_service:/home/ivan/Webots_YOLOv8/install/ipm_image_node:/home/ivan/Webots_YOLOv8/install/ipm_library:/home/ivan/ros2_ws/install/object_finder_onnx:/home/ivan/ros2_ws/install/object_finder:/home/ivan/ros2_ws/install/my_package:/home/ivan/ros2_ws/install/Webots_YOLOv8:/opt/ros/humble LD_LIBRARY_PATH=/home/ivan/Webots_YOLOv8/install/soccer_vision_attribute_msgs/lib:/home/ivan/Webots_YOLOv8/install/soccer_vision_3d_msgs/lib:/home/ivan/Webots_YOLOv8/install/soccer_vision_2d_msgs/lib:/home/ivan/Webots_YOLOv8/install/soccer_model_msgs/lib:/home/ivan/Webots_YOLOv8/install/soccer_geometry_msgs/lib:/home/ivan/Webots_YOLOv8/install/ipm_interfaces/lib:/home/ivan/ros2_ws/install/edrom_msgs/lib:/opt/ros/humble/opt/rviz_ogre_vendor/lib:/opt/ros/humble/lib/x86_64-linux-gnu:/opt/ros/humble/lib /usr/bin/cmake --install /home/ivan/Webots_YOLOv8/build/soccer_vision_2d_msgs
[0.690s] -- Install configuration: ""
[0.690s] -- Up-to-date: /home/ivan/Webots_YOLOv8/install/soccer_vision_2d_msgs/share/ament_index/resource_index/rosidl_interfaces/soccer_vision_2d_msgs
[0.690s] -- Up-to-date: /home/ivan/Webots_YOLOv8/install/soccer_vision_2d_msgs/include/soccer_vision_2d_msgs/soccer_vision_2d_msgs
[0.690s] -- Up-to-date: /home/ivan/Webots_YOLOv8/install/soccer_vision_2d_msgs/include/soccer_vision_2d_msgs/soccer_vision_2d_msgs/msg
[0.690s] -- Up-to-date: /home/ivan/Webots_YOLOv8/install/soccer_vision_2d_msgs/include/soccer_vision_2d_msgs/soccer_vision_2d_msgs/msg/detail
[0.690s] -- Up-to-date: /home/ivan/Webots_YOLOv8/install/soccer_vision_2d_msgs/include/soccer_vision_2d_msgs/soccer_vision_2d_msgs/msg/detail/marking_intersection__functions.h
[0.690s] -- Up-to-date: /home/ivan/Webots_YOLOv8/install/soccer_vision_2d_msgs/include/soccer_vision_2d_msgs/soccer_vision_2d_msgs/msg/detail/robot__functions.h
[0.691s] -- Up-to-date: /home/ivan/Webots_YOLOv8/install/soccer_vision_2d_msgs/include/soccer_vision_2d_msgs/soccer_vision_2d_msgs/msg/detail/robot__struct.h
[0.691s] -- Up-to-date: /home/ivan/Webots_YOLOv8/install/soccer_vision_2d_msgs/include/soccer_vision_2d_msgs/soccer_vision_2d_msgs/msg/detail/obstacle_array__functions.c
[0.691s] -- Up-to-date: /home/ivan/Webots_YOLOv8/install/soccer_vision_2d_msgs/include/soccer_vision_2d_msgs/soccer_vision_2d_msgs/msg/detail/obstacle__struct.h
[0.691s] -- Up-to-date: /home/ivan/Webots_YOLOv8/install/soccer_vision_2d_msgs/include/soccer_vision_2d_msgs/soccer_vision_2d_msgs/msg/detail/marking_segment__struct.h
[0.691s] -- Up-to-date: /home/ivan/Webots_YOLOv8/install/soccer_vision_2d_msgs/include/soccer_vision_2d_msgs/soccer_vision_2d_msgs/msg/detail/field_boundary__type_support.h
[0.691s] -- Up-to-date: /home/ivan/Webots_YOLOv8/install/soccer_vision_2d_msgs/include/soccer_vision_2d_msgs/soccer_vision_2d_msgs/msg/detail/obstacle_array__functions.h
[0.691s] -- Up-to-date: /home/ivan/Webots_YOLOv8/install/soccer_vision_2d_msgs/include/soccer_vision_2d_msgs/soccer_vision_2d_msgs/msg/detail/marking_array__functions.h
[0.691s] -- Up-to-date: /home/ivan/Webots_YOLOv8/install/soccer_vision_2d_msgs/include/soccer_vision_2d_msgs/soccer_vision_2d_msgs/msg/detail/robot_array__struct.h
[0.691s] -- Up-to-date: /home/ivan/Webots_YOLOv8/install/soccer_vision_2d_msgs/include/soccer_vision_2d_msgs/soccer_vision_2d_msgs/msg/detail/obstacle_array__type_support.h
[0.691s] -- Up-to-date: /home/ivan/Webots_YOLOv8/install/soccer_vision_2d_msgs/include/soccer_vision_2d_msgs/soccer_vision_2d_msgs/msg/detail/marking_segment__type_support.h
[0.692s] -- Up-to-date: /home/ivan/Webots_YOLOv8/install/soccer_vision_2d_msgs/include/soccer_vision_2d_msgs/soccer_vision_2d_msgs/msg/detail/marking_array__functions.c
[0.692s] -- Up-to-date: /home/ivan/Webots_YOLOv8/install/soccer_vision_2d_msgs/include/soccer_vision_2d_msgs/soccer_vision_2d_msgs/msg/detail/marking_segment__functions.h
[0.692s] -- Up-to-date: /home/ivan/Webots_YOLOv8/install/soccer_vision_2d_msgs/include/soccer_vision_2d_msgs/soccer_vision_2d_msgs/msg/detail/obstacle__functions.c
[0.692s] -- Up-to-date: /home/ivan/Webots_YOLOv8/install/soccer_vision_2d_msgs/include/soccer_vision_2d_msgs/soccer_vision_2d_msgs/msg/detail/marking_intersection__type_support.h
[0.692s] -- Up-to-date: /home/ivan/Webots_YOLOv8/install/soccer_vision_2d_msgs/include/soccer_vision_2d_msgs/soccer_vision_2d_msgs/msg/detail/robot_array__type_support.h
[0.692s] -- Up-to-date: /home/ivan/Webots_YOLOv8/install/soccer_vision_2d_msgs/include/soccer_vision_2d_msgs/soccer_vision_2d_msgs/msg/detail/ball__functions.h
[0.693s] -- Up-to-date: /home/ivan/Webots_YOLOv8/install/soccer_vision_2d_msgs/include/soccer_vision_2d_msgs/soccer_vision_2d_msgs/msg/detail/obstacle_array__struct.h
[0.693s] -- Up-to-date: /home/ivan/Webots_YOLOv8/install/soccer_vision_2d_msgs/include/soccer_vision_2d_msgs/soccer_vision_2d_msgs/msg/detail/goalpost_array__functions.h
[0.693s] -- Up-to-date: /home/ivan/Webots_YOLOv8/install/soccer_vision_2d_msgs/include/soccer_vision_2d_msgs/soccer_vision_2d_msgs/msg/detail/marking_segment__functions.c
[0.694s] -- Up-to-date: /home/ivan/Webots_YOLOv8/install/soccer_vision_2d_msgs/include/soccer_vision_2d_msgs/soccer_vision_2d_msgs/msg/detail/goalpost_array__type_support.h
[0.695s] -- Up-to-date: /home/ivan/Webots_YOLOv8/install/soccer_vision_2d_msgs/include/soccer_vision_2d_msgs/soccer_vision_2d_msgs/msg/detail/robot__functions.c
[0.697s] -- Up-to-date: /home/ivan/Webots_YOLOv8/install/soccer_vision_2d_msgs/include/soccer_vision_2d_msgs/soccer_vision_2d_msgs/msg/detail/goalpost_array__functions.c
[0.697s] -- Up-to-date: /home/ivan/Webots_YOLOv8/install/soccer_vision_2d_msgs/include/soccer_vision_2d_msgs/soccer_vision_2d_msgs/msg/detail/robot_array__functions.h
[0.697s] -- Up-to-date: /home/ivan/Webots_YOLOv8/install/soccer_vision_2d_msgs/include/soccer_vision_2d_msgs/soccer_vision_2d_msgs/msg/detail/obstacle__type_support.h
[0.697s] -- Up-to-date: /home/ivan/Webots_YOLOv8/install/soccer_vision_2d_msgs/include/soccer_vision_2d_msgs/soccer_vision_2d_msgs/msg/detail/robot_array__functions.c
[0.698s] -- Up-to-date: /home/ivan/Webots_YOLOv8/install/soccer_vision_2d_msgs/include/soccer_vision_2d_msgs/soccer_vision_2d_msgs/msg/detail/ball__struct.h
[0.698s] -- Up-to-date: /home/ivan/Webots_YOLOv8/install/soccer_vision_2d_msgs/include/soccer_vision_2d_msgs/soccer_vision_2d_msgs/msg/detail/field_boundary__struct.h
[0.698s] -- Up-to-date: /home/ivan/Webots_YOLOv8/install/soccer_vision_2d_msgs/include/soccer_vision_2d_msgs/soccer_vision_2d_msgs/msg/detail/marking_ellipse__functions.c
[0.698s] -- Up-to-date: /home/ivan/Webots_YOLOv8/install/soccer_vision_2d_msgs/include/soccer_vision_2d_msgs/soccer_vision_2d_msgs/msg/detail/field_boundary__functions.c
[0.698s] -- Up-to-date: /home/ivan/Webots_YOLOv8/install/soccer_vision_2d_msgs/include/soccer_vision_2d_msgs/soccer_vision_2d_msgs/msg/detail/marking_ellipse__struct.h
[0.698s] -- Up-to-date: /home/ivan/Webots_YOLOv8/install/soccer_vision_2d_msgs/include/soccer_vision_2d_msgs/soccer_vision_2d_msgs/msg/detail/ball__type_support.h
[0.698s] -- Up-to-date: /home/ivan/Webots_YOLOv8/install/soccer_vision_2d_msgs/include/soccer_vision_2d_msgs/soccer_vision_2d_msgs/msg/detail/marking_array__type_support.h
[0.698s] -- Up-to-date: /home/ivan/Webots_YOLOv8/install/soccer_vision_2d_msgs/include/soccer_vision_2d_msgs/soccer_vision_2d_msgs/msg/detail/ball_array__functions.h
[0.698s] -- Up-to-date: /home/ivan/Webots_YOLOv8/install/soccer_vision_2d_msgs/include/soccer_vision_2d_msgs/soccer_vision_2d_msgs/msg/detail/marking_ellipse__type_support.h
[0.699s] -- Up-to-date: /home/ivan/Webots_YOLOv8/install/soccer_vision_2d_msgs/include/soccer_vision_2d_msgs/soccer_vision_2d_msgs/msg/detail/marking_array__struct.h
[0.699s] -- Up-to-date: /home/ivan/Webots_YOLOv8/install/soccer_vision_2d_msgs/include/soccer_vision_2d_msgs/soccer_vision_2d_msgs/msg/detail/marking_intersection__functions.c
[0.699s] -- Up-to-date: /home/ivan/Webots_YOLOv8/install/soccer_vision_2d_msgs/include/soccer_vision_2d_msgs/soccer_vision_2d_msgs/msg/detail/robot__type_support.h
[0.699s] -- Up-to-date: /home/ivan/Webots_YOLOv8/install/soccer_vision_2d_msgs/include/soccer_vision_2d_msgs/soccer_vision_2d_msgs/msg/detail/goalpost__functions.h
[0.699s] -- Up-to-date: /home/ivan/Webots_YOLOv8/install/soccer_vision_2d_msgs/include/soccer_vision_2d_msgs/soccer_vision_2d_msgs/msg/detail/goalpost__functions.c
[0.699s] -- Up-to-date: /home/ivan/Webots_YOLOv8/install/soccer_vision_2d_msgs/include/soccer_vision_2d_msgs/soccer_vision_2d_msgs/msg/detail/ball__functions.c
[0.699s] -- Up-to-date: /home/ivan/Webots_YOLOv8/install/soccer_vision_2d_msgs/include/soccer_vision_2d_msgs/soccer_vision_2d_msgs/msg/detail/marking_intersection__struct.h
[0.699s] -- Up-to-date: /home/ivan/Webots_YOLOv8/install/soccer_vision_2d_msgs/include/soccer_vision_2d_msgs/soccer_vision_2d_msgs/msg/detail/goalpost__type_support.h
[0.699s] -- Up-to-date: /home/ivan/Webots_YOLOv8/install/soccer_vision_2d_msgs/include/soccer_vision_2d_msgs/soccer_vision_2d_msgs/msg/detail/ball_array__struct.h
[0.699s] -- Up-to-date: /home/ivan/Webots_YOLOv8/install/soccer_vision_2d_msgs/include/soccer_vision_2d_msgs/soccer_vision_2d_msgs/msg/detail/field_boundary__functions.h
[0.700s] -- Up-to-date: /home/ivan/Webots_YOLOv8/install/soccer_vision_2d_msgs/include/soccer_vision_2d_msgs/soccer_vision_2d_msgs/msg/detail/goalpost_array__struct.h
[0.700s] -- Up-to-date: /home/ivan/Webots_YOLOv8/install/soccer_vision_2d_msgs/include/soccer_vision_2d_msgs/soccer_vision_2d_msgs/msg/detail/marking_ellipse__functions.h
[0.700s] -- Up-to-date: /home/ivan/Webots_YOLOv8/install/soccer_vision_2d_msgs/include/soccer_vision_2d_msgs/soccer_vision_2d_msgs/msg/detail/obstacle__functions.h
[0.700s] -- Up-to-date: /home/ivan/Webots_YOLOv8/install/soccer_vision_2d_msgs/include/soccer_vision_2d_msgs/soccer_vision_2d_msgs/msg/detail/ball_array__type_support.h
[0.700s] -- Up-to-date: /home/ivan/Webots_YOLOv8/install/soccer_vision_2d_msgs/include/soccer_vision_2d_msgs/soccer_vision_2d_msgs/msg/detail/goalpost__struct.h
[0.700s] -- Up-to-date: /home/ivan/Webots_YOLOv8/install/soccer_vision_2d_msgs/include/soccer_vision_2d_msgs/soccer_vision_2d_msgs/msg/detail/ball_array__functions.c
[0.700s] -- Up-to-date: /home/ivan/Webots_YOLOv8/install/soccer_vision_2d_msgs/include/soccer_vision_2d_msgs/soccer_vision_2d_msgs/msg/marking_ellipse.h
[0.700s] -- Up-to-date: /home/ivan/Webots_YOLOv8/install/soccer_vision_2d_msgs/include/soccer_vision_2d_msgs/soccer_vision_2d_msgs/msg/marking_array.h
[0.700s] -- Up-to-date: /home/ivan/Webots_YOLOv8/install/soccer_vision_2d_msgs/include/soccer_vision_2d_msgs/soccer_vision_2d_msgs/msg/marking_intersection.h
[0.700s] -- Up-to-date: /home/ivan/Webots_YOLOv8/install/soccer_vision_2d_msgs/include/soccer_vision_2d_msgs/soccer_vision_2d_msgs/msg/field_boundary.h
[0.700s] -- Up-to-date: /home/ivan/Webots_YOLOv8/install/soccer_vision_2d_msgs/include/soccer_vision_2d_msgs/soccer_vision_2d_msgs/msg/ball.h
[0.701s] -- Up-to-date: /home/ivan/Webots_YOLOv8/install/soccer_vision_2d_msgs/include/soccer_vision_2d_msgs/soccer_vision_2d_msgs/msg/rosidl_generator_c__visibility_control.h
[0.701s] -- Up-to-date: /home/ivan/Webots_YOLOv8/install/soccer_vision_2d_msgs/include/soccer_vision_2d_msgs/soccer_vision_2d_msgs/msg/goalpost.h
[0.701s] -- Up-to-date: /home/ivan/Webots_YOLOv8/install/soccer_vision_2d_msgs/include/soccer_vision_2d_msgs/soccer_vision_2d_msgs/msg/obstacle_array.h
[0.701s] -- Up-to-date: /home/ivan/Webots_YOLOv8/install/soccer_vision_2d_msgs/include/soccer_vision_2d_msgs/soccer_vision_2d_msgs/msg/marking_segment.h
[0.701s] -- Up-to-date: /home/ivan/Webots_YOLOv8/install/soccer_vision_2d_msgs/include/soccer_vision_2d_msgs/soccer_vision_2d_msgs/msg/robot_array.h
[0.701s] -- Up-to-date: /home/ivan/Webots_YOLOv8/install/soccer_vision_2d_msgs/include/soccer_vision_2d_msgs/soccer_vision_2d_msgs/msg/obstacle.h
[0.701s] -- Up-to-date: /home/ivan/Webots_YOLOv8/install/soccer_vision_2d_msgs/include/soccer_vision_2d_msgs/soccer_vision_2d_msgs/msg/robot.h
[0.701s] -- Up-to-date: /home/ivan/Webots_YOLOv8/install/soccer_vision_2d_msgs/include/soccer_vision_2d_msgs/soccer_vision_2d_msgs/msg/goalpost_array.h
[0.701s] -- Up-to-date: /home/ivan/Webots_YOLOv8/install/soccer_vision_2d_msgs/include/soccer_vision_2d_msgs/soccer_vision_2d_msgs/msg/ball_array.h
[0.701s] -- Up-to-date: /home/ivan/Webots_YOLOv8/install/soccer_vision_2d_msgs/share/soccer_vision_2d_msgs/environment/library_path.sh
[0.702s] -- Up-to-date: /home/ivan/Webots_YOLOv8/install/soccer_vision_2d_msgs/share/soccer_vision_2d_msgs/environment/library_path.dsv
[0.702s] -- Up-to-date: /home/ivan/Webots_YOLOv8/install/soccer_vision_2d_msgs/lib/libsoccer_vision_2d_msgs__rosidl_generator_c.so
[0.702s] -- Up-to-date: /home/ivan/Webots_YOLOv8/install/soccer_vision_2d_msgs/include/soccer_vision_2d_msgs/soccer_vision_2d_msgs
[0.702s] -- Up-to-date: /home/ivan/Webots_YOLOv8/install/soccer_vision_2d_msgs/include/soccer_vision_2d_msgs/soccer_vision_2d_msgs/msg
[0.702s] -- Up-to-date: /home/ivan/Webots_YOLOv8/install/soccer_vision_2d_msgs/include/soccer_vision_2d_msgs/soccer_vision_2d_msgs/msg/detail
[0.702s] -- Up-to-date: /home/ivan/Webots_YOLOv8/install/soccer_vision_2d_msgs/include/soccer_vision_2d_msgs/soccer_vision_2d_msgs/msg/detail/obstacle__rosidl_typesupport_fastrtps_c.h
[0.702s] -- Up-to-date: /home/ivan/Webots_YOLOv8/install/soccer_vision_2d_msgs/include/soccer_vision_2d_msgs/soccer_vision_2d_msgs/msg/detail/goalpost__rosidl_typesupport_fastrtps_c.h
[0.702s] -- Up-to-date: /home/ivan/Webots_YOLOv8/install/soccer_vision_2d_msgs/include/soccer_vision_2d_msgs/soccer_vision_2d_msgs/msg/detail/marking_intersection__rosidl_typesupport_fastrtps_c.h
[0.702s] -- Up-to-date: /home/ivan/Webots_YOLOv8/install/soccer_vision_2d_msgs/include/soccer_vision_2d_msgs/soccer_vision_2d_msgs/msg/detail/obstacle_array__rosidl_typesupport_fastrtps_c.h
[0.703s] -- Up-to-date: /home/ivan/Webots_YOLOv8/install/soccer_vision_2d_msgs/include/soccer_vision_2d_msgs/soccer_vision_2d_msgs/msg/detail/ball_array__rosidl_typesupport_fastrtps_c.h
[0.703s] -- Up-to-date: /home/ivan/Webots_YOLOv8/install/soccer_vision_2d_msgs/include/soccer_vision_2d_msgs/soccer_vision_2d_msgs/msg/detail/marking_segment__rosidl_typesupport_fastrtps_c.h
[0.703s] -- Up-to-date: /home/ivan/Webots_YOLOv8/install/soccer_vision_2d_msgs/include/soccer_vision_2d_msgs/soccer_vision_2d_msgs/msg/detail/marking_ellipse__rosidl_typesupport_fastrtps_c.h
[0.703s] -- Up-to-date: /home/ivan/Webots_YOLOv8/install/soccer_vision_2d_msgs/include/soccer_vision_2d_msgs/soccer_vision_2d_msgs/msg/detail/goalpost_array__rosidl_typesupport_fastrtps_c.h
[0.703s] -- Up-to-date: /home/ivan/Webots_YOLOv8/install/soccer_vision_2d_msgs/include/soccer_vision_2d_msgs/soccer_vision_2d_msgs/msg/detail/ball__rosidl_typesupport_fastrtps_c.h
[0.703s] -- Up-to-date: /home/ivan/Webots_YOLOv8/install/soccer_vision_2d_msgs/include/soccer_vision_2d_msgs/soccer_vision_2d_msgs/msg/detail/field_boundary__rosidl_typesupport_fastrtps_c.h
[0.703s] -- Up-to-date: /home/ivan/Webots_YOLOv8/install/soccer_vision_2d_msgs/include/soccer_vision_2d_msgs/soccer_vision_2d_msgs/msg/detail/robot_array__rosidl_typesupport_fastrtps_c.h
[0.703s] -- Up-to-date: /home/ivan/Webots_YOLOv8/install/soccer_vision_2d_msgs/include/soccer_vision_2d_msgs/soccer_vision_2d_msgs/msg/detail/marking_array__rosidl_typesupport_fastrtps_c.h
[0.704s] -- Up-to-date: /home/ivan/Webots_YOLOv8/install/soccer_vision_2d_msgs/include/soccer_vision_2d_msgs/soccer_vision_2d_msgs/msg/detail/robot__rosidl_typesupport_fastrtps_c.h
[0.704s] -- Up-to-date: /home/ivan/Webots_YOLOv8/install/soccer_vision_2d_msgs/include/soccer_vision_2d_msgs/soccer_vision_2d_msgs/msg/rosidl_typesupport_fastrtps_c__visibility_control.h
[0.704s] -- Up-to-date: /home/ivan/Webots_YOLOv8/install/soccer_vision_2d_msgs/lib/libsoccer_vision_2d_msgs__rosidl_typesupport_fastrtps_c.so
[0.704s] -- Up-to-date: /home/ivan/Webots_YOLOv8/install/soccer_vision_2d_msgs/include/soccer_vision_2d_msgs/soccer_vision_2d_msgs
[0.704s] -- Up-to-date: /home/ivan/Webots_YOLOv8/install/soccer_vision_2d_msgs/include/soccer_vision_2d_msgs/soccer_vision_2d_msgs/msg
[0.704s] -- Up-to-date: /home/ivan/Webots_YOLOv8/install/soccer_vision_2d_msgs/include/soccer_vision_2d_msgs/soccer_vision_2d_msgs/msg/detail
[0.705s] -- Up-to-date: /home/ivan/Webots_YOLOv8/install/soccer_vision_2d_msgs/include/soccer_vision_2d_msgs/soccer_vision_2d_msgs/msg/detail/ball_array__type_support.c
[0.705s] -- Up-to-date: /home/ivan/Webots_YOLOv8/install/soccer_vision_2d_msgs/include/soccer_vision_2d_msgs/soccer_vision_2d_msgs/msg/detail/marking_array__rosidl_typesupport_introspection_c.h
[0.705s] -- Up-to-date: /home/ivan/Webots_YOLOv8/install/soccer_vision_2d_msgs/include/soccer_vision_2d_msgs/soccer_vision_2d_msgs/msg/detail/marking_ellipse__type_support.c
[0.705s] -- Up-to-date: /home/ivan/Webots_YOLOv8/install/soccer_vision_2d_msgs/include/soccer_vision_2d_msgs/soccer_vision_2d_msgs/msg/detail/robot__rosidl_typesupport_introspection_c.h
[0.705s] -- Up-to-date: /home/ivan/Webots_YOLOv8/install/soccer_vision_2d_msgs/include/soccer_vision_2d_msgs/soccer_vision_2d_msgs/msg/detail/field_boundary__type_support.c
[0.705s] -- Up-to-date: /home/ivan/Webots_YOLOv8/install/soccer_vision_2d_msgs/include/soccer_vision_2d_msgs/soccer_vision_2d_msgs/msg/detail/obstacle_array__type_support.c
[0.705s] -- Up-to-date: /home/ivan/Webots_YOLOv8/install/soccer_vision_2d_msgs/include/soccer_vision_2d_msgs/soccer_vision_2d_msgs/msg/detail/ball__type_support.c
[0.705s] -- Up-to-date: /home/ivan/Webots_YOLOv8/install/soccer_vision_2d_msgs/include/soccer_vision_2d_msgs/soccer_vision_2d_msgs/msg/detail/obstacle__rosidl_typesupport_introspection_c.h
[0.706s] -- Up-to-date: /home/ivan/Webots_YOLOv8/install/soccer_vision_2d_msgs/include/soccer_vision_2d_msgs/soccer_vision_2d_msgs/msg/detail/marking_segment__rosidl_typesupport_introspection_c.h
[0.706s] -- Up-to-date: /home/ivan/Webots_YOLOv8/install/soccer_vision_2d_msgs/include/soccer_vision_2d_msgs/soccer_vision_2d_msgs/msg/detail/goalpost__type_support.c
[0.706s] -- Up-to-date: /home/ivan/Webots_YOLOv8/install/soccer_vision_2d_msgs/include/soccer_vision_2d_msgs/soccer_vision_2d_msgs/msg/detail/goalpost_array__type_support.c
[0.706s] -- Up-to-date: /home/ivan/Webots_YOLOv8/install/soccer_vision_2d_msgs/include/soccer_vision_2d_msgs/soccer_vision_2d_msgs/msg/detail/ball_array__rosidl_typesupport_introspection_c.h
[0.706s] -- Up-to-date: /home/ivan/Webots_YOLOv8/install/soccer_vision_2d_msgs/include/soccer_vision_2d_msgs/soccer_vision_2d_msgs/msg/detail/marking_array__type_support.c
[0.706s] -- Up-to-date: /home/ivan/Webots_YOLOv8/install/soccer_vision_2d_msgs/include/soccer_vision_2d_msgs/soccer_vision_2d_msgs/msg/detail/marking_intersection__type_support.c
[0.706s] -- Up-to-date: /home/ivan/Webots_YOLOv8/install/soccer_vision_2d_msgs/include/soccer_vision_2d_msgs/soccer_vision_2d_msgs/msg/detail/marking_ellipse__rosidl_typesupport_introspection_c.h
[0.706s] -- Up-to-date: /home/ivan/Webots_YOLOv8/install/soccer_vision_2d_msgs/include/soccer_vision_2d_msgs/soccer_vision_2d_msgs/msg/detail/goalpost__rosidl_typesupport_introspection_c.h
[0.706s] -- Up-to-date: /home/ivan/Webots_YOLOv8/install/soccer_vision_2d_msgs/include/soccer_vision_2d_msgs/soccer_vision_2d_msgs/msg/detail/robot__type_support.c
[0.706s] -- Up-to-date: /home/ivan/Webots_YOLOv8/install/soccer_vision_2d_msgs/include/soccer_vision_2d_msgs/soccer_vision_2d_msgs/msg/detail/robot_array__rosidl_typesupport_introspection_c.h
[0.706s] -- Up-to-date: /home/ivan/Webots_YOLOv8/install/soccer_vision_2d_msgs/include/soccer_vision_2d_msgs/soccer_vision_2d_msgs/msg/detail/robot_array__type_support.c
[0.706s] -- Up-to-date: /home/ivan/Webots_YOLOv8/install/soccer_vision_2d_msgs/include/soccer_vision_2d_msgs/soccer_vision_2d_msgs/msg/detail/marking_intersection__rosidl_typesupport_introspection_c.h
[0.706s] -- Up-to-date: /home/ivan/Webots_YOLOv8/install/soccer_vision_2d_msgs/include/soccer_vision_2d_msgs/soccer_vision_2d_msgs/msg/detail/obstacle_array__rosidl_typesupport_introspection_c.h
[0.706s] -- Up-to-date: /home/ivan/Webots_YOLOv8/install/soccer_vision_2d_msgs/include/soccer_vision_2d_msgs/soccer_vision_2d_msgs/msg/detail/ball__rosidl_typesupport_introspection_c.h
[0.706s] -- Up-to-date: /home/ivan/Webots_YOLOv8/install/soccer_vision_2d_msgs/include/soccer_vision_2d_msgs/soccer_vision_2d_msgs/msg/detail/obstacle__type_support.c
[0.707s] -- Up-to-date: /home/ivan/Webots_YOLOv8/install/soccer_vision_2d_msgs/include/soccer_vision_2d_msgs/soccer_vision_2d_msgs/msg/detail/field_boundary__rosidl_typesupport_introspection_c.h
[0.707s] -- Up-to-date: /home/ivan/Webots_YOLOv8/install/soccer_vision_2d_msgs/include/soccer_vision_2d_msgs/soccer_vision_2d_msgs/msg/detail/marking_segment__type_support.c
[0.707s] -- Up-to-date: /home/ivan/Webots_YOLOv8/install/soccer_vision_2d_msgs/include/soccer_vision_2d_msgs/soccer_vision_2d_msgs/msg/detail/goalpost_array__rosidl_typesupport_introspection_c.h
[0.707s] -- Up-to-date: /home/ivan/Webots_YOLOv8/install/soccer_vision_2d_msgs/include/soccer_vision_2d_msgs/soccer_vision_2d_msgs/msg/rosidl_typesupport_introspection_c__visibility_control.h
[0.707s] -- Up-to-date: /home/ivan/Webots_YOLOv8/install/soccer_vision_2d_msgs/lib/libsoccer_vision_2d_msgs__rosidl_typesupport_introspection_c.so
[0.707s] -- Up-to-date: /home/ivan/Webots_YOLOv8/install/soccer_vision_2d_msgs/lib/libsoccer_vision_2d_msgs__rosidl_typesupport_c.so
[0.707s] -- Up-to-date: /home/ivan/Webots_YOLOv8/install/soccer_vision_2d_msgs/include/soccer_vision_2d_msgs/soccer_vision_2d_msgs
[0.707s] -- Up-to-date: /home/ivan/Webots_YOLOv8/install/soccer_vision_2d_msgs/include/soccer_vision_2d_msgs/soccer_vision_2d_msgs/msg
[0.707s] -- Up-to-date: /home/ivan/Webots_YOLOv8/install/soccer_vision_2d_msgs/include/soccer_vision_2d_msgs/soccer_vision_2d_msgs/msg/detail
[0.707s] -- Up-to-date: /home/ivan/Webots_YOLOv8/install/soccer_vision_2d_msgs/include/soccer_vision_2d_msgs/soccer_vision_2d_msgs/msg/detail/obstacle_array__type_support.hpp
[0.707s] -- Up-to-date: /home/ivan/Webots_YOLOv8/install/soccer_vision_2d_msgs/include/soccer_vision_2d_msgs/soccer_vision_2d_msgs/msg/detail/ball__builder.hpp
[0.707s] -- Up-to-date: /home/ivan/Webots_YOLOv8/install/soccer_vision_2d_msgs/include/soccer_vision_2d_msgs/soccer_vision_2d_msgs/msg/detail/ball__struct.hpp
[0.707s] -- Up-to-date: /home/ivan/Webots_YOLOv8/install/soccer_vision_2d_msgs/include/soccer_vision_2d_msgs/soccer_vision_2d_msgs/msg/detail/robot__traits.hpp
[0.707s] -- Up-to-date: /home/ivan/Webots_YOLOv8/install/soccer_vision_2d_msgs/include/soccer_vision_2d_msgs/soccer_vision_2d_msgs/msg/detail/ball_array__builder.hpp
[0.708s] -- Up-to-date: /home/ivan/Webots_YOLOv8/install/soccer_vision_2d_msgs/include/soccer_vision_2d_msgs/soccer_vision_2d_msgs/msg/detail/robot__struct.hpp
[0.708s] -- Up-to-date: /home/ivan/Webots_YOLOv8/install/soccer_vision_2d_msgs/include/soccer_vision_2d_msgs/soccer_vision_2d_msgs/msg/detail/marking_ellipse__traits.hpp
[0.708s] -- Up-to-date: /home/ivan/Webots_YOLOv8/install/soccer_vision_2d_msgs/include/soccer_vision_2d_msgs/soccer_vision_2d_msgs/msg/detail/marking_intersection__traits.hpp
[0.708s] -- Up-to-date: /home/ivan/Webots_YOLOv8/install/soccer_vision_2d_msgs/include/soccer_vision_2d_msgs/soccer_vision_2d_msgs/msg/detail/ball_array__traits.hpp
[0.708s] -- Up-to-date: /home/ivan/Webots_YOLOv8/install/soccer_vision_2d_msgs/include/soccer_vision_2d_msgs/soccer_vision_2d_msgs/msg/detail/robot_array__type_support.hpp
[0.708s] -- Up-to-date: /home/ivan/Webots_YOLOv8/install/soccer_vision_2d_msgs/include/soccer_vision_2d_msgs/soccer_vision_2d_msgs/msg/detail/goalpost_array__type_support.hpp
[0.708s] -- Up-to-date: /home/ivan/Webots_YOLOv8/install/soccer_vision_2d_msgs/include/soccer_vision_2d_msgs/soccer_vision_2d_msgs/msg/detail/marking_segment__builder.hpp
[0.708s] -- Up-to-date: /home/ivan/Webots_YOLOv8/install/soccer_vision_2d_msgs/include/soccer_vision_2d_msgs/soccer_vision_2d_msgs/msg/detail/obstacle__builder.hpp
[0.708s] -- Up-to-date: /home/ivan/Webots_YOLOv8/install/soccer_vision_2d_msgs/include/soccer_vision_2d_msgs/soccer_vision_2d_msgs/msg/detail/marking_intersection__builder.hpp
[0.708s] -- Up-to-date: /home/ivan/Webots_YOLOv8/install/soccer_vision_2d_msgs/include/soccer_vision_2d_msgs/soccer_vision_2d_msgs/msg/detail/obstacle__type_support.hpp
[0.708s] -- Up-to-date: /home/ivan/Webots_YOLOv8/install/soccer_vision_2d_msgs/include/soccer_vision_2d_msgs/soccer_vision_2d_msgs/msg/detail/goalpost__builder.hpp
[0.708s] -- Up-to-date: /home/ivan/Webots_YOLOv8/install/soccer_vision_2d_msgs/include/soccer_vision_2d_msgs/soccer_vision_2d_msgs/msg/detail/field_boundary__builder.hpp
[0.708s] -- Up-to-date: /home/ivan/Webots_YOLOv8/install/soccer_vision_2d_msgs/include/soccer_vision_2d_msgs/soccer_vision_2d_msgs/msg/detail/marking_array__builder.hpp
[0.708s] -- Up-to-date: /home/ivan/Webots_YOLOv8/install/soccer_vision_2d_msgs/include/soccer_vision_2d_msgs/soccer_vision_2d_msgs/msg/detail/marking_ellipse__type_support.hpp
[0.708s] -- Up-to-date: /home/ivan/Webots_YOLOv8/install/soccer_vision_2d_msgs/include/soccer_vision_2d_msgs/soccer_vision_2d_msgs/msg/detail/field_boundary__type_support.hpp
[0.709s] -- Up-to-date: /home/ivan/Webots_YOLOv8/install/soccer_vision_2d_msgs/include/soccer_vision_2d_msgs/soccer_vision_2d_msgs/msg/detail/goalpost_array__struct.hpp
[0.709s] -- Up-to-date: /home/ivan/Webots_YOLOv8/install/soccer_vision_2d_msgs/include/soccer_vision_2d_msgs/soccer_vision_2d_msgs/msg/detail/robot_array__traits.hpp
[0.709s] -- Up-to-date: /home/ivan/Webots_YOLOv8/install/soccer_vision_2d_msgs/include/soccer_vision_2d_msgs/soccer_vision_2d_msgs/msg/detail/obstacle_array__builder.hpp
[0.709s] -- Up-to-date: /home/ivan/Webots_YOLOv8/install/soccer_vision_2d_msgs/include/soccer_vision_2d_msgs/soccer_vision_2d_msgs/msg/detail/ball_array__type_support.hpp
[0.709s] -- Up-to-date: /home/ivan/Webots_YOLOv8/install/soccer_vision_2d_msgs/include/soccer_vision_2d_msgs/soccer_vision_2d_msgs/msg/detail/marking_array__struct.hpp
[0.709s] -- Up-to-date: /home/ivan/Webots_YOLOv8/install/soccer_vision_2d_msgs/include/soccer_vision_2d_msgs/soccer_vision_2d_msgs/msg/detail/field_boundary__traits.hpp
[0.709s] -- Up-to-date: /home/ivan/Webots_YOLOv8/install/soccer_vision_2d_msgs/include/soccer_vision_2d_msgs/soccer_vision_2d_msgs/msg/detail/goalpost__type_support.hpp
[0.709s] -- Up-to-date: /home/ivan/Webots_YOLOv8/install/soccer_vision_2d_msgs/include/soccer_vision_2d_msgs/soccer_vision_2d_msgs/msg/detail/marking_segment__struct.hpp
[0.709s] -- Up-to-date: /home/ivan/Webots_YOLOv8/install/soccer_vision_2d_msgs/include/soccer_vision_2d_msgs/soccer_vision_2d_msgs/msg/detail/marking_intersection__struct.hpp
[0.709s] -- Up-to-date: /home/ivan/Webots_YOLOv8/install/soccer_vision_2d_msgs/include/soccer_vision_2d_msgs/soccer_vision_2d_msgs/msg/detail/ball_array__struct.hpp
[0.709s] -- Up-to-date: /home/ivan/Webots_YOLOv8/install/soccer_vision_2d_msgs/include/soccer_vision_2d_msgs/soccer_vision_2d_msgs/msg/detail/marking_array__type_support.hpp
[0.709s] -- Up-to-date: /home/ivan/Webots_YOLOv8/install/soccer_vision_2d_msgs/include/soccer_vision_2d_msgs/soccer_vision_2d_msgs/msg/detail/marking_intersection__type_support.hpp
[0.709s] -- Up-to-date: /home/ivan/Webots_YOLOv8/install/soccer_vision_2d_msgs/include/soccer_vision_2d_msgs/soccer_vision_2d_msgs/msg/detail/obstacle_array__traits.hpp
[0.710s] -- Up-to-date: /home/ivan/Webots_YOLOv8/install/soccer_vision_2d_msgs/include/soccer_vision_2d_msgs/soccer_vision_2d_msgs/msg/detail/goalpost__traits.hpp
[0.710s] -- Up-to-date: /home/ivan/Webots_YOLOv8/install/soccer_vision_2d_msgs/include/soccer_vision_2d_msgs/soccer_vision_2d_msgs/msg/detail/ball__type_support.hpp
[0.710s] -- Up-to-date: /home/ivan/Webots_YOLOv8/install/soccer_vision_2d_msgs/include/soccer_vision_2d_msgs/soccer_vision_2d_msgs/msg/detail/goalpost_array__traits.hpp
[0.710s] -- Up-to-date: /home/ivan/Webots_YOLOv8/install/soccer_vision_2d_msgs/include/soccer_vision_2d_msgs/soccer_vision_2d_msgs/msg/detail/robot_array__builder.hpp
[0.710s] -- Up-to-date: /home/ivan/Webots_YOLOv8/install/soccer_vision_2d_msgs/include/soccer_vision_2d_msgs/soccer_vision_2d_msgs/msg/detail/field_boundary__struct.hpp
[0.710s] -- Up-to-date: /home/ivan/Webots_YOLOv8/install/soccer_vision_2d_msgs/include/soccer_vision_2d_msgs/soccer_vision_2d_msgs/msg/detail/obstacle__traits.hpp
[0.710s] -- Up-to-date: /home/ivan/Webots_YOLOv8/install/soccer_vision_2d_msgs/include/soccer_vision_2d_msgs/soccer_vision_2d_msgs/msg/detail/goalpost__struct.hpp
[0.710s] -- Up-to-date: /home/ivan/Webots_YOLOv8/install/soccer_vision_2d_msgs/include/soccer_vision_2d_msgs/soccer_vision_2d_msgs/msg/detail/robot_array__struct.hpp
[0.710s] -- Up-to-date: /home/ivan/Webots_YOLOv8/install/soccer_vision_2d_msgs/include/soccer_vision_2d_msgs/soccer_vision_2d_msgs/msg/detail/obstacle__struct.hpp
[0.710s] -- Up-to-date: /home/ivan/Webots_YOLOv8/install/soccer_vision_2d_msgs/include/soccer_vision_2d_msgs/soccer_vision_2d_msgs/msg/detail/marking_ellipse__builder.hpp
[0.710s] -- Up-to-date: /home/ivan/Webots_YOLOv8/install/soccer_vision_2d_msgs/include/soccer_vision_2d_msgs/soccer_vision_2d_msgs/msg/detail/marking_ellipse__struct.hpp
[0.710s] -- Up-to-date: /home/ivan/Webots_YOLOv8/install/soccer_vision_2d_msgs/include/soccer_vision_2d_msgs/soccer_vision_2d_msgs/msg/detail/obstacle_array__struct.hpp
[0.710s] -- Up-to-date: /home/ivan/Webots_YOLOv8/install/soccer_vision_2d_msgs/include/soccer_vision_2d_msgs/soccer_vision_2d_msgs/msg/detail/ball__traits.hpp
[0.710s] -- Up-to-date: /home/ivan/Webots_YOLOv8/install/soccer_vision_2d_msgs/include/soccer_vision_2d_msgs/soccer_vision_2d_msgs/msg/detail/marking_array__traits.hpp
[0.710s] -- Up-to-date: /home/ivan/Webots_YOLOv8/install/soccer_vision_2d_msgs/include/soccer_vision_2d_msgs/soccer_vision_2d_msgs/msg/detail/marking_segment__traits.hpp
[0.711s] -- Up-to-date: /home/ivan/Webots_YOLOv8/install/soccer_vision_2d_msgs/include/soccer_vision_2d_msgs/soccer_vision_2d_msgs/msg/detail/robot__builder.hpp
[0.711s] -- Up-to-date: /home/ivan/Webots_YOLOv8/install/soccer_vision_2d_msgs/include/soccer_vision_2d_msgs/soccer_vision_2d_msgs/msg/detail/robot__type_support.hpp
[0.711s] -- Up-to-date: /home/ivan/Webots_YOLOv8/install/soccer_vision_2d_msgs/include/soccer_vision_2d_msgs/soccer_vision_2d_msgs/msg/detail/marking_segment__type_support.hpp
[0.711s] -- Up-to-date: /home/ivan/Webots_YOLOv8/install/soccer_vision_2d_msgs/include/soccer_vision_2d_msgs/soccer_vision_2d_msgs/msg/detail/goalpost_array__builder.hpp
[0.711s] -- Up-to-date: /home/ivan/Webots_YOLOv8/install/soccer_vision_2d_msgs/include/soccer_vision_2d_msgs/soccer_vision_2d_msgs/msg/ball_array.hpp
[0.711s] -- Up-to-date: /home/ivan/Webots_YOLOv8/install/soccer_vision_2d_msgs/include/soccer_vision_2d_msgs/soccer_vision_2d_msgs/msg/goalpost_array.hpp
[0.711s] -- Up-to-date: /home/ivan/Webots_YOLOv8/install/soccer_vision_2d_msgs/include/soccer_vision_2d_msgs/soccer_vision_2d_msgs/msg/ball.hpp
[0.711s] -- Up-to-date: /home/ivan/Webots_YOLOv8/install/soccer_vision_2d_msgs/include/soccer_vision_2d_msgs/soccer_vision_2d_msgs/msg/rosidl_generator_cpp__visibility_control.hpp
[0.711s] -- Up-to-date: /home/ivan/Webots_YOLOv8/install/soccer_vision_2d_msgs/include/soccer_vision_2d_msgs/soccer_vision_2d_msgs/msg/marking_ellipse.hpp
[0.711s] -- Up-to-date: /home/ivan/Webots_YOLOv8/install/soccer_vision_2d_msgs/include/soccer_vision_2d_msgs/soccer_vision_2d_msgs/msg/robot.hpp
[0.711s] -- Up-to-date: /home/ivan/Webots_YOLOv8/install/soccer_vision_2d_msgs/include/soccer_vision_2d_msgs/soccer_vision_2d_msgs/msg/obstacle_array.hpp
[0.711s] -- Up-to-date: /home/ivan/Webots_YOLOv8/install/soccer_vision_2d_msgs/include/soccer_vision_2d_msgs/soccer_vision_2d_msgs/msg/marking_array.hpp
[0.711s] -- Up-to-date: /home/ivan/Webots_YOLOv8/install/soccer_vision_2d_msgs/include/soccer_vision_2d_msgs/soccer_vision_2d_msgs/msg/marking_segment.hpp
[0.712s] -- Up-to-date: /home/ivan/Webots_YOLOv8/install/soccer_vision_2d_msgs/include/soccer_vision_2d_msgs/soccer_vision_2d_msgs/msg/goalpost.hpp
[0.712s] -- Up-to-date: /home/ivan/Webots_YOLOv8/install/soccer_vision_2d_msgs/include/soccer_vision_2d_msgs/soccer_vision_2d_msgs/msg/obstacle.hpp
[0.712s] -- Up-to-date: /home/ivan/Webots_YOLOv8/install/soccer_vision_2d_msgs/include/soccer_vision_2d_msgs/soccer_vision_2d_msgs/msg/marking_intersection.hpp
[0.712s] -- Up-to-date: /home/ivan/Webots_YOLOv8/install/soccer_vision_2d_msgs/include/soccer_vision_2d_msgs/soccer_vision_2d_msgs/msg/robot_array.hpp
[0.712s] -- Up-to-date: /home/ivan/Webots_YOLOv8/install/soccer_vision_2d_msgs/include/soccer_vision_2d_msgs/soccer_vision_2d_msgs/msg/field_boundary.hpp
[0.712s] -- Up-to-date: /home/ivan/Webots_YOLOv8/install/soccer_vision_2d_msgs/include/soccer_vision_2d_msgs/soccer_vision_2d_msgs
[0.712s] -- Up-to-date: /home/ivan/Webots_YOLOv8/install/soccer_vision_2d_msgs/include/soccer_vision_2d_msgs/soccer_vision_2d_msgs/msg
[0.712s] -- Up-to-date: /home/ivan/Webots_YOLOv8/install/soccer_vision_2d_msgs/include/soccer_vision_2d_msgs/soccer_vision_2d_msgs/msg/detail
[0.712s] -- Up-to-date: /home/ivan/Webots_YOLOv8/install/soccer_vision_2d_msgs/include/soccer_vision_2d_msgs/soccer_vision_2d_msgs/msg/detail/robot_array__rosidl_typesupport_fastrtps_cpp.hpp
[0.712s] -- Up-to-date: /home/ivan/Webots_YOLOv8/install/soccer_vision_2d_msgs/include/soccer_vision_2d_msgs/soccer_vision_2d_msgs/msg/detail/obstacle_array__rosidl_typesupport_fastrtps_cpp.hpp
[0.712s] -- Up-to-date: /home/ivan/Webots_YOLOv8/install/soccer_vision_2d_msgs/include/soccer_vision_2d_msgs/soccer_vision_2d_msgs/msg/detail/dds_fastrtps
[0.712s] -- Up-to-date: /home/ivan/Webots_YOLOv8/install/soccer_vision_2d_msgs/include/soccer_vision_2d_msgs/soccer_vision_2d_msgs/msg/detail/marking_ellipse__rosidl_typesupport_fastrtps_cpp.hpp
[0.712s] -- Up-to-date: /home/ivan/Webots_YOLOv8/install/soccer_vision_2d_msgs/include/soccer_vision_2d_msgs/soccer_vision_2d_msgs/msg/detail/obstacle__rosidl_typesupport_fastrtps_cpp.hpp
[0.712s] -- Up-to-date: /home/ivan/Webots_YOLOv8/install/soccer_vision_2d_msgs/include/soccer_vision_2d_msgs/soccer_vision_2d_msgs/msg/detail/robot__rosidl_typesupport_fastrtps_cpp.hpp
[0.712s] -- Up-to-date: /home/ivan/Webots_YOLOv8/install/soccer_vision_2d_msgs/include/soccer_vision_2d_msgs/soccer_vision_2d_msgs/msg/detail/marking_array__rosidl_typesupport_fastrtps_cpp.hpp
[0.713s] -- Up-to-date: /home/ivan/Webots_YOLOv8/install/soccer_vision_2d_msgs/include/soccer_vision_2d_msgs/soccer_vision_2d_msgs/msg/detail/ball__rosidl_typesupport_fastrtps_cpp.hpp
[0.713s] -- Up-to-date: /home/ivan/Webots_YOLOv8/install/soccer_vision_2d_msgs/include/soccer_vision_2d_msgs/soccer_vision_2d_msgs/msg/detail/field_boundary__rosidl_typesupport_fastrtps_cpp.hpp
[0.713s] -- Up-to-date: /home/ivan/Webots_YOLOv8/install/soccer_vision_2d_msgs/include/soccer_vision_2d_msgs/soccer_vision_2d_msgs/msg/detail/goalpost__rosidl_typesupport_fastrtps_cpp.hpp
[0.713s] -- Up-to-date: /home/ivan/Webots_YOLOv8/install/soccer_vision_2d_msgs/include/soccer_vision_2d_msgs/soccer_vision_2d_msgs/msg/detail/marking_segment__rosidl_typesupport_fastrtps_cpp.hpp
[0.713s] -- Up-to-date: /home/ivan/Webots_YOLOv8/install/soccer_vision_2d_msgs/include/soccer_vision_2d_msgs/soccer_vision_2d_msgs/msg/detail/goalpost_array__rosidl_typesupport_fastrtps_cpp.hpp
[0.713s] -- Up-to-date: /home/ivan/Webots_YOLOv8/install/soccer_vision_2d_msgs/include/soccer_vision_2d_msgs/soccer_vision_2d_msgs/msg/detail/ball_array__rosidl_typesupport_fastrtps_cpp.hpp
[0.713s] -- Up-to-date: /home/ivan/Webots_YOLOv8/install/soccer_vision_2d_msgs/include/soccer_vision_2d_msgs/soccer_vision_2d_msgs/msg/detail/marking_intersection__rosidl_typesupport_fastrtps_cpp.hpp
[0.713s] -- Up-to-date: /home/ivan/Webots_YOLOv8/install/soccer_vision_2d_msgs/include/soccer_vision_2d_msgs/soccer_vision_2d_msgs/msg/rosidl_typesupport_fastrtps_cpp__visibility_control.h
[0.713s] -- Up-to-date: /home/ivan/Webots_YOLOv8/install/soccer_vision_2d_msgs/lib/libsoccer_vision_2d_msgs__rosidl_typesupport_fastrtps_cpp.so
[0.713s] -- Up-to-date: /home/ivan/Webots_YOLOv8/install/soccer_vision_2d_msgs/include/soccer_vision_2d_msgs/soccer_vision_2d_msgs
[0.713s] -- Up-to-date: /home/ivan/Webots_YOLOv8/install/soccer_vision_2d_msgs/include/soccer_vision_2d_msgs/soccer_vision_2d_msgs/msg
[0.713s] -- Up-to-date: /home/ivan/Webots_YOLOv8/install/soccer_vision_2d_msgs/include/soccer_vision_2d_msgs/soccer_vision_2d_msgs/msg/detail
[0.713s] -- Up-to-date: /home/ivan/Webots_YOLOv8/install/soccer_vision_2d_msgs/include/soccer_vision_2d_msgs/soccer_vision_2d_msgs/msg/detail/marking_ellipse__type_support.cpp
[0.713s] -- Up-to-date: /home/ivan/Webots_YOLOv8/install/soccer_vision_2d_msgs/include/soccer_vision_2d_msgs/soccer_vision_2d_msgs/msg/detail/robot_array__type_support.cpp
[0.713s] -- Up-to-date: /home/ivan/Webots_YOLOv8/install/soccer_vision_2d_msgs/include/soccer_vision_2d_msgs/soccer_vision_2d_msgs/msg/detail/goalpost_array__type_support.cpp
[0.713s] -- Up-to-date: /home/ivan/Webots_YOLOv8/install/soccer_vision_2d_msgs/include/soccer_vision_2d_msgs/soccer_vision_2d_msgs/msg/detail/ball_array__type_support.cpp
[0.714s] -- Up-to-date: /home/ivan/Webots_YOLOv8/install/soccer_vision_2d_msgs/include/soccer_vision_2d_msgs/soccer_vision_2d_msgs/msg/detail/marking_segment__type_support.cpp
[0.714s] -- Up-to-date: /home/ivan/Webots_YOLOv8/install/soccer_vision_2d_msgs/include/soccer_vision_2d_msgs/soccer_vision_2d_msgs/msg/detail/robot__rosidl_typesupport_introspection_cpp.hpp
[0.714s] -- Up-to-date: /home/ivan/Webots_YOLOv8/install/soccer_vision_2d_msgs/include/soccer_vision_2d_msgs/soccer_vision_2d_msgs/msg/detail/field_boundary__rosidl_typesupport_introspection_cpp.hpp
[0.714s] -- Up-to-date: /home/ivan/Webots_YOLOv8/install/soccer_vision_2d_msgs/include/soccer_vision_2d_msgs/soccer_vision_2d_msgs/msg/detail/ball__rosidl_typesupport_introspection_cpp.hpp
[0.714s] -- Up-to-date: /home/ivan/Webots_YOLOv8/install/soccer_vision_2d_msgs/include/soccer_vision_2d_msgs/soccer_vision_2d_msgs/msg/detail/ball_array__rosidl_typesupport_introspection_cpp.hpp
[0.714s] -- Up-to-date: /home/ivan/Webots_YOLOv8/install/soccer_vision_2d_msgs/include/soccer_vision_2d_msgs/soccer_vision_2d_msgs/msg/detail/obstacle__rosidl_typesupport_introspection_cpp.hpp
[0.714s] -- Up-to-date: /home/ivan/Webots_YOLOv8/install/soccer_vision_2d_msgs/include/soccer_vision_2d_msgs/soccer_vision_2d_msgs/msg/detail/obstacle__type_support.cpp
[0.714s] -- Up-to-date: /home/ivan/Webots_YOLOv8/install/soccer_vision_2d_msgs/include/soccer_vision_2d_msgs/soccer_vision_2d_msgs/msg/detail/robot_array__rosidl_typesupport_introspection_cpp.hpp
[0.714s] -- Up-to-date: /home/ivan/Webots_YOLOv8/install/soccer_vision_2d_msgs/include/soccer_vision_2d_msgs/soccer_vision_2d_msgs/msg/detail/obstacle_array__type_support.cpp
[0.714s] -- Up-to-date: /home/ivan/Webots_YOLOv8/install/soccer_vision_2d_msgs/include/soccer_vision_2d_msgs/soccer_vision_2d_msgs/msg/detail/marking_segment__rosidl_typesupport_introspection_cpp.hpp
[0.714s] -- Up-to-date: /home/ivan/Webots_YOLOv8/install/soccer_vision_2d_msgs/include/soccer_vision_2d_msgs/soccer_vision_2d_msgs/msg/detail/goalpost__rosidl_typesupport_introspection_cpp.hpp
[0.714s] -- Up-to-date: /home/ivan/Webots_YOLOv8/install/soccer_vision_2d_msgs/include/soccer_vision_2d_msgs/soccer_vision_2d_msgs/msg/detail/marking_intersection__rosidl_typesupport_introspection_cpp.hpp
[0.714s] -- Up-to-date: /home/ivan/Webots_YOLOv8/install/soccer_vision_2d_msgs/include/soccer_vision_2d_msgs/soccer_vision_2d_msgs/msg/detail/marking_array__type_support.cpp
[0.714s] -- Up-to-date: /home/ivan/Webots_YOLOv8/install/soccer_vision_2d_msgs/include/soccer_vision_2d_msgs/soccer_vision_2d_msgs/msg/detail/marking_ellipse__rosidl_typesupport_introspection_cpp.hpp
[0.714s] -- Up-to-date: /home/ivan/Webots_YOLOv8/install/soccer_vision_2d_msgs/include/soccer_vision_2d_msgs/soccer_vision_2d_msgs/msg/detail/goalpost_array__rosidl_typesupport_introspection_cpp.hpp
[0.714s] -- Up-to-date: /home/ivan/Webots_YOLOv8/install/soccer_vision_2d_msgs/include/soccer_vision_2d_msgs/soccer_vision_2d_msgs/msg/detail/field_boundary__type_support.cpp
[0.715s] -- Up-to-date: /home/ivan/Webots_YOLOv8/install/soccer_vision_2d_msgs/include/soccer_vision_2d_msgs/soccer_vision_2d_msgs/msg/detail/ball__type_support.cpp
[0.715s] -- Up-to-date: /home/ivan/Webots_YOLOv8/install/soccer_vision_2d_msgs/include/soccer_vision_2d_msgs/soccer_vision_2d_msgs/msg/detail/goalpost__type_support.cpp
[0.715s] -- Up-to-date: /home/ivan/Webots_YOLOv8/install/soccer_vision_2d_msgs/include/soccer_vision_2d_msgs/soccer_vision_2d_msgs/msg/detail/obstacle_array__rosidl_typesupport_introspection_cpp.hpp
[0.715s] -- Up-to-date: /home/ivan/Webots_YOLOv8/install/soccer_vision_2d_msgs/include/soccer_vision_2d_msgs/soccer_vision_2d_msgs/msg/detail/marking_intersection__type_support.cpp
[0.715s] -- Up-to-date: /home/ivan/Webots_YOLOv8/install/soccer_vision_2d_msgs/include/soccer_vision_2d_msgs/soccer_vision_2d_msgs/msg/detail/marking_array__rosidl_typesupport_introspection_cpp.hpp
[0.715s] -- Up-to-date: /home/ivan/Webots_YOLOv8/install/soccer_vision_2d_msgs/include/soccer_vision_2d_msgs/soccer_vision_2d_msgs/msg/detail/robot__type_support.cpp
[0.715s] -- Up-to-date: /home/ivan/Webots_YOLOv8/install/soccer_vision_2d_msgs/lib/libsoccer_vision_2d_msgs__rosidl_typesupport_introspection_cpp.so
[0.715s] -- Up-to-date: /home/ivan/Webots_YOLOv8/install/soccer_vision_2d_msgs/lib/libsoccer_vision_2d_msgs__rosidl_typesupport_cpp.so
[0.715s] -- Up-to-date: /home/ivan/Webots_YOLOv8/install/soccer_vision_2d_msgs/share/soccer_vision_2d_msgs/environment/pythonpath.sh
[0.715s] -- Up-to-date: /home/ivan/Webots_YOLOv8/install/soccer_vision_2d_msgs/share/soccer_vision_2d_msgs/environment/pythonpath.dsv
[0.715s] -- Up-to-date: /home/ivan/Webots_YOLOv8/install/soccer_vision_2d_msgs/local/lib/python3.10/dist-packages/soccer_vision_2d_msgs-1.0.0-py3.10.egg-info
[0.715s] -- Installing: /home/ivan/Webots_YOLOv8/install/soccer_vision_2d_msgs/local/lib/python3.10/dist-packages/soccer_vision_2d_msgs-1.0.0-py3.10.egg-info/top_level.txt
[0.716s] -- Installing: /home/ivan/Webots_YOLOv8/install/soccer_vision_2d_msgs/local/lib/python3.10/dist-packages/soccer_vision_2d_msgs-1.0.0-py3.10.egg-info/dependency_links.txt
[0.716s] -- Installing: /home/ivan/Webots_YOLOv8/install/soccer_vision_2d_msgs/local/lib/python3.10/dist-packages/soccer_vision_2d_msgs-1.0.0-py3.10.egg-info/SOURCES.txt
[0.716s] -- Installing: /home/ivan/Webots_YOLOv8/install/soccer_vision_2d_msgs/local/lib/python3.10/dist-packages/soccer_vision_2d_msgs-1.0.0-py3.10.egg-info/PKG-INFO
[0.716s] -- Up-to-date: /home/ivan/Webots_YOLOv8/install/soccer_vision_2d_msgs/local/lib/python3.10/dist-packages/soccer_vision_2d_msgs
[0.716s] -- Up-to-date: /home/ivan/Webots_YOLOv8/install/soccer_vision_2d_msgs/local/lib/python3.10/dist-packages/soccer_vision_2d_msgs/soccer_vision_2d_msgs_s__rosidl_typesupport_c.cpython-310-x86_64-linux-gnu.so
[0.716s] -- Up-to-date: /home/ivan/Webots_YOLOv8/install/soccer_vision_2d_msgs/local/lib/python3.10/dist-packages/soccer_vision_2d_msgs/msg
[0.717s] -- Up-to-date: /home/ivan/Webots_YOLOv8/install/soccer_vision_2d_msgs/local/lib/python3.10/dist-packages/soccer_vision_2d_msgs/msg/_ball_array.py
[0.717s] -- Up-to-date: /home/ivan/Webots_YOLOv8/install/soccer_vision_2d_msgs/local/lib/python3.10/dist-packages/soccer_vision_2d_msgs/msg/_marking_segment.py
[0.717s] -- Up-to-date: /home/ivan/Webots_YOLOv8/install/soccer_vision_2d_msgs/local/lib/python3.10/dist-packages/soccer_vision_2d_msgs/msg/_goalpost.py
[0.718s] -- Up-to-date: /home/ivan/Webots_YOLOv8/install/soccer_vision_2d_msgs/local/lib/python3.10/dist-packages/soccer_vision_2d_msgs/msg/_obstacle_s.c
[0.718s] -- Up-to-date: /home/ivan/Webots_YOLOv8/install/soccer_vision_2d_msgs/local/lib/python3.10/dist-packages/soccer_vision_2d_msgs/msg/_robot_s.c
[0.718s] -- Up-to-date: /home/ivan/Webots_YOLOv8/install/soccer_vision_2d_msgs/local/lib/python3.10/dist-packages/soccer_vision_2d_msgs/msg/_robot_array.py
[0.718s] -- Up-to-date: /home/ivan/Webots_YOLOv8/install/soccer_vision_2d_msgs/local/lib/python3.10/dist-packages/soccer_vision_2d_msgs/msg/_marking_array_s.c
[0.718s] -- Up-to-date: /home/ivan/Webots_YOLOv8/install/soccer_vision_2d_msgs/local/lib/python3.10/dist-packages/soccer_vision_2d_msgs/msg/_marking_array.py
[0.718s] -- Up-to-date: /home/ivan/Webots_YOLOv8/install/soccer_vision_2d_msgs/local/lib/python3.10/dist-packages/soccer_vision_2d_msgs/msg/_marking_intersection.py
[0.718s] -- Up-to-date: /home/ivan/Webots_YOLOv8/install/soccer_vision_2d_msgs/local/lib/python3.10/dist-packages/soccer_vision_2d_msgs/msg/_goalpost_array.py
[0.719s] -- Up-to-date: /home/ivan/Webots_YOLOv8/install/soccer_vision_2d_msgs/local/lib/python3.10/dist-packages/soccer_vision_2d_msgs/msg/_ball_array_s.c
[0.719s] -- Up-to-date: /home/ivan/Webots_YOLOv8/install/soccer_vision_2d_msgs/local/lib/python3.10/dist-packages/soccer_vision_2d_msgs/msg/_obstacle_array.py
[0.719s] -- Up-to-date: /home/ivan/Webots_YOLOv8/install/soccer_vision_2d_msgs/local/lib/python3.10/dist-packages/soccer_vision_2d_msgs/msg/__init__.py
[0.719s] -- Up-to-date: /home/ivan/Webots_YOLOv8/install/soccer_vision_2d_msgs/local/lib/python3.10/dist-packages/soccer_vision_2d_msgs/msg/_goalpost_array_s.c
[0.719s] -- Up-to-date: /home/ivan/Webots_YOLOv8/install/soccer_vision_2d_msgs/local/lib/python3.10/dist-packages/soccer_vision_2d_msgs/msg/_ball_s.c
[0.719s] -- Up-to-date: /home/ivan/Webots_YOLOv8/install/soccer_vision_2d_msgs/local/lib/python3.10/dist-packages/soccer_vision_2d_msgs/msg/_marking_intersection_s.c
[0.719s] -- Up-to-date: /home/ivan/Webots_YOLOv8/install/soccer_vision_2d_msgs/local/lib/python3.10/dist-packages/soccer_vision_2d_msgs/msg/_obstacle_array_s.c
[0.719s] -- Up-to-date: /home/ivan/Webots_YOLOv8/install/soccer_vision_2d_msgs/local/lib/python3.10/dist-packages/soccer_vision_2d_msgs/msg/_field_boundary_s.c
[0.719s] -- Up-to-date: /home/ivan/Webots_YOLOv8/install/soccer_vision_2d_msgs/local/lib/python3.10/dist-packages/soccer_vision_2d_msgs/msg/_obstacle.py
[0.719s] -- Up-to-date: /home/ivan/Webots_YOLOv8/install/soccer_vision_2d_msgs/local/lib/python3.10/dist-packages/soccer_vision_2d_msgs/msg/_marking_segment_s.c
[0.720s] -- Up-to-date: /home/ivan/Webots_YOLOv8/install/soccer_vision_2d_msgs/local/lib/python3.10/dist-packages/soccer_vision_2d_msgs/msg/_marking_ellipse_s.c
[0.720s] -- Up-to-date: /home/ivan/Webots_YOLOv8/install/soccer_vision_2d_msgs/local/lib/python3.10/dist-packages/soccer_vision_2d_msgs/msg/_field_boundary.py
[0.720s] -- Up-to-date: /home/ivan/Webots_YOLOv8/install/soccer_vision_2d_msgs/local/lib/python3.10/dist-packages/soccer_vision_2d_msgs/msg/_robot_array_s.c
[0.720s] -- Up-to-date: /home/ivan/Webots_YOLOv8/install/soccer_vision_2d_msgs/local/lib/python3.10/dist-packages/soccer_vision_2d_msgs/msg/_robot.py
[0.720s] -- Up-to-date: /home/ivan/Webots_YOLOv8/install/soccer_vision_2d_msgs/local/lib/python3.10/dist-packages/soccer_vision_2d_msgs/msg/_goalpost_s.c
[0.720s] -- Up-to-date: /home/ivan/Webots_YOLOv8/install/soccer_vision_2d_msgs/local/lib/python3.10/dist-packages/soccer_vision_2d_msgs/msg/_marking_ellipse.py
[0.720s] -- Up-to-date: /home/ivan/Webots_YOLOv8/install/soccer_vision_2d_msgs/local/lib/python3.10/dist-packages/soccer_vision_2d_msgs/msg/_ball.py
[0.720s] -- Up-to-date: /home/ivan/Webots_YOLOv8/install/soccer_vision_2d_msgs/local/lib/python3.10/dist-packages/soccer_vision_2d_msgs/soccer_vision_2d_msgs_s__rosidl_typesupport_introspection_c.cpython-310-x86_64-linux-gnu.so
[0.720s] -- Up-to-date: /home/ivan/Webots_YOLOv8/install/soccer_vision_2d_msgs/local/lib/python3.10/dist-packages/soccer_vision_2d_msgs/__init__.py
[0.721s] -- Up-to-date: /home/ivan/Webots_YOLOv8/install/soccer_vision_2d_msgs/local/lib/python3.10/dist-packages/soccer_vision_2d_msgs/_soccer_vision_2d_msgs_s.ep.rosidl_typesupport_introspection_c.c
[0.721s] -- Up-to-date: /home/ivan/Webots_YOLOv8/install/soccer_vision_2d_msgs/local/lib/python3.10/dist-packages/soccer_vision_2d_msgs/libsoccer_vision_2d_msgs__rosidl_generator_py.so
[0.721s] -- Up-to-date: /home/ivan/Webots_YOLOv8/install/soccer_vision_2d_msgs/local/lib/python3.10/dist-packages/soccer_vision_2d_msgs/soccer_vision_2d_msgs_s__rosidl_typesupport_fastrtps_c.cpython-310-x86_64-linux-gnu.so
[0.721s] -- Up-to-date: /home/ivan/Webots_YOLOv8/install/soccer_vision_2d_msgs/local/lib/python3.10/dist-packages/soccer_vision_2d_msgs/_soccer_vision_2d_msgs_s.ep.rosidl_typesupport_fastrtps_c.c
[0.721s] -- Up-to-date: /home/ivan/Webots_YOLOv8/install/soccer_vision_2d_msgs/local/lib/python3.10/dist-packages/soccer_vision_2d_msgs/_soccer_vision_2d_msgs_s.ep.rosidl_typesupport_c.c
[0.732s] Listing '/home/ivan/Webots_YOLOv8/install/soccer_vision_2d_msgs/local/lib/python3.10/dist-packages/soccer_vision_2d_msgs'...
[0.732s] Listing '/home/ivan/Webots_YOLOv8/install/soccer_vision_2d_msgs/local/lib/python3.10/dist-packages/soccer_vision_2d_msgs/msg'...
[0.739s] -- Up-to-date: /home/ivan/Webots_YOLOv8/install/soccer_vision_2d_msgs/local/lib/python3.10/dist-packages/soccer_vision_2d_msgs/soccer_vision_2d_msgs_s__rosidl_typesupport_fastrtps_c.cpython-310-x86_64-linux-gnu.so
[0.739s] -- Up-to-date: /home/ivan/Webots_YOLOv8/install/soccer_vision_2d_msgs/local/lib/python3.10/dist-packages/soccer_vision_2d_msgs/soccer_vision_2d_msgs_s__rosidl_typesupport_introspection_c.cpython-310-x86_64-linux-gnu.so
[0.740s] -- Up-to-date: /home/ivan/Webots_YOLOv8/install/soccer_vision_2d_msgs/local/lib/python3.10/dist-packages/soccer_vision_2d_msgs/soccer_vision_2d_msgs_s__rosidl_typesupport_c.cpython-310-x86_64-linux-gnu.so
[0.740s] -- Up-to-date: /home/ivan/Webots_YOLOv8/install/soccer_vision_2d_msgs/lib/libsoccer_vision_2d_msgs__rosidl_generator_py.so
[0.740s] -- Up-to-date: /home/ivan/Webots_YOLOv8/install/soccer_vision_2d_msgs/share/soccer_vision_2d_msgs/msg/Ball.idl
[0.740s] -- Up-to-date: /home/ivan/Webots_YOLOv8/install/soccer_vision_2d_msgs/share/soccer_vision_2d_msgs/msg/BallArray.idl
[0.741s] -- Up-to-date: /home/ivan/Webots_YOLOv8/install/soccer_vision_2d_msgs/share/soccer_vision_2d_msgs/msg/FieldBoundary.idl
[0.741s] -- Up-to-date: /home/ivan/Webots_YOLOv8/install/soccer_vision_2d_msgs/share/soccer_vision_2d_msgs/msg/Goalpost.idl
[0.741s] -- Up-to-date: /home/ivan/Webots_YOLOv8/install/soccer_vision_2d_msgs/share/soccer_vision_2d_msgs/msg/GoalpostArray.idl
[0.742s] -- Up-to-date: /home/ivan/Webots_YOLOv8/install/soccer_vision_2d_msgs/share/soccer_vision_2d_msgs/msg/MarkingEllipse.idl
[0.742s] -- Up-to-date: /home/ivan/Webots_YOLOv8/install/soccer_vision_2d_msgs/share/soccer_vision_2d_msgs/msg/MarkingIntersection.idl
[0.742s] -- Up-to-date: /home/ivan/Webots_YOLOv8/install/soccer_vision_2d_msgs/share/soccer_vision_2d_msgs/msg/MarkingSegment.idl
[0.742s] -- Up-to-date: /home/ivan/Webots_YOLOv8/install/soccer_vision_2d_msgs/share/soccer_vision_2d_msgs/msg/MarkingArray.idl
[0.742s] -- Up-to-date: /home/ivan/Webots_YOLOv8/install/soccer_vision_2d_msgs/share/soccer_vision_2d_msgs/msg/Obstacle.idl
[0.743s] -- Up-to-date: /home/ivan/Webots_YOLOv8/install/soccer_vision_2d_msgs/share/soccer_vision_2d_msgs/msg/ObstacleArray.idl
[0.743s] -- Up-to-date: /home/ivan/Webots_YOLOv8/install/soccer_vision_2d_msgs/share/soccer_vision_2d_msgs/msg/Robot.idl
[0.744s] -- Up-to-date: /home/ivan/Webots_YOLOv8/install/soccer_vision_2d_msgs/share/soccer_vision_2d_msgs/msg/RobotArray.idl
[0.744s] -- Up-to-date: /home/ivan/Webots_YOLOv8/install/soccer_vision_2d_msgs/share/soccer_vision_2d_msgs/msg/Ball.msg
[0.745s] -- Up-to-date: /home/ivan/Webots_YOLOv8/install/soccer_vision_2d_msgs/share/soccer_vision_2d_msgs/msg/BallArray.msg
[0.745s] -- Up-to-date: /home/ivan/Webots_YOLOv8/install/soccer_vision_2d_msgs/share/soccer_vision_2d_msgs/msg/FieldBoundary.msg
[0.745s] -- Up-to-date: /home/ivan/Webots_YOLOv8/install/soccer_vision_2d_msgs/share/soccer_vision_2d_msgs/msg/Goalpost.msg
[0.745s] -- Up-to-date: /home/ivan/Webots_YOLOv8/install/soccer_vision_2d_msgs/share/soccer_vision_2d_msgs/msg/GoalpostArray.msg
[0.745s] -- Up-to-date: /home/ivan/Webots_YOLOv8/install/soccer_vision_2d_msgs/share/soccer_vision_2d_msgs/msg/MarkingEllipse.msg
[0.745s] -- Up-to-date: /home/ivan/Webots_YOLOv8/install/soccer_vision_2d_msgs/share/soccer_vision_2d_msgs/msg/MarkingIntersection.msg
[0.746s] -- Up-to-date: /home/ivan/Webots_YOLOv8/install/soccer_vision_2d_msgs/share/soccer_vision_2d_msgs/msg/MarkingSegment.msg
[0.746s] -- Up-to-date: /home/ivan/Webots_YOLOv8/install/soccer_vision_2d_msgs/share/soccer_vision_2d_msgs/msg/MarkingArray.msg
[0.746s] -- Up-to-date: /home/ivan/Webots_YOLOv8/install/soccer_vision_2d_msgs/share/soccer_vision_2d_msgs/msg/Obstacle.msg
[0.746s] -- Up-to-date: /home/ivan/Webots_YOLOv8/install/soccer_vision_2d_msgs/share/soccer_vision_2d_msgs/msg/ObstacleArray.msg
[0.746s] -- Up-to-date: /home/ivan/Webots_YOLOv8/install/soccer_vision_2d_msgs/share/soccer_vision_2d_msgs/msg/Robot.msg
[0.746s] -- Up-to-date: /home/ivan/Webots_YOLOv8/install/soccer_vision_2d_msgs/share/soccer_vision_2d_msgs/msg/RobotArray.msg
[0.746s] -- Up-to-date: /home/ivan/Webots_YOLOv8/install/soccer_vision_2d_msgs/share/ament_index/resource_index/package_run_dependencies/soccer_vision_2d_msgs
[0.746s] -- Up-to-date: /home/ivan/Webots_YOLOv8/install/soccer_vision_2d_msgs/share/ament_index/resource_index/parent_prefix_path/soccer_vision_2d_msgs
[0.747s] -- Up-to-date: /home/ivan/Webots_YOLOv8/install/soccer_vision_2d_msgs/share/soccer_vision_2d_msgs/environment/ament_prefix_path.sh
[0.747s] -- Up-to-date: /home/ivan/Webots_YOLOv8/install/soccer_vision_2d_msgs/share/soccer_vision_2d_msgs/environment/ament_prefix_path.dsv
[0.747s] -- Up-to-date: /home/ivan/Webots_YOLOv8/install/soccer_vision_2d_msgs/share/soccer_vision_2d_msgs/environment/path.sh
[0.747s] -- Up-to-date: /home/ivan/Webots_YOLOv8/install/soccer_vision_2d_msgs/share/soccer_vision_2d_msgs/environment/path.dsv
[0.747s] -- Up-to-date: /home/ivan/Webots_YOLOv8/install/soccer_vision_2d_msgs/share/soccer_vision_2d_msgs/local_setup.bash
[0.747s] -- Up-to-date: /home/ivan/Webots_YOLOv8/install/soccer_vision_2d_msgs/share/soccer_vision_2d_msgs/local_setup.sh
[0.747s] -- Up-to-date: /home/ivan/Webots_YOLOv8/install/soccer_vision_2d_msgs/share/soccer_vision_2d_msgs/local_setup.zsh
[0.748s] -- Up-to-date: /home/ivan/Webots_YOLOv8/install/soccer_vision_2d_msgs/share/soccer_vision_2d_msgs/local_setup.dsv
[0.748s] -- Installing: /home/ivan/Webots_YOLOv8/install/soccer_vision_2d_msgs/share/soccer_vision_2d_msgs/package.dsv
[0.748s] -- Up-to-date: /home/ivan/Webots_YOLOv8/install/soccer_vision_2d_msgs/share/ament_index/resource_index/packages/soccer_vision_2d_msgs
[0.748s] -- Up-to-date: /home/ivan/Webots_YOLOv8/install/soccer_vision_2d_msgs/share/soccer_vision_2d_msgs/cmake/export_soccer_vision_2d_msgs__rosidl_generator_cExport.cmake
[0.748s] -- Up-to-date: /home/ivan/Webots_YOLOv8/install/soccer_vision_2d_msgs/share/soccer_vision_2d_msgs/cmake/export_soccer_vision_2d_msgs__rosidl_generator_cExport-noconfig.cmake
[0.748s] -- Up-to-date: /home/ivan/Webots_YOLOv8/install/soccer_vision_2d_msgs/share/soccer_vision_2d_msgs/cmake/export_soccer_vision_2d_msgs__rosidl_typesupport_fastrtps_cExport.cmake
[0.748s] -- Up-to-date: /home/ivan/Webots_YOLOv8/install/soccer_vision_2d_msgs/share/soccer_vision_2d_msgs/cmake/export_soccer_vision_2d_msgs__rosidl_typesupport_fastrtps_cExport-noconfig.cmake
[0.748s] -- Up-to-date: /home/ivan/Webots_YOLOv8/install/soccer_vision_2d_msgs/share/soccer_vision_2d_msgs/cmake/soccer_vision_2d_msgs__rosidl_typesupport_introspection_cExport.cmake
[0.749s] -- Up-to-date: /home/ivan/Webots_YOLOv8/install/soccer_vision_2d_msgs/share/soccer_vision_2d_msgs/cmake/soccer_vision_2d_msgs__rosidl_typesupport_introspection_cExport-noconfig.cmake
[0.749s] -- Up-to-date: /home/ivan/Webots_YOLOv8/install/soccer_vision_2d_msgs/share/soccer_vision_2d_msgs/cmake/soccer_vision_2d_msgs__rosidl_typesupport_cExport.cmake
[0.750s] -- Up-to-date: /home/ivan/Webots_YOLOv8/install/soccer_vision_2d_msgs/share/soccer_vision_2d_msgs/cmake/soccer_vision_2d_msgs__rosidl_typesupport_cExport-noconfig.cmake
[0.750s] -- Up-to-date: /home/ivan/Webots_YOLOv8/install/soccer_vision_2d_msgs/share/soccer_vision_2d_msgs/cmake/export_soccer_vision_2d_msgs__rosidl_generator_cppExport.cmake
[0.750s] -- Up-to-date: /home/ivan/Webots_YOLOv8/install/soccer_vision_2d_msgs/share/soccer_vision_2d_msgs/cmake/export_soccer_vision_2d_msgs__rosidl_typesupport_fastrtps_cppExport.cmake
[0.750s] -- Up-to-date: /home/ivan/Webots_YOLOv8/install/soccer_vision_2d_msgs/share/soccer_vision_2d_msgs/cmake/export_soccer_vision_2d_msgs__rosidl_typesupport_fastrtps_cppExport-noconfig.cmake
[0.750s] -- Up-to-date: /home/ivan/Webots_YOLOv8/install/soccer_vision_2d_msgs/share/soccer_vision_2d_msgs/cmake/soccer_vision_2d_msgs__rosidl_typesupport_introspection_cppExport.cmake
[0.750s] -- Up-to-date: /home/ivan/Webots_YOLOv8/install/soccer_vision_2d_msgs/share/soccer_vision_2d_msgs/cmake/soccer_vision_2d_msgs__rosidl_typesupport_introspection_cppExport-noconfig.cmake
[0.750s] -- Up-to-date: /home/ivan/Webots_YOLOv8/install/soccer_vision_2d_msgs/share/soccer_vision_2d_msgs/cmake/soccer_vision_2d_msgs__rosidl_typesupport_cppExport.cmake
[0.750s] -- Up-to-date: /home/ivan/Webots_YOLOv8/install/soccer_vision_2d_msgs/share/soccer_vision_2d_msgs/cmake/soccer_vision_2d_msgs__rosidl_typesupport_cppExport-noconfig.cmake
[0.750s] -- Up-to-date: /home/ivan/Webots_YOLOv8/install/soccer_vision_2d_msgs/share/soccer_vision_2d_msgs/cmake/export_soccer_vision_2d_msgs__rosidl_generator_pyExport.cmake
[0.750s] -- Up-to-date: /home/ivan/Webots_YOLOv8/install/soccer_vision_2d_msgs/share/soccer_vision_2d_msgs/cmake/export_soccer_vision_2d_msgs__rosidl_generator_pyExport-noconfig.cmake
[0.750s] -- Up-to-date: /home/ivan/Webots_YOLOv8/install/soccer_vision_2d_msgs/share/soccer_vision_2d_msgs/cmake/rosidl_cmake-extras.cmake
[0.751s] -- Up-to-date: /home/ivan/Webots_YOLOv8/install/soccer_vision_2d_msgs/share/soccer_vision_2d_msgs/cmake/ament_cmake_export_dependencies-extras.cmake
[0.751s] -- Up-to-date: /home/ivan/Webots_YOLOv8/install/soccer_vision_2d_msgs/share/soccer_vision_2d_msgs/cmake/ament_cmake_export_include_directories-extras.cmake
[0.751s] -- Up-to-date: /home/ivan/Webots_YOLOv8/install/soccer_vision_2d_msgs/share/soccer_vision_2d_msgs/cmake/ament_cmake_export_libraries-extras.cmake
[0.751s] -- Up-to-date: /home/ivan/Webots_YOLOv8/install/soccer_vision_2d_msgs/share/soccer_vision_2d_msgs/cmake/ament_cmake_export_targets-extras.cmake
[0.751s] -- Up-to-date: /home/ivan/Webots_YOLOv8/install/soccer_vision_2d_msgs/share/soccer_vision_2d_msgs/cmake/rosidl_cmake_export_typesupport_targets-extras.cmake
[0.751s] -- Up-to-date: /home/ivan/Webots_YOLOv8/install/soccer_vision_2d_msgs/share/soccer_vision_2d_msgs/cmake/rosidl_cmake_export_typesupport_libraries-extras.cmake
[0.751s] -- Up-to-date: /home/ivan/Webots_YOLOv8/install/soccer_vision_2d_msgs/share/soccer_vision_2d_msgs/cmake/soccer_vision_2d_msgsConfig.cmake
[0.751s] -- Up-to-date: /home/ivan/Webots_YOLOv8/install/soccer_vision_2d_msgs/share/soccer_vision_2d_msgs/cmake/soccer_vision_2d_msgsConfig-version.cmake
[0.751s] -- Up-to-date: /home/ivan/Webots_YOLOv8/install/soccer_vision_2d_msgs/share/soccer_vision_2d_msgs/package.xml
[0.761s] Invoked command in '/home/ivan/Webots_YOLOv8/build/soccer_vision_2d_msgs' returned '0': CMAKE_PREFIX_PATH=/home/ivan/Webots_YOLOv8/install/soccer_vision_attribute_msgs:/home/ivan/Webots_YOLOv8/install/soccer_interfaces:/home/ivan/Webots_YOLOv8/install/soccer_vision_3d_msgs:/home/ivan/Webots_YOLOv8/install/soccer_vision_2d_msgs:/home/ivan/Webots_YOLOv8/install/soccer_model_msgs:/home/ivan/Webots_YOLOv8/install/soccer_geometry_msgs:/home/ivan/Webots_YOLOv8/install/ipm_interfaces:/home/ivan/ros2_ws/install/edrom_msgs:/home/ivan/Webots_YOLOv8/install/soccer_ipm:/home/ivan/Webots_YOLOv8/install/Webots_YOLOv8:/home/ivan/Webots_YOLOv8/install/my_package:/home/ivan/Webots_YOLOv8/install/ipm_service:/home/ivan/Webots_YOLOv8/install/ipm_image_node:/home/ivan/Webots_YOLOv8/install/ipm_library:/home/ivan/ros2_ws/install/object_finder_onnx:/home/ivan/ros2_ws/install/object_finder:/home/ivan/ros2_ws/install/my_package:/home/ivan/ros2_ws/install/Webots_YOLOv8:/opt/ros/humble LD_LIBRARY_PATH=/home/ivan/Webots_YOLOv8/install/soccer_vision_attribute_msgs/lib:/home/ivan/Webots_YOLOv8/install/soccer_vision_3d_msgs/lib:/home/ivan/Webots_YOLOv8/install/soccer_vision_2d_msgs/lib:/home/ivan/Webots_YOLOv8/install/soccer_model_msgs/lib:/home/ivan/Webots_YOLOv8/install/soccer_geometry_msgs/lib:/home/ivan/Webots_YOLOv8/install/ipm_interfaces/lib:/home/ivan/ros2_ws/install/edrom_msgs/lib:/opt/ros/humble/opt/rviz_ogre_vendor/lib:/opt/ros/humble/lib/x86_64-linux-gnu:/opt/ros/humble/lib /usr/bin/cmake --install /home/ivan/Webots_YOLOv8/build/soccer_vision_2d_msgs
