[0.053s] Invoking command in '/home/ivan/Webots_YOLOv8/build/soccer_vision_attribute_msgs': CMAKE_PREFIX_PATH=${CMAKE_PREFIX_PATH}:/home/ivan/Webots_YOLOv8/install/soccer_ipm:/home/ivan/Webots_YOLOv8/install/Webots_YOLOv8:/home/ivan/Webots_YOLOv8/install/my_package:/home/ivan/Webots_YOLOv8/install/ipm_service:/home/ivan/Webots_YOLOv8/install/ipm_image_node:/home/ivan/Webots_YOLOv8/install/ipm_library:/home/ivan/ros2_ws/install/object_finder_onnx:/home/ivan/ros2_ws/install/object_finder:/home/ivan/ros2_ws/install/my_package:/home/ivan/ros2_ws/install/Webots_YOLOv8:/opt/ros/humble /usr/bin/cmake --build /home/ivan/Webots_YOLOv8/build/soccer_vision_attribute_msgs -- -j12 -l12
[0.208s] [  2%] Built target soccer_vision_attribute_msgs__cpp
[0.212s] [ 12%] Built target soccer_vision_attribute_msgs__rosidl_generator_c
[0.266s] [ 12%] Built target ament_cmake_python_copy_soccer_vision_attribute_msgs
[0.308s] [ 23%] Built target soccer_vision_attribute_msgs__rosidl_typesupport_cpp
[0.330s] [ 34%] Built target soccer_vision_attribute_msgs__rosidl_typesupport_fastrtps_cpp
[0.346s] [ 44%] Built target soccer_vision_attribute_msgs__rosidl_typesupport_fastrtps_c
[0.355s] [ 55%] Built target soccer_vision_attribute_msgs__rosidl_typesupport_introspection_c
[0.358s] [ 65%] Built target soccer_vision_attribute_msgs__rosidl_typesupport_introspection_cpp
[0.374s] [ 76%] Built target soccer_vision_attribute_msgs__rosidl_typesupport_c
[0.423s] [ 76%] Built target soccer_vision_attribute_msgs
[0.469s] [ 78%] Built target soccer_vision_attribute_msgs__py
[0.517s] [ 87%] Built target soccer_vision_attribute_msgs__rosidl_generator_py
[0.580s] [ 91%] Built target soccer_vision_attribute_msgs__rosidl_typesupport_introspection_c__pyext
[0.582s] [ 95%] Built target soccer_vision_attribute_msgs__rosidl_typesupport_c__pyext
[0.589s] [100%] Built target soccer_vision_attribute_msgs__rosidl_typesupport_fastrtps_c__pyext
[0.815s] running egg_info
[0.817s] writing soccer_vision_attribute_msgs.egg-info/PKG-INFO
[0.818s] writing dependency_links to soccer_vision_attribute_msgs.egg-info/dependency_links.txt
[0.818s] writing top-level names to soccer_vision_attribute_msgs.egg-info/top_level.txt
[0.821s] reading manifest file 'soccer_vision_attribute_msgs.egg-info/SOURCES.txt'
[0.822s] writing manifest file 'soccer_vision_attribute_msgs.egg-info/SOURCES.txt'
[0.875s] [100%] Built target ament_cmake_python_build_soccer_vision_attribute_msgs_egg
[0.895s] Invoked command in '/home/ivan/Webots_YOLOv8/build/soccer_vision_attribute_msgs' returned '0': CMAKE_PREFIX_PATH=${CMAKE_PREFIX_PATH}:/home/ivan/Webots_YOLOv8/install/soccer_ipm:/home/ivan/Webots_YOLOv8/install/Webots_YOLOv8:/home/ivan/Webots_YOLOv8/install/my_package:/home/ivan/Webots_YOLOv8/install/ipm_service:/home/ivan/Webots_YOLOv8/install/ipm_image_node:/home/ivan/Webots_YOLOv8/install/ipm_library:/home/ivan/ros2_ws/install/object_finder_onnx:/home/ivan/ros2_ws/install/object_finder:/home/ivan/ros2_ws/install/my_package:/home/ivan/ros2_ws/install/Webots_YOLOv8:/opt/ros/humble /usr/bin/cmake --build /home/ivan/Webots_YOLOv8/build/soccer_vision_attribute_msgs -- -j12 -l12
[0.913s] Invoking command in '/home/ivan/Webots_YOLOv8/build/soccer_vision_attribute_msgs': CMAKE_PREFIX_PATH=${CMAKE_PREFIX_PATH}:/home/ivan/Webots_YOLOv8/install/soccer_ipm:/home/ivan/Webots_YOLOv8/install/Webots_YOLOv8:/home/ivan/Webots_YOLOv8/install/my_package:/home/ivan/Webots_YOLOv8/install/ipm_service:/home/ivan/Webots_YOLOv8/install/ipm_image_node:/home/ivan/Webots_YOLOv8/install/ipm_library:/home/ivan/ros2_ws/install/object_finder_onnx:/home/ivan/ros2_ws/install/object_finder:/home/ivan/ros2_ws/install/my_package:/home/ivan/ros2_ws/install/Webots_YOLOv8:/opt/ros/humble /usr/bin/cmake --install /home/ivan/Webots_YOLOv8/build/soccer_vision_attribute_msgs
[0.927s] -- Install configuration: ""
[0.927s] -- Up-to-date: /home/ivan/Webots_YOLOv8/install/soccer_vision_attribute_msgs/share/ament_index/resource_index/rosidl_interfaces/soccer_vision_attribute_msgs
[0.927s] -- Up-to-date: /home/ivan/Webots_YOLOv8/install/soccer_vision_attribute_msgs/include/soccer_vision_attribute_msgs/soccer_vision_attribute_msgs
[0.927s] -- Up-to-date: /home/ivan/Webots_YOLOv8/install/soccer_vision_attribute_msgs/include/soccer_vision_attribute_msgs/soccer_vision_attribute_msgs/msg
[0.927s] -- Up-to-date: /home/ivan/Webots_YOLOv8/install/soccer_vision_attribute_msgs/include/soccer_vision_attribute_msgs/soccer_vision_attribute_msgs/msg/detail
[0.928s] -- Up-to-date: /home/ivan/Webots_YOLOv8/install/soccer_vision_attribute_msgs/include/soccer_vision_attribute_msgs/soccer_vision_attribute_msgs/msg/detail/robot__functions.h
[0.928s] -- Up-to-date: /home/ivan/Webots_YOLOv8/install/soccer_vision_attribute_msgs/include/soccer_vision_attribute_msgs/soccer_vision_attribute_msgs/msg/detail/robot__struct.h
[0.928s] -- Up-to-date: /home/ivan/Webots_YOLOv8/install/soccer_vision_attribute_msgs/include/soccer_vision_attribute_msgs/soccer_vision_attribute_msgs/msg/detail/confidence__functions.c
[0.928s] -- Up-to-date: /home/ivan/Webots_YOLOv8/install/soccer_vision_attribute_msgs/include/soccer_vision_attribute_msgs/soccer_vision_attribute_msgs/msg/detail/confidence__struct.h
[0.928s] -- Up-to-date: /home/ivan/Webots_YOLOv8/install/soccer_vision_attribute_msgs/include/soccer_vision_attribute_msgs/soccer_vision_attribute_msgs/msg/detail/confidence__type_support.h
[0.928s] -- Up-to-date: /home/ivan/Webots_YOLOv8/install/soccer_vision_attribute_msgs/include/soccer_vision_attribute_msgs/soccer_vision_attribute_msgs/msg/detail/robot__functions.c
[0.929s] -- Up-to-date: /home/ivan/Webots_YOLOv8/install/soccer_vision_attribute_msgs/include/soccer_vision_attribute_msgs/soccer_vision_attribute_msgs/msg/detail/confidence__functions.h
[0.929s] -- Up-to-date: /home/ivan/Webots_YOLOv8/install/soccer_vision_attribute_msgs/include/soccer_vision_attribute_msgs/soccer_vision_attribute_msgs/msg/detail/robot__type_support.h
[0.929s] -- Up-to-date: /home/ivan/Webots_YOLOv8/install/soccer_vision_attribute_msgs/include/soccer_vision_attribute_msgs/soccer_vision_attribute_msgs/msg/detail/goalpost__functions.h
[0.929s] -- Up-to-date: /home/ivan/Webots_YOLOv8/install/soccer_vision_attribute_msgs/include/soccer_vision_attribute_msgs/soccer_vision_attribute_msgs/msg/detail/goalpost__functions.c
[0.929s] -- Up-to-date: /home/ivan/Webots_YOLOv8/install/soccer_vision_attribute_msgs/include/soccer_vision_attribute_msgs/soccer_vision_attribute_msgs/msg/detail/goalpost__type_support.h
[0.929s] -- Up-to-date: /home/ivan/Webots_YOLOv8/install/soccer_vision_attribute_msgs/include/soccer_vision_attribute_msgs/soccer_vision_attribute_msgs/msg/detail/goalpost__struct.h
[0.929s] -- Up-to-date: /home/ivan/Webots_YOLOv8/install/soccer_vision_attribute_msgs/include/soccer_vision_attribute_msgs/soccer_vision_attribute_msgs/msg/rosidl_generator_c__visibility_control.h
[0.930s] -- Up-to-date: /home/ivan/Webots_YOLOv8/install/soccer_vision_attribute_msgs/include/soccer_vision_attribute_msgs/soccer_vision_attribute_msgs/msg/goalpost.h
[0.930s] -- Up-to-date: /home/ivan/Webots_YOLOv8/install/soccer_vision_attribute_msgs/include/soccer_vision_attribute_msgs/soccer_vision_attribute_msgs/msg/robot.h
[0.930s] -- Up-to-date: /home/ivan/Webots_YOLOv8/install/soccer_vision_attribute_msgs/include/soccer_vision_attribute_msgs/soccer_vision_attribute_msgs/msg/confidence.h
[0.930s] -- Up-to-date: /home/ivan/Webots_YOLOv8/install/soccer_vision_attribute_msgs/share/soccer_vision_attribute_msgs/environment/library_path.sh
[0.930s] -- Up-to-date: /home/ivan/Webots_YOLOv8/install/soccer_vision_attribute_msgs/share/soccer_vision_attribute_msgs/environment/library_path.dsv
[0.930s] -- Up-to-date: /home/ivan/Webots_YOLOv8/install/soccer_vision_attribute_msgs/lib/libsoccer_vision_attribute_msgs__rosidl_generator_c.so
[0.931s] -- Up-to-date: /home/ivan/Webots_YOLOv8/install/soccer_vision_attribute_msgs/include/soccer_vision_attribute_msgs/soccer_vision_attribute_msgs
[0.931s] -- Up-to-date: /home/ivan/Webots_YOLOv8/install/soccer_vision_attribute_msgs/include/soccer_vision_attribute_msgs/soccer_vision_attribute_msgs/msg
[0.931s] -- Up-to-date: /home/ivan/Webots_YOLOv8/install/soccer_vision_attribute_msgs/include/soccer_vision_attribute_msgs/soccer_vision_attribute_msgs/msg/detail
[0.931s] -- Up-to-date: /home/ivan/Webots_YOLOv8/install/soccer_vision_attribute_msgs/include/soccer_vision_attribute_msgs/soccer_vision_attribute_msgs/msg/detail/confidence__rosidl_typesupport_fastrtps_c.h
[0.931s] -- Up-to-date: /home/ivan/Webots_YOLOv8/install/soccer_vision_attribute_msgs/include/soccer_vision_attribute_msgs/soccer_vision_attribute_msgs/msg/detail/goalpost__rosidl_typesupport_fastrtps_c.h
[0.931s] -- Up-to-date: /home/ivan/Webots_YOLOv8/install/soccer_vision_attribute_msgs/include/soccer_vision_attribute_msgs/soccer_vision_attribute_msgs/msg/detail/robot__rosidl_typesupport_fastrtps_c.h
[0.932s] -- Up-to-date: /home/ivan/Webots_YOLOv8/install/soccer_vision_attribute_msgs/include/soccer_vision_attribute_msgs/soccer_vision_attribute_msgs/msg/rosidl_typesupport_fastrtps_c__visibility_control.h
[0.932s] -- Up-to-date: /home/ivan/Webots_YOLOv8/install/soccer_vision_attribute_msgs/lib/libsoccer_vision_attribute_msgs__rosidl_typesupport_fastrtps_c.so
[0.932s] -- Up-to-date: /home/ivan/Webots_YOLOv8/install/soccer_vision_attribute_msgs/include/soccer_vision_attribute_msgs/soccer_vision_attribute_msgs
[0.932s] -- Up-to-date: /home/ivan/Webots_YOLOv8/install/soccer_vision_attribute_msgs/include/soccer_vision_attribute_msgs/soccer_vision_attribute_msgs/msg
[0.932s] -- Up-to-date: /home/ivan/Webots_YOLOv8/install/soccer_vision_attribute_msgs/include/soccer_vision_attribute_msgs/soccer_vision_attribute_msgs/msg/detail
[0.932s] -- Up-to-date: /home/ivan/Webots_YOLOv8/install/soccer_vision_attribute_msgs/include/soccer_vision_attribute_msgs/soccer_vision_attribute_msgs/msg/detail/robot__rosidl_typesupport_introspection_c.h
[0.932s] -- Up-to-date: /home/ivan/Webots_YOLOv8/install/soccer_vision_attribute_msgs/include/soccer_vision_attribute_msgs/soccer_vision_attribute_msgs/msg/detail/confidence__type_support.c
[0.933s] -- Up-to-date: /home/ivan/Webots_YOLOv8/install/soccer_vision_attribute_msgs/include/soccer_vision_attribute_msgs/soccer_vision_attribute_msgs/msg/detail/goalpost__type_support.c
[0.933s] -- Up-to-date: /home/ivan/Webots_YOLOv8/install/soccer_vision_attribute_msgs/include/soccer_vision_attribute_msgs/soccer_vision_attribute_msgs/msg/detail/goalpost__rosidl_typesupport_introspection_c.h
[0.933s] -- Up-to-date: /home/ivan/Webots_YOLOv8/install/soccer_vision_attribute_msgs/include/soccer_vision_attribute_msgs/soccer_vision_attribute_msgs/msg/detail/robot__type_support.c
[0.933s] -- Up-to-date: /home/ivan/Webots_YOLOv8/install/soccer_vision_attribute_msgs/include/soccer_vision_attribute_msgs/soccer_vision_attribute_msgs/msg/detail/confidence__rosidl_typesupport_introspection_c.h
[0.933s] -- Up-to-date: /home/ivan/Webots_YOLOv8/install/soccer_vision_attribute_msgs/include/soccer_vision_attribute_msgs/soccer_vision_attribute_msgs/msg/rosidl_typesupport_introspection_c__visibility_control.h
[0.933s] -- Up-to-date: /home/ivan/Webots_YOLOv8/install/soccer_vision_attribute_msgs/lib/libsoccer_vision_attribute_msgs__rosidl_typesupport_introspection_c.so
[0.934s] -- Up-to-date: /home/ivan/Webots_YOLOv8/install/soccer_vision_attribute_msgs/lib/libsoccer_vision_attribute_msgs__rosidl_typesupport_c.so
[0.935s] -- Up-to-date: /home/ivan/Webots_YOLOv8/install/soccer_vision_attribute_msgs/include/soccer_vision_attribute_msgs/soccer_vision_attribute_msgs
[0.935s] -- Up-to-date: /home/ivan/Webots_YOLOv8/install/soccer_vision_attribute_msgs/include/soccer_vision_attribute_msgs/soccer_vision_attribute_msgs/msg
[0.935s] -- Up-to-date: /home/ivan/Webots_YOLOv8/install/soccer_vision_attribute_msgs/include/soccer_vision_attribute_msgs/soccer_vision_attribute_msgs/msg/detail
[0.935s] -- Up-to-date: /home/ivan/Webots_YOLOv8/install/soccer_vision_attribute_msgs/include/soccer_vision_attribute_msgs/soccer_vision_attribute_msgs/msg/detail/robot__traits.hpp
[0.936s] -- Up-to-date: /home/ivan/Webots_YOLOv8/install/soccer_vision_attribute_msgs/include/soccer_vision_attribute_msgs/soccer_vision_attribute_msgs/msg/detail/robot__struct.hpp
[0.936s] -- Up-to-date: /home/ivan/Webots_YOLOv8/install/soccer_vision_attribute_msgs/include/soccer_vision_attribute_msgs/soccer_vision_attribute_msgs/msg/detail/confidence__struct.hpp
[0.936s] -- Up-to-date: /home/ivan/Webots_YOLOv8/install/soccer_vision_attribute_msgs/include/soccer_vision_attribute_msgs/soccer_vision_attribute_msgs/msg/detail/confidence__type_support.hpp
[0.936s] -- Up-to-date: /home/ivan/Webots_YOLOv8/install/soccer_vision_attribute_msgs/include/soccer_vision_attribute_msgs/soccer_vision_attribute_msgs/msg/detail/goalpost__builder.hpp
[0.936s] -- Up-to-date: /home/ivan/Webots_YOLOv8/install/soccer_vision_attribute_msgs/include/soccer_vision_attribute_msgs/soccer_vision_attribute_msgs/msg/detail/goalpost__type_support.hpp
[0.936s] -- Up-to-date: /home/ivan/Webots_YOLOv8/install/soccer_vision_attribute_msgs/include/soccer_vision_attribute_msgs/soccer_vision_attribute_msgs/msg/detail/confidence__traits.hpp
[0.936s] -- Up-to-date: /home/ivan/Webots_YOLOv8/install/soccer_vision_attribute_msgs/include/soccer_vision_attribute_msgs/soccer_vision_attribute_msgs/msg/detail/goalpost__traits.hpp
[0.936s] -- Up-to-date: /home/ivan/Webots_YOLOv8/install/soccer_vision_attribute_msgs/include/soccer_vision_attribute_msgs/soccer_vision_attribute_msgs/msg/detail/goalpost__struct.hpp
[0.936s] -- Up-to-date: /home/ivan/Webots_YOLOv8/install/soccer_vision_attribute_msgs/include/soccer_vision_attribute_msgs/soccer_vision_attribute_msgs/msg/detail/confidence__builder.hpp
[0.937s] -- Up-to-date: /home/ivan/Webots_YOLOv8/install/soccer_vision_attribute_msgs/include/soccer_vision_attribute_msgs/soccer_vision_attribute_msgs/msg/detail/robot__builder.hpp
[0.937s] -- Up-to-date: /home/ivan/Webots_YOLOv8/install/soccer_vision_attribute_msgs/include/soccer_vision_attribute_msgs/soccer_vision_attribute_msgs/msg/detail/robot__type_support.hpp
[0.937s] -- Up-to-date: /home/ivan/Webots_YOLOv8/install/soccer_vision_attribute_msgs/include/soccer_vision_attribute_msgs/soccer_vision_attribute_msgs/msg/rosidl_generator_cpp__visibility_control.hpp
[0.937s] -- Up-to-date: /home/ivan/Webots_YOLOv8/install/soccer_vision_attribute_msgs/include/soccer_vision_attribute_msgs/soccer_vision_attribute_msgs/msg/robot.hpp
[0.937s] -- Up-to-date: /home/ivan/Webots_YOLOv8/install/soccer_vision_attribute_msgs/include/soccer_vision_attribute_msgs/soccer_vision_attribute_msgs/msg/confidence.hpp
[0.937s] -- Up-to-date: /home/ivan/Webots_YOLOv8/install/soccer_vision_attribute_msgs/include/soccer_vision_attribute_msgs/soccer_vision_attribute_msgs/msg/goalpost.hpp
[0.937s] -- Up-to-date: /home/ivan/Webots_YOLOv8/install/soccer_vision_attribute_msgs/include/soccer_vision_attribute_msgs/soccer_vision_attribute_msgs
[0.937s] -- Up-to-date: /home/ivan/Webots_YOLOv8/install/soccer_vision_attribute_msgs/include/soccer_vision_attribute_msgs/soccer_vision_attribute_msgs/msg
[0.938s] -- Up-to-date: /home/ivan/Webots_YOLOv8/install/soccer_vision_attribute_msgs/include/soccer_vision_attribute_msgs/soccer_vision_attribute_msgs/msg/detail
[0.938s] -- Up-to-date: /home/ivan/Webots_YOLOv8/install/soccer_vision_attribute_msgs/include/soccer_vision_attribute_msgs/soccer_vision_attribute_msgs/msg/detail/dds_fastrtps
[0.938s] -- Up-to-date: /home/ivan/Webots_YOLOv8/install/soccer_vision_attribute_msgs/include/soccer_vision_attribute_msgs/soccer_vision_attribute_msgs/msg/detail/robot__rosidl_typesupport_fastrtps_cpp.hpp
[0.938s] -- Up-to-date: /home/ivan/Webots_YOLOv8/install/soccer_vision_attribute_msgs/include/soccer_vision_attribute_msgs/soccer_vision_attribute_msgs/msg/detail/goalpost__rosidl_typesupport_fastrtps_cpp.hpp
[0.938s] -- Up-to-date: /home/ivan/Webots_YOLOv8/install/soccer_vision_attribute_msgs/include/soccer_vision_attribute_msgs/soccer_vision_attribute_msgs/msg/detail/confidence__rosidl_typesupport_fastrtps_cpp.hpp
[0.938s] -- Up-to-date: /home/ivan/Webots_YOLOv8/install/soccer_vision_attribute_msgs/include/soccer_vision_attribute_msgs/soccer_vision_attribute_msgs/msg/rosidl_typesupport_fastrtps_cpp__visibility_control.h
[0.938s] -- Up-to-date: /home/ivan/Webots_YOLOv8/install/soccer_vision_attribute_msgs/lib/libsoccer_vision_attribute_msgs__rosidl_typesupport_fastrtps_cpp.so
[0.939s] -- Up-to-date: /home/ivan/Webots_YOLOv8/install/soccer_vision_attribute_msgs/include/soccer_vision_attribute_msgs/soccer_vision_attribute_msgs
[0.939s] -- Up-to-date: /home/ivan/Webots_YOLOv8/install/soccer_vision_attribute_msgs/include/soccer_vision_attribute_msgs/soccer_vision_attribute_msgs/msg
[0.940s] -- Up-to-date: /home/ivan/Webots_YOLOv8/install/soccer_vision_attribute_msgs/include/soccer_vision_attribute_msgs/soccer_vision_attribute_msgs/msg/detail
[0.940s] -- Up-to-date: /home/ivan/Webots_YOLOv8/install/soccer_vision_attribute_msgs/include/soccer_vision_attribute_msgs/soccer_vision_attribute_msgs/msg/detail/robot__rosidl_typesupport_introspection_cpp.hpp
[0.940s] -- Up-to-date: /home/ivan/Webots_YOLOv8/install/soccer_vision_attribute_msgs/include/soccer_vision_attribute_msgs/soccer_vision_attribute_msgs/msg/detail/confidence__type_support.cpp
[0.940s] -- Up-to-date: /home/ivan/Webots_YOLOv8/install/soccer_vision_attribute_msgs/include/soccer_vision_attribute_msgs/soccer_vision_attribute_msgs/msg/detail/goalpost__rosidl_typesupport_introspection_cpp.hpp
[0.940s] -- Up-to-date: /home/ivan/Webots_YOLOv8/install/soccer_vision_attribute_msgs/include/soccer_vision_attribute_msgs/soccer_vision_attribute_msgs/msg/detail/goalpost__type_support.cpp
[0.940s] -- Up-to-date: /home/ivan/Webots_YOLOv8/install/soccer_vision_attribute_msgs/include/soccer_vision_attribute_msgs/soccer_vision_attribute_msgs/msg/detail/confidence__rosidl_typesupport_introspection_cpp.hpp
[0.940s] -- Up-to-date: /home/ivan/Webots_YOLOv8/install/soccer_vision_attribute_msgs/include/soccer_vision_attribute_msgs/soccer_vision_attribute_msgs/msg/detail/robot__type_support.cpp
[0.940s] -- Up-to-date: /home/ivan/Webots_YOLOv8/install/soccer_vision_attribute_msgs/lib/libsoccer_vision_attribute_msgs__rosidl_typesupport_introspection_cpp.so
[0.941s] -- Up-to-date: /home/ivan/Webots_YOLOv8/install/soccer_vision_attribute_msgs/lib/libsoccer_vision_attribute_msgs__rosidl_typesupport_cpp.so
[0.941s] -- Up-to-date: /home/ivan/Webots_YOLOv8/install/soccer_vision_attribute_msgs/share/soccer_vision_attribute_msgs/environment/pythonpath.sh
[0.941s] -- Up-to-date: /home/ivan/Webots_YOLOv8/install/soccer_vision_attribute_msgs/share/soccer_vision_attribute_msgs/environment/pythonpath.dsv
[0.941s] -- Up-to-date: /home/ivan/Webots_YOLOv8/install/soccer_vision_attribute_msgs/local/lib/python3.10/dist-packages/soccer_vision_attribute_msgs-1.0.0-py3.10.egg-info
[0.941s] -- Installing: /home/ivan/Webots_YOLOv8/install/soccer_vision_attribute_msgs/local/lib/python3.10/dist-packages/soccer_vision_attribute_msgs-1.0.0-py3.10.egg-info/top_level.txt
[0.941s] -- Installing: /home/ivan/Webots_YOLOv8/install/soccer_vision_attribute_msgs/local/lib/python3.10/dist-packages/soccer_vision_attribute_msgs-1.0.0-py3.10.egg-info/dependency_links.txt
[0.941s] -- Installing: /home/ivan/Webots_YOLOv8/install/soccer_vision_attribute_msgs/local/lib/python3.10/dist-packages/soccer_vision_attribute_msgs-1.0.0-py3.10.egg-info/SOURCES.txt
[0.941s] -- Installing: /home/ivan/Webots_YOLOv8/install/soccer_vision_attribute_msgs/local/lib/python3.10/dist-packages/soccer_vision_attribute_msgs-1.0.0-py3.10.egg-info/PKG-INFO
[0.941s] -- Up-to-date: /home/ivan/Webots_YOLOv8/install/soccer_vision_attribute_msgs/local/lib/python3.10/dist-packages/soccer_vision_attribute_msgs
[0.942s] -- Up-to-date: /home/ivan/Webots_YOLOv8/install/soccer_vision_attribute_msgs/local/lib/python3.10/dist-packages/soccer_vision_attribute_msgs/libsoccer_vision_attribute_msgs__rosidl_generator_py.so
[0.942s] -- Up-to-date: /home/ivan/Webots_YOLOv8/install/soccer_vision_attribute_msgs/local/lib/python3.10/dist-packages/soccer_vision_attribute_msgs/_soccer_vision_attribute_msgs_s.ep.rosidl_typesupport_introspection_c.c
[0.942s] -- Up-to-date: /home/ivan/Webots_YOLOv8/install/soccer_vision_attribute_msgs/local/lib/python3.10/dist-packages/soccer_vision_attribute_msgs/soccer_vision_attribute_msgs_s__rosidl_typesupport_fastrtps_c.cpython-310-x86_64-linux-gnu.so
[0.942s] -- Up-to-date: /home/ivan/Webots_YOLOv8/install/soccer_vision_attribute_msgs/local/lib/python3.10/dist-packages/soccer_vision_attribute_msgs/msg
[0.943s] -- Up-to-date: /home/ivan/Webots_YOLOv8/install/soccer_vision_attribute_msgs/local/lib/python3.10/dist-packages/soccer_vision_attribute_msgs/msg/_goalpost.py
[0.943s] -- Up-to-date: /home/ivan/Webots_YOLOv8/install/soccer_vision_attribute_msgs/local/lib/python3.10/dist-packages/soccer_vision_attribute_msgs/msg/_robot_s.c
[0.943s] -- Up-to-date: /home/ivan/Webots_YOLOv8/install/soccer_vision_attribute_msgs/local/lib/python3.10/dist-packages/soccer_vision_attribute_msgs/msg/__init__.py
[0.943s] -- Up-to-date: /home/ivan/Webots_YOLOv8/install/soccer_vision_attribute_msgs/local/lib/python3.10/dist-packages/soccer_vision_attribute_msgs/msg/_confidence_s.c
[0.943s] -- Up-to-date: /home/ivan/Webots_YOLOv8/install/soccer_vision_attribute_msgs/local/lib/python3.10/dist-packages/soccer_vision_attribute_msgs/msg/_robot.py
[0.943s] -- Up-to-date: /home/ivan/Webots_YOLOv8/install/soccer_vision_attribute_msgs/local/lib/python3.10/dist-packages/soccer_vision_attribute_msgs/msg/_goalpost_s.c
[0.943s] -- Up-to-date: /home/ivan/Webots_YOLOv8/install/soccer_vision_attribute_msgs/local/lib/python3.10/dist-packages/soccer_vision_attribute_msgs/msg/_confidence.py
[0.943s] -- Up-to-date: /home/ivan/Webots_YOLOv8/install/soccer_vision_attribute_msgs/local/lib/python3.10/dist-packages/soccer_vision_attribute_msgs/soccer_vision_attribute_msgs_s__rosidl_typesupport_c.cpython-310-x86_64-linux-gnu.so
[0.943s] -- Up-to-date: /home/ivan/Webots_YOLOv8/install/soccer_vision_attribute_msgs/local/lib/python3.10/dist-packages/soccer_vision_attribute_msgs/__init__.py
[0.943s] -- Up-to-date: /home/ivan/Webots_YOLOv8/install/soccer_vision_attribute_msgs/local/lib/python3.10/dist-packages/soccer_vision_attribute_msgs/_soccer_vision_attribute_msgs_s.ep.rosidl_typesupport_c.c
[0.943s] -- Up-to-date: /home/ivan/Webots_YOLOv8/install/soccer_vision_attribute_msgs/local/lib/python3.10/dist-packages/soccer_vision_attribute_msgs/_soccer_vision_attribute_msgs_s.ep.rosidl_typesupport_fastrtps_c.c
[0.944s] -- Up-to-date: /home/ivan/Webots_YOLOv8/install/soccer_vision_attribute_msgs/local/lib/python3.10/dist-packages/soccer_vision_attribute_msgs/soccer_vision_attribute_msgs_s__rosidl_typesupport_introspection_c.cpython-310-x86_64-linux-gnu.so
[0.994s] Listing '/home/ivan/Webots_YOLOv8/install/soccer_vision_attribute_msgs/local/lib/python3.10/dist-packages/soccer_vision_attribute_msgs'...
[0.994s] Listing '/home/ivan/Webots_YOLOv8/install/soccer_vision_attribute_msgs/local/lib/python3.10/dist-packages/soccer_vision_attribute_msgs/msg'...
[1.003s] -- Up-to-date: /home/ivan/Webots_YOLOv8/install/soccer_vision_attribute_msgs/local/lib/python3.10/dist-packages/soccer_vision_attribute_msgs/soccer_vision_attribute_msgs_s__rosidl_typesupport_fastrtps_c.cpython-310-x86_64-linux-gnu.so
[1.003s] -- Up-to-date: /home/ivan/Webots_YOLOv8/install/soccer_vision_attribute_msgs/local/lib/python3.10/dist-packages/soccer_vision_attribute_msgs/soccer_vision_attribute_msgs_s__rosidl_typesupport_introspection_c.cpython-310-x86_64-linux-gnu.so
[1.003s] -- Up-to-date: /home/ivan/Webots_YOLOv8/install/soccer_vision_attribute_msgs/local/lib/python3.10/dist-packages/soccer_vision_attribute_msgs/soccer_vision_attribute_msgs_s__rosidl_typesupport_c.cpython-310-x86_64-linux-gnu.so
[1.004s] -- Up-to-date: /home/ivan/Webots_YOLOv8/install/soccer_vision_attribute_msgs/lib/libsoccer_vision_attribute_msgs__rosidl_generator_py.so
[1.004s] -- Up-to-date: /home/ivan/Webots_YOLOv8/install/soccer_vision_attribute_msgs/share/soccer_vision_attribute_msgs/msg/Confidence.idl
[1.004s] -- Up-to-date: /home/ivan/Webots_YOLOv8/install/soccer_vision_attribute_msgs/share/soccer_vision_attribute_msgs/msg/Goalpost.idl
[1.005s] -- Up-to-date: /home/ivan/Webots_YOLOv8/install/soccer_vision_attribute_msgs/share/soccer_vision_attribute_msgs/msg/Robot.idl
[1.005s] -- Up-to-date: /home/ivan/Webots_YOLOv8/install/soccer_vision_attribute_msgs/share/soccer_vision_attribute_msgs/msg/Confidence.msg
[1.005s] -- Up-to-date: /home/ivan/Webots_YOLOv8/install/soccer_vision_attribute_msgs/share/soccer_vision_attribute_msgs/msg/Goalpost.msg
[1.005s] -- Up-to-date: /home/ivan/Webots_YOLOv8/install/soccer_vision_attribute_msgs/share/soccer_vision_attribute_msgs/msg/Robot.msg
[1.005s] -- Up-to-date: /home/ivan/Webots_YOLOv8/install/soccer_vision_attribute_msgs/share/ament_index/resource_index/package_run_dependencies/soccer_vision_attribute_msgs
[1.006s] -- Up-to-date: /home/ivan/Webots_YOLOv8/install/soccer_vision_attribute_msgs/share/ament_index/resource_index/parent_prefix_path/soccer_vision_attribute_msgs
[1.006s] -- Up-to-date: /home/ivan/Webots_YOLOv8/install/soccer_vision_attribute_msgs/share/soccer_vision_attribute_msgs/environment/ament_prefix_path.sh
[1.006s] -- Up-to-date: /home/ivan/Webots_YOLOv8/install/soccer_vision_attribute_msgs/share/soccer_vision_attribute_msgs/environment/ament_prefix_path.dsv
[1.006s] -- Up-to-date: /home/ivan/Webots_YOLOv8/install/soccer_vision_attribute_msgs/share/soccer_vision_attribute_msgs/environment/path.sh
[1.006s] -- Up-to-date: /home/ivan/Webots_YOLOv8/install/soccer_vision_attribute_msgs/share/soccer_vision_attribute_msgs/environment/path.dsv
[1.006s] -- Up-to-date: /home/ivan/Webots_YOLOv8/install/soccer_vision_attribute_msgs/share/soccer_vision_attribute_msgs/local_setup.bash
[1.006s] -- Up-to-date: /home/ivan/Webots_YOLOv8/install/soccer_vision_attribute_msgs/share/soccer_vision_attribute_msgs/local_setup.sh
[1.006s] -- Up-to-date: /home/ivan/Webots_YOLOv8/install/soccer_vision_attribute_msgs/share/soccer_vision_attribute_msgs/local_setup.zsh
[1.007s] -- Up-to-date: /home/ivan/Webots_YOLOv8/install/soccer_vision_attribute_msgs/share/soccer_vision_attribute_msgs/local_setup.dsv
[1.007s] -- Installing: /home/ivan/Webots_YOLOv8/install/soccer_vision_attribute_msgs/share/soccer_vision_attribute_msgs/package.dsv
[1.011s] -- Up-to-date: /home/ivan/Webots_YOLOv8/install/soccer_vision_attribute_msgs/share/ament_index/resource_index/packages/soccer_vision_attribute_msgs
[1.011s] -- Up-to-date: /home/ivan/Webots_YOLOv8/install/soccer_vision_attribute_msgs/share/soccer_vision_attribute_msgs/cmake/export_soccer_vision_attribute_msgs__rosidl_generator_cExport.cmake
[1.011s] -- Up-to-date: /home/ivan/Webots_YOLOv8/install/soccer_vision_attribute_msgs/share/soccer_vision_attribute_msgs/cmake/export_soccer_vision_attribute_msgs__rosidl_generator_cExport-noconfig.cmake
[1.011s] -- Up-to-date: /home/ivan/Webots_YOLOv8/install/soccer_vision_attribute_msgs/share/soccer_vision_attribute_msgs/cmake/export_soccer_vision_attribute_msgs__rosidl_typesupport_fastrtps_cExport.cmake
[1.011s] -- Up-to-date: /home/ivan/Webots_YOLOv8/install/soccer_vision_attribute_msgs/share/soccer_vision_attribute_msgs/cmake/export_soccer_vision_attribute_msgs__rosidl_typesupport_fastrtps_cExport-noconfig.cmake
[1.011s] -- Up-to-date: /home/ivan/Webots_YOLOv8/install/soccer_vision_attribute_msgs/share/soccer_vision_attribute_msgs/cmake/soccer_vision_attribute_msgs__rosidl_typesupport_introspection_cExport.cmake
[1.012s] -- Up-to-date: /home/ivan/Webots_YOLOv8/install/soccer_vision_attribute_msgs/share/soccer_vision_attribute_msgs/cmake/soccer_vision_attribute_msgs__rosidl_typesupport_introspection_cExport-noconfig.cmake
[1.012s] -- Up-to-date: /home/ivan/Webots_YOLOv8/install/soccer_vision_attribute_msgs/share/soccer_vision_attribute_msgs/cmake/soccer_vision_attribute_msgs__rosidl_typesupport_cExport.cmake
[1.012s] -- Up-to-date: /home/ivan/Webots_YOLOv8/install/soccer_vision_attribute_msgs/share/soccer_vision_attribute_msgs/cmake/soccer_vision_attribute_msgs__rosidl_typesupport_cExport-noconfig.cmake
[1.012s] -- Up-to-date: /home/ivan/Webots_YOLOv8/install/soccer_vision_attribute_msgs/share/soccer_vision_attribute_msgs/cmake/export_soccer_vision_attribute_msgs__rosidl_generator_cppExport.cmake
[1.012s] -- Up-to-date: /home/ivan/Webots_YOLOv8/install/soccer_vision_attribute_msgs/share/soccer_vision_attribute_msgs/cmake/export_soccer_vision_attribute_msgs__rosidl_typesupport_fastrtps_cppExport.cmake
[1.013s] -- Up-to-date: /home/ivan/Webots_YOLOv8/install/soccer_vision_attribute_msgs/share/soccer_vision_attribute_msgs/cmake/export_soccer_vision_attribute_msgs__rosidl_typesupport_fastrtps_cppExport-noconfig.cmake
[1.013s] -- Up-to-date: /home/ivan/Webots_YOLOv8/install/soccer_vision_attribute_msgs/share/soccer_vision_attribute_msgs/cmake/soccer_vision_attribute_msgs__rosidl_typesupport_introspection_cppExport.cmake
[1.014s] -- Up-to-date: /home/ivan/Webots_YOLOv8/install/soccer_vision_attribute_msgs/share/soccer_vision_attribute_msgs/cmake/soccer_vision_attribute_msgs__rosidl_typesupport_introspection_cppExport-noconfig.cmake
[1.014s] -- Up-to-date: /home/ivan/Webots_YOLOv8/install/soccer_vision_attribute_msgs/share/soccer_vision_attribute_msgs/cmake/soccer_vision_attribute_msgs__rosidl_typesupport_cppExport.cmake
[1.014s] -- Up-to-date: /home/ivan/Webots_YOLOv8/install/soccer_vision_attribute_msgs/share/soccer_vision_attribute_msgs/cmake/soccer_vision_attribute_msgs__rosidl_typesupport_cppExport-noconfig.cmake
[1.014s] -- Up-to-date: /home/ivan/Webots_YOLOv8/install/soccer_vision_attribute_msgs/share/soccer_vision_attribute_msgs/cmake/export_soccer_vision_attribute_msgs__rosidl_generator_pyExport.cmake
[1.014s] -- Up-to-date: /home/ivan/Webots_YOLOv8/install/soccer_vision_attribute_msgs/share/soccer_vision_attribute_msgs/cmake/export_soccer_vision_attribute_msgs__rosidl_generator_pyExport-noconfig.cmake
[1.014s] -- Up-to-date: /home/ivan/Webots_YOLOv8/install/soccer_vision_attribute_msgs/share/soccer_vision_attribute_msgs/cmake/rosidl_cmake-extras.cmake
[1.015s] -- Up-to-date: /home/ivan/Webots_YOLOv8/install/soccer_vision_attribute_msgs/share/soccer_vision_attribute_msgs/cmake/ament_cmake_export_include_directories-extras.cmake
[1.015s] -- Up-to-date: /home/ivan/Webots_YOLOv8/install/soccer_vision_attribute_msgs/share/soccer_vision_attribute_msgs/cmake/ament_cmake_export_libraries-extras.cmake
[1.015s] -- Up-to-date: /home/ivan/Webots_YOLOv8/install/soccer_vision_attribute_msgs/share/soccer_vision_attribute_msgs/cmake/ament_cmake_export_targets-extras.cmake
[1.015s] -- Up-to-date: /home/ivan/Webots_YOLOv8/install/soccer_vision_attribute_msgs/share/soccer_vision_attribute_msgs/cmake/rosidl_cmake_export_typesupport_targets-extras.cmake
[1.015s] -- Up-to-date: /home/ivan/Webots_YOLOv8/install/soccer_vision_attribute_msgs/share/soccer_vision_attribute_msgs/cmake/ament_cmake_export_dependencies-extras.cmake
[1.015s] -- Up-to-date: /home/ivan/Webots_YOLOv8/install/soccer_vision_attribute_msgs/share/soccer_vision_attribute_msgs/cmake/rosidl_cmake_export_typesupport_libraries-extras.cmake
[1.016s] -- Up-to-date: /home/ivan/Webots_YOLOv8/install/soccer_vision_attribute_msgs/share/soccer_vision_attribute_msgs/cmake/soccer_vision_attribute_msgsConfig.cmake
[1.016s] -- Up-to-date: /home/ivan/Webots_YOLOv8/install/soccer_vision_attribute_msgs/share/soccer_vision_attribute_msgs/cmake/soccer_vision_attribute_msgsConfig-version.cmake
[1.016s] -- Up-to-date: /home/ivan/Webots_YOLOv8/install/soccer_vision_attribute_msgs/share/soccer_vision_attribute_msgs/package.xml
[1.053s] Invoked command in '/home/ivan/Webots_YOLOv8/build/soccer_vision_attribute_msgs' returned '0': CMAKE_PREFIX_PATH=${CMAKE_PREFIX_PATH}:/home/ivan/Webots_YOLOv8/install/soccer_ipm:/home/ivan/Webots_YOLOv8/install/Webots_YOLOv8:/home/ivan/Webots_YOLOv8/install/my_package:/home/ivan/Webots_YOLOv8/install/ipm_service:/home/ivan/Webots_YOLOv8/install/ipm_image_node:/home/ivan/Webots_YOLOv8/install/ipm_library:/home/ivan/ros2_ws/install/object_finder_onnx:/home/ivan/ros2_ws/install/object_finder:/home/ivan/ros2_ws/install/my_package:/home/ivan/ros2_ws/install/Webots_YOLOv8:/opt/ros/humble /usr/bin/cmake --install /home/ivan/Webots_YOLOv8/build/soccer_vision_attribute_msgs
