[1.056s] Invoking command in '/home/ivan/Webots_YOLOv8/src/my_package': PYTHONPATH=/home/ivan/Webots_YOLOv8/build/my_package/prefix_override:/usr/lib/python3/dist-packages/colcon_core/task/python/colcon_distutils_commands:/home/ivan/Webots_YOLOv8/install/my_package/lib/python3.10/site-packages:${PYTHONPATH} /usr/bin/python3 -W ignore:setup.py install is deprecated -W ignore:easy_install command is deprecated setup.py egg_info --egg-base ../../build/my_package build --build-base /home/ivan/Webots_YOLOv8/build/my_package/build install --record /home/ivan/Webots_YOLOv8/build/my_package/install.log --single-version-externally-managed install_data
[1.493s] running egg_info
[1.495s] writing ../../build/my_package/my_package.egg-info/PKG-INFO
[1.495s] writing dependency_links to ../../build/my_package/my_package.egg-info/dependency_links.txt
[1.495s] writing entry points to ../../build/my_package/my_package.egg-info/entry_points.txt
[1.495s] writing requirements to ../../build/my_package/my_package.egg-info/requires.txt
[1.495s] writing top-level names to ../../build/my_package/my_package.egg-info/top_level.txt
[1.498s] reading manifest file '../../build/my_package/my_package.egg-info/SOURCES.txt'
[1.499s] adding license file 'LICENSE'
[1.500s] writing manifest file '../../build/my_package/my_package.egg-info/SOURCES.txt'
[1.500s] running build
[1.500s] running build_py
[1.500s] running install
[1.500s] running install_lib
[1.502s] running install_data
[1.502s] running install_egg_info
[1.505s] removing '/home/ivan/Webots_YOLOv8/install/my_package/lib/python3.10/site-packages/my_package-0.0.0-py3.10.egg-info' (and everything under it)
[1.505s] Copying ../../build/my_package/my_package.egg-info to /home/ivan/Webots_YOLOv8/install/my_package/lib/python3.10/site-packages/my_package-0.0.0-py3.10.egg-info
[1.507s] running install_scripts
[1.542s] Installing keyboard_teleop script to /home/ivan/Webots_YOLOv8/install/my_package/lib/my_package
[1.542s] Installing my_robot_driver script to /home/ivan/Webots_YOLOv8/install/my_package/lib/my_package
[1.542s] writing list of installed files to '/home/ivan/Webots_YOLOv8/build/my_package/install.log'
[1.591s] Invoked command in '/home/ivan/Webots_YOLOv8/src/my_package' returned '0': PYTHONPATH=/home/ivan/Webots_YOLOv8/build/my_package/prefix_override:/usr/lib/python3/dist-packages/colcon_core/task/python/colcon_distutils_commands:/home/ivan/Webots_YOLOv8/install/my_package/lib/python3.10/site-packages:${PYTHONPATH} /usr/bin/python3 -W ignore:setup.py install is deprecated -W ignore:easy_install command is deprecated setup.py egg_info --egg-base ../../build/my_package build --build-base /home/ivan/Webots_YOLOv8/build/my_package/build install --record /home/ivan/Webots_YOLOv8/build/my_package/install.log --single-version-externally-managed install_data
