running egg_info
writing ../../../build/ipm_library/ipm_library.egg-info/PKG-INFO
writing dependency_links to ../../../build/ipm_library/ipm_library.egg-info/dependency_links.txt
writing entry points to ../../../build/ipm_library/ipm_library.egg-info/entry_points.txt
writing requirements to ../../../build/ipm_library/ipm_library.egg-info/requires.txt
writing top-level names to ../../../build/ipm_library/ipm_library.egg-info/top_level.txt
reading manifest file '../../../build/ipm_library/ipm_library.egg-info/SOURCES.txt'
writing manifest file '../../../build/ipm_library/ipm_library.egg-info/SOURCES.txt'
running build
running build_py
copying ipm_library/utils.py -> /home/ivan/Webots_YOLOv8/build/ipm_library/build/lib/ipm_library
copying ipm_library/exceptions.py -> /home/ivan/Webots_YOLOv8/build/ipm_library/build/lib/ipm_library
copying ipm_library/__init__.py -> /home/ivan/Webots_YOLOv8/build/ipm_library/build/lib/ipm_library
copying ipm_library/ipm.py -> /home/ivan/Webots_YOLOv8/build/ipm_library/build/lib/ipm_library
running install
running install_lib
running install_data
running install_egg_info
removing '/home/ivan/Webots_YOLOv8/install/ipm_library/lib/python3.10/site-packages/ipm_library-0.0.0-py3.10.egg-info' (and everything under it)
Copying ../../../build/ipm_library/ipm_library.egg-info to /home/ivan/Webots_YOLOv8/install/ipm_library/lib/python3.10/site-packages/ipm_library-0.0.0-py3.10.egg-info
running install_scripts
writing list of installed files to '/home/ivan/Webots_YOLOv8/build/ipm_library/install.log'
