[0.041s] Invoking command in '/home/ivan/Webots_YOLOv8/build/soccer_vision_attribute_msgs': CMAKE_PREFIX_PATH=${CMAKE_PREFIX_PATH}:/home/ivan/Webots_YOLOv8/install/Webots_YOLOv8:/home/ivan/Webots_YOLOv8/install/soccer_ipm:/home/ivan/Webots_YOLOv8/install/my_package:/home/ivan/Webots_YOLOv8/install/ipm_service:/home/ivan/Webots_YOLOv8/install/ipm_image_node:/home/ivan/Webots_YOLOv8/install/ipm_library:/opt/ros/humble /usr/bin/cmake --build /home/ivan/Webots_YOLOv8/build/soccer_vision_attribute_msgs -- -j12 -l12
[0.120s] -- Found ament_cmake: 1.3.11 (/opt/ros/humble/share/ament_cmake/cmake)
[0.282s] -- Found rosidl_default_generators: 1.2.0 (/opt/ros/humble/share/rosidl_default_generators/cmake)
[0.287s] -- Using all available rosidl_typesupport_c: rosidl_typesupport_fastrtps_c;rosidl_typesupport_introspection_c
[0.292s] -- Found rosidl_adapter: 3.1.6 (/opt/ros/humble/share/rosidl_adapter/cmake)
[0.338s] -- Using all available rosidl_typesupport_cpp: rosidl_typesupport_fastrtps_cpp;rosidl_typesupport_introspection_cpp
[0.681s] -- Found ament_cmake_ros: 0.10.0 (/opt/ros/humble/share/ament_cmake_ros/cmake)
[0.921s] -- Using all available rosidl_typesupport_c: rosidl_typesupport_fastrtps_c;rosidl_typesupport_introspection_c
[1.207s] -- Using all available rosidl_typesupport_cpp: rosidl_typesupport_fastrtps_cpp;rosidl_typesupport_introspection_cpp
[1.233s] -- Found python_cmake_module: 0.10.0 (/opt/ros/humble/share/python_cmake_module/cmake)
[1.260s] -- Using PYTHON_EXECUTABLE: /usr/bin/python3
[1.260s] -- Using PYTHON_INCLUDE_DIRS: /usr/include/python3.10
[1.260s] -- Using PYTHON_LIBRARIES: /usr/lib/x86_64-linux-gnu/libpython3.10.so
[1.274s] -- Found ament_lint_auto: 0.12.12 (/opt/ros/humble/share/ament_lint_auto/cmake)
[1.288s] -- Added test 'copyright' to check source files copyright and LICENSE
[1.290s] -- Added test 'lint_cmake' to check CMake code style
[1.291s] -- Added test 'xmllint' to check XML markup files
[1.294s] -- Configuring done
[1.358s] -- Generating done
[1.369s] -- Build files have been written to: /home/ivan/Webots_YOLOv8/build/soccer_vision_attribute_msgs
[1.406s] [35m[1mConsolidate compiler generated dependencies of target soccer_vision_attribute_msgs__rosidl_generator_c[0m
[1.421s] [  2%] Built target soccer_vision_attribute_msgs__cpp
[1.431s] [  4%] [32mBuilding C object CMakeFiles/soccer_vision_attribute_msgs__rosidl_generator_c.dir/rosidl_generator_c/soccer_vision_attribute_msgs/msg/detail/confidence__functions.c.o[0m
[1.432s] [  8%] [32mBuilding C object CMakeFiles/soccer_vision_attribute_msgs__rosidl_generator_c.dir/rosidl_generator_c/soccer_vision_attribute_msgs/msg/detail/goalpost__functions.c.o[0m
[1.432s] [  8%] [32mBuilding C object CMakeFiles/soccer_vision_attribute_msgs__rosidl_generator_c.dir/rosidl_generator_c/soccer_vision_attribute_msgs/msg/detail/robot__functions.c.o[0m
[1.439s] [35m[1mConsolidate compiler generated dependencies of target soccer_vision_attribute_msgs__rosidl_typesupport_introspection_cpp[0m
[1.440s] [35m[1mConsolidate compiler generated dependencies of target soccer_vision_attribute_msgs__rosidl_typesupport_cpp[0m
[1.440s] [35m[1mConsolidate compiler generated dependencies of target soccer_vision_attribute_msgs__rosidl_typesupport_fastrtps_cpp[0m
[1.442s] [  8%] Built target ament_cmake_python_copy_soccer_vision_attribute_msgs
[1.483s] [ 14%] [32mBuilding CXX object CMakeFiles/soccer_vision_attribute_msgs__rosidl_typesupport_cpp.dir/rosidl_typesupport_cpp/soccer_vision_attribute_msgs/msg/robot__type_support.cpp.o[0m
[1.483s] [ 14%] [32mBuilding CXX object CMakeFiles/soccer_vision_attribute_msgs__rosidl_typesupport_introspection_cpp.dir/rosidl_typesupport_introspection_cpp/soccer_vision_attribute_msgs/msg/detail/confidence__type_support.cpp.o[0m
[1.483s] [ 14%] [32mBuilding CXX object CMakeFiles/soccer_vision_attribute_msgs__rosidl_typesupport_cpp.dir/rosidl_typesupport_cpp/soccer_vision_attribute_msgs/msg/confidence__type_support.cpp.o[0m
[1.483s] [ 17%] [32mBuilding CXX object CMakeFiles/soccer_vision_attribute_msgs__rosidl_typesupport_introspection_cpp.dir/rosidl_typesupport_introspection_cpp/soccer_vision_attribute_msgs/msg/detail/goalpost__type_support.cpp.o[0m
[1.483s] [ 19%] [32mBuilding CXX object CMakeFiles/soccer_vision_attribute_msgs__rosidl_typesupport_cpp.dir/rosidl_typesupport_cpp/soccer_vision_attribute_msgs/msg/goalpost__type_support.cpp.o[0m
[1.489s] [ 21%] [32mBuilding CXX object CMakeFiles/soccer_vision_attribute_msgs__rosidl_typesupport_fastrtps_cpp.dir/rosidl_typesupport_fastrtps_cpp/soccer_vision_attribute_msgs/msg/detail/dds_fastrtps/confidence__type_support.cpp.o[0m
[1.489s] [ 23%] [32mBuilding CXX object CMakeFiles/soccer_vision_attribute_msgs__rosidl_typesupport_fastrtps_cpp.dir/rosidl_typesupport_fastrtps_cpp/soccer_vision_attribute_msgs/msg/detail/dds_fastrtps/goalpost__type_support.cpp.o[0m
[1.493s] [ 25%] [32mBuilding CXX object CMakeFiles/soccer_vision_attribute_msgs__rosidl_typesupport_introspection_cpp.dir/rosidl_typesupport_introspection_cpp/soccer_vision_attribute_msgs/msg/detail/robot__type_support.cpp.o[0m
[1.635s] [ 27%] [32mBuilding CXX object CMakeFiles/soccer_vision_attribute_msgs__rosidl_typesupport_fastrtps_cpp.dir/rosidl_typesupport_fastrtps_cpp/soccer_vision_attribute_msgs/msg/detail/dds_fastrtps/robot__type_support.cpp.o[0m
[1.650s] [ 29%] [32m[1mLinking C shared library libsoccer_vision_attribute_msgs__rosidl_generator_c.so[0m
[1.843s] [ 31%] Built target soccer_vision_attribute_msgs__rosidl_generator_c
[1.898s] [35m[1mConsolidate compiler generated dependencies of target soccer_vision_attribute_msgs__rosidl_typesupport_fastrtps_c[0m
[1.905s] [35m[1mConsolidate compiler generated dependencies of target soccer_vision_attribute_msgs__rosidl_typesupport_introspection_c[0m
[1.952s] [ 34%] [32mBuilding CXX object CMakeFiles/soccer_vision_attribute_msgs__rosidl_typesupport_fastrtps_c.dir/rosidl_typesupport_fastrtps_c/soccer_vision_attribute_msgs/msg/detail/confidence__type_support_c.cpp.o[0m
[1.962s] [ 36%] [32mBuilding C object CMakeFiles/soccer_vision_attribute_msgs__rosidl_typesupport_introspection_c.dir/rosidl_typesupport_introspection_c/soccer_vision_attribute_msgs/msg/detail/confidence__type_support.c.o[0m
[2.057s] running egg_info
[2.062s] writing soccer_vision_attribute_msgs.egg-info/PKG-INFO
[2.063s] writing dependency_links to soccer_vision_attribute_msgs.egg-info/dependency_links.txt
[2.063s] writing top-level names to soccer_vision_attribute_msgs.egg-info/top_level.txt
[2.076s] reading manifest file 'soccer_vision_attribute_msgs.egg-info/SOURCES.txt'
[2.082s] writing manifest file 'soccer_vision_attribute_msgs.egg-info/SOURCES.txt'
[2.112s] [ 38%] [32mBuilding C object CMakeFiles/soccer_vision_attribute_msgs__rosidl_typesupport_introspection_c.dir/rosidl_typesupport_introspection_c/soccer_vision_attribute_msgs/msg/detail/goalpost__type_support.c.o[0m
[2.229s] [35m[1mConsolidate compiler generated dependencies of target soccer_vision_attribute_msgs__rosidl_typesupport_c[0m
[2.230s] [ 40%] [32mBuilding CXX object CMakeFiles/soccer_vision_attribute_msgs__rosidl_typesupport_fastrtps_c.dir/rosidl_typesupport_fastrtps_c/soccer_vision_attribute_msgs/msg/detail/goalpost__type_support_c.cpp.o[0m
[2.239s] [ 42%] [32mBuilding C object CMakeFiles/soccer_vision_attribute_msgs__rosidl_typesupport_introspection_c.dir/rosidl_typesupport_introspection_c/soccer_vision_attribute_msgs/msg/detail/robot__type_support.c.o[0m
[2.262s] [ 42%] Built target ament_cmake_python_build_soccer_vision_attribute_msgs_egg
[2.275s] [ 44%] [32mBuilding CXX object CMakeFiles/soccer_vision_attribute_msgs__rosidl_typesupport_c.dir/rosidl_typesupport_c/soccer_vision_attribute_msgs/msg/confidence__type_support.cpp.o[0m
[2.296s] [ 46%] [32mBuilding CXX object CMakeFiles/soccer_vision_attribute_msgs__rosidl_typesupport_fastrtps_c.dir/rosidl_typesupport_fastrtps_c/soccer_vision_attribute_msgs/msg/detail/robot__type_support_c.cpp.o[0m
[2.339s] [ 48%] [32m[1mLinking CXX shared library libsoccer_vision_attribute_msgs__rosidl_typesupport_cpp.so[0m
[2.356s] [ 51%] [32mBuilding CXX object CMakeFiles/soccer_vision_attribute_msgs__rosidl_typesupport_c.dir/rosidl_typesupport_c/soccer_vision_attribute_msgs/msg/goalpost__type_support.cpp.o[0m
[2.369s] [ 53%] [32m[1mLinking C shared library libsoccer_vision_attribute_msgs__rosidl_typesupport_introspection_c.so[0m
[2.373s] [ 55%] [32mBuilding CXX object CMakeFiles/soccer_vision_attribute_msgs__rosidl_typesupport_c.dir/rosidl_typesupport_c/soccer_vision_attribute_msgs/msg/robot__type_support.cpp.o[0m
[2.473s] [ 57%] [32m[1mLinking CXX shared library libsoccer_vision_attribute_msgs__rosidl_typesupport_introspection_cpp.so[0m
[2.492s] [ 59%] Built target soccer_vision_attribute_msgs__rosidl_typesupport_introspection_c
[2.507s] [ 61%] [32m[1mLinking CXX shared library libsoccer_vision_attribute_msgs__rosidl_typesupport_c.so[0m
[2.518s] [ 63%] Built target soccer_vision_attribute_msgs__rosidl_typesupport_cpp
[2.527s] [ 65%] [32m[1mLinking CXX shared library libsoccer_vision_attribute_msgs__rosidl_typesupport_fastrtps_cpp.so[0m
[2.571s] [ 68%] Built target soccer_vision_attribute_msgs__rosidl_typesupport_introspection_cpp
[2.629s] [ 70%] Built target soccer_vision_attribute_msgs__rosidl_typesupport_c
[2.904s] [ 72%] Built target soccer_vision_attribute_msgs__rosidl_typesupport_fastrtps_cpp
[3.153s] [ 74%] [32m[1mLinking CXX shared library libsoccer_vision_attribute_msgs__rosidl_typesupport_fastrtps_c.so[0m
[3.398s] [ 76%] Built target soccer_vision_attribute_msgs__rosidl_typesupport_fastrtps_c
[3.461s] [ 76%] Built target soccer_vision_attribute_msgs
[3.527s] [ 78%] Built target soccer_vision_attribute_msgs__py
[3.556s] [35m[1mConsolidate compiler generated dependencies of target soccer_vision_attribute_msgs__rosidl_generator_py[0m
[3.594s] [ 82%] [32mBuilding C object CMakeFiles/soccer_vision_attribute_msgs__rosidl_generator_py.dir/rosidl_generator_py/soccer_vision_attribute_msgs/msg/_goalpost_s.c.o[0m
[3.595s] [ 82%] [32mBuilding C object CMakeFiles/soccer_vision_attribute_msgs__rosidl_generator_py.dir/rosidl_generator_py/soccer_vision_attribute_msgs/msg/_confidence_s.c.o[0m
[3.596s] [ 85%] [32mBuilding C object CMakeFiles/soccer_vision_attribute_msgs__rosidl_generator_py.dir/rosidl_generator_py/soccer_vision_attribute_msgs/msg/_robot_s.c.o[0m
[3.770s] [ 87%] [32m[1mLinking C shared library rosidl_generator_py/soccer_vision_attribute_msgs/libsoccer_vision_attribute_msgs__rosidl_generator_py.so[0m
[3.827s] [ 87%] Built target soccer_vision_attribute_msgs__rosidl_generator_py
[3.845s] [35m[1mConsolidate compiler generated dependencies of target soccer_vision_attribute_msgs__rosidl_typesupport_c__pyext[0m
[3.845s] [35m[1mConsolidate compiler generated dependencies of target soccer_vision_attribute_msgs__rosidl_typesupport_introspection_c__pyext[0m
[3.846s] [35m[1mConsolidate compiler generated dependencies of target soccer_vision_attribute_msgs__rosidl_typesupport_fastrtps_c__pyext[0m
[3.870s] [ 93%] [32mBuilding C object CMakeFiles/soccer_vision_attribute_msgs__rosidl_typesupport_introspection_c__pyext.dir/rosidl_generator_py/soccer_vision_attribute_msgs/_soccer_vision_attribute_msgs_s.ep.rosidl_typesupport_introspection_c.c.o[0m
[3.870s] [ 93%] [32mBuilding C object CMakeFiles/soccer_vision_attribute_msgs__rosidl_typesupport_c__pyext.dir/rosidl_generator_py/soccer_vision_attribute_msgs/_soccer_vision_attribute_msgs_s.ep.rosidl_typesupport_c.c.o[0m
[3.870s] [ 93%] [32mBuilding C object CMakeFiles/soccer_vision_attribute_msgs__rosidl_typesupport_fastrtps_c__pyext.dir/rosidl_generator_py/soccer_vision_attribute_msgs/_soccer_vision_attribute_msgs_s.ep.rosidl_typesupport_fastrtps_c.c.o[0m
[4.001s] [ 95%] [32m[1mLinking C shared library rosidl_generator_py/soccer_vision_attribute_msgs/soccer_vision_attribute_msgs_s__rosidl_typesupport_fastrtps_c.cpython-310-x86_64-linux-gnu.so[0m
[4.018s] [100%] [32m[1mLinking C shared library rosidl_generator_py/soccer_vision_attribute_msgs/soccer_vision_attribute_msgs_s__rosidl_typesupport_introspection_c.cpython-310-x86_64-linux-gnu.so[0m
[4.018s] [100%] [32m[1mLinking C shared library rosidl_generator_py/soccer_vision_attribute_msgs/soccer_vision_attribute_msgs_s__rosidl_typesupport_c.cpython-310-x86_64-linux-gnu.so[0m
[4.059s] [100%] Built target soccer_vision_attribute_msgs__rosidl_typesupport_fastrtps_c__pyext
[4.073s] [100%] Built target soccer_vision_attribute_msgs__rosidl_typesupport_introspection_c__pyext
[4.076s] [100%] Built target soccer_vision_attribute_msgs__rosidl_typesupport_c__pyext
[4.096s] Invoked command in '/home/ivan/Webots_YOLOv8/build/soccer_vision_attribute_msgs' returned '0': CMAKE_PREFIX_PATH=${CMAKE_PREFIX_PATH}:/home/ivan/Webots_YOLOv8/install/Webots_YOLOv8:/home/ivan/Webots_YOLOv8/install/soccer_ipm:/home/ivan/Webots_YOLOv8/install/my_package:/home/ivan/Webots_YOLOv8/install/ipm_service:/home/ivan/Webots_YOLOv8/install/ipm_image_node:/home/ivan/Webots_YOLOv8/install/ipm_library:/opt/ros/humble /usr/bin/cmake --build /home/ivan/Webots_YOLOv8/build/soccer_vision_attribute_msgs -- -j12 -l12
[4.111s] Invoking command in '/home/ivan/Webots_YOLOv8/build/soccer_vision_attribute_msgs': CMAKE_PREFIX_PATH=${CMAKE_PREFIX_PATH}:/home/ivan/Webots_YOLOv8/install/Webots_YOLOv8:/home/ivan/Webots_YOLOv8/install/soccer_ipm:/home/ivan/Webots_YOLOv8/install/my_package:/home/ivan/Webots_YOLOv8/install/ipm_service:/home/ivan/Webots_YOLOv8/install/ipm_image_node:/home/ivan/Webots_YOLOv8/install/ipm_library:/opt/ros/humble /usr/bin/cmake --install /home/ivan/Webots_YOLOv8/build/soccer_vision_attribute_msgs
[4.123s] -- Install configuration: ""
[4.123s] -- Up-to-date: /home/ivan/Webots_YOLOv8/install/soccer_vision_attribute_msgs/share/ament_index/resource_index/rosidl_interfaces/soccer_vision_attribute_msgs
[4.123s] -- Up-to-date: /home/ivan/Webots_YOLOv8/install/soccer_vision_attribute_msgs/include/soccer_vision_attribute_msgs/soccer_vision_attribute_msgs
[4.123s] -- Up-to-date: /home/ivan/Webots_YOLOv8/install/soccer_vision_attribute_msgs/include/soccer_vision_attribute_msgs/soccer_vision_attribute_msgs/msg
[4.123s] -- Up-to-date: /home/ivan/Webots_YOLOv8/install/soccer_vision_attribute_msgs/include/soccer_vision_attribute_msgs/soccer_vision_attribute_msgs/msg/detail
[4.123s] -- Up-to-date: /home/ivan/Webots_YOLOv8/install/soccer_vision_attribute_msgs/include/soccer_vision_attribute_msgs/soccer_vision_attribute_msgs/msg/detail/robot__functions.h
[4.123s] -- Up-to-date: /home/ivan/Webots_YOLOv8/install/soccer_vision_attribute_msgs/include/soccer_vision_attribute_msgs/soccer_vision_attribute_msgs/msg/detail/robot__struct.h
[4.124s] -- Up-to-date: /home/ivan/Webots_YOLOv8/install/soccer_vision_attribute_msgs/include/soccer_vision_attribute_msgs/soccer_vision_attribute_msgs/msg/detail/confidence__functions.c
[4.124s] -- Up-to-date: /home/ivan/Webots_YOLOv8/install/soccer_vision_attribute_msgs/include/soccer_vision_attribute_msgs/soccer_vision_attribute_msgs/msg/detail/confidence__struct.h
[4.124s] -- Up-to-date: /home/ivan/Webots_YOLOv8/install/soccer_vision_attribute_msgs/include/soccer_vision_attribute_msgs/soccer_vision_attribute_msgs/msg/detail/confidence__type_support.h
[4.124s] -- Up-to-date: /home/ivan/Webots_YOLOv8/install/soccer_vision_attribute_msgs/include/soccer_vision_attribute_msgs/soccer_vision_attribute_msgs/msg/detail/robot__functions.c
[4.124s] -- Up-to-date: /home/ivan/Webots_YOLOv8/install/soccer_vision_attribute_msgs/include/soccer_vision_attribute_msgs/soccer_vision_attribute_msgs/msg/detail/confidence__functions.h
[4.124s] -- Up-to-date: /home/ivan/Webots_YOLOv8/install/soccer_vision_attribute_msgs/include/soccer_vision_attribute_msgs/soccer_vision_attribute_msgs/msg/detail/robot__type_support.h
[4.124s] -- Up-to-date: /home/ivan/Webots_YOLOv8/install/soccer_vision_attribute_msgs/include/soccer_vision_attribute_msgs/soccer_vision_attribute_msgs/msg/detail/goalpost__functions.h
[4.124s] -- Up-to-date: /home/ivan/Webots_YOLOv8/install/soccer_vision_attribute_msgs/include/soccer_vision_attribute_msgs/soccer_vision_attribute_msgs/msg/detail/goalpost__functions.c
[4.124s] -- Up-to-date: /home/ivan/Webots_YOLOv8/install/soccer_vision_attribute_msgs/include/soccer_vision_attribute_msgs/soccer_vision_attribute_msgs/msg/detail/goalpost__type_support.h
[4.124s] -- Up-to-date: /home/ivan/Webots_YOLOv8/install/soccer_vision_attribute_msgs/include/soccer_vision_attribute_msgs/soccer_vision_attribute_msgs/msg/detail/goalpost__struct.h
[4.124s] -- Up-to-date: /home/ivan/Webots_YOLOv8/install/soccer_vision_attribute_msgs/include/soccer_vision_attribute_msgs/soccer_vision_attribute_msgs/msg/rosidl_generator_c__visibility_control.h
[4.124s] -- Up-to-date: /home/ivan/Webots_YOLOv8/install/soccer_vision_attribute_msgs/include/soccer_vision_attribute_msgs/soccer_vision_attribute_msgs/msg/goalpost.h
[4.125s] -- Up-to-date: /home/ivan/Webots_YOLOv8/install/soccer_vision_attribute_msgs/include/soccer_vision_attribute_msgs/soccer_vision_attribute_msgs/msg/robot.h
[4.125s] -- Up-to-date: /home/ivan/Webots_YOLOv8/install/soccer_vision_attribute_msgs/include/soccer_vision_attribute_msgs/soccer_vision_attribute_msgs/msg/confidence.h
[4.125s] -- Installing: /home/ivan/Webots_YOLOv8/install/soccer_vision_attribute_msgs/share/soccer_vision_attribute_msgs/environment/library_path.sh
[4.125s] -- Installing: /home/ivan/Webots_YOLOv8/install/soccer_vision_attribute_msgs/share/soccer_vision_attribute_msgs/environment/library_path.dsv
[4.125s] -- Installing: /home/ivan/Webots_YOLOv8/install/soccer_vision_attribute_msgs/lib/libsoccer_vision_attribute_msgs__rosidl_generator_c.so
[4.125s] -- Set runtime path of "/home/ivan/Webots_YOLOv8/install/soccer_vision_attribute_msgs/lib/libsoccer_vision_attribute_msgs__rosidl_generator_c.so" to ""
[4.125s] -- Up-to-date: /home/ivan/Webots_YOLOv8/install/soccer_vision_attribute_msgs/include/soccer_vision_attribute_msgs/soccer_vision_attribute_msgs
[4.125s] -- Up-to-date: /home/ivan/Webots_YOLOv8/install/soccer_vision_attribute_msgs/include/soccer_vision_attribute_msgs/soccer_vision_attribute_msgs/msg
[4.125s] -- Up-to-date: /home/ivan/Webots_YOLOv8/install/soccer_vision_attribute_msgs/include/soccer_vision_attribute_msgs/soccer_vision_attribute_msgs/msg/detail
[4.125s] -- Up-to-date: /home/ivan/Webots_YOLOv8/install/soccer_vision_attribute_msgs/include/soccer_vision_attribute_msgs/soccer_vision_attribute_msgs/msg/detail/confidence__rosidl_typesupport_fastrtps_c.h
[4.126s] -- Up-to-date: /home/ivan/Webots_YOLOv8/install/soccer_vision_attribute_msgs/include/soccer_vision_attribute_msgs/soccer_vision_attribute_msgs/msg/detail/goalpost__rosidl_typesupport_fastrtps_c.h
[4.126s] -- Up-to-date: /home/ivan/Webots_YOLOv8/install/soccer_vision_attribute_msgs/include/soccer_vision_attribute_msgs/soccer_vision_attribute_msgs/msg/detail/robot__rosidl_typesupport_fastrtps_c.h
[4.126s] -- Up-to-date: /home/ivan/Webots_YOLOv8/install/soccer_vision_attribute_msgs/include/soccer_vision_attribute_msgs/soccer_vision_attribute_msgs/msg/rosidl_typesupport_fastrtps_c__visibility_control.h
[4.126s] -- Installing: /home/ivan/Webots_YOLOv8/install/soccer_vision_attribute_msgs/lib/libsoccer_vision_attribute_msgs__rosidl_typesupport_fastrtps_c.so
[4.126s] -- Set runtime path of "/home/ivan/Webots_YOLOv8/install/soccer_vision_attribute_msgs/lib/libsoccer_vision_attribute_msgs__rosidl_typesupport_fastrtps_c.so" to ""
[4.126s] -- Up-to-date: /home/ivan/Webots_YOLOv8/install/soccer_vision_attribute_msgs/include/soccer_vision_attribute_msgs/soccer_vision_attribute_msgs
[4.126s] -- Up-to-date: /home/ivan/Webots_YOLOv8/install/soccer_vision_attribute_msgs/include/soccer_vision_attribute_msgs/soccer_vision_attribute_msgs/msg
[4.126s] -- Up-to-date: /home/ivan/Webots_YOLOv8/install/soccer_vision_attribute_msgs/include/soccer_vision_attribute_msgs/soccer_vision_attribute_msgs/msg/detail
[4.126s] -- Up-to-date: /home/ivan/Webots_YOLOv8/install/soccer_vision_attribute_msgs/include/soccer_vision_attribute_msgs/soccer_vision_attribute_msgs/msg/detail/robot__rosidl_typesupport_introspection_c.h
[4.126s] -- Up-to-date: /home/ivan/Webots_YOLOv8/install/soccer_vision_attribute_msgs/include/soccer_vision_attribute_msgs/soccer_vision_attribute_msgs/msg/detail/confidence__type_support.c
[4.126s] -- Up-to-date: /home/ivan/Webots_YOLOv8/install/soccer_vision_attribute_msgs/include/soccer_vision_attribute_msgs/soccer_vision_attribute_msgs/msg/detail/goalpost__type_support.c
[4.127s] -- Up-to-date: /home/ivan/Webots_YOLOv8/install/soccer_vision_attribute_msgs/include/soccer_vision_attribute_msgs/soccer_vision_attribute_msgs/msg/detail/goalpost__rosidl_typesupport_introspection_c.h
[4.127s] -- Up-to-date: /home/ivan/Webots_YOLOv8/install/soccer_vision_attribute_msgs/include/soccer_vision_attribute_msgs/soccer_vision_attribute_msgs/msg/detail/robot__type_support.c
[4.127s] -- Up-to-date: /home/ivan/Webots_YOLOv8/install/soccer_vision_attribute_msgs/include/soccer_vision_attribute_msgs/soccer_vision_attribute_msgs/msg/detail/confidence__rosidl_typesupport_introspection_c.h
[4.127s] -- Up-to-date: /home/ivan/Webots_YOLOv8/install/soccer_vision_attribute_msgs/include/soccer_vision_attribute_msgs/soccer_vision_attribute_msgs/msg/rosidl_typesupport_introspection_c__visibility_control.h
[4.127s] -- Installing: /home/ivan/Webots_YOLOv8/install/soccer_vision_attribute_msgs/lib/libsoccer_vision_attribute_msgs__rosidl_typesupport_introspection_c.so
[4.127s] -- Set runtime path of "/home/ivan/Webots_YOLOv8/install/soccer_vision_attribute_msgs/lib/libsoccer_vision_attribute_msgs__rosidl_typesupport_introspection_c.so" to ""
[4.127s] -- Installing: /home/ivan/Webots_YOLOv8/install/soccer_vision_attribute_msgs/lib/libsoccer_vision_attribute_msgs__rosidl_typesupport_c.so
[4.128s] -- Set runtime path of "/home/ivan/Webots_YOLOv8/install/soccer_vision_attribute_msgs/lib/libsoccer_vision_attribute_msgs__rosidl_typesupport_c.so" to ""
[4.128s] -- Up-to-date: /home/ivan/Webots_YOLOv8/install/soccer_vision_attribute_msgs/include/soccer_vision_attribute_msgs/soccer_vision_attribute_msgs
[4.128s] -- Up-to-date: /home/ivan/Webots_YOLOv8/install/soccer_vision_attribute_msgs/include/soccer_vision_attribute_msgs/soccer_vision_attribute_msgs/msg
[4.128s] -- Up-to-date: /home/ivan/Webots_YOLOv8/install/soccer_vision_attribute_msgs/include/soccer_vision_attribute_msgs/soccer_vision_attribute_msgs/msg/detail
[4.128s] -- Up-to-date: /home/ivan/Webots_YOLOv8/install/soccer_vision_attribute_msgs/include/soccer_vision_attribute_msgs/soccer_vision_attribute_msgs/msg/detail/robot__traits.hpp
[4.128s] -- Up-to-date: /home/ivan/Webots_YOLOv8/install/soccer_vision_attribute_msgs/include/soccer_vision_attribute_msgs/soccer_vision_attribute_msgs/msg/detail/robot__struct.hpp
[4.128s] -- Up-to-date: /home/ivan/Webots_YOLOv8/install/soccer_vision_attribute_msgs/include/soccer_vision_attribute_msgs/soccer_vision_attribute_msgs/msg/detail/confidence__struct.hpp
[4.128s] -- Up-to-date: /home/ivan/Webots_YOLOv8/install/soccer_vision_attribute_msgs/include/soccer_vision_attribute_msgs/soccer_vision_attribute_msgs/msg/detail/confidence__type_support.hpp
[4.129s] -- Up-to-date: /home/ivan/Webots_YOLOv8/install/soccer_vision_attribute_msgs/include/soccer_vision_attribute_msgs/soccer_vision_attribute_msgs/msg/detail/goalpost__builder.hpp
[4.129s] -- Up-to-date: /home/ivan/Webots_YOLOv8/install/soccer_vision_attribute_msgs/include/soccer_vision_attribute_msgs/soccer_vision_attribute_msgs/msg/detail/goalpost__type_support.hpp
[4.129s] -- Up-to-date: /home/ivan/Webots_YOLOv8/install/soccer_vision_attribute_msgs/include/soccer_vision_attribute_msgs/soccer_vision_attribute_msgs/msg/detail/confidence__traits.hpp
[4.129s] -- Up-to-date: /home/ivan/Webots_YOLOv8/install/soccer_vision_attribute_msgs/include/soccer_vision_attribute_msgs/soccer_vision_attribute_msgs/msg/detail/goalpost__traits.hpp
[4.129s] -- Up-to-date: /home/ivan/Webots_YOLOv8/install/soccer_vision_attribute_msgs/include/soccer_vision_attribute_msgs/soccer_vision_attribute_msgs/msg/detail/goalpost__struct.hpp
[4.129s] -- Up-to-date: /home/ivan/Webots_YOLOv8/install/soccer_vision_attribute_msgs/include/soccer_vision_attribute_msgs/soccer_vision_attribute_msgs/msg/detail/confidence__builder.hpp
[4.129s] -- Up-to-date: /home/ivan/Webots_YOLOv8/install/soccer_vision_attribute_msgs/include/soccer_vision_attribute_msgs/soccer_vision_attribute_msgs/msg/detail/robot__builder.hpp
[4.129s] -- Up-to-date: /home/ivan/Webots_YOLOv8/install/soccer_vision_attribute_msgs/include/soccer_vision_attribute_msgs/soccer_vision_attribute_msgs/msg/detail/robot__type_support.hpp
[4.129s] -- Up-to-date: /home/ivan/Webots_YOLOv8/install/soccer_vision_attribute_msgs/include/soccer_vision_attribute_msgs/soccer_vision_attribute_msgs/msg/rosidl_generator_cpp__visibility_control.hpp
[4.129s] -- Up-to-date: /home/ivan/Webots_YOLOv8/install/soccer_vision_attribute_msgs/include/soccer_vision_attribute_msgs/soccer_vision_attribute_msgs/msg/robot.hpp
[4.129s] -- Up-to-date: /home/ivan/Webots_YOLOv8/install/soccer_vision_attribute_msgs/include/soccer_vision_attribute_msgs/soccer_vision_attribute_msgs/msg/confidence.hpp
[4.130s] -- Up-to-date: /home/ivan/Webots_YOLOv8/install/soccer_vision_attribute_msgs/include/soccer_vision_attribute_msgs/soccer_vision_attribute_msgs/msg/goalpost.hpp
[4.130s] -- Up-to-date: /home/ivan/Webots_YOLOv8/install/soccer_vision_attribute_msgs/include/soccer_vision_attribute_msgs/soccer_vision_attribute_msgs
[4.130s] -- Up-to-date: /home/ivan/Webots_YOLOv8/install/soccer_vision_attribute_msgs/include/soccer_vision_attribute_msgs/soccer_vision_attribute_msgs/msg
[4.130s] -- Up-to-date: /home/ivan/Webots_YOLOv8/install/soccer_vision_attribute_msgs/include/soccer_vision_attribute_msgs/soccer_vision_attribute_msgs/msg/detail
[4.130s] -- Installing: /home/ivan/Webots_YOLOv8/install/soccer_vision_attribute_msgs/include/soccer_vision_attribute_msgs/soccer_vision_attribute_msgs/msg/detail/dds_fastrtps
[4.130s] -- Up-to-date: /home/ivan/Webots_YOLOv8/install/soccer_vision_attribute_msgs/include/soccer_vision_attribute_msgs/soccer_vision_attribute_msgs/msg/detail/robot__rosidl_typesupport_fastrtps_cpp.hpp
[4.130s] -- Up-to-date: /home/ivan/Webots_YOLOv8/install/soccer_vision_attribute_msgs/include/soccer_vision_attribute_msgs/soccer_vision_attribute_msgs/msg/detail/goalpost__rosidl_typesupport_fastrtps_cpp.hpp
[4.130s] -- Up-to-date: /home/ivan/Webots_YOLOv8/install/soccer_vision_attribute_msgs/include/soccer_vision_attribute_msgs/soccer_vision_attribute_msgs/msg/detail/confidence__rosidl_typesupport_fastrtps_cpp.hpp
[4.130s] -- Up-to-date: /home/ivan/Webots_YOLOv8/install/soccer_vision_attribute_msgs/include/soccer_vision_attribute_msgs/soccer_vision_attribute_msgs/msg/rosidl_typesupport_fastrtps_cpp__visibility_control.h
[4.130s] -- Installing: /home/ivan/Webots_YOLOv8/install/soccer_vision_attribute_msgs/lib/libsoccer_vision_attribute_msgs__rosidl_typesupport_fastrtps_cpp.so
[4.131s] -- Set runtime path of "/home/ivan/Webots_YOLOv8/install/soccer_vision_attribute_msgs/lib/libsoccer_vision_attribute_msgs__rosidl_typesupport_fastrtps_cpp.so" to ""
[4.131s] -- Up-to-date: /home/ivan/Webots_YOLOv8/install/soccer_vision_attribute_msgs/include/soccer_vision_attribute_msgs/soccer_vision_attribute_msgs
[4.131s] -- Up-to-date: /home/ivan/Webots_YOLOv8/install/soccer_vision_attribute_msgs/include/soccer_vision_attribute_msgs/soccer_vision_attribute_msgs/msg
[4.131s] -- Up-to-date: /home/ivan/Webots_YOLOv8/install/soccer_vision_attribute_msgs/include/soccer_vision_attribute_msgs/soccer_vision_attribute_msgs/msg/detail
[4.131s] -- Up-to-date: /home/ivan/Webots_YOLOv8/install/soccer_vision_attribute_msgs/include/soccer_vision_attribute_msgs/soccer_vision_attribute_msgs/msg/detail/robot__rosidl_typesupport_introspection_cpp.hpp
[4.131s] -- Up-to-date: /home/ivan/Webots_YOLOv8/install/soccer_vision_attribute_msgs/include/soccer_vision_attribute_msgs/soccer_vision_attribute_msgs/msg/detail/confidence__type_support.cpp
[4.131s] -- Up-to-date: /home/ivan/Webots_YOLOv8/install/soccer_vision_attribute_msgs/include/soccer_vision_attribute_msgs/soccer_vision_attribute_msgs/msg/detail/goalpost__rosidl_typesupport_introspection_cpp.hpp
[4.132s] -- Up-to-date: /home/ivan/Webots_YOLOv8/install/soccer_vision_attribute_msgs/include/soccer_vision_attribute_msgs/soccer_vision_attribute_msgs/msg/detail/goalpost__type_support.cpp
[4.132s] -- Up-to-date: /home/ivan/Webots_YOLOv8/install/soccer_vision_attribute_msgs/include/soccer_vision_attribute_msgs/soccer_vision_attribute_msgs/msg/detail/confidence__rosidl_typesupport_introspection_cpp.hpp
[4.132s] -- Up-to-date: /home/ivan/Webots_YOLOv8/install/soccer_vision_attribute_msgs/include/soccer_vision_attribute_msgs/soccer_vision_attribute_msgs/msg/detail/robot__type_support.cpp
[4.132s] -- Installing: /home/ivan/Webots_YOLOv8/install/soccer_vision_attribute_msgs/lib/libsoccer_vision_attribute_msgs__rosidl_typesupport_introspection_cpp.so
[4.133s] -- Set runtime path of "/home/ivan/Webots_YOLOv8/install/soccer_vision_attribute_msgs/lib/libsoccer_vision_attribute_msgs__rosidl_typesupport_introspection_cpp.so" to ""
[4.133s] -- Installing: /home/ivan/Webots_YOLOv8/install/soccer_vision_attribute_msgs/lib/libsoccer_vision_attribute_msgs__rosidl_typesupport_cpp.so
[4.134s] -- Set runtime path of "/home/ivan/Webots_YOLOv8/install/soccer_vision_attribute_msgs/lib/libsoccer_vision_attribute_msgs__rosidl_typesupport_cpp.so" to ""
[4.134s] -- Up-to-date: /home/ivan/Webots_YOLOv8/install/soccer_vision_attribute_msgs/share/soccer_vision_attribute_msgs/environment/pythonpath.sh
[4.134s] -- Installing: /home/ivan/Webots_YOLOv8/install/soccer_vision_attribute_msgs/share/soccer_vision_attribute_msgs/environment/pythonpath.dsv
[4.134s] -- Up-to-date: /home/ivan/Webots_YOLOv8/install/soccer_vision_attribute_msgs/local/lib/python3.10/dist-packages/soccer_vision_attribute_msgs-1.0.0-py3.10.egg-info
[4.134s] -- Installing: /home/ivan/Webots_YOLOv8/install/soccer_vision_attribute_msgs/local/lib/python3.10/dist-packages/soccer_vision_attribute_msgs-1.0.0-py3.10.egg-info/top_level.txt
[4.134s] -- Installing: /home/ivan/Webots_YOLOv8/install/soccer_vision_attribute_msgs/local/lib/python3.10/dist-packages/soccer_vision_attribute_msgs-1.0.0-py3.10.egg-info/dependency_links.txt
[4.135s] -- Installing: /home/ivan/Webots_YOLOv8/install/soccer_vision_attribute_msgs/local/lib/python3.10/dist-packages/soccer_vision_attribute_msgs-1.0.0-py3.10.egg-info/SOURCES.txt
[4.135s] -- Installing: /home/ivan/Webots_YOLOv8/install/soccer_vision_attribute_msgs/local/lib/python3.10/dist-packages/soccer_vision_attribute_msgs-1.0.0-py3.10.egg-info/PKG-INFO
[4.135s] -- Up-to-date: /home/ivan/Webots_YOLOv8/install/soccer_vision_attribute_msgs/local/lib/python3.10/dist-packages/soccer_vision_attribute_msgs
[4.135s] -- Installing: /home/ivan/Webots_YOLOv8/install/soccer_vision_attribute_msgs/local/lib/python3.10/dist-packages/soccer_vision_attribute_msgs/libsoccer_vision_attribute_msgs__rosidl_generator_py.so
[4.136s] -- Up-to-date: /home/ivan/Webots_YOLOv8/install/soccer_vision_attribute_msgs/local/lib/python3.10/dist-packages/soccer_vision_attribute_msgs/_soccer_vision_attribute_msgs_s.ep.rosidl_typesupport_introspection_c.c
[4.136s] -- Installing: /home/ivan/Webots_YOLOv8/install/soccer_vision_attribute_msgs/local/lib/python3.10/dist-packages/soccer_vision_attribute_msgs/soccer_vision_attribute_msgs_s__rosidl_typesupport_fastrtps_c.cpython-310-x86_64-linux-gnu.so
[4.136s] -- Up-to-date: /home/ivan/Webots_YOLOv8/install/soccer_vision_attribute_msgs/local/lib/python3.10/dist-packages/soccer_vision_attribute_msgs/msg
[4.136s] -- Up-to-date: /home/ivan/Webots_YOLOv8/install/soccer_vision_attribute_msgs/local/lib/python3.10/dist-packages/soccer_vision_attribute_msgs/msg/_goalpost.py
[4.136s] -- Up-to-date: /home/ivan/Webots_YOLOv8/install/soccer_vision_attribute_msgs/local/lib/python3.10/dist-packages/soccer_vision_attribute_msgs/msg/_robot_s.c
[4.136s] -- Up-to-date: /home/ivan/Webots_YOLOv8/install/soccer_vision_attribute_msgs/local/lib/python3.10/dist-packages/soccer_vision_attribute_msgs/msg/__init__.py
[4.136s] -- Up-to-date: /home/ivan/Webots_YOLOv8/install/soccer_vision_attribute_msgs/local/lib/python3.10/dist-packages/soccer_vision_attribute_msgs/msg/_confidence_s.c
[4.137s] -- Up-to-date: /home/ivan/Webots_YOLOv8/install/soccer_vision_attribute_msgs/local/lib/python3.10/dist-packages/soccer_vision_attribute_msgs/msg/_robot.py
[4.137s] -- Up-to-date: /home/ivan/Webots_YOLOv8/install/soccer_vision_attribute_msgs/local/lib/python3.10/dist-packages/soccer_vision_attribute_msgs/msg/_goalpost_s.c
[4.137s] -- Up-to-date: /home/ivan/Webots_YOLOv8/install/soccer_vision_attribute_msgs/local/lib/python3.10/dist-packages/soccer_vision_attribute_msgs/msg/_confidence.py
[4.137s] -- Installing: /home/ivan/Webots_YOLOv8/install/soccer_vision_attribute_msgs/local/lib/python3.10/dist-packages/soccer_vision_attribute_msgs/soccer_vision_attribute_msgs_s__rosidl_typesupport_c.cpython-310-x86_64-linux-gnu.so
[4.137s] -- Installing: /home/ivan/Webots_YOLOv8/install/soccer_vision_attribute_msgs/local/lib/python3.10/dist-packages/soccer_vision_attribute_msgs/__init__.py
[4.137s] -- Up-to-date: /home/ivan/Webots_YOLOv8/install/soccer_vision_attribute_msgs/local/lib/python3.10/dist-packages/soccer_vision_attribute_msgs/_soccer_vision_attribute_msgs_s.ep.rosidl_typesupport_c.c
[4.137s] -- Up-to-date: /home/ivan/Webots_YOLOv8/install/soccer_vision_attribute_msgs/local/lib/python3.10/dist-packages/soccer_vision_attribute_msgs/_soccer_vision_attribute_msgs_s.ep.rosidl_typesupport_fastrtps_c.c
[4.137s] -- Installing: /home/ivan/Webots_YOLOv8/install/soccer_vision_attribute_msgs/local/lib/python3.10/dist-packages/soccer_vision_attribute_msgs/soccer_vision_attribute_msgs_s__rosidl_typesupport_introspection_c.cpython-310-x86_64-linux-gnu.so
[4.188s] Listing '/home/ivan/Webots_YOLOv8/install/soccer_vision_attribute_msgs/local/lib/python3.10/dist-packages/soccer_vision_attribute_msgs'...
[4.188s] Compiling '/home/ivan/Webots_YOLOv8/install/soccer_vision_attribute_msgs/local/lib/python3.10/dist-packages/soccer_vision_attribute_msgs/__init__.py'...
[4.188s] Listing '/home/ivan/Webots_YOLOv8/install/soccer_vision_attribute_msgs/local/lib/python3.10/dist-packages/soccer_vision_attribute_msgs/msg'...
[4.196s] -- Installing: /home/ivan/Webots_YOLOv8/install/soccer_vision_attribute_msgs/local/lib/python3.10/dist-packages/soccer_vision_attribute_msgs/soccer_vision_attribute_msgs_s__rosidl_typesupport_fastrtps_c.cpython-310-x86_64-linux-gnu.so
[4.196s] -- Set runtime path of "/home/ivan/Webots_YOLOv8/install/soccer_vision_attribute_msgs/local/lib/python3.10/dist-packages/soccer_vision_attribute_msgs/soccer_vision_attribute_msgs_s__rosidl_typesupport_fastrtps_c.cpython-310-x86_64-linux-gnu.so" to ""
[4.197s] -- Installing: /home/ivan/Webots_YOLOv8/install/soccer_vision_attribute_msgs/local/lib/python3.10/dist-packages/soccer_vision_attribute_msgs/soccer_vision_attribute_msgs_s__rosidl_typesupport_introspection_c.cpython-310-x86_64-linux-gnu.so
[4.197s] -- Set runtime path of "/home/ivan/Webots_YOLOv8/install/soccer_vision_attribute_msgs/local/lib/python3.10/dist-packages/soccer_vision_attribute_msgs/soccer_vision_attribute_msgs_s__rosidl_typesupport_introspection_c.cpython-310-x86_64-linux-gnu.so" to ""
[4.198s] -- Installing: /home/ivan/Webots_YOLOv8/install/soccer_vision_attribute_msgs/local/lib/python3.10/dist-packages/soccer_vision_attribute_msgs/soccer_vision_attribute_msgs_s__rosidl_typesupport_c.cpython-310-x86_64-linux-gnu.so
[4.199s] -- Set runtime path of "/home/ivan/Webots_YOLOv8/install/soccer_vision_attribute_msgs/local/lib/python3.10/dist-packages/soccer_vision_attribute_msgs/soccer_vision_attribute_msgs_s__rosidl_typesupport_c.cpython-310-x86_64-linux-gnu.so" to ""
[4.199s] -- Installing: /home/ivan/Webots_YOLOv8/install/soccer_vision_attribute_msgs/lib/libsoccer_vision_attribute_msgs__rosidl_generator_py.so
[4.199s] -- Set runtime path of "/home/ivan/Webots_YOLOv8/install/soccer_vision_attribute_msgs/lib/libsoccer_vision_attribute_msgs__rosidl_generator_py.so" to ""
[4.199s] -- Up-to-date: /home/ivan/Webots_YOLOv8/install/soccer_vision_attribute_msgs/share/soccer_vision_attribute_msgs/msg/Confidence.idl
[4.201s] -- Up-to-date: /home/ivan/Webots_YOLOv8/install/soccer_vision_attribute_msgs/share/soccer_vision_attribute_msgs/msg/Goalpost.idl
[4.201s] -- Up-to-date: /home/ivan/Webots_YOLOv8/install/soccer_vision_attribute_msgs/share/soccer_vision_attribute_msgs/msg/Robot.idl
[4.201s] -- Up-to-date: /home/ivan/Webots_YOLOv8/install/soccer_vision_attribute_msgs/share/soccer_vision_attribute_msgs/msg/Confidence.msg
[4.201s] -- Up-to-date: /home/ivan/Webots_YOLOv8/install/soccer_vision_attribute_msgs/share/soccer_vision_attribute_msgs/msg/Goalpost.msg
[4.201s] -- Up-to-date: /home/ivan/Webots_YOLOv8/install/soccer_vision_attribute_msgs/share/soccer_vision_attribute_msgs/msg/Robot.msg
[4.201s] -- Up-to-date: /home/ivan/Webots_YOLOv8/install/soccer_vision_attribute_msgs/share/ament_index/resource_index/package_run_dependencies/soccer_vision_attribute_msgs
[4.201s] -- Installing: /home/ivan/Webots_YOLOv8/install/soccer_vision_attribute_msgs/share/ament_index/resource_index/parent_prefix_path/soccer_vision_attribute_msgs
[4.202s] -- Installing: /home/ivan/Webots_YOLOv8/install/soccer_vision_attribute_msgs/share/soccer_vision_attribute_msgs/environment/ament_prefix_path.sh
[4.202s] -- Installing: /home/ivan/Webots_YOLOv8/install/soccer_vision_attribute_msgs/share/soccer_vision_attribute_msgs/environment/ament_prefix_path.dsv
[4.202s] -- Installing: /home/ivan/Webots_YOLOv8/install/soccer_vision_attribute_msgs/share/soccer_vision_attribute_msgs/environment/path.sh
[4.202s] -- Installing: /home/ivan/Webots_YOLOv8/install/soccer_vision_attribute_msgs/share/soccer_vision_attribute_msgs/environment/path.dsv
[4.203s] -- Up-to-date: /home/ivan/Webots_YOLOv8/install/soccer_vision_attribute_msgs/share/soccer_vision_attribute_msgs/local_setup.bash
[4.203s] -- Up-to-date: /home/ivan/Webots_YOLOv8/install/soccer_vision_attribute_msgs/share/soccer_vision_attribute_msgs/local_setup.sh
[4.203s] -- Up-to-date: /home/ivan/Webots_YOLOv8/install/soccer_vision_attribute_msgs/share/soccer_vision_attribute_msgs/local_setup.zsh
[4.203s] -- Installing: /home/ivan/Webots_YOLOv8/install/soccer_vision_attribute_msgs/share/soccer_vision_attribute_msgs/local_setup.dsv
[4.203s] -- Installing: /home/ivan/Webots_YOLOv8/install/soccer_vision_attribute_msgs/share/soccer_vision_attribute_msgs/package.dsv
[4.203s] -- Up-to-date: /home/ivan/Webots_YOLOv8/install/soccer_vision_attribute_msgs/share/ament_index/resource_index/packages/soccer_vision_attribute_msgs
[4.204s] -- Up-to-date: /home/ivan/Webots_YOLOv8/install/soccer_vision_attribute_msgs/share/soccer_vision_attribute_msgs/cmake/export_soccer_vision_attribute_msgs__rosidl_generator_cExport.cmake
[4.204s] -- Up-to-date: /home/ivan/Webots_YOLOv8/install/soccer_vision_attribute_msgs/share/soccer_vision_attribute_msgs/cmake/export_soccer_vision_attribute_msgs__rosidl_generator_cExport-noconfig.cmake
[4.204s] -- Up-to-date: /home/ivan/Webots_YOLOv8/install/soccer_vision_attribute_msgs/share/soccer_vision_attribute_msgs/cmake/export_soccer_vision_attribute_msgs__rosidl_typesupport_fastrtps_cExport.cmake
[4.204s] -- Up-to-date: /home/ivan/Webots_YOLOv8/install/soccer_vision_attribute_msgs/share/soccer_vision_attribute_msgs/cmake/export_soccer_vision_attribute_msgs__rosidl_typesupport_fastrtps_cExport-noconfig.cmake
[4.204s] -- Up-to-date: /home/ivan/Webots_YOLOv8/install/soccer_vision_attribute_msgs/share/soccer_vision_attribute_msgs/cmake/soccer_vision_attribute_msgs__rosidl_typesupport_introspection_cExport.cmake
[4.204s] -- Up-to-date: /home/ivan/Webots_YOLOv8/install/soccer_vision_attribute_msgs/share/soccer_vision_attribute_msgs/cmake/soccer_vision_attribute_msgs__rosidl_typesupport_introspection_cExport-noconfig.cmake
[4.205s] -- Up-to-date: /home/ivan/Webots_YOLOv8/install/soccer_vision_attribute_msgs/share/soccer_vision_attribute_msgs/cmake/soccer_vision_attribute_msgs__rosidl_typesupport_cExport.cmake
[4.205s] -- Up-to-date: /home/ivan/Webots_YOLOv8/install/soccer_vision_attribute_msgs/share/soccer_vision_attribute_msgs/cmake/soccer_vision_attribute_msgs__rosidl_typesupport_cExport-noconfig.cmake
[4.205s] -- Up-to-date: /home/ivan/Webots_YOLOv8/install/soccer_vision_attribute_msgs/share/soccer_vision_attribute_msgs/cmake/export_soccer_vision_attribute_msgs__rosidl_generator_cppExport.cmake
[4.205s] -- Up-to-date: /home/ivan/Webots_YOLOv8/install/soccer_vision_attribute_msgs/share/soccer_vision_attribute_msgs/cmake/export_soccer_vision_attribute_msgs__rosidl_typesupport_fastrtps_cppExport.cmake
[4.205s] -- Up-to-date: /home/ivan/Webots_YOLOv8/install/soccer_vision_attribute_msgs/share/soccer_vision_attribute_msgs/cmake/export_soccer_vision_attribute_msgs__rosidl_typesupport_fastrtps_cppExport-noconfig.cmake
[4.206s] -- Up-to-date: /home/ivan/Webots_YOLOv8/install/soccer_vision_attribute_msgs/share/soccer_vision_attribute_msgs/cmake/soccer_vision_attribute_msgs__rosidl_typesupport_introspection_cppExport.cmake
[4.206s] -- Up-to-date: /home/ivan/Webots_YOLOv8/install/soccer_vision_attribute_msgs/share/soccer_vision_attribute_msgs/cmake/soccer_vision_attribute_msgs__rosidl_typesupport_introspection_cppExport-noconfig.cmake
[4.206s] -- Up-to-date: /home/ivan/Webots_YOLOv8/install/soccer_vision_attribute_msgs/share/soccer_vision_attribute_msgs/cmake/soccer_vision_attribute_msgs__rosidl_typesupport_cppExport.cmake
[4.206s] -- Up-to-date: /home/ivan/Webots_YOLOv8/install/soccer_vision_attribute_msgs/share/soccer_vision_attribute_msgs/cmake/soccer_vision_attribute_msgs__rosidl_typesupport_cppExport-noconfig.cmake
[4.207s] -- Up-to-date: /home/ivan/Webots_YOLOv8/install/soccer_vision_attribute_msgs/share/soccer_vision_attribute_msgs/cmake/export_soccer_vision_attribute_msgs__rosidl_generator_pyExport.cmake
[4.207s] -- Up-to-date: /home/ivan/Webots_YOLOv8/install/soccer_vision_attribute_msgs/share/soccer_vision_attribute_msgs/cmake/export_soccer_vision_attribute_msgs__rosidl_generator_pyExport-noconfig.cmake
[4.207s] -- Up-to-date: /home/ivan/Webots_YOLOv8/install/soccer_vision_attribute_msgs/share/soccer_vision_attribute_msgs/cmake/rosidl_cmake-extras.cmake
[4.207s] -- Up-to-date: /home/ivan/Webots_YOLOv8/install/soccer_vision_attribute_msgs/share/soccer_vision_attribute_msgs/cmake/ament_cmake_export_include_directories-extras.cmake
[4.207s] -- Up-to-date: /home/ivan/Webots_YOLOv8/install/soccer_vision_attribute_msgs/share/soccer_vision_attribute_msgs/cmake/ament_cmake_export_libraries-extras.cmake
[4.207s] -- Up-to-date: /home/ivan/Webots_YOLOv8/install/soccer_vision_attribute_msgs/share/soccer_vision_attribute_msgs/cmake/ament_cmake_export_targets-extras.cmake
[4.207s] -- Up-to-date: /home/ivan/Webots_YOLOv8/install/soccer_vision_attribute_msgs/share/soccer_vision_attribute_msgs/cmake/rosidl_cmake_export_typesupport_targets-extras.cmake
[4.207s] -- Up-to-date: /home/ivan/Webots_YOLOv8/install/soccer_vision_attribute_msgs/share/soccer_vision_attribute_msgs/cmake/ament_cmake_export_dependencies-extras.cmake
[4.207s] -- Up-to-date: /home/ivan/Webots_YOLOv8/install/soccer_vision_attribute_msgs/share/soccer_vision_attribute_msgs/cmake/rosidl_cmake_export_typesupport_libraries-extras.cmake
[4.207s] -- Up-to-date: /home/ivan/Webots_YOLOv8/install/soccer_vision_attribute_msgs/share/soccer_vision_attribute_msgs/cmake/soccer_vision_attribute_msgsConfig.cmake
[4.208s] -- Up-to-date: /home/ivan/Webots_YOLOv8/install/soccer_vision_attribute_msgs/share/soccer_vision_attribute_msgs/cmake/soccer_vision_attribute_msgsConfig-version.cmake
[4.208s] -- Up-to-date: /home/ivan/Webots_YOLOv8/install/soccer_vision_attribute_msgs/share/soccer_vision_attribute_msgs/package.xml
[4.211s] Invoked command in '/home/ivan/Webots_YOLOv8/build/soccer_vision_attribute_msgs' returned '0': CMAKE_PREFIX_PATH=${CMAKE_PREFIX_PATH}:/home/ivan/Webots_YOLOv8/install/Webots_YOLOv8:/home/ivan/Webots_YOLOv8/install/soccer_ipm:/home/ivan/Webots_YOLOv8/install/my_package:/home/ivan/Webots_YOLOv8/install/ipm_service:/home/ivan/Webots_YOLOv8/install/ipm_image_node:/home/ivan/Webots_YOLOv8/install/ipm_library:/opt/ros/humble /usr/bin/cmake --install /home/ivan/Webots_YOLOv8/build/soccer_vision_attribute_msgs
