[0.037s] Invoking command in '/home/ivan/Webots_YOLOv8/build/soccer_geometry_msgs': CMAKE_PREFIX_PATH=${CMAKE_PREFIX_PATH}:/home/ivan/Webots_YOLOv8/install/soccer_ipm:/home/ivan/Webots_YOLOv8/install/Webots_YOLOv8:/home/ivan/Webots_YOLOv8/install/my_package:/home/ivan/Webots_YOLOv8/install/ipm_service:/home/ivan/Webots_YOLOv8/install/ipm_image_node:/home/ivan/Webots_YOLOv8/install/ipm_library:/home/ivan/ros2_ws/install/object_finder_onnx:/home/ivan/ros2_ws/install/object_finder:/home/ivan/ros2_ws/install/my_package:/home/ivan/ros2_ws/install/Webots_YOLOv8:/opt/ros/humble /usr/bin/cmake --build /home/ivan/Webots_YOLOv8/build/soccer_geometry_msgs -- -j12 -l12
[0.151s] [  3%] Built target soccer_geometry_msgs__cpp
[0.151s] [ 12%] Built target soccer_geometry_msgs__rosidl_generator_c
[0.196s] [ 12%] Built target ament_cmake_python_copy_soccer_geometry_msgs
[0.265s] [ 22%] Built target soccer_geometry_msgs__rosidl_typesupport_c
[0.271s] [ 32%] Built target soccer_geometry_msgs__rosidl_typesupport_fastrtps_cpp
[0.272s] [ 41%] Built target soccer_geometry_msgs__rosidl_typesupport_cpp
[0.284s] [ 51%] Built target soccer_geometry_msgs__rosidl_typesupport_introspection_c
[0.295s] [ 61%] Built target soccer_geometry_msgs__rosidl_typesupport_introspection_cpp
[0.304s] [ 70%] Built target soccer_geometry_msgs__rosidl_typesupport_fastrtps_c
[0.389s] [ 70%] Built target soccer_geometry_msgs
[0.469s] [ 74%] Built target soccer_geometry_msgs__py
[0.541s] [ 80%] Built target soccer_geometry_msgs__rosidl_generator_py
[0.639s] [ 87%] Built target soccer_geometry_msgs__rosidl_typesupport_introspection_c__pyext
[0.642s] [ 93%] Built target soccer_geometry_msgs__rosidl_typesupport_fastrtps_c__pyext
[0.652s] [100%] Built target soccer_geometry_msgs__rosidl_typesupport_c__pyext
[0.875s] running egg_info
[0.879s] writing soccer_geometry_msgs.egg-info/PKG-INFO
[0.879s] writing dependency_links to soccer_geometry_msgs.egg-info/dependency_links.txt
[0.880s] writing top-level names to soccer_geometry_msgs.egg-info/top_level.txt
[0.884s] reading manifest file 'soccer_geometry_msgs.egg-info/SOURCES.txt'
[0.885s] writing manifest file 'soccer_geometry_msgs.egg-info/SOURCES.txt'
[0.956s] [100%] Built target ament_cmake_python_build_soccer_geometry_msgs_egg
[0.989s] Invoked command in '/home/ivan/Webots_YOLOv8/build/soccer_geometry_msgs' returned '0': CMAKE_PREFIX_PATH=${CMAKE_PREFIX_PATH}:/home/ivan/Webots_YOLOv8/install/soccer_ipm:/home/ivan/Webots_YOLOv8/install/Webots_YOLOv8:/home/ivan/Webots_YOLOv8/install/my_package:/home/ivan/Webots_YOLOv8/install/ipm_service:/home/ivan/Webots_YOLOv8/install/ipm_image_node:/home/ivan/Webots_YOLOv8/install/ipm_library:/home/ivan/ros2_ws/install/object_finder_onnx:/home/ivan/ros2_ws/install/object_finder:/home/ivan/ros2_ws/install/my_package:/home/ivan/ros2_ws/install/Webots_YOLOv8:/opt/ros/humble /usr/bin/cmake --build /home/ivan/Webots_YOLOv8/build/soccer_geometry_msgs -- -j12 -l12
[0.992s] Invoking command in '/home/ivan/Webots_YOLOv8/build/soccer_geometry_msgs': CMAKE_PREFIX_PATH=${CMAKE_PREFIX_PATH}:/home/ivan/Webots_YOLOv8/install/soccer_ipm:/home/ivan/Webots_YOLOv8/install/Webots_YOLOv8:/home/ivan/Webots_YOLOv8/install/my_package:/home/ivan/Webots_YOLOv8/install/ipm_service:/home/ivan/Webots_YOLOv8/install/ipm_image_node:/home/ivan/Webots_YOLOv8/install/ipm_library:/home/ivan/ros2_ws/install/object_finder_onnx:/home/ivan/ros2_ws/install/object_finder:/home/ivan/ros2_ws/install/my_package:/home/ivan/ros2_ws/install/Webots_YOLOv8:/opt/ros/humble /usr/bin/cmake --install /home/ivan/Webots_YOLOv8/build/soccer_geometry_msgs
[1.015s] -- Install configuration: ""
[1.015s] -- Up-to-date: /home/ivan/Webots_YOLOv8/install/soccer_geometry_msgs/share/ament_index/resource_index/rosidl_interfaces/soccer_geometry_msgs
[1.015s] -- Up-to-date: /home/ivan/Webots_YOLOv8/install/soccer_geometry_msgs/include/soccer_geometry_msgs/soccer_geometry_msgs
[1.015s] -- Up-to-date: /home/ivan/Webots_YOLOv8/install/soccer_geometry_msgs/include/soccer_geometry_msgs/soccer_geometry_msgs/msg
[1.015s] -- Up-to-date: /home/ivan/Webots_YOLOv8/install/soccer_geometry_msgs/include/soccer_geometry_msgs/soccer_geometry_msgs/msg/detail
[1.015s] -- Up-to-date: /home/ivan/Webots_YOLOv8/install/soccer_geometry_msgs/include/soccer_geometry_msgs/soccer_geometry_msgs/msg/detail/point_with_covariance__struct.h
[1.016s] -- Up-to-date: /home/ivan/Webots_YOLOv8/install/soccer_geometry_msgs/include/soccer_geometry_msgs/soccer_geometry_msgs/msg/detail/point_with_covariance__type_support.h
[1.016s] -- Up-to-date: /home/ivan/Webots_YOLOv8/install/soccer_geometry_msgs/include/soccer_geometry_msgs/soccer_geometry_msgs/msg/detail/point_with_covariance__functions.c
[1.017s] -- Up-to-date: /home/ivan/Webots_YOLOv8/install/soccer_geometry_msgs/include/soccer_geometry_msgs/soccer_geometry_msgs/msg/detail/point_with_covariance__functions.h
[1.017s] -- Up-to-date: /home/ivan/Webots_YOLOv8/install/soccer_geometry_msgs/include/soccer_geometry_msgs/soccer_geometry_msgs/msg/rosidl_generator_c__visibility_control.h
[1.017s] -- Up-to-date: /home/ivan/Webots_YOLOv8/install/soccer_geometry_msgs/include/soccer_geometry_msgs/soccer_geometry_msgs/msg/point_with_covariance.h
[1.018s] -- Up-to-date: /home/ivan/Webots_YOLOv8/install/soccer_geometry_msgs/share/soccer_geometry_msgs/environment/library_path.sh
[1.018s] -- Up-to-date: /home/ivan/Webots_YOLOv8/install/soccer_geometry_msgs/share/soccer_geometry_msgs/environment/library_path.dsv
[1.018s] -- Up-to-date: /home/ivan/Webots_YOLOv8/install/soccer_geometry_msgs/lib/libsoccer_geometry_msgs__rosidl_generator_c.so
[1.019s] -- Up-to-date: /home/ivan/Webots_YOLOv8/install/soccer_geometry_msgs/include/soccer_geometry_msgs/soccer_geometry_msgs
[1.019s] -- Up-to-date: /home/ivan/Webots_YOLOv8/install/soccer_geometry_msgs/include/soccer_geometry_msgs/soccer_geometry_msgs/msg
[1.019s] -- Up-to-date: /home/ivan/Webots_YOLOv8/install/soccer_geometry_msgs/include/soccer_geometry_msgs/soccer_geometry_msgs/msg/detail
[1.019s] -- Up-to-date: /home/ivan/Webots_YOLOv8/install/soccer_geometry_msgs/include/soccer_geometry_msgs/soccer_geometry_msgs/msg/detail/point_with_covariance__rosidl_typesupport_fastrtps_c.h
[1.020s] -- Up-to-date: /home/ivan/Webots_YOLOv8/install/soccer_geometry_msgs/include/soccer_geometry_msgs/soccer_geometry_msgs/msg/rosidl_typesupport_fastrtps_c__visibility_control.h
[1.021s] -- Up-to-date: /home/ivan/Webots_YOLOv8/install/soccer_geometry_msgs/lib/libsoccer_geometry_msgs__rosidl_typesupport_fastrtps_c.so
[1.021s] -- Up-to-date: /home/ivan/Webots_YOLOv8/install/soccer_geometry_msgs/include/soccer_geometry_msgs/soccer_geometry_msgs
[1.021s] -- Up-to-date: /home/ivan/Webots_YOLOv8/install/soccer_geometry_msgs/include/soccer_geometry_msgs/soccer_geometry_msgs/msg
[1.021s] -- Up-to-date: /home/ivan/Webots_YOLOv8/install/soccer_geometry_msgs/include/soccer_geometry_msgs/soccer_geometry_msgs/msg/detail
[1.021s] -- Up-to-date: /home/ivan/Webots_YOLOv8/install/soccer_geometry_msgs/include/soccer_geometry_msgs/soccer_geometry_msgs/msg/detail/point_with_covariance__traits.hpp
[1.021s] -- Up-to-date: /home/ivan/Webots_YOLOv8/install/soccer_geometry_msgs/include/soccer_geometry_msgs/soccer_geometry_msgs/msg/detail/point_with_covariance__type_support.hpp
[1.021s] -- Up-to-date: /home/ivan/Webots_YOLOv8/install/soccer_geometry_msgs/include/soccer_geometry_msgs/soccer_geometry_msgs/msg/detail/point_with_covariance__struct.hpp
[1.022s] -- Up-to-date: /home/ivan/Webots_YOLOv8/install/soccer_geometry_msgs/include/soccer_geometry_msgs/soccer_geometry_msgs/msg/detail/point_with_covariance__builder.hpp
[1.022s] -- Up-to-date: /home/ivan/Webots_YOLOv8/install/soccer_geometry_msgs/include/soccer_geometry_msgs/soccer_geometry_msgs/msg/rosidl_generator_cpp__visibility_control.hpp
[1.022s] -- Up-to-date: /home/ivan/Webots_YOLOv8/install/soccer_geometry_msgs/include/soccer_geometry_msgs/soccer_geometry_msgs/msg/point_with_covariance.hpp
[1.023s] -- Up-to-date: /home/ivan/Webots_YOLOv8/install/soccer_geometry_msgs/include/soccer_geometry_msgs/soccer_geometry_msgs
[1.023s] -- Up-to-date: /home/ivan/Webots_YOLOv8/install/soccer_geometry_msgs/include/soccer_geometry_msgs/soccer_geometry_msgs/msg
[1.023s] -- Up-to-date: /home/ivan/Webots_YOLOv8/install/soccer_geometry_msgs/include/soccer_geometry_msgs/soccer_geometry_msgs/msg/detail
[1.023s] -- Up-to-date: /home/ivan/Webots_YOLOv8/install/soccer_geometry_msgs/include/soccer_geometry_msgs/soccer_geometry_msgs/msg/detail/dds_fastrtps
[1.023s] -- Up-to-date: /home/ivan/Webots_YOLOv8/install/soccer_geometry_msgs/include/soccer_geometry_msgs/soccer_geometry_msgs/msg/detail/point_with_covariance__rosidl_typesupport_fastrtps_cpp.hpp
[1.023s] -- Up-to-date: /home/ivan/Webots_YOLOv8/install/soccer_geometry_msgs/include/soccer_geometry_msgs/soccer_geometry_msgs/msg/rosidl_typesupport_fastrtps_cpp__visibility_control.h
[1.023s] -- Up-to-date: /home/ivan/Webots_YOLOv8/install/soccer_geometry_msgs/lib/libsoccer_geometry_msgs__rosidl_typesupport_fastrtps_cpp.so
[1.023s] -- Up-to-date: /home/ivan/Webots_YOLOv8/install/soccer_geometry_msgs/include/soccer_geometry_msgs/soccer_geometry_msgs
[1.024s] -- Up-to-date: /home/ivan/Webots_YOLOv8/install/soccer_geometry_msgs/include/soccer_geometry_msgs/soccer_geometry_msgs/msg
[1.024s] -- Up-to-date: /home/ivan/Webots_YOLOv8/install/soccer_geometry_msgs/include/soccer_geometry_msgs/soccer_geometry_msgs/msg/detail
[1.024s] -- Up-to-date: /home/ivan/Webots_YOLOv8/install/soccer_geometry_msgs/include/soccer_geometry_msgs/soccer_geometry_msgs/msg/detail/point_with_covariance__rosidl_typesupport_introspection_c.h
[1.024s] -- Up-to-date: /home/ivan/Webots_YOLOv8/install/soccer_geometry_msgs/include/soccer_geometry_msgs/soccer_geometry_msgs/msg/detail/point_with_covariance__type_support.c
[1.024s] -- Up-to-date: /home/ivan/Webots_YOLOv8/install/soccer_geometry_msgs/include/soccer_geometry_msgs/soccer_geometry_msgs/msg/rosidl_typesupport_introspection_c__visibility_control.h
[1.024s] -- Up-to-date: /home/ivan/Webots_YOLOv8/install/soccer_geometry_msgs/lib/libsoccer_geometry_msgs__rosidl_typesupport_introspection_c.so
[1.026s] -- Up-to-date: /home/ivan/Webots_YOLOv8/install/soccer_geometry_msgs/lib/libsoccer_geometry_msgs__rosidl_typesupport_c.so
[1.026s] -- Up-to-date: /home/ivan/Webots_YOLOv8/install/soccer_geometry_msgs/include/soccer_geometry_msgs/soccer_geometry_msgs
[1.026s] -- Up-to-date: /home/ivan/Webots_YOLOv8/install/soccer_geometry_msgs/include/soccer_geometry_msgs/soccer_geometry_msgs/msg
[1.026s] -- Up-to-date: /home/ivan/Webots_YOLOv8/install/soccer_geometry_msgs/include/soccer_geometry_msgs/soccer_geometry_msgs/msg/detail
[1.026s] -- Up-to-date: /home/ivan/Webots_YOLOv8/install/soccer_geometry_msgs/include/soccer_geometry_msgs/soccer_geometry_msgs/msg/detail/point_with_covariance__type_support.cpp
[1.026s] -- Up-to-date: /home/ivan/Webots_YOLOv8/install/soccer_geometry_msgs/include/soccer_geometry_msgs/soccer_geometry_msgs/msg/detail/point_with_covariance__rosidl_typesupport_introspection_cpp.hpp
[1.026s] -- Up-to-date: /home/ivan/Webots_YOLOv8/install/soccer_geometry_msgs/lib/libsoccer_geometry_msgs__rosidl_typesupport_introspection_cpp.so
[1.027s] -- Up-to-date: /home/ivan/Webots_YOLOv8/install/soccer_geometry_msgs/lib/libsoccer_geometry_msgs__rosidl_typesupport_cpp.so
[1.028s] -- Up-to-date: /home/ivan/Webots_YOLOv8/install/soccer_geometry_msgs/share/soccer_geometry_msgs/environment/pythonpath.sh
[1.028s] -- Up-to-date: /home/ivan/Webots_YOLOv8/install/soccer_geometry_msgs/share/soccer_geometry_msgs/environment/pythonpath.dsv
[1.028s] -- Up-to-date: /home/ivan/Webots_YOLOv8/install/soccer_geometry_msgs/local/lib/python3.10/dist-packages/soccer_geometry_msgs-1.0.0-py3.10.egg-info
[1.028s] -- Installing: /home/ivan/Webots_YOLOv8/install/soccer_geometry_msgs/local/lib/python3.10/dist-packages/soccer_geometry_msgs-1.0.0-py3.10.egg-info/top_level.txt
[1.029s] -- Installing: /home/ivan/Webots_YOLOv8/install/soccer_geometry_msgs/local/lib/python3.10/dist-packages/soccer_geometry_msgs-1.0.0-py3.10.egg-info/dependency_links.txt
[1.029s] -- Installing: /home/ivan/Webots_YOLOv8/install/soccer_geometry_msgs/local/lib/python3.10/dist-packages/soccer_geometry_msgs-1.0.0-py3.10.egg-info/SOURCES.txt
[1.029s] -- Installing: /home/ivan/Webots_YOLOv8/install/soccer_geometry_msgs/local/lib/python3.10/dist-packages/soccer_geometry_msgs-1.0.0-py3.10.egg-info/PKG-INFO
[1.031s] -- Up-to-date: /home/ivan/Webots_YOLOv8/install/soccer_geometry_msgs/local/lib/python3.10/dist-packages/soccer_geometry_msgs
[1.031s] -- Up-to-date: /home/ivan/Webots_YOLOv8/install/soccer_geometry_msgs/local/lib/python3.10/dist-packages/soccer_geometry_msgs/libsoccer_geometry_msgs__rosidl_generator_py.so
[1.031s] -- Up-to-date: /home/ivan/Webots_YOLOv8/install/soccer_geometry_msgs/local/lib/python3.10/dist-packages/soccer_geometry_msgs/_soccer_geometry_msgs_s.ep.rosidl_typesupport_introspection_c.c
[1.031s] -- Up-to-date: /home/ivan/Webots_YOLOv8/install/soccer_geometry_msgs/local/lib/python3.10/dist-packages/soccer_geometry_msgs/soccer_geometry_msgs_s__rosidl_typesupport_introspection_c.cpython-310-x86_64-linux-gnu.so
[1.031s] -- Up-to-date: /home/ivan/Webots_YOLOv8/install/soccer_geometry_msgs/local/lib/python3.10/dist-packages/soccer_geometry_msgs/msg
[1.031s] -- Up-to-date: /home/ivan/Webots_YOLOv8/install/soccer_geometry_msgs/local/lib/python3.10/dist-packages/soccer_geometry_msgs/msg/_point_with_covariance_s.c
[1.032s] -- Up-to-date: /home/ivan/Webots_YOLOv8/install/soccer_geometry_msgs/local/lib/python3.10/dist-packages/soccer_geometry_msgs/msg/_point_with_covariance.py
[1.032s] -- Up-to-date: /home/ivan/Webots_YOLOv8/install/soccer_geometry_msgs/local/lib/python3.10/dist-packages/soccer_geometry_msgs/msg/__init__.py
[1.032s] -- Up-to-date: /home/ivan/Webots_YOLOv8/install/soccer_geometry_msgs/local/lib/python3.10/dist-packages/soccer_geometry_msgs/_soccer_geometry_msgs_s.ep.rosidl_typesupport_c.c
[1.032s] -- Up-to-date: /home/ivan/Webots_YOLOv8/install/soccer_geometry_msgs/local/lib/python3.10/dist-packages/soccer_geometry_msgs/soccer_geometry_msgs_s__rosidl_typesupport_fastrtps_c.cpython-310-x86_64-linux-gnu.so
[1.032s] -- Up-to-date: /home/ivan/Webots_YOLOv8/install/soccer_geometry_msgs/local/lib/python3.10/dist-packages/soccer_geometry_msgs/_soccer_geometry_msgs_s.ep.rosidl_typesupport_fastrtps_c.c
[1.032s] -- Up-to-date: /home/ivan/Webots_YOLOv8/install/soccer_geometry_msgs/local/lib/python3.10/dist-packages/soccer_geometry_msgs/__init__.py
[1.032s] -- Up-to-date: /home/ivan/Webots_YOLOv8/install/soccer_geometry_msgs/local/lib/python3.10/dist-packages/soccer_geometry_msgs/soccer_geometry_msgs_s__rosidl_typesupport_c.cpython-310-x86_64-linux-gnu.so
[1.080s] Listing '/home/ivan/Webots_YOLOv8/install/soccer_geometry_msgs/local/lib/python3.10/dist-packages/soccer_geometry_msgs'...
[1.080s] Listing '/home/ivan/Webots_YOLOv8/install/soccer_geometry_msgs/local/lib/python3.10/dist-packages/soccer_geometry_msgs/msg'...
[1.089s] -- Up-to-date: /home/ivan/Webots_YOLOv8/install/soccer_geometry_msgs/local/lib/python3.10/dist-packages/soccer_geometry_msgs/soccer_geometry_msgs_s__rosidl_typesupport_fastrtps_c.cpython-310-x86_64-linux-gnu.so
[1.090s] -- Up-to-date: /home/ivan/Webots_YOLOv8/install/soccer_geometry_msgs/local/lib/python3.10/dist-packages/soccer_geometry_msgs/soccer_geometry_msgs_s__rosidl_typesupport_introspection_c.cpython-310-x86_64-linux-gnu.so
[1.091s] -- Up-to-date: /home/ivan/Webots_YOLOv8/install/soccer_geometry_msgs/local/lib/python3.10/dist-packages/soccer_geometry_msgs/soccer_geometry_msgs_s__rosidl_typesupport_c.cpython-310-x86_64-linux-gnu.so
[1.092s] -- Up-to-date: /home/ivan/Webots_YOLOv8/install/soccer_geometry_msgs/lib/libsoccer_geometry_msgs__rosidl_generator_py.so
[1.093s] -- Up-to-date: /home/ivan/Webots_YOLOv8/install/soccer_geometry_msgs/share/soccer_geometry_msgs/msg/PointWithCovariance.idl
[1.093s] -- Up-to-date: /home/ivan/Webots_YOLOv8/install/soccer_geometry_msgs/share/soccer_geometry_msgs/msg/PointWithCovariance.msg
[1.093s] -- Up-to-date: /home/ivan/Webots_YOLOv8/install/soccer_geometry_msgs/share/ament_index/resource_index/package_run_dependencies/soccer_geometry_msgs
[1.094s] -- Up-to-date: /home/ivan/Webots_YOLOv8/install/soccer_geometry_msgs/share/ament_index/resource_index/parent_prefix_path/soccer_geometry_msgs
[1.095s] -- Up-to-date: /home/ivan/Webots_YOLOv8/install/soccer_geometry_msgs/share/soccer_geometry_msgs/environment/ament_prefix_path.sh
[1.095s] -- Up-to-date: /home/ivan/Webots_YOLOv8/install/soccer_geometry_msgs/share/soccer_geometry_msgs/environment/ament_prefix_path.dsv
[1.095s] -- Up-to-date: /home/ivan/Webots_YOLOv8/install/soccer_geometry_msgs/share/soccer_geometry_msgs/environment/path.sh
[1.095s] -- Up-to-date: /home/ivan/Webots_YOLOv8/install/soccer_geometry_msgs/share/soccer_geometry_msgs/environment/path.dsv
[1.096s] -- Up-to-date: /home/ivan/Webots_YOLOv8/install/soccer_geometry_msgs/share/soccer_geometry_msgs/local_setup.bash
[1.096s] -- Up-to-date: /home/ivan/Webots_YOLOv8/install/soccer_geometry_msgs/share/soccer_geometry_msgs/local_setup.sh
[1.096s] -- Up-to-date: /home/ivan/Webots_YOLOv8/install/soccer_geometry_msgs/share/soccer_geometry_msgs/local_setup.zsh
[1.096s] -- Up-to-date: /home/ivan/Webots_YOLOv8/install/soccer_geometry_msgs/share/soccer_geometry_msgs/local_setup.dsv
[1.096s] -- Installing: /home/ivan/Webots_YOLOv8/install/soccer_geometry_msgs/share/soccer_geometry_msgs/package.dsv
[1.097s] -- Up-to-date: /home/ivan/Webots_YOLOv8/install/soccer_geometry_msgs/share/ament_index/resource_index/packages/soccer_geometry_msgs
[1.098s] -- Up-to-date: /home/ivan/Webots_YOLOv8/install/soccer_geometry_msgs/share/soccer_geometry_msgs/cmake/export_soccer_geometry_msgs__rosidl_generator_cExport.cmake
[1.098s] -- Up-to-date: /home/ivan/Webots_YOLOv8/install/soccer_geometry_msgs/share/soccer_geometry_msgs/cmake/export_soccer_geometry_msgs__rosidl_generator_cExport-noconfig.cmake
[1.099s] -- Up-to-date: /home/ivan/Webots_YOLOv8/install/soccer_geometry_msgs/share/soccer_geometry_msgs/cmake/export_soccer_geometry_msgs__rosidl_typesupport_fastrtps_cExport.cmake
[1.099s] -- Up-to-date: /home/ivan/Webots_YOLOv8/install/soccer_geometry_msgs/share/soccer_geometry_msgs/cmake/export_soccer_geometry_msgs__rosidl_typesupport_fastrtps_cExport-noconfig.cmake
[1.102s] -- Up-to-date: /home/ivan/Webots_YOLOv8/install/soccer_geometry_msgs/share/soccer_geometry_msgs/cmake/export_soccer_geometry_msgs__rosidl_generator_cppExport.cmake
[1.102s] -- Up-to-date: /home/ivan/Webots_YOLOv8/install/soccer_geometry_msgs/share/soccer_geometry_msgs/cmake/export_soccer_geometry_msgs__rosidl_typesupport_fastrtps_cppExport.cmake
[1.102s] -- Up-to-date: /home/ivan/Webots_YOLOv8/install/soccer_geometry_msgs/share/soccer_geometry_msgs/cmake/export_soccer_geometry_msgs__rosidl_typesupport_fastrtps_cppExport-noconfig.cmake
[1.102s] -- Up-to-date: /home/ivan/Webots_YOLOv8/install/soccer_geometry_msgs/share/soccer_geometry_msgs/cmake/soccer_geometry_msgs__rosidl_typesupport_introspection_cExport.cmake
[1.103s] -- Up-to-date: /home/ivan/Webots_YOLOv8/install/soccer_geometry_msgs/share/soccer_geometry_msgs/cmake/soccer_geometry_msgs__rosidl_typesupport_introspection_cExport-noconfig.cmake
[1.103s] -- Up-to-date: /home/ivan/Webots_YOLOv8/install/soccer_geometry_msgs/share/soccer_geometry_msgs/cmake/soccer_geometry_msgs__rosidl_typesupport_cExport.cmake
[1.103s] -- Up-to-date: /home/ivan/Webots_YOLOv8/install/soccer_geometry_msgs/share/soccer_geometry_msgs/cmake/soccer_geometry_msgs__rosidl_typesupport_cExport-noconfig.cmake
[1.104s] -- Up-to-date: /home/ivan/Webots_YOLOv8/install/soccer_geometry_msgs/share/soccer_geometry_msgs/cmake/soccer_geometry_msgs__rosidl_typesupport_introspection_cppExport.cmake
[1.104s] -- Up-to-date: /home/ivan/Webots_YOLOv8/install/soccer_geometry_msgs/share/soccer_geometry_msgs/cmake/soccer_geometry_msgs__rosidl_typesupport_introspection_cppExport-noconfig.cmake
[1.104s] -- Up-to-date: /home/ivan/Webots_YOLOv8/install/soccer_geometry_msgs/share/soccer_geometry_msgs/cmake/soccer_geometry_msgs__rosidl_typesupport_cppExport.cmake
[1.104s] -- Up-to-date: /home/ivan/Webots_YOLOv8/install/soccer_geometry_msgs/share/soccer_geometry_msgs/cmake/soccer_geometry_msgs__rosidl_typesupport_cppExport-noconfig.cmake
[1.104s] -- Up-to-date: /home/ivan/Webots_YOLOv8/install/soccer_geometry_msgs/share/soccer_geometry_msgs/cmake/export_soccer_geometry_msgs__rosidl_generator_pyExport.cmake
[1.105s] -- Up-to-date: /home/ivan/Webots_YOLOv8/install/soccer_geometry_msgs/share/soccer_geometry_msgs/cmake/export_soccer_geometry_msgs__rosidl_generator_pyExport-noconfig.cmake
[1.105s] -- Up-to-date: /home/ivan/Webots_YOLOv8/install/soccer_geometry_msgs/share/soccer_geometry_msgs/cmake/rosidl_cmake-extras.cmake
[1.105s] -- Up-to-date: /home/ivan/Webots_YOLOv8/install/soccer_geometry_msgs/share/soccer_geometry_msgs/cmake/ament_cmake_export_dependencies-extras.cmake
[1.105s] -- Up-to-date: /home/ivan/Webots_YOLOv8/install/soccer_geometry_msgs/share/soccer_geometry_msgs/cmake/ament_cmake_export_include_directories-extras.cmake
[1.107s] -- Up-to-date: /home/ivan/Webots_YOLOv8/install/soccer_geometry_msgs/share/soccer_geometry_msgs/cmake/ament_cmake_export_libraries-extras.cmake
[1.107s] -- Up-to-date: /home/ivan/Webots_YOLOv8/install/soccer_geometry_msgs/share/soccer_geometry_msgs/cmake/ament_cmake_export_targets-extras.cmake
[1.107s] -- Up-to-date: /home/ivan/Webots_YOLOv8/install/soccer_geometry_msgs/share/soccer_geometry_msgs/cmake/rosidl_cmake_export_typesupport_targets-extras.cmake
[1.107s] -- Up-to-date: /home/ivan/Webots_YOLOv8/install/soccer_geometry_msgs/share/soccer_geometry_msgs/cmake/rosidl_cmake_export_typesupport_libraries-extras.cmake
[1.107s] -- Up-to-date: /home/ivan/Webots_YOLOv8/install/soccer_geometry_msgs/share/soccer_geometry_msgs/cmake/soccer_geometry_msgsConfig.cmake
[1.107s] -- Up-to-date: /home/ivan/Webots_YOLOv8/install/soccer_geometry_msgs/share/soccer_geometry_msgs/cmake/soccer_geometry_msgsConfig-version.cmake
[1.107s] -- Up-to-date: /home/ivan/Webots_YOLOv8/install/soccer_geometry_msgs/share/soccer_geometry_msgs/package.xml
[1.145s] Invoked command in '/home/ivan/Webots_YOLOv8/build/soccer_geometry_msgs' returned '0': CMAKE_PREFIX_PATH=${CMAKE_PREFIX_PATH}:/home/ivan/Webots_YOLOv8/install/soccer_ipm:/home/ivan/Webots_YOLOv8/install/Webots_YOLOv8:/home/ivan/Webots_YOLOv8/install/my_package:/home/ivan/Webots_YOLOv8/install/ipm_service:/home/ivan/Webots_YOLOv8/install/ipm_image_node:/home/ivan/Webots_YOLOv8/install/ipm_library:/home/ivan/ros2_ws/install/object_finder_onnx:/home/ivan/ros2_ws/install/object_finder:/home/ivan/ros2_ws/install/my_package:/home/ivan/ros2_ws/install/Webots_YOLOv8:/opt/ros/humble /usr/bin/cmake --install /home/ivan/Webots_YOLOv8/build/soccer_geometry_msgs
