[0.031s] Invoking command in '/home/ivan/Webots_YOLOv8/build/soccer_vision_attribute_msgs': CMAKE_PREFIX_PATH=${CMAKE_PREFIX_PATH}:/home/ivan/Webots_YOLOv8/install/soccer_ipm:/home/ivan/Webots_YOLOv8/install/Webots_YOLOv8:/home/ivan/Webots_YOLOv8/install/my_package:/home/ivan/Webots_YOLOv8/install/ipm_service:/home/ivan/Webots_YOLOv8/install/ipm_image_node:/home/ivan/Webots_YOLOv8/install/ipm_library:/home/ivan/ros2_ws/install/object_finder_onnx:/home/ivan/ros2_ws/install/object_finder:/home/ivan/ros2_ws/install/my_package:/home/ivan/ros2_ws/install/Webots_YOLOv8:/opt/ros/humble /usr/bin/cmake /home/ivan/Webots_YOLOv8/src/soccer_interfaces/soccer_vision_attribute_msgs -DCMAKE_INSTALL_PREFIX=/home/ivan/Webots_YOLOv8/install/soccer_vision_attribute_msgs
[0.168s] -- The C compiler identification is GNU 11.4.0
[0.275s] -- The CXX compiler identification is GNU 11.4.0
[0.286s] -- Detecting C compiler ABI info
[0.377s] -- Detecting C compiler ABI info - done
[0.387s] -- Check for working C compiler: /usr/bin/cc - skipped
[0.388s] -- Detecting C compile features
[0.388s] -- Detecting C compile features - done
[0.394s] -- Detecting CXX compiler ABI info
[0.493s] -- Detecting CXX compiler ABI info - done
[0.500s] -- Check for working CXX compiler: /usr/bin/c++ - skipped
[0.500s] -- Detecting CXX compile features
[0.501s] -- Detecting CXX compile features - done
[0.504s] -- Found ament_cmake: 1.3.11 (/opt/ros/humble/share/ament_cmake/cmake)
[0.676s] -- Found Python3: /usr/bin/python3 (found version "3.10.12") found components: Interpreter 
[0.796s] -- Found rosidl_default_generators: 1.2.0 (/opt/ros/humble/share/rosidl_default_generators/cmake)
[0.803s] -- Using all available rosidl_typesupport_c: rosidl_typesupport_fastrtps_c;rosidl_typesupport_introspection_c
[0.812s] -- Found rosidl_adapter: 3.1.6 (/opt/ros/humble/share/rosidl_adapter/cmake)
[0.865s] -- Using all available rosidl_typesupport_cpp: rosidl_typesupport_fastrtps_cpp;rosidl_typesupport_introspection_cpp
[1.194s] -- Found ament_cmake_ros: 0.10.0 (/opt/ros/humble/share/ament_cmake_ros/cmake)
[1.392s] -- Using all available rosidl_typesupport_c: rosidl_typesupport_fastrtps_c;rosidl_typesupport_introspection_c
[1.653s] -- Using all available rosidl_typesupport_cpp: rosidl_typesupport_fastrtps_cpp;rosidl_typesupport_introspection_cpp
[1.679s] -- Found PythonInterp: /usr/bin/python3 (found suitable version "3.10.12", minimum required is "3.6") 
[1.682s] -- Found python_cmake_module: 0.10.0 (/opt/ros/humble/share/python_cmake_module/cmake)
[1.712s] -- Found PythonLibs: /usr/lib/x86_64-linux-gnu/libpython3.10.so (found suitable version "3.10.12", minimum required is "3.5") 
[1.712s] -- Using PYTHON_EXECUTABLE: /usr/bin/python3
[1.712s] -- Using PYTHON_INCLUDE_DIRS: /usr/include/python3.10
[1.712s] -- Using PYTHON_LIBRARIES: /usr/lib/x86_64-linux-gnu/libpython3.10.so
[1.736s] -- Found PythonExtra: .so  
[1.776s] -- Found ament_lint_auto: 0.12.12 (/opt/ros/humble/share/ament_lint_auto/cmake)
[1.807s] -- Added test 'copyright' to check source files copyright and LICENSE
[1.810s] -- Added test 'lint_cmake' to check CMake code style
[1.811s] -- Added test 'xmllint' to check XML markup files
[1.815s] -- Configuring done
[1.849s] -- Generating done
[1.859s] -- Build files have been written to: /home/ivan/Webots_YOLOv8/build/soccer_vision_attribute_msgs
[1.866s] Invoked command in '/home/ivan/Webots_YOLOv8/build/soccer_vision_attribute_msgs' returned '0': CMAKE_PREFIX_PATH=${CMAKE_PREFIX_PATH}:/home/ivan/Webots_YOLOv8/install/soccer_ipm:/home/ivan/Webots_YOLOv8/install/Webots_YOLOv8:/home/ivan/Webots_YOLOv8/install/my_package:/home/ivan/Webots_YOLOv8/install/ipm_service:/home/ivan/Webots_YOLOv8/install/ipm_image_node:/home/ivan/Webots_YOLOv8/install/ipm_library:/home/ivan/ros2_ws/install/object_finder_onnx:/home/ivan/ros2_ws/install/object_finder:/home/ivan/ros2_ws/install/my_package:/home/ivan/ros2_ws/install/Webots_YOLOv8:/opt/ros/humble /usr/bin/cmake /home/ivan/Webots_YOLOv8/src/soccer_interfaces/soccer_vision_attribute_msgs -DCMAKE_INSTALL_PREFIX=/home/ivan/Webots_YOLOv8/install/soccer_vision_attribute_msgs
[1.868s] Invoking command in '/home/ivan/Webots_YOLOv8/build/soccer_vision_attribute_msgs': CMAKE_PREFIX_PATH=${CMAKE_PREFIX_PATH}:/home/ivan/Webots_YOLOv8/install/soccer_ipm:/home/ivan/Webots_YOLOv8/install/Webots_YOLOv8:/home/ivan/Webots_YOLOv8/install/my_package:/home/ivan/Webots_YOLOv8/install/ipm_service:/home/ivan/Webots_YOLOv8/install/ipm_image_node:/home/ivan/Webots_YOLOv8/install/ipm_library:/home/ivan/ros2_ws/install/object_finder_onnx:/home/ivan/ros2_ws/install/object_finder:/home/ivan/ros2_ws/install/my_package:/home/ivan/ros2_ws/install/Webots_YOLOv8:/opt/ros/humble /usr/bin/cmake --build /home/ivan/Webots_YOLOv8/build/soccer_vision_attribute_msgs -- -j12 -l12
[1.914s] [  2%] [34m[1mGenerating C code for ROS interfaces[0m
[1.927s] [  4%] [34m[1mGenerating C++ code for ROS interfaces[0m
[1.938s] [  4%] Built target ament_cmake_python_copy_soccer_vision_attribute_msgs
[2.219s] running egg_info
[2.222s] creating soccer_vision_attribute_msgs.egg-info
[2.222s] writing soccer_vision_attribute_msgs.egg-info/PKG-INFO
[2.222s] writing dependency_links to soccer_vision_attribute_msgs.egg-info/dependency_links.txt
[2.222s] writing top-level names to soccer_vision_attribute_msgs.egg-info/top_level.txt
[2.223s] writing manifest file 'soccer_vision_attribute_msgs.egg-info/SOURCES.txt'
[2.226s] reading manifest file 'soccer_vision_attribute_msgs.egg-info/SOURCES.txt'
[2.227s] writing manifest file 'soccer_vision_attribute_msgs.egg-info/SOURCES.txt'
[2.294s] [  4%] Built target ament_cmake_python_build_soccer_vision_attribute_msgs_egg
[2.547s] [  6%] [32mBuilding C object CMakeFiles/soccer_vision_attribute_msgs__rosidl_generator_c.dir/rosidl_generator_c/soccer_vision_attribute_msgs/msg/detail/confidence__functions.c.o[0m
[2.548s] [  8%] [32mBuilding C object CMakeFiles/soccer_vision_attribute_msgs__rosidl_generator_c.dir/rosidl_generator_c/soccer_vision_attribute_msgs/msg/detail/goalpost__functions.c.o[0m
[2.549s] [ 10%] [32mBuilding C object CMakeFiles/soccer_vision_attribute_msgs__rosidl_generator_c.dir/rosidl_generator_c/soccer_vision_attribute_msgs/msg/detail/robot__functions.c.o[0m
[2.561s] [ 10%] Built target soccer_vision_attribute_msgs__cpp
[2.579s] [ 14%] [34m[1mGenerating C++ introspection for ROS interfaces[0m
[2.579s] [ 14%] [34m[1mGenerating C++ type support for eProsima Fast-RTPS[0m
[2.579s] [ 17%] [34m[1mGenerating C++ type support dispatch for ROS interfaces[0m
[2.653s] [ 19%] [32m[1mLinking C shared library libsoccer_vision_attribute_msgs__rosidl_generator_c.so[0m
[2.756s] [ 19%] Built target soccer_vision_attribute_msgs__rosidl_generator_c
[2.786s] [ 21%] [34m[1mGenerating C introspection for ROS interfaces[0m
[2.795s] [ 23%] [34m[1mGenerating C type support for eProsima Fast-RTPS[0m
[2.799s] [ 25%] [34m[1mGenerating C type support dispatch for ROS interfaces[0m
[3.659s] [ 27%] [32mBuilding CXX object CMakeFiles/soccer_vision_attribute_msgs__rosidl_typesupport_cpp.dir/rosidl_typesupport_cpp/soccer_vision_attribute_msgs/msg/goalpost__type_support.cpp.o[0m
[3.672s] [ 29%] [32mBuilding CXX object CMakeFiles/soccer_vision_attribute_msgs__rosidl_typesupport_cpp.dir/rosidl_typesupport_cpp/soccer_vision_attribute_msgs/msg/robot__type_support.cpp.o[0m
[3.672s] [ 31%] [32mBuilding CXX object CMakeFiles/soccer_vision_attribute_msgs__rosidl_typesupport_cpp.dir/rosidl_typesupport_cpp/soccer_vision_attribute_msgs/msg/confidence__type_support.cpp.o[0m
[3.708s] [ 34%] [32mBuilding CXX object CMakeFiles/soccer_vision_attribute_msgs__rosidl_typesupport_introspection_cpp.dir/rosidl_typesupport_introspection_cpp/soccer_vision_attribute_msgs/msg/detail/confidence__type_support.cpp.o[0m
[3.714s] [ 36%] [32mBuilding CXX object CMakeFiles/soccer_vision_attribute_msgs__rosidl_typesupport_introspection_cpp.dir/rosidl_typesupport_introspection_cpp/soccer_vision_attribute_msgs/msg/detail/goalpost__type_support.cpp.o[0m
[3.724s] [ 38%] [32mBuilding CXX object CMakeFiles/soccer_vision_attribute_msgs__rosidl_typesupport_introspection_cpp.dir/rosidl_typesupport_introspection_cpp/soccer_vision_attribute_msgs/msg/detail/robot__type_support.cpp.o[0m
[3.813s] [ 40%] [32mBuilding CXX object CMakeFiles/soccer_vision_attribute_msgs__rosidl_typesupport_fastrtps_cpp.dir/rosidl_typesupport_fastrtps_cpp/soccer_vision_attribute_msgs/msg/detail/dds_fastrtps/robot__type_support.cpp.o[0m
[3.821s] [ 42%] [32mBuilding CXX object CMakeFiles/soccer_vision_attribute_msgs__rosidl_typesupport_fastrtps_cpp.dir/rosidl_typesupport_fastrtps_cpp/soccer_vision_attribute_msgs/msg/detail/dds_fastrtps/goalpost__type_support.cpp.o[0m
[3.824s] [ 44%] [32mBuilding CXX object CMakeFiles/soccer_vision_attribute_msgs__rosidl_typesupport_fastrtps_cpp.dir/rosidl_typesupport_fastrtps_cpp/soccer_vision_attribute_msgs/msg/detail/dds_fastrtps/confidence__type_support.cpp.o[0m
[4.010s] [ 46%] [32mBuilding CXX object CMakeFiles/soccer_vision_attribute_msgs__rosidl_typesupport_c.dir/rosidl_typesupport_c/soccer_vision_attribute_msgs/msg/confidence__type_support.cpp.o[0m
[4.066s] [ 48%] [32mBuilding C object CMakeFiles/soccer_vision_attribute_msgs__rosidl_typesupport_introspection_c.dir/rosidl_typesupport_introspection_c/soccer_vision_attribute_msgs/msg/detail/confidence__type_support.c.o[0m
[4.103s] [ 51%] [32mBuilding CXX object CMakeFiles/soccer_vision_attribute_msgs__rosidl_typesupport_c.dir/rosidl_typesupport_c/soccer_vision_attribute_msgs/msg/goalpost__type_support.cpp.o[0m
[4.202s] [ 53%] [32mBuilding CXX object CMakeFiles/soccer_vision_attribute_msgs__rosidl_typesupport_c.dir/rosidl_typesupport_c/soccer_vision_attribute_msgs/msg/robot__type_support.cpp.o[0m
[4.203s] [ 55%] [32mBuilding CXX object CMakeFiles/soccer_vision_attribute_msgs__rosidl_typesupport_fastrtps_c.dir/rosidl_typesupport_fastrtps_c/soccer_vision_attribute_msgs/msg/detail/confidence__type_support_c.cpp.o[0m
[4.210s] [ 57%] [32mBuilding C object CMakeFiles/soccer_vision_attribute_msgs__rosidl_typesupport_introspection_c.dir/rosidl_typesupport_introspection_c/soccer_vision_attribute_msgs/msg/detail/goalpost__type_support.c.o[0m
[4.346s] [ 59%] [32m[1mLinking CXX shared library libsoccer_vision_attribute_msgs__rosidl_typesupport_c.so[0m
[4.360s] [ 61%] [32mBuilding C object CMakeFiles/soccer_vision_attribute_msgs__rosidl_typesupport_introspection_c.dir/rosidl_typesupport_introspection_c/soccer_vision_attribute_msgs/msg/detail/robot__type_support.c.o[0m
[4.466s] [ 63%] [32mBuilding CXX object CMakeFiles/soccer_vision_attribute_msgs__rosidl_typesupport_fastrtps_c.dir/rosidl_typesupport_fastrtps_c/soccer_vision_attribute_msgs/msg/detail/goalpost__type_support_c.cpp.o[0m
[4.492s] [ 65%] [32mBuilding CXX object CMakeFiles/soccer_vision_attribute_msgs__rosidl_typesupport_fastrtps_c.dir/rosidl_typesupport_fastrtps_c/soccer_vision_attribute_msgs/msg/detail/robot__type_support_c.cpp.o[0m
[4.538s] [ 68%] [32m[1mLinking C shared library libsoccer_vision_attribute_msgs__rosidl_typesupport_introspection_c.so[0m
[4.543s] [ 68%] Built target soccer_vision_attribute_msgs__rosidl_typesupport_c
[4.672s] [ 68%] Built target soccer_vision_attribute_msgs__rosidl_typesupport_introspection_c
[4.702s] [ 70%] [32m[1mLinking CXX shared library libsoccer_vision_attribute_msgs__rosidl_typesupport_cpp.so[0m
[4.866s] [ 70%] Built target soccer_vision_attribute_msgs__rosidl_typesupport_cpp
[4.895s] [ 72%] [32m[1mLinking CXX shared library libsoccer_vision_attribute_msgs__rosidl_typesupport_introspection_cpp.so[0m
[5.084s] [ 72%] Built target soccer_vision_attribute_msgs__rosidl_typesupport_introspection_cpp
[5.200s] [ 74%] [32m[1mLinking CXX shared library libsoccer_vision_attribute_msgs__rosidl_typesupport_fastrtps_cpp.so[0m
[5.398s] [ 76%] [32m[1mLinking CXX shared library libsoccer_vision_attribute_msgs__rosidl_typesupport_fastrtps_c.so[0m
[5.490s] [ 76%] Built target soccer_vision_attribute_msgs__rosidl_typesupport_fastrtps_cpp
[5.695s] [ 76%] Built target soccer_vision_attribute_msgs__rosidl_typesupport_fastrtps_c
[5.758s] [ 76%] Built target soccer_vision_attribute_msgs
[5.811s] [ 78%] [34m[1mGenerating Python code for ROS interfaces[0m
[6.731s] [ 78%] Built target soccer_vision_attribute_msgs__py
[6.758s] [ 82%] [32mBuilding C object CMakeFiles/soccer_vision_attribute_msgs__rosidl_generator_py.dir/rosidl_generator_py/soccer_vision_attribute_msgs/msg/_confidence_s.c.o[0m
[6.758s] [ 82%] [32mBuilding C object CMakeFiles/soccer_vision_attribute_msgs__rosidl_generator_py.dir/rosidl_generator_py/soccer_vision_attribute_msgs/msg/_goalpost_s.c.o[0m
[6.760s] [ 85%] [32mBuilding C object CMakeFiles/soccer_vision_attribute_msgs__rosidl_generator_py.dir/rosidl_generator_py/soccer_vision_attribute_msgs/msg/_robot_s.c.o[0m
[6.862s] [ 87%] [32m[1mLinking C shared library rosidl_generator_py/soccer_vision_attribute_msgs/libsoccer_vision_attribute_msgs__rosidl_generator_py.so[0m
[6.910s] [ 87%] Built target soccer_vision_attribute_msgs__rosidl_generator_py
[6.933s] [ 91%] [32mBuilding C object CMakeFiles/soccer_vision_attribute_msgs__rosidl_typesupport_introspection_c__pyext.dir/rosidl_generator_py/soccer_vision_attribute_msgs/_soccer_vision_attribute_msgs_s.ep.rosidl_typesupport_introspection_c.c.o[0m
[6.933s] [ 91%] [32mBuilding C object CMakeFiles/soccer_vision_attribute_msgs__rosidl_typesupport_fastrtps_c__pyext.dir/rosidl_generator_py/soccer_vision_attribute_msgs/_soccer_vision_attribute_msgs_s.ep.rosidl_typesupport_fastrtps_c.c.o[0m
[6.935s] [ 93%] [32mBuilding C object CMakeFiles/soccer_vision_attribute_msgs__rosidl_typesupport_c__pyext.dir/rosidl_generator_py/soccer_vision_attribute_msgs/_soccer_vision_attribute_msgs_s.ep.rosidl_typesupport_c.c.o[0m
[7.034s] [ 95%] [32m[1mLinking C shared library rosidl_generator_py/soccer_vision_attribute_msgs/soccer_vision_attribute_msgs_s__rosidl_typesupport_introspection_c.cpython-310-x86_64-linux-gnu.so[0m
[7.039s] [ 97%] [32m[1mLinking C shared library rosidl_generator_py/soccer_vision_attribute_msgs/soccer_vision_attribute_msgs_s__rosidl_typesupport_c.cpython-310-x86_64-linux-gnu.so[0m
[7.042s] [100%] [32m[1mLinking C shared library rosidl_generator_py/soccer_vision_attribute_msgs/soccer_vision_attribute_msgs_s__rosidl_typesupport_fastrtps_c.cpython-310-x86_64-linux-gnu.so[0m
[7.083s] [100%] Built target soccer_vision_attribute_msgs__rosidl_typesupport_introspection_c__pyext
[7.085s] [100%] Built target soccer_vision_attribute_msgs__rosidl_typesupport_c__pyext
[7.092s] [100%] Built target soccer_vision_attribute_msgs__rosidl_typesupport_fastrtps_c__pyext
[7.108s] Invoked command in '/home/ivan/Webots_YOLOv8/build/soccer_vision_attribute_msgs' returned '0': CMAKE_PREFIX_PATH=${CMAKE_PREFIX_PATH}:/home/ivan/Webots_YOLOv8/install/soccer_ipm:/home/ivan/Webots_YOLOv8/install/Webots_YOLOv8:/home/ivan/Webots_YOLOv8/install/my_package:/home/ivan/Webots_YOLOv8/install/ipm_service:/home/ivan/Webots_YOLOv8/install/ipm_image_node:/home/ivan/Webots_YOLOv8/install/ipm_library:/home/ivan/ros2_ws/install/object_finder_onnx:/home/ivan/ros2_ws/install/object_finder:/home/ivan/ros2_ws/install/my_package:/home/ivan/ros2_ws/install/Webots_YOLOv8:/opt/ros/humble /usr/bin/cmake --build /home/ivan/Webots_YOLOv8/build/soccer_vision_attribute_msgs -- -j12 -l12
[7.110s] Invoking command in '/home/ivan/Webots_YOLOv8/build/soccer_vision_attribute_msgs': CMAKE_PREFIX_PATH=${CMAKE_PREFIX_PATH}:/home/ivan/Webots_YOLOv8/install/soccer_ipm:/home/ivan/Webots_YOLOv8/install/Webots_YOLOv8:/home/ivan/Webots_YOLOv8/install/my_package:/home/ivan/Webots_YOLOv8/install/ipm_service:/home/ivan/Webots_YOLOv8/install/ipm_image_node:/home/ivan/Webots_YOLOv8/install/ipm_library:/home/ivan/ros2_ws/install/object_finder_onnx:/home/ivan/ros2_ws/install/object_finder:/home/ivan/ros2_ws/install/my_package:/home/ivan/ros2_ws/install/Webots_YOLOv8:/opt/ros/humble /usr/bin/cmake --install /home/ivan/Webots_YOLOv8/build/soccer_vision_attribute_msgs
[7.119s] -- Install configuration: ""
[7.119s] -- Installing: /home/ivan/Webots_YOLOv8/install/soccer_vision_attribute_msgs/share/ament_index/resource_index/rosidl_interfaces/soccer_vision_attribute_msgs
[7.119s] -- Installing: /home/ivan/Webots_YOLOv8/install/soccer_vision_attribute_msgs/include/soccer_vision_attribute_msgs/soccer_vision_attribute_msgs
[7.119s] -- Installing: /home/ivan/Webots_YOLOv8/install/soccer_vision_attribute_msgs/include/soccer_vision_attribute_msgs/soccer_vision_attribute_msgs/msg
[7.119s] -- Installing: /home/ivan/Webots_YOLOv8/install/soccer_vision_attribute_msgs/include/soccer_vision_attribute_msgs/soccer_vision_attribute_msgs/msg/detail
[7.120s] -- Installing: /home/ivan/Webots_YOLOv8/install/soccer_vision_attribute_msgs/include/soccer_vision_attribute_msgs/soccer_vision_attribute_msgs/msg/detail/robot__functions.h
[7.120s] -- Installing: /home/ivan/Webots_YOLOv8/install/soccer_vision_attribute_msgs/include/soccer_vision_attribute_msgs/soccer_vision_attribute_msgs/msg/detail/robot__struct.h
[7.120s] -- Installing: /home/ivan/Webots_YOLOv8/install/soccer_vision_attribute_msgs/include/soccer_vision_attribute_msgs/soccer_vision_attribute_msgs/msg/detail/confidence__functions.c
[7.120s] -- Installing: /home/ivan/Webots_YOLOv8/install/soccer_vision_attribute_msgs/include/soccer_vision_attribute_msgs/soccer_vision_attribute_msgs/msg/detail/confidence__struct.h
[7.120s] -- Installing: /home/ivan/Webots_YOLOv8/install/soccer_vision_attribute_msgs/include/soccer_vision_attribute_msgs/soccer_vision_attribute_msgs/msg/detail/confidence__type_support.h
[7.120s] -- Installing: /home/ivan/Webots_YOLOv8/install/soccer_vision_attribute_msgs/include/soccer_vision_attribute_msgs/soccer_vision_attribute_msgs/msg/detail/robot__functions.c
[7.120s] -- Installing: /home/ivan/Webots_YOLOv8/install/soccer_vision_attribute_msgs/include/soccer_vision_attribute_msgs/soccer_vision_attribute_msgs/msg/detail/confidence__functions.h
[7.121s] -- Installing: /home/ivan/Webots_YOLOv8/install/soccer_vision_attribute_msgs/include/soccer_vision_attribute_msgs/soccer_vision_attribute_msgs/msg/detail/robot__type_support.h
[7.121s] -- Installing: /home/ivan/Webots_YOLOv8/install/soccer_vision_attribute_msgs/include/soccer_vision_attribute_msgs/soccer_vision_attribute_msgs/msg/detail/goalpost__functions.h
[7.121s] -- Installing: /home/ivan/Webots_YOLOv8/install/soccer_vision_attribute_msgs/include/soccer_vision_attribute_msgs/soccer_vision_attribute_msgs/msg/detail/goalpost__functions.c
[7.121s] -- Installing: /home/ivan/Webots_YOLOv8/install/soccer_vision_attribute_msgs/include/soccer_vision_attribute_msgs/soccer_vision_attribute_msgs/msg/detail/goalpost__type_support.h
[7.121s] -- Installing: /home/ivan/Webots_YOLOv8/install/soccer_vision_attribute_msgs/include/soccer_vision_attribute_msgs/soccer_vision_attribute_msgs/msg/detail/goalpost__struct.h
[7.121s] -- Installing: /home/ivan/Webots_YOLOv8/install/soccer_vision_attribute_msgs/include/soccer_vision_attribute_msgs/soccer_vision_attribute_msgs/msg/rosidl_generator_c__visibility_control.h
[7.122s] -- Installing: /home/ivan/Webots_YOLOv8/install/soccer_vision_attribute_msgs/include/soccer_vision_attribute_msgs/soccer_vision_attribute_msgs/msg/goalpost.h
[7.122s] -- Installing: /home/ivan/Webots_YOLOv8/install/soccer_vision_attribute_msgs/include/soccer_vision_attribute_msgs/soccer_vision_attribute_msgs/msg/robot.h
[7.122s] -- Installing: /home/ivan/Webots_YOLOv8/install/soccer_vision_attribute_msgs/include/soccer_vision_attribute_msgs/soccer_vision_attribute_msgs/msg/confidence.h
[7.122s] -- Installing: /home/ivan/Webots_YOLOv8/install/soccer_vision_attribute_msgs/share/soccer_vision_attribute_msgs/environment/library_path.sh
[7.123s] -- Installing: /home/ivan/Webots_YOLOv8/install/soccer_vision_attribute_msgs/share/soccer_vision_attribute_msgs/environment/library_path.dsv
[7.123s] -- Installing: /home/ivan/Webots_YOLOv8/install/soccer_vision_attribute_msgs/lib/libsoccer_vision_attribute_msgs__rosidl_generator_c.so
[7.123s] -- Set runtime path of "/home/ivan/Webots_YOLOv8/install/soccer_vision_attribute_msgs/lib/libsoccer_vision_attribute_msgs__rosidl_generator_c.so" to ""
[7.124s] -- Up-to-date: /home/ivan/Webots_YOLOv8/install/soccer_vision_attribute_msgs/include/soccer_vision_attribute_msgs/soccer_vision_attribute_msgs
[7.124s] -- Up-to-date: /home/ivan/Webots_YOLOv8/install/soccer_vision_attribute_msgs/include/soccer_vision_attribute_msgs/soccer_vision_attribute_msgs/msg
[7.124s] -- Up-to-date: /home/ivan/Webots_YOLOv8/install/soccer_vision_attribute_msgs/include/soccer_vision_attribute_msgs/soccer_vision_attribute_msgs/msg/detail
[7.124s] -- Installing: /home/ivan/Webots_YOLOv8/install/soccer_vision_attribute_msgs/include/soccer_vision_attribute_msgs/soccer_vision_attribute_msgs/msg/detail/confidence__rosidl_typesupport_fastrtps_c.h
[7.124s] -- Installing: /home/ivan/Webots_YOLOv8/install/soccer_vision_attribute_msgs/include/soccer_vision_attribute_msgs/soccer_vision_attribute_msgs/msg/detail/goalpost__rosidl_typesupport_fastrtps_c.h
[7.124s] -- Installing: /home/ivan/Webots_YOLOv8/install/soccer_vision_attribute_msgs/include/soccer_vision_attribute_msgs/soccer_vision_attribute_msgs/msg/detail/robot__rosidl_typesupport_fastrtps_c.h
[7.124s] -- Installing: /home/ivan/Webots_YOLOv8/install/soccer_vision_attribute_msgs/include/soccer_vision_attribute_msgs/soccer_vision_attribute_msgs/msg/rosidl_typesupport_fastrtps_c__visibility_control.h
[7.124s] -- Installing: /home/ivan/Webots_YOLOv8/install/soccer_vision_attribute_msgs/lib/libsoccer_vision_attribute_msgs__rosidl_typesupport_fastrtps_c.so
[7.125s] -- Set runtime path of "/home/ivan/Webots_YOLOv8/install/soccer_vision_attribute_msgs/lib/libsoccer_vision_attribute_msgs__rosidl_typesupport_fastrtps_c.so" to ""
[7.125s] -- Up-to-date: /home/ivan/Webots_YOLOv8/install/soccer_vision_attribute_msgs/include/soccer_vision_attribute_msgs/soccer_vision_attribute_msgs
[7.125s] -- Up-to-date: /home/ivan/Webots_YOLOv8/install/soccer_vision_attribute_msgs/include/soccer_vision_attribute_msgs/soccer_vision_attribute_msgs/msg
[7.125s] -- Up-to-date: /home/ivan/Webots_YOLOv8/install/soccer_vision_attribute_msgs/include/soccer_vision_attribute_msgs/soccer_vision_attribute_msgs/msg/detail
[7.125s] -- Installing: /home/ivan/Webots_YOLOv8/install/soccer_vision_attribute_msgs/include/soccer_vision_attribute_msgs/soccer_vision_attribute_msgs/msg/detail/robot__rosidl_typesupport_introspection_c.h
[7.125s] -- Installing: /home/ivan/Webots_YOLOv8/install/soccer_vision_attribute_msgs/include/soccer_vision_attribute_msgs/soccer_vision_attribute_msgs/msg/detail/confidence__type_support.c
[7.125s] -- Installing: /home/ivan/Webots_YOLOv8/install/soccer_vision_attribute_msgs/include/soccer_vision_attribute_msgs/soccer_vision_attribute_msgs/msg/detail/goalpost__type_support.c
[7.126s] -- Installing: /home/ivan/Webots_YOLOv8/install/soccer_vision_attribute_msgs/include/soccer_vision_attribute_msgs/soccer_vision_attribute_msgs/msg/detail/goalpost__rosidl_typesupport_introspection_c.h
[7.126s] -- Installing: /home/ivan/Webots_YOLOv8/install/soccer_vision_attribute_msgs/include/soccer_vision_attribute_msgs/soccer_vision_attribute_msgs/msg/detail/robot__type_support.c
[7.126s] -- Installing: /home/ivan/Webots_YOLOv8/install/soccer_vision_attribute_msgs/include/soccer_vision_attribute_msgs/soccer_vision_attribute_msgs/msg/detail/confidence__rosidl_typesupport_introspection_c.h
[7.126s] -- Installing: /home/ivan/Webots_YOLOv8/install/soccer_vision_attribute_msgs/include/soccer_vision_attribute_msgs/soccer_vision_attribute_msgs/msg/rosidl_typesupport_introspection_c__visibility_control.h
[7.126s] -- Installing: /home/ivan/Webots_YOLOv8/install/soccer_vision_attribute_msgs/lib/libsoccer_vision_attribute_msgs__rosidl_typesupport_introspection_c.so
[7.127s] -- Set runtime path of "/home/ivan/Webots_YOLOv8/install/soccer_vision_attribute_msgs/lib/libsoccer_vision_attribute_msgs__rosidl_typesupport_introspection_c.so" to ""
[7.127s] -- Installing: /home/ivan/Webots_YOLOv8/install/soccer_vision_attribute_msgs/lib/libsoccer_vision_attribute_msgs__rosidl_typesupport_c.so
[7.127s] -- Set runtime path of "/home/ivan/Webots_YOLOv8/install/soccer_vision_attribute_msgs/lib/libsoccer_vision_attribute_msgs__rosidl_typesupport_c.so" to ""
[7.128s] -- Up-to-date: /home/ivan/Webots_YOLOv8/install/soccer_vision_attribute_msgs/include/soccer_vision_attribute_msgs/soccer_vision_attribute_msgs
[7.128s] -- Up-to-date: /home/ivan/Webots_YOLOv8/install/soccer_vision_attribute_msgs/include/soccer_vision_attribute_msgs/soccer_vision_attribute_msgs/msg
[7.128s] -- Up-to-date: /home/ivan/Webots_YOLOv8/install/soccer_vision_attribute_msgs/include/soccer_vision_attribute_msgs/soccer_vision_attribute_msgs/msg/detail
[7.128s] -- Installing: /home/ivan/Webots_YOLOv8/install/soccer_vision_attribute_msgs/include/soccer_vision_attribute_msgs/soccer_vision_attribute_msgs/msg/detail/robot__traits.hpp
[7.129s] -- Installing: /home/ivan/Webots_YOLOv8/install/soccer_vision_attribute_msgs/include/soccer_vision_attribute_msgs/soccer_vision_attribute_msgs/msg/detail/robot__struct.hpp
[7.130s] -- Installing: /home/ivan/Webots_YOLOv8/install/soccer_vision_attribute_msgs/include/soccer_vision_attribute_msgs/soccer_vision_attribute_msgs/msg/detail/confidence__struct.hpp
[7.130s] -- Installing: /home/ivan/Webots_YOLOv8/install/soccer_vision_attribute_msgs/include/soccer_vision_attribute_msgs/soccer_vision_attribute_msgs/msg/detail/confidence__type_support.hpp
[7.130s] -- Installing: /home/ivan/Webots_YOLOv8/install/soccer_vision_attribute_msgs/include/soccer_vision_attribute_msgs/soccer_vision_attribute_msgs/msg/detail/goalpost__builder.hpp
[7.130s] -- Installing: /home/ivan/Webots_YOLOv8/install/soccer_vision_attribute_msgs/include/soccer_vision_attribute_msgs/soccer_vision_attribute_msgs/msg/detail/goalpost__type_support.hpp
[7.130s] -- Installing: /home/ivan/Webots_YOLOv8/install/soccer_vision_attribute_msgs/include/soccer_vision_attribute_msgs/soccer_vision_attribute_msgs/msg/detail/confidence__traits.hpp
[7.130s] -- Installing: /home/ivan/Webots_YOLOv8/install/soccer_vision_attribute_msgs/include/soccer_vision_attribute_msgs/soccer_vision_attribute_msgs/msg/detail/goalpost__traits.hpp
[7.131s] -- Installing: /home/ivan/Webots_YOLOv8/install/soccer_vision_attribute_msgs/include/soccer_vision_attribute_msgs/soccer_vision_attribute_msgs/msg/detail/goalpost__struct.hpp
[7.131s] -- Installing: /home/ivan/Webots_YOLOv8/install/soccer_vision_attribute_msgs/include/soccer_vision_attribute_msgs/soccer_vision_attribute_msgs/msg/detail/confidence__builder.hpp
[7.131s] -- Installing: /home/ivan/Webots_YOLOv8/install/soccer_vision_attribute_msgs/include/soccer_vision_attribute_msgs/soccer_vision_attribute_msgs/msg/detail/robot__builder.hpp
[7.131s] -- Installing: /home/ivan/Webots_YOLOv8/install/soccer_vision_attribute_msgs/include/soccer_vision_attribute_msgs/soccer_vision_attribute_msgs/msg/detail/robot__type_support.hpp
[7.131s] -- Installing: /home/ivan/Webots_YOLOv8/install/soccer_vision_attribute_msgs/include/soccer_vision_attribute_msgs/soccer_vision_attribute_msgs/msg/rosidl_generator_cpp__visibility_control.hpp
[7.131s] -- Installing: /home/ivan/Webots_YOLOv8/install/soccer_vision_attribute_msgs/include/soccer_vision_attribute_msgs/soccer_vision_attribute_msgs/msg/robot.hpp
[7.132s] -- Installing: /home/ivan/Webots_YOLOv8/install/soccer_vision_attribute_msgs/include/soccer_vision_attribute_msgs/soccer_vision_attribute_msgs/msg/confidence.hpp
[7.132s] -- Installing: /home/ivan/Webots_YOLOv8/install/soccer_vision_attribute_msgs/include/soccer_vision_attribute_msgs/soccer_vision_attribute_msgs/msg/goalpost.hpp
[7.132s] -- Up-to-date: /home/ivan/Webots_YOLOv8/install/soccer_vision_attribute_msgs/include/soccer_vision_attribute_msgs/soccer_vision_attribute_msgs
[7.132s] -- Up-to-date: /home/ivan/Webots_YOLOv8/install/soccer_vision_attribute_msgs/include/soccer_vision_attribute_msgs/soccer_vision_attribute_msgs/msg
[7.132s] -- Up-to-date: /home/ivan/Webots_YOLOv8/install/soccer_vision_attribute_msgs/include/soccer_vision_attribute_msgs/soccer_vision_attribute_msgs/msg/detail
[7.132s] -- Installing: /home/ivan/Webots_YOLOv8/install/soccer_vision_attribute_msgs/include/soccer_vision_attribute_msgs/soccer_vision_attribute_msgs/msg/detail/dds_fastrtps
[7.132s] -- Installing: /home/ivan/Webots_YOLOv8/install/soccer_vision_attribute_msgs/include/soccer_vision_attribute_msgs/soccer_vision_attribute_msgs/msg/detail/robot__rosidl_typesupport_fastrtps_cpp.hpp
[7.132s] -- Installing: /home/ivan/Webots_YOLOv8/install/soccer_vision_attribute_msgs/include/soccer_vision_attribute_msgs/soccer_vision_attribute_msgs/msg/detail/goalpost__rosidl_typesupport_fastrtps_cpp.hpp
[7.133s] -- Installing: /home/ivan/Webots_YOLOv8/install/soccer_vision_attribute_msgs/include/soccer_vision_attribute_msgs/soccer_vision_attribute_msgs/msg/detail/confidence__rosidl_typesupport_fastrtps_cpp.hpp
[7.133s] -- Installing: /home/ivan/Webots_YOLOv8/install/soccer_vision_attribute_msgs/include/soccer_vision_attribute_msgs/soccer_vision_attribute_msgs/msg/rosidl_typesupport_fastrtps_cpp__visibility_control.h
[7.133s] -- Installing: /home/ivan/Webots_YOLOv8/install/soccer_vision_attribute_msgs/lib/libsoccer_vision_attribute_msgs__rosidl_typesupport_fastrtps_cpp.so
[7.134s] -- Set runtime path of "/home/ivan/Webots_YOLOv8/install/soccer_vision_attribute_msgs/lib/libsoccer_vision_attribute_msgs__rosidl_typesupport_fastrtps_cpp.so" to ""
[7.134s] -- Up-to-date: /home/ivan/Webots_YOLOv8/install/soccer_vision_attribute_msgs/include/soccer_vision_attribute_msgs/soccer_vision_attribute_msgs
[7.134s] -- Up-to-date: /home/ivan/Webots_YOLOv8/install/soccer_vision_attribute_msgs/include/soccer_vision_attribute_msgs/soccer_vision_attribute_msgs/msg
[7.134s] -- Up-to-date: /home/ivan/Webots_YOLOv8/install/soccer_vision_attribute_msgs/include/soccer_vision_attribute_msgs/soccer_vision_attribute_msgs/msg/detail
[7.134s] -- Installing: /home/ivan/Webots_YOLOv8/install/soccer_vision_attribute_msgs/include/soccer_vision_attribute_msgs/soccer_vision_attribute_msgs/msg/detail/robot__rosidl_typesupport_introspection_cpp.hpp
[7.134s] -- Installing: /home/ivan/Webots_YOLOv8/install/soccer_vision_attribute_msgs/include/soccer_vision_attribute_msgs/soccer_vision_attribute_msgs/msg/detail/confidence__type_support.cpp
[7.135s] -- Installing: /home/ivan/Webots_YOLOv8/install/soccer_vision_attribute_msgs/include/soccer_vision_attribute_msgs/soccer_vision_attribute_msgs/msg/detail/goalpost__rosidl_typesupport_introspection_cpp.hpp
[7.135s] -- Installing: /home/ivan/Webots_YOLOv8/install/soccer_vision_attribute_msgs/include/soccer_vision_attribute_msgs/soccer_vision_attribute_msgs/msg/detail/goalpost__type_support.cpp
[7.136s] -- Installing: /home/ivan/Webots_YOLOv8/install/soccer_vision_attribute_msgs/include/soccer_vision_attribute_msgs/soccer_vision_attribute_msgs/msg/detail/confidence__rosidl_typesupport_introspection_cpp.hpp
[7.136s] -- Installing: /home/ivan/Webots_YOLOv8/install/soccer_vision_attribute_msgs/include/soccer_vision_attribute_msgs/soccer_vision_attribute_msgs/msg/detail/robot__type_support.cpp
[7.136s] -- Installing: /home/ivan/Webots_YOLOv8/install/soccer_vision_attribute_msgs/lib/libsoccer_vision_attribute_msgs__rosidl_typesupport_introspection_cpp.so
[7.137s] -- Set runtime path of "/home/ivan/Webots_YOLOv8/install/soccer_vision_attribute_msgs/lib/libsoccer_vision_attribute_msgs__rosidl_typesupport_introspection_cpp.so" to ""
[7.137s] -- Installing: /home/ivan/Webots_YOLOv8/install/soccer_vision_attribute_msgs/lib/libsoccer_vision_attribute_msgs__rosidl_typesupport_cpp.so
[7.137s] -- Set runtime path of "/home/ivan/Webots_YOLOv8/install/soccer_vision_attribute_msgs/lib/libsoccer_vision_attribute_msgs__rosidl_typesupport_cpp.so" to ""
[7.137s] -- Installing: /home/ivan/Webots_YOLOv8/install/soccer_vision_attribute_msgs/share/soccer_vision_attribute_msgs/environment/pythonpath.sh
[7.138s] -- Installing: /home/ivan/Webots_YOLOv8/install/soccer_vision_attribute_msgs/share/soccer_vision_attribute_msgs/environment/pythonpath.dsv
[7.138s] -- Installing: /home/ivan/Webots_YOLOv8/install/soccer_vision_attribute_msgs/local/lib/python3.10/dist-packages/soccer_vision_attribute_msgs-1.0.0-py3.10.egg-info
[7.138s] -- Installing: /home/ivan/Webots_YOLOv8/install/soccer_vision_attribute_msgs/local/lib/python3.10/dist-packages/soccer_vision_attribute_msgs-1.0.0-py3.10.egg-info/top_level.txt
[7.138s] -- Installing: /home/ivan/Webots_YOLOv8/install/soccer_vision_attribute_msgs/local/lib/python3.10/dist-packages/soccer_vision_attribute_msgs-1.0.0-py3.10.egg-info/dependency_links.txt
[7.138s] -- Installing: /home/ivan/Webots_YOLOv8/install/soccer_vision_attribute_msgs/local/lib/python3.10/dist-packages/soccer_vision_attribute_msgs-1.0.0-py3.10.egg-info/SOURCES.txt
[7.138s] -- Installing: /home/ivan/Webots_YOLOv8/install/soccer_vision_attribute_msgs/local/lib/python3.10/dist-packages/soccer_vision_attribute_msgs-1.0.0-py3.10.egg-info/PKG-INFO
[7.139s] -- Installing: /home/ivan/Webots_YOLOv8/install/soccer_vision_attribute_msgs/local/lib/python3.10/dist-packages/soccer_vision_attribute_msgs
[7.139s] -- Installing: /home/ivan/Webots_YOLOv8/install/soccer_vision_attribute_msgs/local/lib/python3.10/dist-packages/soccer_vision_attribute_msgs/libsoccer_vision_attribute_msgs__rosidl_generator_py.so
[7.139s] -- Installing: /home/ivan/Webots_YOLOv8/install/soccer_vision_attribute_msgs/local/lib/python3.10/dist-packages/soccer_vision_attribute_msgs/_soccer_vision_attribute_msgs_s.ep.rosidl_typesupport_introspection_c.c
[7.139s] -- Installing: /home/ivan/Webots_YOLOv8/install/soccer_vision_attribute_msgs/local/lib/python3.10/dist-packages/soccer_vision_attribute_msgs/soccer_vision_attribute_msgs_s__rosidl_typesupport_fastrtps_c.cpython-310-x86_64-linux-gnu.so
[7.139s] -- Installing: /home/ivan/Webots_YOLOv8/install/soccer_vision_attribute_msgs/local/lib/python3.10/dist-packages/soccer_vision_attribute_msgs/msg
[7.140s] -- Installing: /home/ivan/Webots_YOLOv8/install/soccer_vision_attribute_msgs/local/lib/python3.10/dist-packages/soccer_vision_attribute_msgs/msg/_goalpost.py
[7.141s] -- Installing: /home/ivan/Webots_YOLOv8/install/soccer_vision_attribute_msgs/local/lib/python3.10/dist-packages/soccer_vision_attribute_msgs/msg/_robot_s.c
[7.141s] -- Installing: /home/ivan/Webots_YOLOv8/install/soccer_vision_attribute_msgs/local/lib/python3.10/dist-packages/soccer_vision_attribute_msgs/msg/__init__.py
[7.141s] -- Installing: /home/ivan/Webots_YOLOv8/install/soccer_vision_attribute_msgs/local/lib/python3.10/dist-packages/soccer_vision_attribute_msgs/msg/_confidence_s.c
[7.142s] -- Installing: /home/ivan/Webots_YOLOv8/install/soccer_vision_attribute_msgs/local/lib/python3.10/dist-packages/soccer_vision_attribute_msgs/msg/_robot.py
[7.142s] -- Installing: /home/ivan/Webots_YOLOv8/install/soccer_vision_attribute_msgs/local/lib/python3.10/dist-packages/soccer_vision_attribute_msgs/msg/_goalpost_s.c
[7.142s] -- Installing: /home/ivan/Webots_YOLOv8/install/soccer_vision_attribute_msgs/local/lib/python3.10/dist-packages/soccer_vision_attribute_msgs/msg/_confidence.py
[7.142s] -- Installing: /home/ivan/Webots_YOLOv8/install/soccer_vision_attribute_msgs/local/lib/python3.10/dist-packages/soccer_vision_attribute_msgs/soccer_vision_attribute_msgs_s__rosidl_typesupport_c.cpython-310-x86_64-linux-gnu.so
[7.142s] -- Installing: /home/ivan/Webots_YOLOv8/install/soccer_vision_attribute_msgs/local/lib/python3.10/dist-packages/soccer_vision_attribute_msgs/__init__.py
[7.142s] -- Installing: /home/ivan/Webots_YOLOv8/install/soccer_vision_attribute_msgs/local/lib/python3.10/dist-packages/soccer_vision_attribute_msgs/_soccer_vision_attribute_msgs_s.ep.rosidl_typesupport_c.c
[7.143s] -- Installing: /home/ivan/Webots_YOLOv8/install/soccer_vision_attribute_msgs/local/lib/python3.10/dist-packages/soccer_vision_attribute_msgs/_soccer_vision_attribute_msgs_s.ep.rosidl_typesupport_fastrtps_c.c
[7.143s] -- Installing: /home/ivan/Webots_YOLOv8/install/soccer_vision_attribute_msgs/local/lib/python3.10/dist-packages/soccer_vision_attribute_msgs/soccer_vision_attribute_msgs_s__rosidl_typesupport_introspection_c.cpython-310-x86_64-linux-gnu.so
[7.183s] Listing '/home/ivan/Webots_YOLOv8/install/soccer_vision_attribute_msgs/local/lib/python3.10/dist-packages/soccer_vision_attribute_msgs'...
[7.183s] Compiling '/home/ivan/Webots_YOLOv8/install/soccer_vision_attribute_msgs/local/lib/python3.10/dist-packages/soccer_vision_attribute_msgs/__init__.py'...
[7.183s] Listing '/home/ivan/Webots_YOLOv8/install/soccer_vision_attribute_msgs/local/lib/python3.10/dist-packages/soccer_vision_attribute_msgs/msg'...
[7.184s] Compiling '/home/ivan/Webots_YOLOv8/install/soccer_vision_attribute_msgs/local/lib/python3.10/dist-packages/soccer_vision_attribute_msgs/msg/__init__.py'...
[7.184s] Compiling '/home/ivan/Webots_YOLOv8/install/soccer_vision_attribute_msgs/local/lib/python3.10/dist-packages/soccer_vision_attribute_msgs/msg/_confidence.py'...
[7.184s] Compiling '/home/ivan/Webots_YOLOv8/install/soccer_vision_attribute_msgs/local/lib/python3.10/dist-packages/soccer_vision_attribute_msgs/msg/_goalpost.py'...
[7.184s] Compiling '/home/ivan/Webots_YOLOv8/install/soccer_vision_attribute_msgs/local/lib/python3.10/dist-packages/soccer_vision_attribute_msgs/msg/_robot.py'...
[7.189s] -- Installing: /home/ivan/Webots_YOLOv8/install/soccer_vision_attribute_msgs/local/lib/python3.10/dist-packages/soccer_vision_attribute_msgs/soccer_vision_attribute_msgs_s__rosidl_typesupport_fastrtps_c.cpython-310-x86_64-linux-gnu.so
[7.189s] -- Set runtime path of "/home/ivan/Webots_YOLOv8/install/soccer_vision_attribute_msgs/local/lib/python3.10/dist-packages/soccer_vision_attribute_msgs/soccer_vision_attribute_msgs_s__rosidl_typesupport_fastrtps_c.cpython-310-x86_64-linux-gnu.so" to ""
[7.190s] -- Installing: /home/ivan/Webots_YOLOv8/install/soccer_vision_attribute_msgs/local/lib/python3.10/dist-packages/soccer_vision_attribute_msgs/soccer_vision_attribute_msgs_s__rosidl_typesupport_introspection_c.cpython-310-x86_64-linux-gnu.so
[7.190s] -- Set runtime path of "/home/ivan/Webots_YOLOv8/install/soccer_vision_attribute_msgs/local/lib/python3.10/dist-packages/soccer_vision_attribute_msgs/soccer_vision_attribute_msgs_s__rosidl_typesupport_introspection_c.cpython-310-x86_64-linux-gnu.so" to ""
[7.190s] -- Installing: /home/ivan/Webots_YOLOv8/install/soccer_vision_attribute_msgs/local/lib/python3.10/dist-packages/soccer_vision_attribute_msgs/soccer_vision_attribute_msgs_s__rosidl_typesupport_c.cpython-310-x86_64-linux-gnu.so
[7.190s] -- Set runtime path of "/home/ivan/Webots_YOLOv8/install/soccer_vision_attribute_msgs/local/lib/python3.10/dist-packages/soccer_vision_attribute_msgs/soccer_vision_attribute_msgs_s__rosidl_typesupport_c.cpython-310-x86_64-linux-gnu.so" to ""
[7.191s] -- Installing: /home/ivan/Webots_YOLOv8/install/soccer_vision_attribute_msgs/lib/libsoccer_vision_attribute_msgs__rosidl_generator_py.so
[7.191s] -- Set runtime path of "/home/ivan/Webots_YOLOv8/install/soccer_vision_attribute_msgs/lib/libsoccer_vision_attribute_msgs__rosidl_generator_py.so" to ""
[7.191s] -- Installing: /home/ivan/Webots_YOLOv8/install/soccer_vision_attribute_msgs/share/soccer_vision_attribute_msgs/msg/Confidence.idl
[7.191s] -- Installing: /home/ivan/Webots_YOLOv8/install/soccer_vision_attribute_msgs/share/soccer_vision_attribute_msgs/msg/Goalpost.idl
[7.191s] -- Installing: /home/ivan/Webots_YOLOv8/install/soccer_vision_attribute_msgs/share/soccer_vision_attribute_msgs/msg/Robot.idl
[7.192s] -- Installing: /home/ivan/Webots_YOLOv8/install/soccer_vision_attribute_msgs/share/soccer_vision_attribute_msgs/msg/Confidence.msg
[7.192s] -- Installing: /home/ivan/Webots_YOLOv8/install/soccer_vision_attribute_msgs/share/soccer_vision_attribute_msgs/msg/Goalpost.msg
[7.192s] -- Installing: /home/ivan/Webots_YOLOv8/install/soccer_vision_attribute_msgs/share/soccer_vision_attribute_msgs/msg/Robot.msg
[7.192s] -- Installing: /home/ivan/Webots_YOLOv8/install/soccer_vision_attribute_msgs/share/ament_index/resource_index/package_run_dependencies/soccer_vision_attribute_msgs
[7.192s] -- Installing: /home/ivan/Webots_YOLOv8/install/soccer_vision_attribute_msgs/share/ament_index/resource_index/parent_prefix_path/soccer_vision_attribute_msgs
[7.192s] -- Installing: /home/ivan/Webots_YOLOv8/install/soccer_vision_attribute_msgs/share/soccer_vision_attribute_msgs/environment/ament_prefix_path.sh
[7.193s] -- Installing: /home/ivan/Webots_YOLOv8/install/soccer_vision_attribute_msgs/share/soccer_vision_attribute_msgs/environment/ament_prefix_path.dsv
[7.193s] -- Installing: /home/ivan/Webots_YOLOv8/install/soccer_vision_attribute_msgs/share/soccer_vision_attribute_msgs/environment/path.sh
[7.193s] -- Installing: /home/ivan/Webots_YOLOv8/install/soccer_vision_attribute_msgs/share/soccer_vision_attribute_msgs/environment/path.dsv
[7.193s] -- Installing: /home/ivan/Webots_YOLOv8/install/soccer_vision_attribute_msgs/share/soccer_vision_attribute_msgs/local_setup.bash
[7.193s] -- Installing: /home/ivan/Webots_YOLOv8/install/soccer_vision_attribute_msgs/share/soccer_vision_attribute_msgs/local_setup.sh
[7.193s] -- Installing: /home/ivan/Webots_YOLOv8/install/soccer_vision_attribute_msgs/share/soccer_vision_attribute_msgs/local_setup.zsh
[7.193s] -- Installing: /home/ivan/Webots_YOLOv8/install/soccer_vision_attribute_msgs/share/soccer_vision_attribute_msgs/local_setup.dsv
[7.193s] -- Installing: /home/ivan/Webots_YOLOv8/install/soccer_vision_attribute_msgs/share/soccer_vision_attribute_msgs/package.dsv
[7.194s] -- Installing: /home/ivan/Webots_YOLOv8/install/soccer_vision_attribute_msgs/share/ament_index/resource_index/packages/soccer_vision_attribute_msgs
[7.194s] -- Installing: /home/ivan/Webots_YOLOv8/install/soccer_vision_attribute_msgs/share/soccer_vision_attribute_msgs/cmake/export_soccer_vision_attribute_msgs__rosidl_generator_cExport.cmake
[7.194s] -- Installing: /home/ivan/Webots_YOLOv8/install/soccer_vision_attribute_msgs/share/soccer_vision_attribute_msgs/cmake/export_soccer_vision_attribute_msgs__rosidl_generator_cExport-noconfig.cmake
[7.194s] -- Installing: /home/ivan/Webots_YOLOv8/install/soccer_vision_attribute_msgs/share/soccer_vision_attribute_msgs/cmake/export_soccer_vision_attribute_msgs__rosidl_typesupport_fastrtps_cExport.cmake
[7.194s] -- Installing: /home/ivan/Webots_YOLOv8/install/soccer_vision_attribute_msgs/share/soccer_vision_attribute_msgs/cmake/export_soccer_vision_attribute_msgs__rosidl_typesupport_fastrtps_cExport-noconfig.cmake
[7.195s] -- Installing: /home/ivan/Webots_YOLOv8/install/soccer_vision_attribute_msgs/share/soccer_vision_attribute_msgs/cmake/soccer_vision_attribute_msgs__rosidl_typesupport_introspection_cExport.cmake
[7.195s] -- Installing: /home/ivan/Webots_YOLOv8/install/soccer_vision_attribute_msgs/share/soccer_vision_attribute_msgs/cmake/soccer_vision_attribute_msgs__rosidl_typesupport_introspection_cExport-noconfig.cmake
[7.195s] -- Installing: /home/ivan/Webots_YOLOv8/install/soccer_vision_attribute_msgs/share/soccer_vision_attribute_msgs/cmake/soccer_vision_attribute_msgs__rosidl_typesupport_cExport.cmake
[7.195s] -- Installing: /home/ivan/Webots_YOLOv8/install/soccer_vision_attribute_msgs/share/soccer_vision_attribute_msgs/cmake/soccer_vision_attribute_msgs__rosidl_typesupport_cExport-noconfig.cmake
[7.195s] -- Installing: /home/ivan/Webots_YOLOv8/install/soccer_vision_attribute_msgs/share/soccer_vision_attribute_msgs/cmake/export_soccer_vision_attribute_msgs__rosidl_generator_cppExport.cmake
[7.195s] -- Installing: /home/ivan/Webots_YOLOv8/install/soccer_vision_attribute_msgs/share/soccer_vision_attribute_msgs/cmake/export_soccer_vision_attribute_msgs__rosidl_typesupport_fastrtps_cppExport.cmake
[7.195s] -- Installing: /home/ivan/Webots_YOLOv8/install/soccer_vision_attribute_msgs/share/soccer_vision_attribute_msgs/cmake/export_soccer_vision_attribute_msgs__rosidl_typesupport_fastrtps_cppExport-noconfig.cmake
[7.196s] -- Installing: /home/ivan/Webots_YOLOv8/install/soccer_vision_attribute_msgs/share/soccer_vision_attribute_msgs/cmake/soccer_vision_attribute_msgs__rosidl_typesupport_introspection_cppExport.cmake
[7.196s] -- Installing: /home/ivan/Webots_YOLOv8/install/soccer_vision_attribute_msgs/share/soccer_vision_attribute_msgs/cmake/soccer_vision_attribute_msgs__rosidl_typesupport_introspection_cppExport-noconfig.cmake
[7.196s] -- Installing: /home/ivan/Webots_YOLOv8/install/soccer_vision_attribute_msgs/share/soccer_vision_attribute_msgs/cmake/soccer_vision_attribute_msgs__rosidl_typesupport_cppExport.cmake
[7.196s] -- Installing: /home/ivan/Webots_YOLOv8/install/soccer_vision_attribute_msgs/share/soccer_vision_attribute_msgs/cmake/soccer_vision_attribute_msgs__rosidl_typesupport_cppExport-noconfig.cmake
[7.198s] -- Installing: /home/ivan/Webots_YOLOv8/install/soccer_vision_attribute_msgs/share/soccer_vision_attribute_msgs/cmake/export_soccer_vision_attribute_msgs__rosidl_generator_pyExport.cmake
[7.198s] -- Installing: /home/ivan/Webots_YOLOv8/install/soccer_vision_attribute_msgs/share/soccer_vision_attribute_msgs/cmake/export_soccer_vision_attribute_msgs__rosidl_generator_pyExport-noconfig.cmake
[7.198s] -- Installing: /home/ivan/Webots_YOLOv8/install/soccer_vision_attribute_msgs/share/soccer_vision_attribute_msgs/cmake/rosidl_cmake-extras.cmake
[7.198s] -- Installing: /home/ivan/Webots_YOLOv8/install/soccer_vision_attribute_msgs/share/soccer_vision_attribute_msgs/cmake/ament_cmake_export_include_directories-extras.cmake
[7.198s] -- Installing: /home/ivan/Webots_YOLOv8/install/soccer_vision_attribute_msgs/share/soccer_vision_attribute_msgs/cmake/ament_cmake_export_libraries-extras.cmake
[7.198s] -- Installing: /home/ivan/Webots_YOLOv8/install/soccer_vision_attribute_msgs/share/soccer_vision_attribute_msgs/cmake/ament_cmake_export_targets-extras.cmake
[7.199s] -- Installing: /home/ivan/Webots_YOLOv8/install/soccer_vision_attribute_msgs/share/soccer_vision_attribute_msgs/cmake/rosidl_cmake_export_typesupport_targets-extras.cmake
[7.199s] -- Installing: /home/ivan/Webots_YOLOv8/install/soccer_vision_attribute_msgs/share/soccer_vision_attribute_msgs/cmake/ament_cmake_export_dependencies-extras.cmake
[7.199s] -- Installing: /home/ivan/Webots_YOLOv8/install/soccer_vision_attribute_msgs/share/soccer_vision_attribute_msgs/cmake/rosidl_cmake_export_typesupport_libraries-extras.cmake
[7.199s] -- Installing: /home/ivan/Webots_YOLOv8/install/soccer_vision_attribute_msgs/share/soccer_vision_attribute_msgs/cmake/soccer_vision_attribute_msgsConfig.cmake
[7.199s] -- Installing: /home/ivan/Webots_YOLOv8/install/soccer_vision_attribute_msgs/share/soccer_vision_attribute_msgs/cmake/soccer_vision_attribute_msgsConfig-version.cmake
[7.199s] -- Installing: /home/ivan/Webots_YOLOv8/install/soccer_vision_attribute_msgs/share/soccer_vision_attribute_msgs/package.xml
[7.202s] Invoked command in '/home/ivan/Webots_YOLOv8/build/soccer_vision_attribute_msgs' returned '0': CMAKE_PREFIX_PATH=${CMAKE_PREFIX_PATH}:/home/ivan/Webots_YOLOv8/install/soccer_ipm:/home/ivan/Webots_YOLOv8/install/Webots_YOLOv8:/home/ivan/Webots_YOLOv8/install/my_package:/home/ivan/Webots_YOLOv8/install/ipm_service:/home/ivan/Webots_YOLOv8/install/ipm_image_node:/home/ivan/Webots_YOLOv8/install/ipm_library:/home/ivan/ros2_ws/install/object_finder_onnx:/home/ivan/ros2_ws/install/object_finder:/home/ivan/ros2_ws/install/my_package:/home/ivan/ros2_ws/install/Webots_YOLOv8:/opt/ros/humble /usr/bin/cmake --install /home/ivan/Webots_YOLOv8/build/soccer_vision_attribute_msgs
