[0.057s] Invoking command in '/home/ivan/Webots_YOLOv8/build/soccer_model_msgs': CMAKE_PREFIX_PATH=/home/ivan/Webots_YOLOv8/install/soccer_vision_attribute_msgs:/home/ivan/Webots_YOLOv8/install/soccer_geometry_msgs:/home/ivan/Webots_YOLOv8/install/soccer_interfaces:/home/ivan/Webots_YOLOv8/install/soccer_vision_3d_msgs:/home/ivan/Webots_YOLOv8/install/soccer_vision_2d_msgs:/home/ivan/Webots_YOLOv8/install/soccer_model_msgs:/home/ivan/Webots_YOLOv8/install/ipm_interfaces:/home/ivan/ros2_ws/install/edrom_msgs:/home/ivan/Webots_YOLOv8/install/soccer_ipm:/home/ivan/Webots_YOLOv8/install/Webots_YOLOv8:/home/ivan/Webots_YOLOv8/install/my_package:/home/ivan/Webots_YOLOv8/install/ipm_service:/home/ivan/Webots_YOLOv8/install/ipm_image_node:/home/ivan/Webots_YOLOv8/install/ipm_library:/home/ivan/ros2_ws/install/object_finder_onnx:/home/ivan/ros2_ws/install/object_finder:/home/ivan/ros2_ws/install/my_package:/home/ivan/ros2_ws/install/Webots_YOLOv8:/opt/ros/humble LD_LIBRARY_PATH=/home/ivan/Webots_YOLOv8/install/soccer_vision_attribute_msgs/lib:/home/ivan/Webots_YOLOv8/install/soccer_geometry_msgs/lib:/home/ivan/Webots_YOLOv8/install/soccer_vision_3d_msgs/lib:/home/ivan/Webots_YOLOv8/install/soccer_vision_2d_msgs/lib:/home/ivan/Webots_YOLOv8/install/soccer_model_msgs/lib:/home/ivan/Webots_YOLOv8/install/ipm_interfaces/lib:/home/ivan/ros2_ws/install/edrom_msgs/lib:/opt/ros/humble/opt/rviz_ogre_vendor/lib:/opt/ros/humble/lib/x86_64-linux-gnu:/opt/ros/humble/lib /usr/bin/cmake --build /home/ivan/Webots_YOLOv8/build/soccer_model_msgs -- -j12 -l12
[0.157s] [  1%] Built target soccer_model_msgs__cpp
[0.172s] [ 12%] Built target soccer_model_msgs__rosidl_generator_c
[0.238s] [ 12%] Built target ament_cmake_python_copy_soccer_model_msgs
[0.258s] [ 23%] Built target soccer_model_msgs__rosidl_typesupport_cpp
[0.260s] [ 34%] Built target soccer_model_msgs__rosidl_typesupport_fastrtps_cpp
[0.280s] [ 46%] Built target soccer_model_msgs__rosidl_typesupport_introspection_cpp
[0.286s] [ 57%] Built target soccer_model_msgs__rosidl_typesupport_introspection_c
[0.290s] [ 68%] Built target soccer_model_msgs__rosidl_typesupport_c
[0.299s] [ 79%] Built target soccer_model_msgs__rosidl_typesupport_fastrtps_c
[0.344s] [ 79%] Built target soccer_model_msgs
[0.389s] [ 80%] Built target soccer_model_msgs__py
[0.445s] [ 90%] Built target soccer_model_msgs__rosidl_generator_py
[0.516s] [ 93%] Built target soccer_model_msgs__rosidl_typesupport_introspection_c__pyext
[0.518s] [ 96%] Built target soccer_model_msgs__rosidl_typesupport_c__pyext
[0.523s] [100%] Built target soccer_model_msgs__rosidl_typesupport_fastrtps_c__pyext
[0.868s] running egg_info
[0.876s] writing soccer_model_msgs.egg-info/PKG-INFO
[0.876s] writing dependency_links to soccer_model_msgs.egg-info/dependency_links.txt
[0.877s] writing top-level names to soccer_model_msgs.egg-info/top_level.txt
[0.881s] reading manifest file 'soccer_model_msgs.egg-info/SOURCES.txt'
[0.882s] writing manifest file 'soccer_model_msgs.egg-info/SOURCES.txt'
[0.962s] [100%] Built target ament_cmake_python_build_soccer_model_msgs_egg
[0.990s] Invoked command in '/home/ivan/Webots_YOLOv8/build/soccer_model_msgs' returned '0': CMAKE_PREFIX_PATH=/home/ivan/Webots_YOLOv8/install/soccer_vision_attribute_msgs:/home/ivan/Webots_YOLOv8/install/soccer_geometry_msgs:/home/ivan/Webots_YOLOv8/install/soccer_interfaces:/home/ivan/Webots_YOLOv8/install/soccer_vision_3d_msgs:/home/ivan/Webots_YOLOv8/install/soccer_vision_2d_msgs:/home/ivan/Webots_YOLOv8/install/soccer_model_msgs:/home/ivan/Webots_YOLOv8/install/ipm_interfaces:/home/ivan/ros2_ws/install/edrom_msgs:/home/ivan/Webots_YOLOv8/install/soccer_ipm:/home/ivan/Webots_YOLOv8/install/Webots_YOLOv8:/home/ivan/Webots_YOLOv8/install/my_package:/home/ivan/Webots_YOLOv8/install/ipm_service:/home/ivan/Webots_YOLOv8/install/ipm_image_node:/home/ivan/Webots_YOLOv8/install/ipm_library:/home/ivan/ros2_ws/install/object_finder_onnx:/home/ivan/ros2_ws/install/object_finder:/home/ivan/ros2_ws/install/my_package:/home/ivan/ros2_ws/install/Webots_YOLOv8:/opt/ros/humble LD_LIBRARY_PATH=/home/ivan/Webots_YOLOv8/install/soccer_vision_attribute_msgs/lib:/home/ivan/Webots_YOLOv8/install/soccer_geometry_msgs/lib:/home/ivan/Webots_YOLOv8/install/soccer_vision_3d_msgs/lib:/home/ivan/Webots_YOLOv8/install/soccer_vision_2d_msgs/lib:/home/ivan/Webots_YOLOv8/install/soccer_model_msgs/lib:/home/ivan/Webots_YOLOv8/install/ipm_interfaces/lib:/home/ivan/ros2_ws/install/edrom_msgs/lib:/opt/ros/humble/opt/rviz_ogre_vendor/lib:/opt/ros/humble/lib/x86_64-linux-gnu:/opt/ros/humble/lib /usr/bin/cmake --build /home/ivan/Webots_YOLOv8/build/soccer_model_msgs -- -j12 -l12
[0.994s] Invoking command in '/home/ivan/Webots_YOLOv8/build/soccer_model_msgs': CMAKE_PREFIX_PATH=/home/ivan/Webots_YOLOv8/install/soccer_vision_attribute_msgs:/home/ivan/Webots_YOLOv8/install/soccer_geometry_msgs:/home/ivan/Webots_YOLOv8/install/soccer_interfaces:/home/ivan/Webots_YOLOv8/install/soccer_vision_3d_msgs:/home/ivan/Webots_YOLOv8/install/soccer_vision_2d_msgs:/home/ivan/Webots_YOLOv8/install/soccer_model_msgs:/home/ivan/Webots_YOLOv8/install/ipm_interfaces:/home/ivan/ros2_ws/install/edrom_msgs:/home/ivan/Webots_YOLOv8/install/soccer_ipm:/home/ivan/Webots_YOLOv8/install/Webots_YOLOv8:/home/ivan/Webots_YOLOv8/install/my_package:/home/ivan/Webots_YOLOv8/install/ipm_service:/home/ivan/Webots_YOLOv8/install/ipm_image_node:/home/ivan/Webots_YOLOv8/install/ipm_library:/home/ivan/ros2_ws/install/object_finder_onnx:/home/ivan/ros2_ws/install/object_finder:/home/ivan/ros2_ws/install/my_package:/home/ivan/ros2_ws/install/Webots_YOLOv8:/opt/ros/humble LD_LIBRARY_PATH=/home/ivan/Webots_YOLOv8/install/soccer_vision_attribute_msgs/lib:/home/ivan/Webots_YOLOv8/install/soccer_geometry_msgs/lib:/home/ivan/Webots_YOLOv8/install/soccer_vision_3d_msgs/lib:/home/ivan/Webots_YOLOv8/install/soccer_vision_2d_msgs/lib:/home/ivan/Webots_YOLOv8/install/soccer_model_msgs/lib:/home/ivan/Webots_YOLOv8/install/ipm_interfaces/lib:/home/ivan/ros2_ws/install/edrom_msgs/lib:/opt/ros/humble/opt/rviz_ogre_vendor/lib:/opt/ros/humble/lib/x86_64-linux-gnu:/opt/ros/humble/lib /usr/bin/cmake --install /home/ivan/Webots_YOLOv8/build/soccer_model_msgs
[1.010s] -- Install configuration: ""
[1.015s] -- Up-to-date: /home/ivan/Webots_YOLOv8/install/soccer_model_msgs/share/ament_index/resource_index/rosidl_interfaces/soccer_model_msgs
[1.015s] -- Up-to-date: /home/ivan/Webots_YOLOv8/install/soccer_model_msgs/include/soccer_model_msgs/soccer_model_msgs
[1.015s] -- Up-to-date: /home/ivan/Webots_YOLOv8/install/soccer_model_msgs/include/soccer_model_msgs/soccer_model_msgs/msg
[1.015s] -- Up-to-date: /home/ivan/Webots_YOLOv8/install/soccer_model_msgs/include/soccer_model_msgs/soccer_model_msgs/msg/detail
[1.015s] -- Up-to-date: /home/ivan/Webots_YOLOv8/install/soccer_model_msgs/include/soccer_model_msgs/soccer_model_msgs/msg/detail/robot__functions.h
[1.015s] -- Up-to-date: /home/ivan/Webots_YOLOv8/install/soccer_model_msgs/include/soccer_model_msgs/soccer_model_msgs/msg/detail/robot__struct.h
[1.016s] -- Up-to-date: /home/ivan/Webots_YOLOv8/install/soccer_model_msgs/include/soccer_model_msgs/soccer_model_msgs/msg/detail/obstacle_array__functions.c
[1.016s] -- Up-to-date: /home/ivan/Webots_YOLOv8/install/soccer_model_msgs/include/soccer_model_msgs/soccer_model_msgs/msg/detail/obstacle__struct.h
[1.016s] -- Up-to-date: /home/ivan/Webots_YOLOv8/install/soccer_model_msgs/include/soccer_model_msgs/soccer_model_msgs/msg/detail/obstacle_array__functions.h
[1.016s] -- Up-to-date: /home/ivan/Webots_YOLOv8/install/soccer_model_msgs/include/soccer_model_msgs/soccer_model_msgs/msg/detail/robot_array__struct.h
[1.016s] -- Up-to-date: /home/ivan/Webots_YOLOv8/install/soccer_model_msgs/include/soccer_model_msgs/soccer_model_msgs/msg/detail/obstacle_array__type_support.h
[1.017s] -- Up-to-date: /home/ivan/Webots_YOLOv8/install/soccer_model_msgs/include/soccer_model_msgs/soccer_model_msgs/msg/detail/obstacle__functions.c
[1.019s] -- Up-to-date: /home/ivan/Webots_YOLOv8/install/soccer_model_msgs/include/soccer_model_msgs/soccer_model_msgs/msg/detail/robot_array__type_support.h
[1.019s] -- Up-to-date: /home/ivan/Webots_YOLOv8/install/soccer_model_msgs/include/soccer_model_msgs/soccer_model_msgs/msg/detail/ball__functions.h
[1.020s] -- Up-to-date: /home/ivan/Webots_YOLOv8/install/soccer_model_msgs/include/soccer_model_msgs/soccer_model_msgs/msg/detail/obstacle_array__struct.h
[1.020s] -- Up-to-date: /home/ivan/Webots_YOLOv8/install/soccer_model_msgs/include/soccer_model_msgs/soccer_model_msgs/msg/detail/robot__functions.c
[1.020s] -- Up-to-date: /home/ivan/Webots_YOLOv8/install/soccer_model_msgs/include/soccer_model_msgs/soccer_model_msgs/msg/detail/robot_array__functions.h
[1.021s] -- Up-to-date: /home/ivan/Webots_YOLOv8/install/soccer_model_msgs/include/soccer_model_msgs/soccer_model_msgs/msg/detail/obstacle__type_support.h
[1.021s] -- Up-to-date: /home/ivan/Webots_YOLOv8/install/soccer_model_msgs/include/soccer_model_msgs/soccer_model_msgs/msg/detail/robot_array__functions.c
[1.021s] -- Up-to-date: /home/ivan/Webots_YOLOv8/install/soccer_model_msgs/include/soccer_model_msgs/soccer_model_msgs/msg/detail/ball__struct.h
[1.021s] -- Up-to-date: /home/ivan/Webots_YOLOv8/install/soccer_model_msgs/include/soccer_model_msgs/soccer_model_msgs/msg/detail/ball__type_support.h
[1.021s] -- Up-to-date: /home/ivan/Webots_YOLOv8/install/soccer_model_msgs/include/soccer_model_msgs/soccer_model_msgs/msg/detail/robot__type_support.h
[1.021s] -- Up-to-date: /home/ivan/Webots_YOLOv8/install/soccer_model_msgs/include/soccer_model_msgs/soccer_model_msgs/msg/detail/ball__functions.c
[1.021s] -- Up-to-date: /home/ivan/Webots_YOLOv8/install/soccer_model_msgs/include/soccer_model_msgs/soccer_model_msgs/msg/detail/obstacle__functions.h
[1.021s] -- Up-to-date: /home/ivan/Webots_YOLOv8/install/soccer_model_msgs/include/soccer_model_msgs/soccer_model_msgs/msg/ball.h
[1.022s] -- Up-to-date: /home/ivan/Webots_YOLOv8/install/soccer_model_msgs/include/soccer_model_msgs/soccer_model_msgs/msg/rosidl_generator_c__visibility_control.h
[1.022s] -- Up-to-date: /home/ivan/Webots_YOLOv8/install/soccer_model_msgs/include/soccer_model_msgs/soccer_model_msgs/msg/obstacle_array.h
[1.022s] -- Up-to-date: /home/ivan/Webots_YOLOv8/install/soccer_model_msgs/include/soccer_model_msgs/soccer_model_msgs/msg/robot_array.h
[1.022s] -- Up-to-date: /home/ivan/Webots_YOLOv8/install/soccer_model_msgs/include/soccer_model_msgs/soccer_model_msgs/msg/obstacle.h
[1.022s] -- Up-to-date: /home/ivan/Webots_YOLOv8/install/soccer_model_msgs/include/soccer_model_msgs/soccer_model_msgs/msg/robot.h
[1.022s] -- Up-to-date: /home/ivan/Webots_YOLOv8/install/soccer_model_msgs/share/soccer_model_msgs/environment/library_path.sh
[1.022s] -- Up-to-date: /home/ivan/Webots_YOLOv8/install/soccer_model_msgs/share/soccer_model_msgs/environment/library_path.dsv
[1.023s] -- Up-to-date: /home/ivan/Webots_YOLOv8/install/soccer_model_msgs/lib/libsoccer_model_msgs__rosidl_generator_c.so
[1.028s] -- Up-to-date: /home/ivan/Webots_YOLOv8/install/soccer_model_msgs/include/soccer_model_msgs/soccer_model_msgs
[1.028s] -- Up-to-date: /home/ivan/Webots_YOLOv8/install/soccer_model_msgs/include/soccer_model_msgs/soccer_model_msgs/msg
[1.028s] -- Up-to-date: /home/ivan/Webots_YOLOv8/install/soccer_model_msgs/include/soccer_model_msgs/soccer_model_msgs/msg/detail
[1.028s] -- Up-to-date: /home/ivan/Webots_YOLOv8/install/soccer_model_msgs/include/soccer_model_msgs/soccer_model_msgs/msg/detail/obstacle__rosidl_typesupport_fastrtps_c.h
[1.028s] -- Up-to-date: /home/ivan/Webots_YOLOv8/install/soccer_model_msgs/include/soccer_model_msgs/soccer_model_msgs/msg/detail/obstacle_array__rosidl_typesupport_fastrtps_c.h
[1.028s] -- Up-to-date: /home/ivan/Webots_YOLOv8/install/soccer_model_msgs/include/soccer_model_msgs/soccer_model_msgs/msg/detail/ball__rosidl_typesupport_fastrtps_c.h
[1.029s] -- Up-to-date: /home/ivan/Webots_YOLOv8/install/soccer_model_msgs/include/soccer_model_msgs/soccer_model_msgs/msg/detail/robot_array__rosidl_typesupport_fastrtps_c.h
[1.030s] -- Up-to-date: /home/ivan/Webots_YOLOv8/install/soccer_model_msgs/include/soccer_model_msgs/soccer_model_msgs/msg/detail/robot__rosidl_typesupport_fastrtps_c.h
[1.030s] -- Up-to-date: /home/ivan/Webots_YOLOv8/install/soccer_model_msgs/include/soccer_model_msgs/soccer_model_msgs/msg/rosidl_typesupport_fastrtps_c__visibility_control.h
[1.030s] -- Up-to-date: /home/ivan/Webots_YOLOv8/install/soccer_model_msgs/lib/libsoccer_model_msgs__rosidl_typesupport_fastrtps_c.so
[1.030s] -- Up-to-date: /home/ivan/Webots_YOLOv8/install/soccer_model_msgs/include/soccer_model_msgs/soccer_model_msgs
[1.031s] -- Up-to-date: /home/ivan/Webots_YOLOv8/install/soccer_model_msgs/include/soccer_model_msgs/soccer_model_msgs/msg
[1.031s] -- Up-to-date: /home/ivan/Webots_YOLOv8/install/soccer_model_msgs/include/soccer_model_msgs/soccer_model_msgs/msg/detail
[1.031s] -- Up-to-date: /home/ivan/Webots_YOLOv8/install/soccer_model_msgs/include/soccer_model_msgs/soccer_model_msgs/msg/detail/obstacle_array__type_support.hpp
[1.031s] -- Up-to-date: /home/ivan/Webots_YOLOv8/install/soccer_model_msgs/include/soccer_model_msgs/soccer_model_msgs/msg/detail/ball__builder.hpp
[1.031s] -- Up-to-date: /home/ivan/Webots_YOLOv8/install/soccer_model_msgs/include/soccer_model_msgs/soccer_model_msgs/msg/detail/ball__struct.hpp
[1.031s] -- Up-to-date: /home/ivan/Webots_YOLOv8/install/soccer_model_msgs/include/soccer_model_msgs/soccer_model_msgs/msg/detail/robot__traits.hpp
[1.032s] -- Up-to-date: /home/ivan/Webots_YOLOv8/install/soccer_model_msgs/include/soccer_model_msgs/soccer_model_msgs/msg/detail/robot__struct.hpp
[1.032s] -- Up-to-date: /home/ivan/Webots_YOLOv8/install/soccer_model_msgs/include/soccer_model_msgs/soccer_model_msgs/msg/detail/robot_array__type_support.hpp
[1.032s] -- Up-to-date: /home/ivan/Webots_YOLOv8/install/soccer_model_msgs/include/soccer_model_msgs/soccer_model_msgs/msg/detail/obstacle__builder.hpp
[1.032s] -- Up-to-date: /home/ivan/Webots_YOLOv8/install/soccer_model_msgs/include/soccer_model_msgs/soccer_model_msgs/msg/detail/obstacle__type_support.hpp
[1.032s] -- Up-to-date: /home/ivan/Webots_YOLOv8/install/soccer_model_msgs/include/soccer_model_msgs/soccer_model_msgs/msg/detail/robot_array__traits.hpp
[1.032s] -- Up-to-date: /home/ivan/Webots_YOLOv8/install/soccer_model_msgs/include/soccer_model_msgs/soccer_model_msgs/msg/detail/obstacle_array__builder.hpp
[1.032s] -- Up-to-date: /home/ivan/Webots_YOLOv8/install/soccer_model_msgs/include/soccer_model_msgs/soccer_model_msgs/msg/detail/obstacle_array__traits.hpp
[1.033s] -- Up-to-date: /home/ivan/Webots_YOLOv8/install/soccer_model_msgs/include/soccer_model_msgs/soccer_model_msgs/msg/detail/ball__type_support.hpp
[1.033s] -- Up-to-date: /home/ivan/Webots_YOLOv8/install/soccer_model_msgs/include/soccer_model_msgs/soccer_model_msgs/msg/detail/robot_array__builder.hpp
[1.033s] -- Up-to-date: /home/ivan/Webots_YOLOv8/install/soccer_model_msgs/include/soccer_model_msgs/soccer_model_msgs/msg/detail/obstacle__traits.hpp
[1.033s] -- Up-to-date: /home/ivan/Webots_YOLOv8/install/soccer_model_msgs/include/soccer_model_msgs/soccer_model_msgs/msg/detail/robot_array__struct.hpp
[1.033s] -- Up-to-date: /home/ivan/Webots_YOLOv8/install/soccer_model_msgs/include/soccer_model_msgs/soccer_model_msgs/msg/detail/obstacle__struct.hpp
[1.034s] -- Up-to-date: /home/ivan/Webots_YOLOv8/install/soccer_model_msgs/include/soccer_model_msgs/soccer_model_msgs/msg/detail/obstacle_array__struct.hpp
[1.034s] -- Up-to-date: /home/ivan/Webots_YOLOv8/install/soccer_model_msgs/include/soccer_model_msgs/soccer_model_msgs/msg/detail/ball__traits.hpp
[1.034s] -- Up-to-date: /home/ivan/Webots_YOLOv8/install/soccer_model_msgs/include/soccer_model_msgs/soccer_model_msgs/msg/detail/robot__builder.hpp
[1.034s] -- Up-to-date: /home/ivan/Webots_YOLOv8/install/soccer_model_msgs/include/soccer_model_msgs/soccer_model_msgs/msg/detail/robot__type_support.hpp
[1.034s] -- Up-to-date: /home/ivan/Webots_YOLOv8/install/soccer_model_msgs/include/soccer_model_msgs/soccer_model_msgs/msg/ball.hpp
[1.034s] -- Up-to-date: /home/ivan/Webots_YOLOv8/install/soccer_model_msgs/include/soccer_model_msgs/soccer_model_msgs/msg/rosidl_generator_cpp__visibility_control.hpp
[1.035s] -- Up-to-date: /home/ivan/Webots_YOLOv8/install/soccer_model_msgs/include/soccer_model_msgs/soccer_model_msgs/msg/robot.hpp
[1.035s] -- Up-to-date: /home/ivan/Webots_YOLOv8/install/soccer_model_msgs/include/soccer_model_msgs/soccer_model_msgs/msg/obstacle_array.hpp
[1.035s] -- Up-to-date: /home/ivan/Webots_YOLOv8/install/soccer_model_msgs/include/soccer_model_msgs/soccer_model_msgs/msg/obstacle.hpp
[1.035s] -- Up-to-date: /home/ivan/Webots_YOLOv8/install/soccer_model_msgs/include/soccer_model_msgs/soccer_model_msgs/msg/robot_array.hpp
[1.035s] -- Up-to-date: /home/ivan/Webots_YOLOv8/install/soccer_model_msgs/include/soccer_model_msgs/soccer_model_msgs
[1.035s] -- Up-to-date: /home/ivan/Webots_YOLOv8/install/soccer_model_msgs/include/soccer_model_msgs/soccer_model_msgs/msg
[1.035s] -- Up-to-date: /home/ivan/Webots_YOLOv8/install/soccer_model_msgs/include/soccer_model_msgs/soccer_model_msgs/msg/detail
[1.035s] -- Up-to-date: /home/ivan/Webots_YOLOv8/install/soccer_model_msgs/include/soccer_model_msgs/soccer_model_msgs/msg/detail/robot_array__rosidl_typesupport_fastrtps_cpp.hpp
[1.036s] -- Up-to-date: /home/ivan/Webots_YOLOv8/install/soccer_model_msgs/include/soccer_model_msgs/soccer_model_msgs/msg/detail/obstacle_array__rosidl_typesupport_fastrtps_cpp.hpp
[1.036s] -- Up-to-date: /home/ivan/Webots_YOLOv8/install/soccer_model_msgs/include/soccer_model_msgs/soccer_model_msgs/msg/detail/dds_fastrtps
[1.036s] -- Up-to-date: /home/ivan/Webots_YOLOv8/install/soccer_model_msgs/include/soccer_model_msgs/soccer_model_msgs/msg/detail/obstacle__rosidl_typesupport_fastrtps_cpp.hpp
[1.036s] -- Up-to-date: /home/ivan/Webots_YOLOv8/install/soccer_model_msgs/include/soccer_model_msgs/soccer_model_msgs/msg/detail/robot__rosidl_typesupport_fastrtps_cpp.hpp
[1.037s] -- Up-to-date: /home/ivan/Webots_YOLOv8/install/soccer_model_msgs/include/soccer_model_msgs/soccer_model_msgs/msg/detail/ball__rosidl_typesupport_fastrtps_cpp.hpp
[1.037s] -- Up-to-date: /home/ivan/Webots_YOLOv8/install/soccer_model_msgs/include/soccer_model_msgs/soccer_model_msgs/msg/rosidl_typesupport_fastrtps_cpp__visibility_control.h
[1.039s] -- Up-to-date: /home/ivan/Webots_YOLOv8/install/soccer_model_msgs/lib/libsoccer_model_msgs__rosidl_typesupport_fastrtps_cpp.so
[1.040s] -- Up-to-date: /home/ivan/Webots_YOLOv8/install/soccer_model_msgs/include/soccer_model_msgs/soccer_model_msgs
[1.040s] -- Up-to-date: /home/ivan/Webots_YOLOv8/install/soccer_model_msgs/include/soccer_model_msgs/soccer_model_msgs/msg
[1.040s] -- Up-to-date: /home/ivan/Webots_YOLOv8/install/soccer_model_msgs/include/soccer_model_msgs/soccer_model_msgs/msg/detail
[1.040s] -- Up-to-date: /home/ivan/Webots_YOLOv8/install/soccer_model_msgs/include/soccer_model_msgs/soccer_model_msgs/msg/detail/robot__rosidl_typesupport_introspection_c.h
[1.040s] -- Up-to-date: /home/ivan/Webots_YOLOv8/install/soccer_model_msgs/include/soccer_model_msgs/soccer_model_msgs/msg/detail/obstacle_array__type_support.c
[1.041s] -- Up-to-date: /home/ivan/Webots_YOLOv8/install/soccer_model_msgs/include/soccer_model_msgs/soccer_model_msgs/msg/detail/ball__type_support.c
[1.041s] -- Up-to-date: /home/ivan/Webots_YOLOv8/install/soccer_model_msgs/include/soccer_model_msgs/soccer_model_msgs/msg/detail/obstacle__rosidl_typesupport_introspection_c.h
[1.041s] -- Up-to-date: /home/ivan/Webots_YOLOv8/install/soccer_model_msgs/include/soccer_model_msgs/soccer_model_msgs/msg/detail/robot__type_support.c
[1.041s] -- Up-to-date: /home/ivan/Webots_YOLOv8/install/soccer_model_msgs/include/soccer_model_msgs/soccer_model_msgs/msg/detail/robot_array__rosidl_typesupport_introspection_c.h
[1.041s] -- Up-to-date: /home/ivan/Webots_YOLOv8/install/soccer_model_msgs/include/soccer_model_msgs/soccer_model_msgs/msg/detail/robot_array__type_support.c
[1.041s] -- Up-to-date: /home/ivan/Webots_YOLOv8/install/soccer_model_msgs/include/soccer_model_msgs/soccer_model_msgs/msg/detail/obstacle_array__rosidl_typesupport_introspection_c.h
[1.041s] -- Up-to-date: /home/ivan/Webots_YOLOv8/install/soccer_model_msgs/include/soccer_model_msgs/soccer_model_msgs/msg/detail/ball__rosidl_typesupport_introspection_c.h
[1.041s] -- Up-to-date: /home/ivan/Webots_YOLOv8/install/soccer_model_msgs/include/soccer_model_msgs/soccer_model_msgs/msg/detail/obstacle__type_support.c
[1.042s] -- Up-to-date: /home/ivan/Webots_YOLOv8/install/soccer_model_msgs/include/soccer_model_msgs/soccer_model_msgs/msg/rosidl_typesupport_introspection_c__visibility_control.h
[1.042s] -- Up-to-date: /home/ivan/Webots_YOLOv8/install/soccer_model_msgs/lib/libsoccer_model_msgs__rosidl_typesupport_introspection_c.so
[1.042s] -- Up-to-date: /home/ivan/Webots_YOLOv8/install/soccer_model_msgs/lib/libsoccer_model_msgs__rosidl_typesupport_c.so
[1.043s] -- Up-to-date: /home/ivan/Webots_YOLOv8/install/soccer_model_msgs/include/soccer_model_msgs/soccer_model_msgs
[1.043s] -- Up-to-date: /home/ivan/Webots_YOLOv8/install/soccer_model_msgs/include/soccer_model_msgs/soccer_model_msgs/msg
[1.043s] -- Up-to-date: /home/ivan/Webots_YOLOv8/install/soccer_model_msgs/include/soccer_model_msgs/soccer_model_msgs/msg/detail
[1.043s] -- Up-to-date: /home/ivan/Webots_YOLOv8/install/soccer_model_msgs/include/soccer_model_msgs/soccer_model_msgs/msg/detail/robot_array__type_support.cpp
[1.043s] -- Up-to-date: /home/ivan/Webots_YOLOv8/install/soccer_model_msgs/include/soccer_model_msgs/soccer_model_msgs/msg/detail/robot__rosidl_typesupport_introspection_cpp.hpp
[1.043s] -- Up-to-date: /home/ivan/Webots_YOLOv8/install/soccer_model_msgs/include/soccer_model_msgs/soccer_model_msgs/msg/detail/ball__rosidl_typesupport_introspection_cpp.hpp
[1.044s] -- Up-to-date: /home/ivan/Webots_YOLOv8/install/soccer_model_msgs/include/soccer_model_msgs/soccer_model_msgs/msg/detail/obstacle__rosidl_typesupport_introspection_cpp.hpp
[1.044s] -- Up-to-date: /home/ivan/Webots_YOLOv8/install/soccer_model_msgs/include/soccer_model_msgs/soccer_model_msgs/msg/detail/obstacle__type_support.cpp
[1.044s] -- Up-to-date: /home/ivan/Webots_YOLOv8/install/soccer_model_msgs/include/soccer_model_msgs/soccer_model_msgs/msg/detail/robot_array__rosidl_typesupport_introspection_cpp.hpp
[1.044s] -- Up-to-date: /home/ivan/Webots_YOLOv8/install/soccer_model_msgs/include/soccer_model_msgs/soccer_model_msgs/msg/detail/obstacle_array__type_support.cpp
[1.044s] -- Up-to-date: /home/ivan/Webots_YOLOv8/install/soccer_model_msgs/include/soccer_model_msgs/soccer_model_msgs/msg/detail/ball__type_support.cpp
[1.044s] -- Up-to-date: /home/ivan/Webots_YOLOv8/install/soccer_model_msgs/include/soccer_model_msgs/soccer_model_msgs/msg/detail/obstacle_array__rosidl_typesupport_introspection_cpp.hpp
[1.045s] -- Up-to-date: /home/ivan/Webots_YOLOv8/install/soccer_model_msgs/include/soccer_model_msgs/soccer_model_msgs/msg/detail/robot__type_support.cpp
[1.046s] -- Up-to-date: /home/ivan/Webots_YOLOv8/install/soccer_model_msgs/lib/libsoccer_model_msgs__rosidl_typesupport_introspection_cpp.so
[1.046s] -- Up-to-date: /home/ivan/Webots_YOLOv8/install/soccer_model_msgs/lib/libsoccer_model_msgs__rosidl_typesupport_cpp.so
[1.046s] -- Up-to-date: /home/ivan/Webots_YOLOv8/install/soccer_model_msgs/share/soccer_model_msgs/environment/pythonpath.sh
[1.046s] -- Up-to-date: /home/ivan/Webots_YOLOv8/install/soccer_model_msgs/share/soccer_model_msgs/environment/pythonpath.dsv
[1.046s] -- Up-to-date: /home/ivan/Webots_YOLOv8/install/soccer_model_msgs/local/lib/python3.10/dist-packages/soccer_model_msgs-1.0.0-py3.10.egg-info
[1.046s] -- Installing: /home/ivan/Webots_YOLOv8/install/soccer_model_msgs/local/lib/python3.10/dist-packages/soccer_model_msgs-1.0.0-py3.10.egg-info/top_level.txt
[1.047s] -- Installing: /home/ivan/Webots_YOLOv8/install/soccer_model_msgs/local/lib/python3.10/dist-packages/soccer_model_msgs-1.0.0-py3.10.egg-info/dependency_links.txt
[1.047s] -- Installing: /home/ivan/Webots_YOLOv8/install/soccer_model_msgs/local/lib/python3.10/dist-packages/soccer_model_msgs-1.0.0-py3.10.egg-info/SOURCES.txt
[1.047s] -- Installing: /home/ivan/Webots_YOLOv8/install/soccer_model_msgs/local/lib/python3.10/dist-packages/soccer_model_msgs-1.0.0-py3.10.egg-info/PKG-INFO
[1.047s] -- Up-to-date: /home/ivan/Webots_YOLOv8/install/soccer_model_msgs/local/lib/python3.10/dist-packages/soccer_model_msgs
[1.047s] -- Up-to-date: /home/ivan/Webots_YOLOv8/install/soccer_model_msgs/local/lib/python3.10/dist-packages/soccer_model_msgs/soccer_model_msgs_s__rosidl_typesupport_c.cpython-310-x86_64-linux-gnu.so
[1.047s] -- Up-to-date: /home/ivan/Webots_YOLOv8/install/soccer_model_msgs/local/lib/python3.10/dist-packages/soccer_model_msgs/soccer_model_msgs_s__rosidl_typesupport_fastrtps_c.cpython-310-x86_64-linux-gnu.so
[1.047s] -- Up-to-date: /home/ivan/Webots_YOLOv8/install/soccer_model_msgs/local/lib/python3.10/dist-packages/soccer_model_msgs/msg
[1.047s] -- Up-to-date: /home/ivan/Webots_YOLOv8/install/soccer_model_msgs/local/lib/python3.10/dist-packages/soccer_model_msgs/msg/_obstacle_s.c
[1.047s] -- Up-to-date: /home/ivan/Webots_YOLOv8/install/soccer_model_msgs/local/lib/python3.10/dist-packages/soccer_model_msgs/msg/_robot_s.c
[1.047s] -- Up-to-date: /home/ivan/Webots_YOLOv8/install/soccer_model_msgs/local/lib/python3.10/dist-packages/soccer_model_msgs/msg/_robot_array.py
[1.048s] -- Up-to-date: /home/ivan/Webots_YOLOv8/install/soccer_model_msgs/local/lib/python3.10/dist-packages/soccer_model_msgs/msg/_obstacle_array.py
[1.048s] -- Up-to-date: /home/ivan/Webots_YOLOv8/install/soccer_model_msgs/local/lib/python3.10/dist-packages/soccer_model_msgs/msg/__init__.py
[1.048s] -- Up-to-date: /home/ivan/Webots_YOLOv8/install/soccer_model_msgs/local/lib/python3.10/dist-packages/soccer_model_msgs/msg/_ball_s.c
[1.048s] -- Up-to-date: /home/ivan/Webots_YOLOv8/install/soccer_model_msgs/local/lib/python3.10/dist-packages/soccer_model_msgs/msg/_obstacle_array_s.c
[1.048s] -- Up-to-date: /home/ivan/Webots_YOLOv8/install/soccer_model_msgs/local/lib/python3.10/dist-packages/soccer_model_msgs/msg/_obstacle.py
[1.048s] -- Up-to-date: /home/ivan/Webots_YOLOv8/install/soccer_model_msgs/local/lib/python3.10/dist-packages/soccer_model_msgs/msg/_robot_array_s.c
[1.048s] -- Up-to-date: /home/ivan/Webots_YOLOv8/install/soccer_model_msgs/local/lib/python3.10/dist-packages/soccer_model_msgs/msg/_robot.py
[1.048s] -- Up-to-date: /home/ivan/Webots_YOLOv8/install/soccer_model_msgs/local/lib/python3.10/dist-packages/soccer_model_msgs/msg/_ball.py
[1.049s] -- Up-to-date: /home/ivan/Webots_YOLOv8/install/soccer_model_msgs/local/lib/python3.10/dist-packages/soccer_model_msgs/__init__.py
[1.049s] -- Up-to-date: /home/ivan/Webots_YOLOv8/install/soccer_model_msgs/local/lib/python3.10/dist-packages/soccer_model_msgs/_soccer_model_msgs_s.ep.rosidl_typesupport_fastrtps_c.c
[1.049s] -- Up-to-date: /home/ivan/Webots_YOLOv8/install/soccer_model_msgs/local/lib/python3.10/dist-packages/soccer_model_msgs/soccer_model_msgs_s__rosidl_typesupport_introspection_c.cpython-310-x86_64-linux-gnu.so
[1.049s] -- Up-to-date: /home/ivan/Webots_YOLOv8/install/soccer_model_msgs/local/lib/python3.10/dist-packages/soccer_model_msgs/_soccer_model_msgs_s.ep.rosidl_typesupport_c.c
[1.049s] -- Up-to-date: /home/ivan/Webots_YOLOv8/install/soccer_model_msgs/local/lib/python3.10/dist-packages/soccer_model_msgs/libsoccer_model_msgs__rosidl_generator_py.so
[1.049s] -- Up-to-date: /home/ivan/Webots_YOLOv8/install/soccer_model_msgs/local/lib/python3.10/dist-packages/soccer_model_msgs/_soccer_model_msgs_s.ep.rosidl_typesupport_introspection_c.c
[1.116s] Listing '/home/ivan/Webots_YOLOv8/install/soccer_model_msgs/local/lib/python3.10/dist-packages/soccer_model_msgs'...
[1.117s] Listing '/home/ivan/Webots_YOLOv8/install/soccer_model_msgs/local/lib/python3.10/dist-packages/soccer_model_msgs/msg'...
[1.133s] -- Up-to-date: /home/ivan/Webots_YOLOv8/install/soccer_model_msgs/local/lib/python3.10/dist-packages/soccer_model_msgs/soccer_model_msgs_s__rosidl_typesupport_fastrtps_c.cpython-310-x86_64-linux-gnu.so
[1.134s] -- Up-to-date: /home/ivan/Webots_YOLOv8/install/soccer_model_msgs/local/lib/python3.10/dist-packages/soccer_model_msgs/soccer_model_msgs_s__rosidl_typesupport_introspection_c.cpython-310-x86_64-linux-gnu.so
[1.135s] -- Up-to-date: /home/ivan/Webots_YOLOv8/install/soccer_model_msgs/local/lib/python3.10/dist-packages/soccer_model_msgs/soccer_model_msgs_s__rosidl_typesupport_c.cpython-310-x86_64-linux-gnu.so
[1.136s] -- Up-to-date: /home/ivan/Webots_YOLOv8/install/soccer_model_msgs/lib/libsoccer_model_msgs__rosidl_generator_py.so
[1.136s] -- Up-to-date: /home/ivan/Webots_YOLOv8/install/soccer_model_msgs/share/soccer_model_msgs/msg/Ball.idl
[1.136s] -- Up-to-date: /home/ivan/Webots_YOLOv8/install/soccer_model_msgs/share/soccer_model_msgs/msg/Obstacle.idl
[1.137s] -- Up-to-date: /home/ivan/Webots_YOLOv8/install/soccer_model_msgs/share/soccer_model_msgs/msg/ObstacleArray.idl
[1.137s] -- Up-to-date: /home/ivan/Webots_YOLOv8/install/soccer_model_msgs/share/soccer_model_msgs/msg/Robot.idl
[1.137s] -- Up-to-date: /home/ivan/Webots_YOLOv8/install/soccer_model_msgs/share/soccer_model_msgs/msg/RobotArray.idl
[1.137s] -- Up-to-date: /home/ivan/Webots_YOLOv8/install/soccer_model_msgs/share/soccer_model_msgs/msg/Ball.msg
[1.137s] -- Up-to-date: /home/ivan/Webots_YOLOv8/install/soccer_model_msgs/share/soccer_model_msgs/msg/Obstacle.msg
[1.137s] -- Up-to-date: /home/ivan/Webots_YOLOv8/install/soccer_model_msgs/share/soccer_model_msgs/msg/ObstacleArray.msg
[1.138s] -- Up-to-date: /home/ivan/Webots_YOLOv8/install/soccer_model_msgs/share/soccer_model_msgs/msg/Robot.msg
[1.138s] -- Up-to-date: /home/ivan/Webots_YOLOv8/install/soccer_model_msgs/share/soccer_model_msgs/msg/RobotArray.msg
[1.138s] -- Up-to-date: /home/ivan/Webots_YOLOv8/install/soccer_model_msgs/share/ament_index/resource_index/package_run_dependencies/soccer_model_msgs
[1.138s] -- Up-to-date: /home/ivan/Webots_YOLOv8/install/soccer_model_msgs/share/ament_index/resource_index/parent_prefix_path/soccer_model_msgs
[1.138s] -- Up-to-date: /home/ivan/Webots_YOLOv8/install/soccer_model_msgs/share/soccer_model_msgs/environment/ament_prefix_path.sh
[1.138s] -- Up-to-date: /home/ivan/Webots_YOLOv8/install/soccer_model_msgs/share/soccer_model_msgs/environment/ament_prefix_path.dsv
[1.138s] -- Up-to-date: /home/ivan/Webots_YOLOv8/install/soccer_model_msgs/share/soccer_model_msgs/environment/path.sh
[1.139s] -- Up-to-date: /home/ivan/Webots_YOLOv8/install/soccer_model_msgs/share/soccer_model_msgs/environment/path.dsv
[1.139s] -- Up-to-date: /home/ivan/Webots_YOLOv8/install/soccer_model_msgs/share/soccer_model_msgs/local_setup.bash
[1.139s] -- Up-to-date: /home/ivan/Webots_YOLOv8/install/soccer_model_msgs/share/soccer_model_msgs/local_setup.sh
[1.139s] -- Up-to-date: /home/ivan/Webots_YOLOv8/install/soccer_model_msgs/share/soccer_model_msgs/local_setup.zsh
[1.139s] -- Up-to-date: /home/ivan/Webots_YOLOv8/install/soccer_model_msgs/share/soccer_model_msgs/local_setup.dsv
[1.139s] -- Installing: /home/ivan/Webots_YOLOv8/install/soccer_model_msgs/share/soccer_model_msgs/package.dsv
[1.141s] -- Up-to-date: /home/ivan/Webots_YOLOv8/install/soccer_model_msgs/share/ament_index/resource_index/packages/soccer_model_msgs
[1.141s] -- Up-to-date: /home/ivan/Webots_YOLOv8/install/soccer_model_msgs/share/soccer_model_msgs/cmake/export_soccer_model_msgs__rosidl_generator_cExport.cmake
[1.141s] -- Up-to-date: /home/ivan/Webots_YOLOv8/install/soccer_model_msgs/share/soccer_model_msgs/cmake/export_soccer_model_msgs__rosidl_generator_cExport-noconfig.cmake
[1.141s] -- Up-to-date: /home/ivan/Webots_YOLOv8/install/soccer_model_msgs/share/soccer_model_msgs/cmake/export_soccer_model_msgs__rosidl_typesupport_fastrtps_cExport.cmake
[1.141s] -- Up-to-date: /home/ivan/Webots_YOLOv8/install/soccer_model_msgs/share/soccer_model_msgs/cmake/export_soccer_model_msgs__rosidl_typesupport_fastrtps_cExport-noconfig.cmake
[1.141s] -- Up-to-date: /home/ivan/Webots_YOLOv8/install/soccer_model_msgs/share/soccer_model_msgs/cmake/export_soccer_model_msgs__rosidl_generator_cppExport.cmake
[1.142s] -- Up-to-date: /home/ivan/Webots_YOLOv8/install/soccer_model_msgs/share/soccer_model_msgs/cmake/export_soccer_model_msgs__rosidl_typesupport_fastrtps_cppExport.cmake
[1.142s] -- Up-to-date: /home/ivan/Webots_YOLOv8/install/soccer_model_msgs/share/soccer_model_msgs/cmake/export_soccer_model_msgs__rosidl_typesupport_fastrtps_cppExport-noconfig.cmake
[1.143s] -- Up-to-date: /home/ivan/Webots_YOLOv8/install/soccer_model_msgs/share/soccer_model_msgs/cmake/soccer_model_msgs__rosidl_typesupport_introspection_cExport.cmake
[1.143s] -- Up-to-date: /home/ivan/Webots_YOLOv8/install/soccer_model_msgs/share/soccer_model_msgs/cmake/soccer_model_msgs__rosidl_typesupport_introspection_cExport-noconfig.cmake
[1.143s] -- Up-to-date: /home/ivan/Webots_YOLOv8/install/soccer_model_msgs/share/soccer_model_msgs/cmake/soccer_model_msgs__rosidl_typesupport_cExport.cmake
[1.143s] -- Up-to-date: /home/ivan/Webots_YOLOv8/install/soccer_model_msgs/share/soccer_model_msgs/cmake/soccer_model_msgs__rosidl_typesupport_cExport-noconfig.cmake
[1.144s] -- Up-to-date: /home/ivan/Webots_YOLOv8/install/soccer_model_msgs/share/soccer_model_msgs/cmake/soccer_model_msgs__rosidl_typesupport_introspection_cppExport.cmake
[1.144s] -- Up-to-date: /home/ivan/Webots_YOLOv8/install/soccer_model_msgs/share/soccer_model_msgs/cmake/soccer_model_msgs__rosidl_typesupport_introspection_cppExport-noconfig.cmake
[1.144s] -- Up-to-date: /home/ivan/Webots_YOLOv8/install/soccer_model_msgs/share/soccer_model_msgs/cmake/soccer_model_msgs__rosidl_typesupport_cppExport.cmake
[1.145s] -- Up-to-date: /home/ivan/Webots_YOLOv8/install/soccer_model_msgs/share/soccer_model_msgs/cmake/soccer_model_msgs__rosidl_typesupport_cppExport-noconfig.cmake
[1.145s] -- Up-to-date: /home/ivan/Webots_YOLOv8/install/soccer_model_msgs/share/soccer_model_msgs/cmake/export_soccer_model_msgs__rosidl_generator_pyExport.cmake
[1.145s] -- Up-to-date: /home/ivan/Webots_YOLOv8/install/soccer_model_msgs/share/soccer_model_msgs/cmake/export_soccer_model_msgs__rosidl_generator_pyExport-noconfig.cmake
[1.145s] -- Up-to-date: /home/ivan/Webots_YOLOv8/install/soccer_model_msgs/share/soccer_model_msgs/cmake/rosidl_cmake-extras.cmake
[1.146s] -- Up-to-date: /home/ivan/Webots_YOLOv8/install/soccer_model_msgs/share/soccer_model_msgs/cmake/ament_cmake_export_dependencies-extras.cmake
[1.146s] -- Up-to-date: /home/ivan/Webots_YOLOv8/install/soccer_model_msgs/share/soccer_model_msgs/cmake/ament_cmake_export_include_directories-extras.cmake
[1.146s] -- Up-to-date: /home/ivan/Webots_YOLOv8/install/soccer_model_msgs/share/soccer_model_msgs/cmake/ament_cmake_export_libraries-extras.cmake
[1.146s] -- Up-to-date: /home/ivan/Webots_YOLOv8/install/soccer_model_msgs/share/soccer_model_msgs/cmake/ament_cmake_export_targets-extras.cmake
[1.146s] -- Up-to-date: /home/ivan/Webots_YOLOv8/install/soccer_model_msgs/share/soccer_model_msgs/cmake/rosidl_cmake_export_typesupport_targets-extras.cmake
[1.146s] -- Up-to-date: /home/ivan/Webots_YOLOv8/install/soccer_model_msgs/share/soccer_model_msgs/cmake/rosidl_cmake_export_typesupport_libraries-extras.cmake
[1.150s] -- Up-to-date: /home/ivan/Webots_YOLOv8/install/soccer_model_msgs/share/soccer_model_msgs/cmake/soccer_model_msgsConfig.cmake
[1.150s] -- Up-to-date: /home/ivan/Webots_YOLOv8/install/soccer_model_msgs/share/soccer_model_msgs/cmake/soccer_model_msgsConfig-version.cmake
[1.150s] -- Up-to-date: /home/ivan/Webots_YOLOv8/install/soccer_model_msgs/share/soccer_model_msgs/package.xml
[1.154s] Invoked command in '/home/ivan/Webots_YOLOv8/build/soccer_model_msgs' returned '0': CMAKE_PREFIX_PATH=/home/ivan/Webots_YOLOv8/install/soccer_vision_attribute_msgs:/home/ivan/Webots_YOLOv8/install/soccer_geometry_msgs:/home/ivan/Webots_YOLOv8/install/soccer_interfaces:/home/ivan/Webots_YOLOv8/install/soccer_vision_3d_msgs:/home/ivan/Webots_YOLOv8/install/soccer_vision_2d_msgs:/home/ivan/Webots_YOLOv8/install/soccer_model_msgs:/home/ivan/Webots_YOLOv8/install/ipm_interfaces:/home/ivan/ros2_ws/install/edrom_msgs:/home/ivan/Webots_YOLOv8/install/soccer_ipm:/home/ivan/Webots_YOLOv8/install/Webots_YOLOv8:/home/ivan/Webots_YOLOv8/install/my_package:/home/ivan/Webots_YOLOv8/install/ipm_service:/home/ivan/Webots_YOLOv8/install/ipm_image_node:/home/ivan/Webots_YOLOv8/install/ipm_library:/home/ivan/ros2_ws/install/object_finder_onnx:/home/ivan/ros2_ws/install/object_finder:/home/ivan/ros2_ws/install/my_package:/home/ivan/ros2_ws/install/Webots_YOLOv8:/opt/ros/humble LD_LIBRARY_PATH=/home/ivan/Webots_YOLOv8/install/soccer_vision_attribute_msgs/lib:/home/ivan/Webots_YOLOv8/install/soccer_geometry_msgs/lib:/home/ivan/Webots_YOLOv8/install/soccer_vision_3d_msgs/lib:/home/ivan/Webots_YOLOv8/install/soccer_vision_2d_msgs/lib:/home/ivan/Webots_YOLOv8/install/soccer_model_msgs/lib:/home/ivan/Webots_YOLOv8/install/ipm_interfaces/lib:/home/ivan/ros2_ws/install/edrom_msgs/lib:/opt/ros/humble/opt/rviz_ogre_vendor/lib:/opt/ros/humble/lib/x86_64-linux-gnu:/opt/ros/humble/lib /usr/bin/cmake --install /home/ivan/Webots_YOLOv8/build/soccer_model_msgs
