[0.263s] Invoking command in '/home/ivan/Webots_YOLOv8/build/soccer_model_msgs': AMENT_PREFIX_PATH=/home/ivan/Webots_YOLOv8/install/soccer_vision_attribute_msgs:/home/ivan/Webots_YOLOv8/install/soccer_geometry_msgs:${AMENT_PREFIX_PATH} CMAKE_PREFIX_PATH=/home/ivan/Webots_YOLOv8/install/soccer_vision_attribute_msgs:/home/ivan/Webots_YOLOv8/install/soccer_geometry_msgs:/home/ivan/ros2_ws/install/edrom_msgs:/home/ivan/ros2_ws/install/object_finder_onnx:/home/ivan/ros2_ws/install/object_finder:/home/ivan/ros2_ws/install/my_package:/home/ivan/ros2_ws/install/Webots_YOLOv8:/opt/ros/humble LD_LIBRARY_PATH=/home/ivan/Webots_YOLOv8/install/soccer_vision_attribute_msgs/lib:/home/ivan/Webots_YOLOv8/install/soccer_geometry_msgs/lib:${LD_LIBRARY_PATH} PYTHONPATH=/home/ivan/Webots_YOLOv8/install/soccer_vision_attribute_msgs/local/lib/python3.10/dist-packages:/home/ivan/Webots_YOLOv8/install/soccer_geometry_msgs/local/lib/python3.10/dist-packages:${PYTHONPATH} /usr/bin/cmake --build /home/ivan/Webots_YOLOv8/build/soccer_model_msgs -- -j12 -l12
[0.336s] [  1%] Built target soccer_model_msgs__cpp
[0.343s] [ 12%] Built target soccer_model_msgs__rosidl_generator_c
[0.396s] [ 12%] Built target ament_cmake_python_copy_soccer_model_msgs
[0.409s] [ 23%] Built target soccer_model_msgs__rosidl_typesupport_c
[0.414s] [ 46%] Built target soccer_model_msgs__rosidl_typesupport_fastrtps_cpp
[0.414s] [ 46%] Built target soccer_model_msgs__rosidl_typesupport_cpp
[0.419s] [ 57%] Built target soccer_model_msgs__rosidl_typesupport_introspection_cpp
[0.420s] [ 68%] Built target soccer_model_msgs__rosidl_typesupport_fastrtps_c
[0.421s] [ 79%] Built target soccer_model_msgs__rosidl_typesupport_introspection_c
[0.454s] [ 79%] Built target soccer_model_msgs
[0.491s] [ 80%] Built target soccer_model_msgs__py
[0.533s] [ 90%] Built target soccer_model_msgs__rosidl_generator_py
[0.692s] running egg_info
[0.699s] writing soccer_model_msgs.egg-info/PKG-INFO
[0.699s] writing dependency_links to soccer_model_msgs.egg-info/dependency_links.txt
[0.699s] writing top-level names to soccer_model_msgs.egg-info/top_level.txt
[0.706s] reading manifest file 'soccer_model_msgs.egg-info/SOURCES.txt'
[0.706s] writing manifest file 'soccer_model_msgs.egg-info/SOURCES.txt'
[0.728s] [ 93%] Built target soccer_model_msgs__rosidl_typesupport_fastrtps_c__pyext
[0.743s] [ 96%] Built target soccer_model_msgs__rosidl_typesupport_introspection_c__pyext
[0.763s] [100%] Built target soccer_model_msgs__rosidl_typesupport_c__pyext
[0.777s] [100%] Built target ament_cmake_python_build_soccer_model_msgs_egg
[0.791s] Invoked command in '/home/ivan/Webots_YOLOv8/build/soccer_model_msgs' returned '0': AMENT_PREFIX_PATH=/home/ivan/Webots_YOLOv8/install/soccer_vision_attribute_msgs:/home/ivan/Webots_YOLOv8/install/soccer_geometry_msgs:${AMENT_PREFIX_PATH} CMAKE_PREFIX_PATH=/home/ivan/Webots_YOLOv8/install/soccer_vision_attribute_msgs:/home/ivan/Webots_YOLOv8/install/soccer_geometry_msgs:/home/ivan/ros2_ws/install/edrom_msgs:/home/ivan/ros2_ws/install/object_finder_onnx:/home/ivan/ros2_ws/install/object_finder:/home/ivan/ros2_ws/install/my_package:/home/ivan/ros2_ws/install/Webots_YOLOv8:/opt/ros/humble LD_LIBRARY_PATH=/home/ivan/Webots_YOLOv8/install/soccer_vision_attribute_msgs/lib:/home/ivan/Webots_YOLOv8/install/soccer_geometry_msgs/lib:${LD_LIBRARY_PATH} PYTHONPATH=/home/ivan/Webots_YOLOv8/install/soccer_vision_attribute_msgs/local/lib/python3.10/dist-packages:/home/ivan/Webots_YOLOv8/install/soccer_geometry_msgs/local/lib/python3.10/dist-packages:${PYTHONPATH} /usr/bin/cmake --build /home/ivan/Webots_YOLOv8/build/soccer_model_msgs -- -j12 -l12
[0.795s] Invoking command in '/home/ivan/Webots_YOLOv8/build/soccer_model_msgs': AMENT_PREFIX_PATH=/home/ivan/Webots_YOLOv8/install/soccer_vision_attribute_msgs:/home/ivan/Webots_YOLOv8/install/soccer_geometry_msgs:${AMENT_PREFIX_PATH} CMAKE_PREFIX_PATH=/home/ivan/Webots_YOLOv8/install/soccer_vision_attribute_msgs:/home/ivan/Webots_YOLOv8/install/soccer_geometry_msgs:/home/ivan/ros2_ws/install/edrom_msgs:/home/ivan/ros2_ws/install/object_finder_onnx:/home/ivan/ros2_ws/install/object_finder:/home/ivan/ros2_ws/install/my_package:/home/ivan/ros2_ws/install/Webots_YOLOv8:/opt/ros/humble LD_LIBRARY_PATH=/home/ivan/Webots_YOLOv8/install/soccer_vision_attribute_msgs/lib:/home/ivan/Webots_YOLOv8/install/soccer_geometry_msgs/lib:${LD_LIBRARY_PATH} PYTHONPATH=/home/ivan/Webots_YOLOv8/install/soccer_vision_attribute_msgs/local/lib/python3.10/dist-packages:/home/ivan/Webots_YOLOv8/install/soccer_geometry_msgs/local/lib/python3.10/dist-packages:${PYTHONPATH} /usr/bin/cmake --install /home/ivan/Webots_YOLOv8/build/soccer_model_msgs
[0.803s] -- Install configuration: ""
[0.803s] -- Up-to-date: /home/ivan/Webots_YOLOv8/install/soccer_model_msgs/share/ament_index/resource_index/rosidl_interfaces/soccer_model_msgs
[0.804s] -- Up-to-date: /home/ivan/Webots_YOLOv8/install/soccer_model_msgs/include/soccer_model_msgs/soccer_model_msgs
[0.804s] -- Up-to-date: /home/ivan/Webots_YOLOv8/install/soccer_model_msgs/include/soccer_model_msgs/soccer_model_msgs/msg
[0.804s] -- Up-to-date: /home/ivan/Webots_YOLOv8/install/soccer_model_msgs/include/soccer_model_msgs/soccer_model_msgs/msg/detail
[0.804s] -- Up-to-date: /home/ivan/Webots_YOLOv8/install/soccer_model_msgs/include/soccer_model_msgs/soccer_model_msgs/msg/detail/robot__functions.h
[0.804s] -- Up-to-date: /home/ivan/Webots_YOLOv8/install/soccer_model_msgs/include/soccer_model_msgs/soccer_model_msgs/msg/detail/robot__struct.h
[0.804s] -- Up-to-date: /home/ivan/Webots_YOLOv8/install/soccer_model_msgs/include/soccer_model_msgs/soccer_model_msgs/msg/detail/obstacle_array__functions.c
[0.804s] -- Up-to-date: /home/ivan/Webots_YOLOv8/install/soccer_model_msgs/include/soccer_model_msgs/soccer_model_msgs/msg/detail/obstacle__struct.h
[0.804s] -- Up-to-date: /home/ivan/Webots_YOLOv8/install/soccer_model_msgs/include/soccer_model_msgs/soccer_model_msgs/msg/detail/obstacle_array__functions.h
[0.804s] -- Up-to-date: /home/ivan/Webots_YOLOv8/install/soccer_model_msgs/include/soccer_model_msgs/soccer_model_msgs/msg/detail/robot_array__struct.h
[0.804s] -- Up-to-date: /home/ivan/Webots_YOLOv8/install/soccer_model_msgs/include/soccer_model_msgs/soccer_model_msgs/msg/detail/obstacle_array__type_support.h
[0.804s] -- Up-to-date: /home/ivan/Webots_YOLOv8/install/soccer_model_msgs/include/soccer_model_msgs/soccer_model_msgs/msg/detail/obstacle__functions.c
[0.804s] -- Up-to-date: /home/ivan/Webots_YOLOv8/install/soccer_model_msgs/include/soccer_model_msgs/soccer_model_msgs/msg/detail/robot_array__type_support.h
[0.804s] -- Up-to-date: /home/ivan/Webots_YOLOv8/install/soccer_model_msgs/include/soccer_model_msgs/soccer_model_msgs/msg/detail/ball__functions.h
[0.805s] -- Up-to-date: /home/ivan/Webots_YOLOv8/install/soccer_model_msgs/include/soccer_model_msgs/soccer_model_msgs/msg/detail/obstacle_array__struct.h
[0.805s] -- Up-to-date: /home/ivan/Webots_YOLOv8/install/soccer_model_msgs/include/soccer_model_msgs/soccer_model_msgs/msg/detail/robot__functions.c
[0.805s] -- Up-to-date: /home/ivan/Webots_YOLOv8/install/soccer_model_msgs/include/soccer_model_msgs/soccer_model_msgs/msg/detail/robot_array__functions.h
[0.805s] -- Up-to-date: /home/ivan/Webots_YOLOv8/install/soccer_model_msgs/include/soccer_model_msgs/soccer_model_msgs/msg/detail/obstacle__type_support.h
[0.805s] -- Up-to-date: /home/ivan/Webots_YOLOv8/install/soccer_model_msgs/include/soccer_model_msgs/soccer_model_msgs/msg/detail/robot_array__functions.c
[0.805s] -- Up-to-date: /home/ivan/Webots_YOLOv8/install/soccer_model_msgs/include/soccer_model_msgs/soccer_model_msgs/msg/detail/ball__struct.h
[0.805s] -- Up-to-date: /home/ivan/Webots_YOLOv8/install/soccer_model_msgs/include/soccer_model_msgs/soccer_model_msgs/msg/detail/ball__type_support.h
[0.806s] -- Up-to-date: /home/ivan/Webots_YOLOv8/install/soccer_model_msgs/include/soccer_model_msgs/soccer_model_msgs/msg/detail/robot__type_support.h
[0.806s] -- Up-to-date: /home/ivan/Webots_YOLOv8/install/soccer_model_msgs/include/soccer_model_msgs/soccer_model_msgs/msg/detail/ball__functions.c
[0.806s] -- Up-to-date: /home/ivan/Webots_YOLOv8/install/soccer_model_msgs/include/soccer_model_msgs/soccer_model_msgs/msg/detail/obstacle__functions.h
[0.806s] -- Up-to-date: /home/ivan/Webots_YOLOv8/install/soccer_model_msgs/include/soccer_model_msgs/soccer_model_msgs/msg/ball.h
[0.806s] -- Up-to-date: /home/ivan/Webots_YOLOv8/install/soccer_model_msgs/include/soccer_model_msgs/soccer_model_msgs/msg/rosidl_generator_c__visibility_control.h
[0.807s] -- Up-to-date: /home/ivan/Webots_YOLOv8/install/soccer_model_msgs/include/soccer_model_msgs/soccer_model_msgs/msg/obstacle_array.h
[0.807s] -- Up-to-date: /home/ivan/Webots_YOLOv8/install/soccer_model_msgs/include/soccer_model_msgs/soccer_model_msgs/msg/robot_array.h
[0.807s] -- Up-to-date: /home/ivan/Webots_YOLOv8/install/soccer_model_msgs/include/soccer_model_msgs/soccer_model_msgs/msg/obstacle.h
[0.807s] -- Up-to-date: /home/ivan/Webots_YOLOv8/install/soccer_model_msgs/include/soccer_model_msgs/soccer_model_msgs/msg/robot.h
[0.807s] -- Up-to-date: /home/ivan/Webots_YOLOv8/install/soccer_model_msgs/share/soccer_model_msgs/environment/library_path.sh
[0.807s] -- Up-to-date: /home/ivan/Webots_YOLOv8/install/soccer_model_msgs/share/soccer_model_msgs/environment/library_path.dsv
[0.807s] -- Up-to-date: /home/ivan/Webots_YOLOv8/install/soccer_model_msgs/lib/libsoccer_model_msgs__rosidl_generator_c.so
[0.808s] -- Up-to-date: /home/ivan/Webots_YOLOv8/install/soccer_model_msgs/include/soccer_model_msgs/soccer_model_msgs
[0.808s] -- Up-to-date: /home/ivan/Webots_YOLOv8/install/soccer_model_msgs/include/soccer_model_msgs/soccer_model_msgs/msg
[0.808s] -- Up-to-date: /home/ivan/Webots_YOLOv8/install/soccer_model_msgs/include/soccer_model_msgs/soccer_model_msgs/msg/detail
[0.808s] -- Up-to-date: /home/ivan/Webots_YOLOv8/install/soccer_model_msgs/include/soccer_model_msgs/soccer_model_msgs/msg/detail/obstacle__rosidl_typesupport_fastrtps_c.h
[0.809s] -- Up-to-date: /home/ivan/Webots_YOLOv8/install/soccer_model_msgs/include/soccer_model_msgs/soccer_model_msgs/msg/detail/obstacle_array__rosidl_typesupport_fastrtps_c.h
[0.809s] -- Up-to-date: /home/ivan/Webots_YOLOv8/install/soccer_model_msgs/include/soccer_model_msgs/soccer_model_msgs/msg/detail/ball__rosidl_typesupport_fastrtps_c.h
[0.809s] -- Up-to-date: /home/ivan/Webots_YOLOv8/install/soccer_model_msgs/include/soccer_model_msgs/soccer_model_msgs/msg/detail/robot_array__rosidl_typesupport_fastrtps_c.h
[0.809s] -- Up-to-date: /home/ivan/Webots_YOLOv8/install/soccer_model_msgs/include/soccer_model_msgs/soccer_model_msgs/msg/detail/robot__rosidl_typesupport_fastrtps_c.h
[0.809s] -- Up-to-date: /home/ivan/Webots_YOLOv8/install/soccer_model_msgs/include/soccer_model_msgs/soccer_model_msgs/msg/rosidl_typesupport_fastrtps_c__visibility_control.h
[0.809s] -- Up-to-date: /home/ivan/Webots_YOLOv8/install/soccer_model_msgs/lib/libsoccer_model_msgs__rosidl_typesupport_fastrtps_c.so
[0.810s] -- Up-to-date: /home/ivan/Webots_YOLOv8/install/soccer_model_msgs/include/soccer_model_msgs/soccer_model_msgs
[0.810s] -- Up-to-date: /home/ivan/Webots_YOLOv8/install/soccer_model_msgs/include/soccer_model_msgs/soccer_model_msgs/msg
[0.810s] -- Up-to-date: /home/ivan/Webots_YOLOv8/install/soccer_model_msgs/include/soccer_model_msgs/soccer_model_msgs/msg/detail
[0.810s] -- Up-to-date: /home/ivan/Webots_YOLOv8/install/soccer_model_msgs/include/soccer_model_msgs/soccer_model_msgs/msg/detail/obstacle_array__type_support.hpp
[0.811s] -- Up-to-date: /home/ivan/Webots_YOLOv8/install/soccer_model_msgs/include/soccer_model_msgs/soccer_model_msgs/msg/detail/ball__builder.hpp
[0.811s] -- Up-to-date: /home/ivan/Webots_YOLOv8/install/soccer_model_msgs/include/soccer_model_msgs/soccer_model_msgs/msg/detail/ball__struct.hpp
[0.811s] -- Up-to-date: /home/ivan/Webots_YOLOv8/install/soccer_model_msgs/include/soccer_model_msgs/soccer_model_msgs/msg/detail/robot__traits.hpp
[0.811s] -- Up-to-date: /home/ivan/Webots_YOLOv8/install/soccer_model_msgs/include/soccer_model_msgs/soccer_model_msgs/msg/detail/robot__struct.hpp
[0.811s] -- Up-to-date: /home/ivan/Webots_YOLOv8/install/soccer_model_msgs/include/soccer_model_msgs/soccer_model_msgs/msg/detail/robot_array__type_support.hpp
[0.811s] -- Up-to-date: /home/ivan/Webots_YOLOv8/install/soccer_model_msgs/include/soccer_model_msgs/soccer_model_msgs/msg/detail/obstacle__builder.hpp
[0.811s] -- Up-to-date: /home/ivan/Webots_YOLOv8/install/soccer_model_msgs/include/soccer_model_msgs/soccer_model_msgs/msg/detail/obstacle__type_support.hpp
[0.811s] -- Up-to-date: /home/ivan/Webots_YOLOv8/install/soccer_model_msgs/include/soccer_model_msgs/soccer_model_msgs/msg/detail/robot_array__traits.hpp
[0.811s] -- Up-to-date: /home/ivan/Webots_YOLOv8/install/soccer_model_msgs/include/soccer_model_msgs/soccer_model_msgs/msg/detail/obstacle_array__builder.hpp
[0.811s] -- Up-to-date: /home/ivan/Webots_YOLOv8/install/soccer_model_msgs/include/soccer_model_msgs/soccer_model_msgs/msg/detail/obstacle_array__traits.hpp
[0.811s] -- Up-to-date: /home/ivan/Webots_YOLOv8/install/soccer_model_msgs/include/soccer_model_msgs/soccer_model_msgs/msg/detail/ball__type_support.hpp
[0.812s] -- Up-to-date: /home/ivan/Webots_YOLOv8/install/soccer_model_msgs/include/soccer_model_msgs/soccer_model_msgs/msg/detail/robot_array__builder.hpp
[0.812s] -- Up-to-date: /home/ivan/Webots_YOLOv8/install/soccer_model_msgs/include/soccer_model_msgs/soccer_model_msgs/msg/detail/obstacle__traits.hpp
[0.812s] -- Up-to-date: /home/ivan/Webots_YOLOv8/install/soccer_model_msgs/include/soccer_model_msgs/soccer_model_msgs/msg/detail/robot_array__struct.hpp
[0.812s] -- Up-to-date: /home/ivan/Webots_YOLOv8/install/soccer_model_msgs/include/soccer_model_msgs/soccer_model_msgs/msg/detail/obstacle__struct.hpp
[0.812s] -- Up-to-date: /home/ivan/Webots_YOLOv8/install/soccer_model_msgs/include/soccer_model_msgs/soccer_model_msgs/msg/detail/obstacle_array__struct.hpp
[0.812s] -- Up-to-date: /home/ivan/Webots_YOLOv8/install/soccer_model_msgs/include/soccer_model_msgs/soccer_model_msgs/msg/detail/ball__traits.hpp
[0.812s] -- Up-to-date: /home/ivan/Webots_YOLOv8/install/soccer_model_msgs/include/soccer_model_msgs/soccer_model_msgs/msg/detail/robot__builder.hpp
[0.812s] -- Up-to-date: /home/ivan/Webots_YOLOv8/install/soccer_model_msgs/include/soccer_model_msgs/soccer_model_msgs/msg/detail/robot__type_support.hpp
[0.812s] -- Up-to-date: /home/ivan/Webots_YOLOv8/install/soccer_model_msgs/include/soccer_model_msgs/soccer_model_msgs/msg/ball.hpp
[0.812s] -- Up-to-date: /home/ivan/Webots_YOLOv8/install/soccer_model_msgs/include/soccer_model_msgs/soccer_model_msgs/msg/rosidl_generator_cpp__visibility_control.hpp
[0.812s] -- Up-to-date: /home/ivan/Webots_YOLOv8/install/soccer_model_msgs/include/soccer_model_msgs/soccer_model_msgs/msg/robot.hpp
[0.812s] -- Up-to-date: /home/ivan/Webots_YOLOv8/install/soccer_model_msgs/include/soccer_model_msgs/soccer_model_msgs/msg/obstacle_array.hpp
[0.812s] -- Up-to-date: /home/ivan/Webots_YOLOv8/install/soccer_model_msgs/include/soccer_model_msgs/soccer_model_msgs/msg/obstacle.hpp
[0.812s] -- Up-to-date: /home/ivan/Webots_YOLOv8/install/soccer_model_msgs/include/soccer_model_msgs/soccer_model_msgs/msg/robot_array.hpp
[0.812s] -- Up-to-date: /home/ivan/Webots_YOLOv8/install/soccer_model_msgs/include/soccer_model_msgs/soccer_model_msgs
[0.813s] -- Up-to-date: /home/ivan/Webots_YOLOv8/install/soccer_model_msgs/include/soccer_model_msgs/soccer_model_msgs/msg
[0.813s] -- Up-to-date: /home/ivan/Webots_YOLOv8/install/soccer_model_msgs/include/soccer_model_msgs/soccer_model_msgs/msg/detail
[0.813s] -- Up-to-date: /home/ivan/Webots_YOLOv8/install/soccer_model_msgs/include/soccer_model_msgs/soccer_model_msgs/msg/detail/robot_array__rosidl_typesupport_fastrtps_cpp.hpp
[0.813s] -- Up-to-date: /home/ivan/Webots_YOLOv8/install/soccer_model_msgs/include/soccer_model_msgs/soccer_model_msgs/msg/detail/obstacle_array__rosidl_typesupport_fastrtps_cpp.hpp
[0.813s] -- Up-to-date: /home/ivan/Webots_YOLOv8/install/soccer_model_msgs/include/soccer_model_msgs/soccer_model_msgs/msg/detail/dds_fastrtps
[0.813s] -- Up-to-date: /home/ivan/Webots_YOLOv8/install/soccer_model_msgs/include/soccer_model_msgs/soccer_model_msgs/msg/detail/obstacle__rosidl_typesupport_fastrtps_cpp.hpp
[0.813s] -- Up-to-date: /home/ivan/Webots_YOLOv8/install/soccer_model_msgs/include/soccer_model_msgs/soccer_model_msgs/msg/detail/robot__rosidl_typesupport_fastrtps_cpp.hpp
[0.813s] -- Up-to-date: /home/ivan/Webots_YOLOv8/install/soccer_model_msgs/include/soccer_model_msgs/soccer_model_msgs/msg/detail/ball__rosidl_typesupport_fastrtps_cpp.hpp
[0.813s] -- Up-to-date: /home/ivan/Webots_YOLOv8/install/soccer_model_msgs/include/soccer_model_msgs/soccer_model_msgs/msg/rosidl_typesupport_fastrtps_cpp__visibility_control.h
[0.815s] -- Up-to-date: /home/ivan/Webots_YOLOv8/install/soccer_model_msgs/lib/libsoccer_model_msgs__rosidl_typesupport_fastrtps_cpp.so
[0.815s] -- Up-to-date: /home/ivan/Webots_YOLOv8/install/soccer_model_msgs/include/soccer_model_msgs/soccer_model_msgs
[0.815s] -- Up-to-date: /home/ivan/Webots_YOLOv8/install/soccer_model_msgs/include/soccer_model_msgs/soccer_model_msgs/msg
[0.815s] -- Up-to-date: /home/ivan/Webots_YOLOv8/install/soccer_model_msgs/include/soccer_model_msgs/soccer_model_msgs/msg/detail
[0.819s] -- Up-to-date: /home/ivan/Webots_YOLOv8/install/soccer_model_msgs/include/soccer_model_msgs/soccer_model_msgs/msg/detail/robot__rosidl_typesupport_introspection_c.h
[0.819s] -- Up-to-date: /home/ivan/Webots_YOLOv8/install/soccer_model_msgs/include/soccer_model_msgs/soccer_model_msgs/msg/detail/obstacle_array__type_support.c
[0.819s] -- Up-to-date: /home/ivan/Webots_YOLOv8/install/soccer_model_msgs/include/soccer_model_msgs/soccer_model_msgs/msg/detail/ball__type_support.c
[0.819s] -- Up-to-date: /home/ivan/Webots_YOLOv8/install/soccer_model_msgs/include/soccer_model_msgs/soccer_model_msgs/msg/detail/obstacle__rosidl_typesupport_introspection_c.h
[0.819s] -- Up-to-date: /home/ivan/Webots_YOLOv8/install/soccer_model_msgs/include/soccer_model_msgs/soccer_model_msgs/msg/detail/robot__type_support.c
[0.820s] -- Up-to-date: /home/ivan/Webots_YOLOv8/install/soccer_model_msgs/include/soccer_model_msgs/soccer_model_msgs/msg/detail/robot_array__rosidl_typesupport_introspection_c.h
[0.820s] -- Up-to-date: /home/ivan/Webots_YOLOv8/install/soccer_model_msgs/include/soccer_model_msgs/soccer_model_msgs/msg/detail/robot_array__type_support.c
[0.820s] -- Up-to-date: /home/ivan/Webots_YOLOv8/install/soccer_model_msgs/include/soccer_model_msgs/soccer_model_msgs/msg/detail/obstacle_array__rosidl_typesupport_introspection_c.h
[0.820s] -- Up-to-date: /home/ivan/Webots_YOLOv8/install/soccer_model_msgs/include/soccer_model_msgs/soccer_model_msgs/msg/detail/ball__rosidl_typesupport_introspection_c.h
[0.820s] -- Up-to-date: /home/ivan/Webots_YOLOv8/install/soccer_model_msgs/include/soccer_model_msgs/soccer_model_msgs/msg/detail/obstacle__type_support.c
[0.820s] -- Up-to-date: /home/ivan/Webots_YOLOv8/install/soccer_model_msgs/include/soccer_model_msgs/soccer_model_msgs/msg/rosidl_typesupport_introspection_c__visibility_control.h
[0.820s] -- Up-to-date: /home/ivan/Webots_YOLOv8/install/soccer_model_msgs/lib/libsoccer_model_msgs__rosidl_typesupport_introspection_c.so
[0.820s] -- Up-to-date: /home/ivan/Webots_YOLOv8/install/soccer_model_msgs/lib/libsoccer_model_msgs__rosidl_typesupport_c.so
[0.820s] -- Up-to-date: /home/ivan/Webots_YOLOv8/install/soccer_model_msgs/include/soccer_model_msgs/soccer_model_msgs
[0.820s] -- Up-to-date: /home/ivan/Webots_YOLOv8/install/soccer_model_msgs/include/soccer_model_msgs/soccer_model_msgs/msg
[0.820s] -- Up-to-date: /home/ivan/Webots_YOLOv8/install/soccer_model_msgs/include/soccer_model_msgs/soccer_model_msgs/msg/detail
[0.820s] -- Up-to-date: /home/ivan/Webots_YOLOv8/install/soccer_model_msgs/include/soccer_model_msgs/soccer_model_msgs/msg/detail/robot_array__type_support.cpp
[0.820s] -- Up-to-date: /home/ivan/Webots_YOLOv8/install/soccer_model_msgs/include/soccer_model_msgs/soccer_model_msgs/msg/detail/robot__rosidl_typesupport_introspection_cpp.hpp
[0.821s] -- Up-to-date: /home/ivan/Webots_YOLOv8/install/soccer_model_msgs/include/soccer_model_msgs/soccer_model_msgs/msg/detail/ball__rosidl_typesupport_introspection_cpp.hpp
[0.821s] -- Up-to-date: /home/ivan/Webots_YOLOv8/install/soccer_model_msgs/include/soccer_model_msgs/soccer_model_msgs/msg/detail/obstacle__rosidl_typesupport_introspection_cpp.hpp
[0.821s] -- Up-to-date: /home/ivan/Webots_YOLOv8/install/soccer_model_msgs/include/soccer_model_msgs/soccer_model_msgs/msg/detail/obstacle__type_support.cpp
[0.821s] -- Up-to-date: /home/ivan/Webots_YOLOv8/install/soccer_model_msgs/include/soccer_model_msgs/soccer_model_msgs/msg/detail/robot_array__rosidl_typesupport_introspection_cpp.hpp
[0.821s] -- Up-to-date: /home/ivan/Webots_YOLOv8/install/soccer_model_msgs/include/soccer_model_msgs/soccer_model_msgs/msg/detail/obstacle_array__type_support.cpp
[0.821s] -- Up-to-date: /home/ivan/Webots_YOLOv8/install/soccer_model_msgs/include/soccer_model_msgs/soccer_model_msgs/msg/detail/ball__type_support.cpp
[0.821s] -- Up-to-date: /home/ivan/Webots_YOLOv8/install/soccer_model_msgs/include/soccer_model_msgs/soccer_model_msgs/msg/detail/obstacle_array__rosidl_typesupport_introspection_cpp.hpp
[0.821s] -- Up-to-date: /home/ivan/Webots_YOLOv8/install/soccer_model_msgs/include/soccer_model_msgs/soccer_model_msgs/msg/detail/robot__type_support.cpp
[0.822s] -- Up-to-date: /home/ivan/Webots_YOLOv8/install/soccer_model_msgs/lib/libsoccer_model_msgs__rosidl_typesupport_introspection_cpp.so
[0.822s] -- Up-to-date: /home/ivan/Webots_YOLOv8/install/soccer_model_msgs/lib/libsoccer_model_msgs__rosidl_typesupport_cpp.so
[0.822s] -- Up-to-date: /home/ivan/Webots_YOLOv8/install/soccer_model_msgs/share/soccer_model_msgs/environment/pythonpath.sh
[0.822s] -- Up-to-date: /home/ivan/Webots_YOLOv8/install/soccer_model_msgs/share/soccer_model_msgs/environment/pythonpath.dsv
[0.822s] -- Up-to-date: /home/ivan/Webots_YOLOv8/install/soccer_model_msgs/local/lib/python3.10/dist-packages/soccer_model_msgs-1.0.0-py3.10.egg-info
[0.822s] -- Installing: /home/ivan/Webots_YOLOv8/install/soccer_model_msgs/local/lib/python3.10/dist-packages/soccer_model_msgs-1.0.0-py3.10.egg-info/top_level.txt
[0.823s] -- Installing: /home/ivan/Webots_YOLOv8/install/soccer_model_msgs/local/lib/python3.10/dist-packages/soccer_model_msgs-1.0.0-py3.10.egg-info/dependency_links.txt
[0.823s] -- Installing: /home/ivan/Webots_YOLOv8/install/soccer_model_msgs/local/lib/python3.10/dist-packages/soccer_model_msgs-1.0.0-py3.10.egg-info/SOURCES.txt
[0.825s] -- Installing: /home/ivan/Webots_YOLOv8/install/soccer_model_msgs/local/lib/python3.10/dist-packages/soccer_model_msgs-1.0.0-py3.10.egg-info/PKG-INFO
[0.825s] -- Up-to-date: /home/ivan/Webots_YOLOv8/install/soccer_model_msgs/local/lib/python3.10/dist-packages/soccer_model_msgs
[0.826s] -- Up-to-date: /home/ivan/Webots_YOLOv8/install/soccer_model_msgs/local/lib/python3.10/dist-packages/soccer_model_msgs/soccer_model_msgs_s__rosidl_typesupport_c.cpython-310-x86_64-linux-gnu.so
[0.826s] -- Up-to-date: /home/ivan/Webots_YOLOv8/install/soccer_model_msgs/local/lib/python3.10/dist-packages/soccer_model_msgs/soccer_model_msgs_s__rosidl_typesupport_fastrtps_c.cpython-310-x86_64-linux-gnu.so
[0.826s] -- Up-to-date: /home/ivan/Webots_YOLOv8/install/soccer_model_msgs/local/lib/python3.10/dist-packages/soccer_model_msgs/msg
[0.826s] -- Up-to-date: /home/ivan/Webots_YOLOv8/install/soccer_model_msgs/local/lib/python3.10/dist-packages/soccer_model_msgs/msg/_obstacle_s.c
[0.826s] -- Up-to-date: /home/ivan/Webots_YOLOv8/install/soccer_model_msgs/local/lib/python3.10/dist-packages/soccer_model_msgs/msg/_robot_s.c
[0.826s] -- Up-to-date: /home/ivan/Webots_YOLOv8/install/soccer_model_msgs/local/lib/python3.10/dist-packages/soccer_model_msgs/msg/_robot_array.py
[0.826s] -- Up-to-date: /home/ivan/Webots_YOLOv8/install/soccer_model_msgs/local/lib/python3.10/dist-packages/soccer_model_msgs/msg/_obstacle_array.py
[0.826s] -- Up-to-date: /home/ivan/Webots_YOLOv8/install/soccer_model_msgs/local/lib/python3.10/dist-packages/soccer_model_msgs/msg/__init__.py
[0.826s] -- Up-to-date: /home/ivan/Webots_YOLOv8/install/soccer_model_msgs/local/lib/python3.10/dist-packages/soccer_model_msgs/msg/_ball_s.c
[0.827s] -- Up-to-date: /home/ivan/Webots_YOLOv8/install/soccer_model_msgs/local/lib/python3.10/dist-packages/soccer_model_msgs/msg/_obstacle_array_s.c
[0.827s] -- Up-to-date: /home/ivan/Webots_YOLOv8/install/soccer_model_msgs/local/lib/python3.10/dist-packages/soccer_model_msgs/msg/_obstacle.py
[0.827s] -- Up-to-date: /home/ivan/Webots_YOLOv8/install/soccer_model_msgs/local/lib/python3.10/dist-packages/soccer_model_msgs/msg/_robot_array_s.c
[0.827s] -- Up-to-date: /home/ivan/Webots_YOLOv8/install/soccer_model_msgs/local/lib/python3.10/dist-packages/soccer_model_msgs/msg/_robot.py
[0.827s] -- Up-to-date: /home/ivan/Webots_YOLOv8/install/soccer_model_msgs/local/lib/python3.10/dist-packages/soccer_model_msgs/msg/_ball.py
[0.827s] -- Up-to-date: /home/ivan/Webots_YOLOv8/install/soccer_model_msgs/local/lib/python3.10/dist-packages/soccer_model_msgs/__init__.py
[0.827s] -- Up-to-date: /home/ivan/Webots_YOLOv8/install/soccer_model_msgs/local/lib/python3.10/dist-packages/soccer_model_msgs/_soccer_model_msgs_s.ep.rosidl_typesupport_fastrtps_c.c
[0.827s] -- Up-to-date: /home/ivan/Webots_YOLOv8/install/soccer_model_msgs/local/lib/python3.10/dist-packages/soccer_model_msgs/soccer_model_msgs_s__rosidl_typesupport_introspection_c.cpython-310-x86_64-linux-gnu.so
[0.827s] -- Up-to-date: /home/ivan/Webots_YOLOv8/install/soccer_model_msgs/local/lib/python3.10/dist-packages/soccer_model_msgs/_soccer_model_msgs_s.ep.rosidl_typesupport_c.c
[0.827s] -- Up-to-date: /home/ivan/Webots_YOLOv8/install/soccer_model_msgs/local/lib/python3.10/dist-packages/soccer_model_msgs/libsoccer_model_msgs__rosidl_generator_py.so
[0.827s] -- Up-to-date: /home/ivan/Webots_YOLOv8/install/soccer_model_msgs/local/lib/python3.10/dist-packages/soccer_model_msgs/_soccer_model_msgs_s.ep.rosidl_typesupport_introspection_c.c
[0.859s] Listing '/home/ivan/Webots_YOLOv8/install/soccer_model_msgs/local/lib/python3.10/dist-packages/soccer_model_msgs'...
[0.859s] Listing '/home/ivan/Webots_YOLOv8/install/soccer_model_msgs/local/lib/python3.10/dist-packages/soccer_model_msgs/msg'...
[0.860s] -- Up-to-date: /home/ivan/Webots_YOLOv8/install/soccer_model_msgs/local/lib/python3.10/dist-packages/soccer_model_msgs/soccer_model_msgs_s__rosidl_typesupport_fastrtps_c.cpython-310-x86_64-linux-gnu.so
[0.861s] -- Up-to-date: /home/ivan/Webots_YOLOv8/install/soccer_model_msgs/local/lib/python3.10/dist-packages/soccer_model_msgs/soccer_model_msgs_s__rosidl_typesupport_introspection_c.cpython-310-x86_64-linux-gnu.so
[0.862s] -- Up-to-date: /home/ivan/Webots_YOLOv8/install/soccer_model_msgs/local/lib/python3.10/dist-packages/soccer_model_msgs/soccer_model_msgs_s__rosidl_typesupport_c.cpython-310-x86_64-linux-gnu.so
[0.863s] -- Up-to-date: /home/ivan/Webots_YOLOv8/install/soccer_model_msgs/lib/libsoccer_model_msgs__rosidl_generator_py.so
[0.863s] -- Up-to-date: /home/ivan/Webots_YOLOv8/install/soccer_model_msgs/share/soccer_model_msgs/msg/Ball.idl
[0.863s] -- Up-to-date: /home/ivan/Webots_YOLOv8/install/soccer_model_msgs/share/soccer_model_msgs/msg/Obstacle.idl
[0.863s] -- Up-to-date: /home/ivan/Webots_YOLOv8/install/soccer_model_msgs/share/soccer_model_msgs/msg/ObstacleArray.idl
[0.863s] -- Up-to-date: /home/ivan/Webots_YOLOv8/install/soccer_model_msgs/share/soccer_model_msgs/msg/Robot.idl
[0.863s] -- Up-to-date: /home/ivan/Webots_YOLOv8/install/soccer_model_msgs/share/soccer_model_msgs/msg/RobotArray.idl
[0.863s] -- Up-to-date: /home/ivan/Webots_YOLOv8/install/soccer_model_msgs/share/soccer_model_msgs/msg/Ball.msg
[0.863s] -- Up-to-date: /home/ivan/Webots_YOLOv8/install/soccer_model_msgs/share/soccer_model_msgs/msg/Obstacle.msg
[0.863s] -- Up-to-date: /home/ivan/Webots_YOLOv8/install/soccer_model_msgs/share/soccer_model_msgs/msg/ObstacleArray.msg
[0.864s] -- Up-to-date: /home/ivan/Webots_YOLOv8/install/soccer_model_msgs/share/soccer_model_msgs/msg/Robot.msg
[0.864s] -- Up-to-date: /home/ivan/Webots_YOLOv8/install/soccer_model_msgs/share/soccer_model_msgs/msg/RobotArray.msg
[0.864s] -- Up-to-date: /home/ivan/Webots_YOLOv8/install/soccer_model_msgs/share/ament_index/resource_index/package_run_dependencies/soccer_model_msgs
[0.864s] -- Up-to-date: /home/ivan/Webots_YOLOv8/install/soccer_model_msgs/share/ament_index/resource_index/parent_prefix_path/soccer_model_msgs
[0.864s] -- Up-to-date: /home/ivan/Webots_YOLOv8/install/soccer_model_msgs/share/soccer_model_msgs/environment/ament_prefix_path.sh
[0.864s] -- Up-to-date: /home/ivan/Webots_YOLOv8/install/soccer_model_msgs/share/soccer_model_msgs/environment/ament_prefix_path.dsv
[0.864s] -- Up-to-date: /home/ivan/Webots_YOLOv8/install/soccer_model_msgs/share/soccer_model_msgs/environment/path.sh
[0.864s] -- Up-to-date: /home/ivan/Webots_YOLOv8/install/soccer_model_msgs/share/soccer_model_msgs/environment/path.dsv
[0.864s] -- Up-to-date: /home/ivan/Webots_YOLOv8/install/soccer_model_msgs/share/soccer_model_msgs/local_setup.bash
[0.864s] -- Up-to-date: /home/ivan/Webots_YOLOv8/install/soccer_model_msgs/share/soccer_model_msgs/local_setup.sh
[0.864s] -- Up-to-date: /home/ivan/Webots_YOLOv8/install/soccer_model_msgs/share/soccer_model_msgs/local_setup.zsh
[0.864s] -- Up-to-date: /home/ivan/Webots_YOLOv8/install/soccer_model_msgs/share/soccer_model_msgs/local_setup.dsv
[0.864s] -- Installing: /home/ivan/Webots_YOLOv8/install/soccer_model_msgs/share/soccer_model_msgs/package.dsv
[0.865s] -- Up-to-date: /home/ivan/Webots_YOLOv8/install/soccer_model_msgs/share/ament_index/resource_index/packages/soccer_model_msgs
[0.865s] -- Up-to-date: /home/ivan/Webots_YOLOv8/install/soccer_model_msgs/share/soccer_model_msgs/cmake/export_soccer_model_msgs__rosidl_generator_cExport.cmake
[0.865s] -- Up-to-date: /home/ivan/Webots_YOLOv8/install/soccer_model_msgs/share/soccer_model_msgs/cmake/export_soccer_model_msgs__rosidl_generator_cExport-noconfig.cmake
[0.866s] -- Up-to-date: /home/ivan/Webots_YOLOv8/install/soccer_model_msgs/share/soccer_model_msgs/cmake/export_soccer_model_msgs__rosidl_typesupport_fastrtps_cExport.cmake
[0.866s] -- Up-to-date: /home/ivan/Webots_YOLOv8/install/soccer_model_msgs/share/soccer_model_msgs/cmake/export_soccer_model_msgs__rosidl_typesupport_fastrtps_cExport-noconfig.cmake
[0.866s] -- Up-to-date: /home/ivan/Webots_YOLOv8/install/soccer_model_msgs/share/soccer_model_msgs/cmake/export_soccer_model_msgs__rosidl_generator_cppExport.cmake
[0.866s] -- Up-to-date: /home/ivan/Webots_YOLOv8/install/soccer_model_msgs/share/soccer_model_msgs/cmake/export_soccer_model_msgs__rosidl_typesupport_fastrtps_cppExport.cmake
[0.867s] -- Up-to-date: /home/ivan/Webots_YOLOv8/install/soccer_model_msgs/share/soccer_model_msgs/cmake/export_soccer_model_msgs__rosidl_typesupport_fastrtps_cppExport-noconfig.cmake
[0.867s] -- Up-to-date: /home/ivan/Webots_YOLOv8/install/soccer_model_msgs/share/soccer_model_msgs/cmake/soccer_model_msgs__rosidl_typesupport_introspection_cExport.cmake
[0.867s] -- Up-to-date: /home/ivan/Webots_YOLOv8/install/soccer_model_msgs/share/soccer_model_msgs/cmake/soccer_model_msgs__rosidl_typesupport_introspection_cExport-noconfig.cmake
[0.868s] -- Up-to-date: /home/ivan/Webots_YOLOv8/install/soccer_model_msgs/share/soccer_model_msgs/cmake/soccer_model_msgs__rosidl_typesupport_cExport.cmake
[0.868s] -- Up-to-date: /home/ivan/Webots_YOLOv8/install/soccer_model_msgs/share/soccer_model_msgs/cmake/soccer_model_msgs__rosidl_typesupport_cExport-noconfig.cmake
[0.868s] -- Up-to-date: /home/ivan/Webots_YOLOv8/install/soccer_model_msgs/share/soccer_model_msgs/cmake/soccer_model_msgs__rosidl_typesupport_introspection_cppExport.cmake
[0.868s] -- Up-to-date: /home/ivan/Webots_YOLOv8/install/soccer_model_msgs/share/soccer_model_msgs/cmake/soccer_model_msgs__rosidl_typesupport_introspection_cppExport-noconfig.cmake
[0.869s] -- Up-to-date: /home/ivan/Webots_YOLOv8/install/soccer_model_msgs/share/soccer_model_msgs/cmake/soccer_model_msgs__rosidl_typesupport_cppExport.cmake
[0.869s] -- Up-to-date: /home/ivan/Webots_YOLOv8/install/soccer_model_msgs/share/soccer_model_msgs/cmake/soccer_model_msgs__rosidl_typesupport_cppExport-noconfig.cmake
[0.869s] -- Up-to-date: /home/ivan/Webots_YOLOv8/install/soccer_model_msgs/share/soccer_model_msgs/cmake/export_soccer_model_msgs__rosidl_generator_pyExport.cmake
[0.869s] -- Up-to-date: /home/ivan/Webots_YOLOv8/install/soccer_model_msgs/share/soccer_model_msgs/cmake/export_soccer_model_msgs__rosidl_generator_pyExport-noconfig.cmake
[0.869s] -- Up-to-date: /home/ivan/Webots_YOLOv8/install/soccer_model_msgs/share/soccer_model_msgs/cmake/rosidl_cmake-extras.cmake
[0.870s] -- Up-to-date: /home/ivan/Webots_YOLOv8/install/soccer_model_msgs/share/soccer_model_msgs/cmake/ament_cmake_export_dependencies-extras.cmake
[0.870s] -- Up-to-date: /home/ivan/Webots_YOLOv8/install/soccer_model_msgs/share/soccer_model_msgs/cmake/ament_cmake_export_include_directories-extras.cmake
[0.870s] -- Up-to-date: /home/ivan/Webots_YOLOv8/install/soccer_model_msgs/share/soccer_model_msgs/cmake/ament_cmake_export_libraries-extras.cmake
[0.870s] -- Up-to-date: /home/ivan/Webots_YOLOv8/install/soccer_model_msgs/share/soccer_model_msgs/cmake/ament_cmake_export_targets-extras.cmake
[0.870s] -- Up-to-date: /home/ivan/Webots_YOLOv8/install/soccer_model_msgs/share/soccer_model_msgs/cmake/rosidl_cmake_export_typesupport_targets-extras.cmake
[0.870s] -- Up-to-date: /home/ivan/Webots_YOLOv8/install/soccer_model_msgs/share/soccer_model_msgs/cmake/rosidl_cmake_export_typesupport_libraries-extras.cmake
[0.870s] -- Up-to-date: /home/ivan/Webots_YOLOv8/install/soccer_model_msgs/share/soccer_model_msgs/cmake/soccer_model_msgsConfig.cmake
[0.870s] -- Up-to-date: /home/ivan/Webots_YOLOv8/install/soccer_model_msgs/share/soccer_model_msgs/cmake/soccer_model_msgsConfig-version.cmake
[0.870s] -- Up-to-date: /home/ivan/Webots_YOLOv8/install/soccer_model_msgs/share/soccer_model_msgs/package.xml
[0.875s] Invoked command in '/home/ivan/Webots_YOLOv8/build/soccer_model_msgs' returned '0': AMENT_PREFIX_PATH=/home/ivan/Webots_YOLOv8/install/soccer_vision_attribute_msgs:/home/ivan/Webots_YOLOv8/install/soccer_geometry_msgs:${AMENT_PREFIX_PATH} CMAKE_PREFIX_PATH=/home/ivan/Webots_YOLOv8/install/soccer_vision_attribute_msgs:/home/ivan/Webots_YOLOv8/install/soccer_geometry_msgs:/home/ivan/ros2_ws/install/edrom_msgs:/home/ivan/ros2_ws/install/object_finder_onnx:/home/ivan/ros2_ws/install/object_finder:/home/ivan/ros2_ws/install/my_package:/home/ivan/ros2_ws/install/Webots_YOLOv8:/opt/ros/humble LD_LIBRARY_PATH=/home/ivan/Webots_YOLOv8/install/soccer_vision_attribute_msgs/lib:/home/ivan/Webots_YOLOv8/install/soccer_geometry_msgs/lib:${LD_LIBRARY_PATH} PYTHONPATH=/home/ivan/Webots_YOLOv8/install/soccer_vision_attribute_msgs/local/lib/python3.10/dist-packages:/home/ivan/Webots_YOLOv8/install/soccer_geometry_msgs/local/lib/python3.10/dist-packages:${PYTHONPATH} /usr/bin/cmake --install /home/ivan/Webots_YOLOv8/build/soccer_model_msgs
