[0.047s] Invoking command in '/home/ivan/Webots_YOLOv8/build/ipm_interfaces': CMAKE_PREFIX_PATH=${CMAKE_PREFIX_PATH}:/home/ivan/Webots_YOLOv8/install/Webots_YOLOv8:/home/ivan/Webots_YOLOv8/install/soccer_ipm:/home/ivan/Webots_YOLOv8/install/my_package:/home/ivan/Webots_YOLOv8/install/ipm_service:/home/ivan/Webots_YOLOv8/install/ipm_image_node:/home/ivan/Webots_YOLOv8/install/ipm_library:/opt/ros/humble /usr/bin/cmake --build /home/ivan/Webots_YOLOv8/build/ipm_interfaces -- -j12 -l12
[0.208s] [35m[1mConsolidate compiler generated dependencies of target ipm_interfaces__rosidl_generator_c[0m
[0.221s] [  2%] Built target ipm_interfaces__cpp
[0.252s] [  2%] Built target ament_cmake_python_copy_ipm_interfaces
[0.258s] [35m[1mConsolidate compiler generated dependencies of target ipm_interfaces__rosidl_typesupport_cpp[0m
[0.278s] [35m[1mConsolidate compiler generated dependencies of target ipm_interfaces__rosidl_typesupport_introspection_cpp[0m
[0.279s] [35m[1mConsolidate compiler generated dependencies of target ipm_interfaces__rosidl_typesupport_fastrtps_cpp[0m
[0.280s] [ 12%] Built target ipm_interfaces__rosidl_generator_c
[0.325s] [35m[1mConsolidate compiler generated dependencies of target ipm_interfaces__rosidl_typesupport_c[0m
[0.328s] [35m[1mConsolidate compiler generated dependencies of target ipm_interfaces__rosidl_typesupport_fastrtps_c[0m
[0.333s] [ 23%] Built target ipm_interfaces__rosidl_typesupport_cpp
[0.346s] [ 33%] Built target ipm_interfaces__rosidl_typesupport_fastrtps_cpp
[0.349s] [35m[1mConsolidate compiler generated dependencies of target ipm_interfaces__rosidl_typesupport_introspection_c[0m
[0.349s] [ 43%] Built target ipm_interfaces__rosidl_typesupport_introspection_cpp
[0.373s] [ 53%] Built target ipm_interfaces__rosidl_typesupport_c
[0.381s] [ 64%] Built target ipm_interfaces__rosidl_typesupport_fastrtps_c
[0.389s] [ 74%] Built target ipm_interfaces__rosidl_typesupport_introspection_c
[0.433s] [ 74%] Built target ipm_interfaces
[0.479s] [ 76%] Built target ipm_interfaces__py
[0.518s] [35m[1mConsolidate compiler generated dependencies of target ipm_interfaces__rosidl_generator_py[0m
[0.562s] [ 84%] Built target ipm_interfaces__rosidl_generator_py
[0.600s] [35m[1mConsolidate compiler generated dependencies of target ipm_interfaces__rosidl_typesupport_introspection_c__pyext[0m
[0.610s] [35m[1mConsolidate compiler generated dependencies of target ipm_interfaces__rosidl_typesupport_fastrtps_c__pyext[0m
[0.616s] [35m[1mConsolidate compiler generated dependencies of target ipm_interfaces__rosidl_typesupport_c__pyext[0m
[0.640s] [ 89%] Built target ipm_interfaces__rosidl_typesupport_introspection_c__pyext
[0.643s] [ 94%] Built target ipm_interfaces__rosidl_typesupport_fastrtps_c__pyext
[0.651s] [100%] Built target ipm_interfaces__rosidl_typesupport_c__pyext
[0.809s] running egg_info
[0.810s] writing ipm_interfaces.egg-info/PKG-INFO
[0.810s] writing dependency_links to ipm_interfaces.egg-info/dependency_links.txt
[0.810s] writing top-level names to ipm_interfaces.egg-info/top_level.txt
[0.817s] reading manifest file 'ipm_interfaces.egg-info/SOURCES.txt'
[0.818s] writing manifest file 'ipm_interfaces.egg-info/SOURCES.txt'
[0.879s] [100%] Built target ament_cmake_python_build_ipm_interfaces_egg
[0.900s] Invoked command in '/home/ivan/Webots_YOLOv8/build/ipm_interfaces' returned '0': CMAKE_PREFIX_PATH=${CMAKE_PREFIX_PATH}:/home/ivan/Webots_YOLOv8/install/Webots_YOLOv8:/home/ivan/Webots_YOLOv8/install/soccer_ipm:/home/ivan/Webots_YOLOv8/install/my_package:/home/ivan/Webots_YOLOv8/install/ipm_service:/home/ivan/Webots_YOLOv8/install/ipm_image_node:/home/ivan/Webots_YOLOv8/install/ipm_library:/opt/ros/humble /usr/bin/cmake --build /home/ivan/Webots_YOLOv8/build/ipm_interfaces -- -j12 -l12
[0.919s] Invoking command in '/home/ivan/Webots_YOLOv8/build/ipm_interfaces': CMAKE_PREFIX_PATH=${CMAKE_PREFIX_PATH}:/home/ivan/Webots_YOLOv8/install/Webots_YOLOv8:/home/ivan/Webots_YOLOv8/install/soccer_ipm:/home/ivan/Webots_YOLOv8/install/my_package:/home/ivan/Webots_YOLOv8/install/ipm_service:/home/ivan/Webots_YOLOv8/install/ipm_image_node:/home/ivan/Webots_YOLOv8/install/ipm_library:/opt/ros/humble /usr/bin/cmake --install /home/ivan/Webots_YOLOv8/build/ipm_interfaces
[0.934s] -- Install configuration: ""
[0.934s] -- Up-to-date: /home/ivan/Webots_YOLOv8/install/ipm_interfaces/share/ament_index/resource_index/rosidl_interfaces/ipm_interfaces
[0.935s] -- Up-to-date: /home/ivan/Webots_YOLOv8/install/ipm_interfaces/include/ipm_interfaces/ipm_interfaces
[0.935s] -- Up-to-date: /home/ivan/Webots_YOLOv8/install/ipm_interfaces/include/ipm_interfaces/ipm_interfaces/srv
[0.935s] -- Up-to-date: /home/ivan/Webots_YOLOv8/install/ipm_interfaces/include/ipm_interfaces/ipm_interfaces/srv/detail
[0.935s] -- Up-to-date: /home/ivan/Webots_YOLOv8/install/ipm_interfaces/include/ipm_interfaces/ipm_interfaces/srv/detail/map_point__functions.c
[0.935s] -- Up-to-date: /home/ivan/Webots_YOLOv8/install/ipm_interfaces/include/ipm_interfaces/ipm_interfaces/srv/detail/map_point__struct.h
[0.936s] -- Up-to-date: /home/ivan/Webots_YOLOv8/install/ipm_interfaces/include/ipm_interfaces/ipm_interfaces/srv/detail/map_point__functions.h
[0.936s] -- Up-to-date: /home/ivan/Webots_YOLOv8/install/ipm_interfaces/include/ipm_interfaces/ipm_interfaces/srv/detail/map_point_cloud2__type_support.h
[0.936s] -- Up-to-date: /home/ivan/Webots_YOLOv8/install/ipm_interfaces/include/ipm_interfaces/ipm_interfaces/srv/detail/map_point_cloud2__functions.c
[0.936s] -- Up-to-date: /home/ivan/Webots_YOLOv8/install/ipm_interfaces/include/ipm_interfaces/ipm_interfaces/srv/detail/map_point_cloud2__struct.h
[0.936s] -- Up-to-date: /home/ivan/Webots_YOLOv8/install/ipm_interfaces/include/ipm_interfaces/ipm_interfaces/srv/detail/map_point__type_support.h
[0.936s] -- Up-to-date: /home/ivan/Webots_YOLOv8/install/ipm_interfaces/include/ipm_interfaces/ipm_interfaces/srv/detail/map_point_cloud2__functions.h
[0.936s] -- Up-to-date: /home/ivan/Webots_YOLOv8/install/ipm_interfaces/include/ipm_interfaces/ipm_interfaces/srv/map_point.h
[0.936s] -- Up-to-date: /home/ivan/Webots_YOLOv8/install/ipm_interfaces/include/ipm_interfaces/ipm_interfaces/srv/map_point_cloud2.h
[0.936s] -- Up-to-date: /home/ivan/Webots_YOLOv8/install/ipm_interfaces/include/ipm_interfaces/ipm_interfaces/msg
[0.937s] -- Up-to-date: /home/ivan/Webots_YOLOv8/install/ipm_interfaces/include/ipm_interfaces/ipm_interfaces/msg/rosidl_generator_c__visibility_control.h
[0.937s] -- Up-to-date: /home/ivan/Webots_YOLOv8/install/ipm_interfaces/share/ipm_interfaces/environment/library_path.sh
[0.937s] -- Up-to-date: /home/ivan/Webots_YOLOv8/install/ipm_interfaces/share/ipm_interfaces/environment/library_path.dsv
[0.938s] -- Up-to-date: /home/ivan/Webots_YOLOv8/install/ipm_interfaces/lib/libipm_interfaces__rosidl_generator_c.so
[0.938s] -- Up-to-date: /home/ivan/Webots_YOLOv8/install/ipm_interfaces/include/ipm_interfaces/ipm_interfaces
[0.938s] -- Up-to-date: /home/ivan/Webots_YOLOv8/install/ipm_interfaces/include/ipm_interfaces/ipm_interfaces/srv
[0.938s] -- Up-to-date: /home/ivan/Webots_YOLOv8/install/ipm_interfaces/include/ipm_interfaces/ipm_interfaces/srv/detail
[0.938s] -- Up-to-date: /home/ivan/Webots_YOLOv8/install/ipm_interfaces/include/ipm_interfaces/ipm_interfaces/srv/detail/map_point__rosidl_typesupport_fastrtps_c.h
[0.938s] -- Up-to-date: /home/ivan/Webots_YOLOv8/install/ipm_interfaces/include/ipm_interfaces/ipm_interfaces/srv/detail/map_point_cloud2__rosidl_typesupport_fastrtps_c.h
[0.938s] -- Up-to-date: /home/ivan/Webots_YOLOv8/install/ipm_interfaces/include/ipm_interfaces/ipm_interfaces/msg
[0.938s] -- Up-to-date: /home/ivan/Webots_YOLOv8/install/ipm_interfaces/include/ipm_interfaces/ipm_interfaces/msg/rosidl_typesupport_fastrtps_c__visibility_control.h
[0.939s] -- Up-to-date: /home/ivan/Webots_YOLOv8/install/ipm_interfaces/lib/libipm_interfaces__rosidl_typesupport_fastrtps_c.so
[0.939s] -- Up-to-date: /home/ivan/Webots_YOLOv8/install/ipm_interfaces/include/ipm_interfaces/ipm_interfaces
[0.940s] -- Up-to-date: /home/ivan/Webots_YOLOv8/install/ipm_interfaces/include/ipm_interfaces/ipm_interfaces/srv
[0.940s] -- Up-to-date: /home/ivan/Webots_YOLOv8/install/ipm_interfaces/include/ipm_interfaces/ipm_interfaces/srv/detail
[0.940s] -- Up-to-date: /home/ivan/Webots_YOLOv8/install/ipm_interfaces/include/ipm_interfaces/ipm_interfaces/srv/detail/map_point_cloud2__traits.hpp
[0.941s] -- Up-to-date: /home/ivan/Webots_YOLOv8/install/ipm_interfaces/include/ipm_interfaces/ipm_interfaces/srv/detail/map_point_cloud2__type_support.hpp
[0.941s] -- Up-to-date: /home/ivan/Webots_YOLOv8/install/ipm_interfaces/include/ipm_interfaces/ipm_interfaces/srv/detail/map_point_cloud2__struct.hpp
[0.941s] -- Up-to-date: /home/ivan/Webots_YOLOv8/install/ipm_interfaces/include/ipm_interfaces/ipm_interfaces/srv/detail/map_point_cloud2__builder.hpp
[0.941s] -- Up-to-date: /home/ivan/Webots_YOLOv8/install/ipm_interfaces/include/ipm_interfaces/ipm_interfaces/srv/detail/map_point__struct.hpp
[0.941s] -- Up-to-date: /home/ivan/Webots_YOLOv8/install/ipm_interfaces/include/ipm_interfaces/ipm_interfaces/srv/detail/map_point__builder.hpp
[0.941s] -- Up-to-date: /home/ivan/Webots_YOLOv8/install/ipm_interfaces/include/ipm_interfaces/ipm_interfaces/srv/detail/map_point__type_support.hpp
[0.941s] -- Up-to-date: /home/ivan/Webots_YOLOv8/install/ipm_interfaces/include/ipm_interfaces/ipm_interfaces/srv/detail/map_point__traits.hpp
[0.942s] -- Up-to-date: /home/ivan/Webots_YOLOv8/install/ipm_interfaces/include/ipm_interfaces/ipm_interfaces/srv/map_point_cloud2.hpp
[0.942s] -- Up-to-date: /home/ivan/Webots_YOLOv8/install/ipm_interfaces/include/ipm_interfaces/ipm_interfaces/srv/map_point.hpp
[0.942s] -- Up-to-date: /home/ivan/Webots_YOLOv8/install/ipm_interfaces/include/ipm_interfaces/ipm_interfaces/msg
[0.942s] -- Up-to-date: /home/ivan/Webots_YOLOv8/install/ipm_interfaces/include/ipm_interfaces/ipm_interfaces/msg/rosidl_generator_cpp__visibility_control.hpp
[0.942s] -- Up-to-date: /home/ivan/Webots_YOLOv8/install/ipm_interfaces/include/ipm_interfaces/ipm_interfaces
[0.942s] -- Up-to-date: /home/ivan/Webots_YOLOv8/install/ipm_interfaces/include/ipm_interfaces/ipm_interfaces/srv
[0.944s] -- Up-to-date: /home/ivan/Webots_YOLOv8/install/ipm_interfaces/include/ipm_interfaces/ipm_interfaces/srv/detail
[0.945s] -- Up-to-date: /home/ivan/Webots_YOLOv8/install/ipm_interfaces/include/ipm_interfaces/ipm_interfaces/srv/detail/dds_fastrtps
[0.945s] -- Up-to-date: /home/ivan/Webots_YOLOv8/install/ipm_interfaces/include/ipm_interfaces/ipm_interfaces/srv/detail/map_point_cloud2__rosidl_typesupport_fastrtps_cpp.hpp
[0.945s] -- Up-to-date: /home/ivan/Webots_YOLOv8/install/ipm_interfaces/include/ipm_interfaces/ipm_interfaces/srv/detail/map_point__rosidl_typesupport_fastrtps_cpp.hpp
[0.945s] -- Up-to-date: /home/ivan/Webots_YOLOv8/install/ipm_interfaces/include/ipm_interfaces/ipm_interfaces/msg
[0.945s] -- Up-to-date: /home/ivan/Webots_YOLOv8/install/ipm_interfaces/include/ipm_interfaces/ipm_interfaces/msg/rosidl_typesupport_fastrtps_cpp__visibility_control.h
[0.945s] -- Up-to-date: /home/ivan/Webots_YOLOv8/install/ipm_interfaces/lib/libipm_interfaces__rosidl_typesupport_fastrtps_cpp.so
[0.946s] -- Up-to-date: /home/ivan/Webots_YOLOv8/install/ipm_interfaces/include/ipm_interfaces/ipm_interfaces
[0.946s] -- Up-to-date: /home/ivan/Webots_YOLOv8/install/ipm_interfaces/include/ipm_interfaces/ipm_interfaces/srv
[0.947s] -- Up-to-date: /home/ivan/Webots_YOLOv8/install/ipm_interfaces/include/ipm_interfaces/ipm_interfaces/srv/detail
[0.947s] -- Up-to-date: /home/ivan/Webots_YOLOv8/install/ipm_interfaces/include/ipm_interfaces/ipm_interfaces/srv/detail/map_point_cloud2__rosidl_typesupport_introspection_c.h
[0.947s] -- Up-to-date: /home/ivan/Webots_YOLOv8/install/ipm_interfaces/include/ipm_interfaces/ipm_interfaces/srv/detail/map_point_cloud2__type_support.c
[0.947s] -- Up-to-date: /home/ivan/Webots_YOLOv8/install/ipm_interfaces/include/ipm_interfaces/ipm_interfaces/srv/detail/map_point__rosidl_typesupport_introspection_c.h
[0.947s] -- Up-to-date: /home/ivan/Webots_YOLOv8/install/ipm_interfaces/include/ipm_interfaces/ipm_interfaces/srv/detail/map_point__type_support.c
[0.947s] -- Up-to-date: /home/ivan/Webots_YOLOv8/install/ipm_interfaces/include/ipm_interfaces/ipm_interfaces/msg
[0.947s] -- Up-to-date: /home/ivan/Webots_YOLOv8/install/ipm_interfaces/include/ipm_interfaces/ipm_interfaces/msg/rosidl_typesupport_introspection_c__visibility_control.h
[0.948s] -- Up-to-date: /home/ivan/Webots_YOLOv8/install/ipm_interfaces/lib/libipm_interfaces__rosidl_typesupport_introspection_c.so
[0.951s] -- Up-to-date: /home/ivan/Webots_YOLOv8/install/ipm_interfaces/lib/libipm_interfaces__rosidl_typesupport_c.so
[0.951s] -- Up-to-date: /home/ivan/Webots_YOLOv8/install/ipm_interfaces/include/ipm_interfaces/ipm_interfaces
[0.951s] -- Up-to-date: /home/ivan/Webots_YOLOv8/install/ipm_interfaces/include/ipm_interfaces/ipm_interfaces/srv
[0.951s] -- Up-to-date: /home/ivan/Webots_YOLOv8/install/ipm_interfaces/include/ipm_interfaces/ipm_interfaces/srv/detail
[0.951s] -- Up-to-date: /home/ivan/Webots_YOLOv8/install/ipm_interfaces/include/ipm_interfaces/ipm_interfaces/srv/detail/map_point__rosidl_typesupport_introspection_cpp.hpp
[0.951s] -- Up-to-date: /home/ivan/Webots_YOLOv8/install/ipm_interfaces/include/ipm_interfaces/ipm_interfaces/srv/detail/map_point_cloud2__type_support.cpp
[0.952s] -- Up-to-date: /home/ivan/Webots_YOLOv8/install/ipm_interfaces/include/ipm_interfaces/ipm_interfaces/srv/detail/map_point__type_support.cpp
[0.952s] -- Up-to-date: /home/ivan/Webots_YOLOv8/install/ipm_interfaces/include/ipm_interfaces/ipm_interfaces/srv/detail/map_point_cloud2__rosidl_typesupport_introspection_cpp.hpp
[0.952s] -- Up-to-date: /home/ivan/Webots_YOLOv8/install/ipm_interfaces/lib/libipm_interfaces__rosidl_typesupport_introspection_cpp.so
[0.954s] -- Up-to-date: /home/ivan/Webots_YOLOv8/install/ipm_interfaces/lib/libipm_interfaces__rosidl_typesupport_cpp.so
[0.954s] -- Up-to-date: /home/ivan/Webots_YOLOv8/install/ipm_interfaces/share/ipm_interfaces/environment/pythonpath.sh
[0.954s] -- Up-to-date: /home/ivan/Webots_YOLOv8/install/ipm_interfaces/share/ipm_interfaces/environment/pythonpath.dsv
[0.954s] -- Up-to-date: /home/ivan/Webots_YOLOv8/install/ipm_interfaces/local/lib/python3.10/dist-packages/ipm_interfaces-0.0.0-py3.10.egg-info
[0.955s] -- Installing: /home/ivan/Webots_YOLOv8/install/ipm_interfaces/local/lib/python3.10/dist-packages/ipm_interfaces-0.0.0-py3.10.egg-info/top_level.txt
[0.955s] -- Installing: /home/ivan/Webots_YOLOv8/install/ipm_interfaces/local/lib/python3.10/dist-packages/ipm_interfaces-0.0.0-py3.10.egg-info/dependency_links.txt
[0.956s] -- Installing: /home/ivan/Webots_YOLOv8/install/ipm_interfaces/local/lib/python3.10/dist-packages/ipm_interfaces-0.0.0-py3.10.egg-info/SOURCES.txt
[0.959s] -- Installing: /home/ivan/Webots_YOLOv8/install/ipm_interfaces/local/lib/python3.10/dist-packages/ipm_interfaces-0.0.0-py3.10.egg-info/PKG-INFO
[0.959s] -- Up-to-date: /home/ivan/Webots_YOLOv8/install/ipm_interfaces/local/lib/python3.10/dist-packages/ipm_interfaces
[0.959s] -- Up-to-date: /home/ivan/Webots_YOLOv8/install/ipm_interfaces/local/lib/python3.10/dist-packages/ipm_interfaces/ipm_interfaces_s__rosidl_typesupport_fastrtps_c.cpython-310-x86_64-linux-gnu.so
[0.959s] -- Up-to-date: /home/ivan/Webots_YOLOv8/install/ipm_interfaces/local/lib/python3.10/dist-packages/ipm_interfaces/srv
[0.959s] -- Up-to-date: /home/ivan/Webots_YOLOv8/install/ipm_interfaces/local/lib/python3.10/dist-packages/ipm_interfaces/srv/_map_point_cloud2.py
[0.960s] -- Up-to-date: /home/ivan/Webots_YOLOv8/install/ipm_interfaces/local/lib/python3.10/dist-packages/ipm_interfaces/srv/_map_point_cloud2_s.c
[0.960s] -- Up-to-date: /home/ivan/Webots_YOLOv8/install/ipm_interfaces/local/lib/python3.10/dist-packages/ipm_interfaces/srv/_map_point.py
[0.960s] -- Up-to-date: /home/ivan/Webots_YOLOv8/install/ipm_interfaces/local/lib/python3.10/dist-packages/ipm_interfaces/srv/__init__.py
[0.961s] -- Up-to-date: /home/ivan/Webots_YOLOv8/install/ipm_interfaces/local/lib/python3.10/dist-packages/ipm_interfaces/srv/_map_point_s.c
[0.961s] -- Up-to-date: /home/ivan/Webots_YOLOv8/install/ipm_interfaces/local/lib/python3.10/dist-packages/ipm_interfaces/_ipm_interfaces_s.ep.rosidl_typesupport_c.c
[0.961s] -- Up-to-date: /home/ivan/Webots_YOLOv8/install/ipm_interfaces/local/lib/python3.10/dist-packages/ipm_interfaces/__init__.py
[0.961s] -- Up-to-date: /home/ivan/Webots_YOLOv8/install/ipm_interfaces/local/lib/python3.10/dist-packages/ipm_interfaces/_ipm_interfaces_s.ep.rosidl_typesupport_fastrtps_c.c
[0.961s] -- Up-to-date: /home/ivan/Webots_YOLOv8/install/ipm_interfaces/local/lib/python3.10/dist-packages/ipm_interfaces/ipm_interfaces_s__rosidl_typesupport_c.cpython-310-x86_64-linux-gnu.so
[0.961s] -- Up-to-date: /home/ivan/Webots_YOLOv8/install/ipm_interfaces/local/lib/python3.10/dist-packages/ipm_interfaces/ipm_interfaces_s__rosidl_typesupport_introspection_c.cpython-310-x86_64-linux-gnu.so
[0.962s] -- Up-to-date: /home/ivan/Webots_YOLOv8/install/ipm_interfaces/local/lib/python3.10/dist-packages/ipm_interfaces/_ipm_interfaces_s.ep.rosidl_typesupport_introspection_c.c
[0.962s] -- Up-to-date: /home/ivan/Webots_YOLOv8/install/ipm_interfaces/local/lib/python3.10/dist-packages/ipm_interfaces/libipm_interfaces__rosidl_generator_py.so
[1.004s] Listing '/home/ivan/Webots_YOLOv8/install/ipm_interfaces/local/lib/python3.10/dist-packages/ipm_interfaces'...
[1.004s] Listing '/home/ivan/Webots_YOLOv8/install/ipm_interfaces/local/lib/python3.10/dist-packages/ipm_interfaces/srv'...
[1.019s] -- Up-to-date: /home/ivan/Webots_YOLOv8/install/ipm_interfaces/local/lib/python3.10/dist-packages/ipm_interfaces/ipm_interfaces_s__rosidl_typesupport_fastrtps_c.cpython-310-x86_64-linux-gnu.so
[1.021s] -- Up-to-date: /home/ivan/Webots_YOLOv8/install/ipm_interfaces/local/lib/python3.10/dist-packages/ipm_interfaces/ipm_interfaces_s__rosidl_typesupport_introspection_c.cpython-310-x86_64-linux-gnu.so
[1.022s] -- Up-to-date: /home/ivan/Webots_YOLOv8/install/ipm_interfaces/local/lib/python3.10/dist-packages/ipm_interfaces/ipm_interfaces_s__rosidl_typesupport_c.cpython-310-x86_64-linux-gnu.so
[1.023s] -- Up-to-date: /home/ivan/Webots_YOLOv8/install/ipm_interfaces/lib/libipm_interfaces__rosidl_generator_py.so
[1.023s] -- Up-to-date: /home/ivan/Webots_YOLOv8/install/ipm_interfaces/share/ipm_interfaces/srv/MapPoint.idl
[1.023s] -- Up-to-date: /home/ivan/Webots_YOLOv8/install/ipm_interfaces/share/ipm_interfaces/srv/MapPointCloud2.idl
[1.023s] -- Up-to-date: /home/ivan/Webots_YOLOv8/install/ipm_interfaces/share/ipm_interfaces/srv/MapPoint.srv
[1.023s] -- Up-to-date: /home/ivan/Webots_YOLOv8/install/ipm_interfaces/share/ipm_interfaces/srv/MapPoint_Request.msg
[1.023s] -- Up-to-date: /home/ivan/Webots_YOLOv8/install/ipm_interfaces/share/ipm_interfaces/srv/MapPoint_Response.msg
[1.024s] -- Up-to-date: /home/ivan/Webots_YOLOv8/install/ipm_interfaces/share/ipm_interfaces/srv/MapPointCloud2.srv
[1.024s] -- Up-to-date: /home/ivan/Webots_YOLOv8/install/ipm_interfaces/share/ipm_interfaces/srv/MapPointCloud2_Request.msg
[1.024s] -- Up-to-date: /home/ivan/Webots_YOLOv8/install/ipm_interfaces/share/ipm_interfaces/srv/MapPointCloud2_Response.msg
[1.024s] -- Up-to-date: /home/ivan/Webots_YOLOv8/install/ipm_interfaces/share/ament_index/resource_index/package_run_dependencies/ipm_interfaces
[1.024s] -- Up-to-date: /home/ivan/Webots_YOLOv8/install/ipm_interfaces/share/ament_index/resource_index/parent_prefix_path/ipm_interfaces
[1.025s] -- Up-to-date: /home/ivan/Webots_YOLOv8/install/ipm_interfaces/share/ipm_interfaces/environment/ament_prefix_path.sh
[1.025s] -- Up-to-date: /home/ivan/Webots_YOLOv8/install/ipm_interfaces/share/ipm_interfaces/environment/ament_prefix_path.dsv
[1.025s] -- Up-to-date: /home/ivan/Webots_YOLOv8/install/ipm_interfaces/share/ipm_interfaces/environment/path.sh
[1.025s] -- Up-to-date: /home/ivan/Webots_YOLOv8/install/ipm_interfaces/share/ipm_interfaces/environment/path.dsv
[1.025s] -- Up-to-date: /home/ivan/Webots_YOLOv8/install/ipm_interfaces/share/ipm_interfaces/local_setup.bash
[1.025s] -- Up-to-date: /home/ivan/Webots_YOLOv8/install/ipm_interfaces/share/ipm_interfaces/local_setup.sh
[1.025s] -- Up-to-date: /home/ivan/Webots_YOLOv8/install/ipm_interfaces/share/ipm_interfaces/local_setup.zsh
[1.025s] -- Up-to-date: /home/ivan/Webots_YOLOv8/install/ipm_interfaces/share/ipm_interfaces/local_setup.dsv
[1.025s] -- Installing: /home/ivan/Webots_YOLOv8/install/ipm_interfaces/share/ipm_interfaces/package.dsv
[1.026s] -- Up-to-date: /home/ivan/Webots_YOLOv8/install/ipm_interfaces/share/ament_index/resource_index/packages/ipm_interfaces
[1.027s] -- Up-to-date: /home/ivan/Webots_YOLOv8/install/ipm_interfaces/share/ipm_interfaces/cmake/export_ipm_interfaces__rosidl_generator_cExport.cmake
[1.027s] -- Up-to-date: /home/ivan/Webots_YOLOv8/install/ipm_interfaces/share/ipm_interfaces/cmake/export_ipm_interfaces__rosidl_generator_cExport-noconfig.cmake
[1.028s] -- Up-to-date: /home/ivan/Webots_YOLOv8/install/ipm_interfaces/share/ipm_interfaces/cmake/export_ipm_interfaces__rosidl_typesupport_fastrtps_cExport.cmake
[1.028s] -- Up-to-date: /home/ivan/Webots_YOLOv8/install/ipm_interfaces/share/ipm_interfaces/cmake/export_ipm_interfaces__rosidl_typesupport_fastrtps_cExport-noconfig.cmake
[1.028s] -- Up-to-date: /home/ivan/Webots_YOLOv8/install/ipm_interfaces/share/ipm_interfaces/cmake/export_ipm_interfaces__rosidl_generator_cppExport.cmake
[1.029s] -- Up-to-date: /home/ivan/Webots_YOLOv8/install/ipm_interfaces/share/ipm_interfaces/cmake/export_ipm_interfaces__rosidl_typesupport_fastrtps_cppExport.cmake
[1.029s] -- Up-to-date: /home/ivan/Webots_YOLOv8/install/ipm_interfaces/share/ipm_interfaces/cmake/export_ipm_interfaces__rosidl_typesupport_fastrtps_cppExport-noconfig.cmake
[1.029s] -- Up-to-date: /home/ivan/Webots_YOLOv8/install/ipm_interfaces/share/ipm_interfaces/cmake/ipm_interfaces__rosidl_typesupport_introspection_cExport.cmake
[1.030s] -- Up-to-date: /home/ivan/Webots_YOLOv8/install/ipm_interfaces/share/ipm_interfaces/cmake/ipm_interfaces__rosidl_typesupport_introspection_cExport-noconfig.cmake
[1.030s] -- Up-to-date: /home/ivan/Webots_YOLOv8/install/ipm_interfaces/share/ipm_interfaces/cmake/ipm_interfaces__rosidl_typesupport_cExport.cmake
[1.030s] -- Up-to-date: /home/ivan/Webots_YOLOv8/install/ipm_interfaces/share/ipm_interfaces/cmake/ipm_interfaces__rosidl_typesupport_cExport-noconfig.cmake
[1.031s] -- Up-to-date: /home/ivan/Webots_YOLOv8/install/ipm_interfaces/share/ipm_interfaces/cmake/ipm_interfaces__rosidl_typesupport_introspection_cppExport.cmake
[1.031s] -- Up-to-date: /home/ivan/Webots_YOLOv8/install/ipm_interfaces/share/ipm_interfaces/cmake/ipm_interfaces__rosidl_typesupport_introspection_cppExport-noconfig.cmake
[1.031s] -- Up-to-date: /home/ivan/Webots_YOLOv8/install/ipm_interfaces/share/ipm_interfaces/cmake/ipm_interfaces__rosidl_typesupport_cppExport.cmake
[1.031s] -- Up-to-date: /home/ivan/Webots_YOLOv8/install/ipm_interfaces/share/ipm_interfaces/cmake/ipm_interfaces__rosidl_typesupport_cppExport-noconfig.cmake
[1.032s] -- Up-to-date: /home/ivan/Webots_YOLOv8/install/ipm_interfaces/share/ipm_interfaces/cmake/export_ipm_interfaces__rosidl_generator_pyExport.cmake
[1.032s] -- Up-to-date: /home/ivan/Webots_YOLOv8/install/ipm_interfaces/share/ipm_interfaces/cmake/export_ipm_interfaces__rosidl_generator_pyExport-noconfig.cmake
[1.032s] -- Up-to-date: /home/ivan/Webots_YOLOv8/install/ipm_interfaces/share/ipm_interfaces/cmake/rosidl_cmake-extras.cmake
[1.032s] -- Up-to-date: /home/ivan/Webots_YOLOv8/install/ipm_interfaces/share/ipm_interfaces/cmake/ament_cmake_export_dependencies-extras.cmake
[1.032s] -- Up-to-date: /home/ivan/Webots_YOLOv8/install/ipm_interfaces/share/ipm_interfaces/cmake/ament_cmake_export_include_directories-extras.cmake
[1.033s] -- Up-to-date: /home/ivan/Webots_YOLOv8/install/ipm_interfaces/share/ipm_interfaces/cmake/ament_cmake_export_libraries-extras.cmake
[1.033s] -- Up-to-date: /home/ivan/Webots_YOLOv8/install/ipm_interfaces/share/ipm_interfaces/cmake/ament_cmake_export_targets-extras.cmake
[1.033s] -- Up-to-date: /home/ivan/Webots_YOLOv8/install/ipm_interfaces/share/ipm_interfaces/cmake/rosidl_cmake_export_typesupport_targets-extras.cmake
[1.033s] -- Up-to-date: /home/ivan/Webots_YOLOv8/install/ipm_interfaces/share/ipm_interfaces/cmake/rosidl_cmake_export_typesupport_libraries-extras.cmake
[1.033s] -- Up-to-date: /home/ivan/Webots_YOLOv8/install/ipm_interfaces/share/ipm_interfaces/cmake/ipm_interfacesConfig.cmake
[1.033s] -- Up-to-date: /home/ivan/Webots_YOLOv8/install/ipm_interfaces/share/ipm_interfaces/cmake/ipm_interfacesConfig-version.cmake
[1.033s] -- Up-to-date: /home/ivan/Webots_YOLOv8/install/ipm_interfaces/share/ipm_interfaces/package.xml
[1.038s] Invoked command in '/home/ivan/Webots_YOLOv8/build/ipm_interfaces' returned '0': CMAKE_PREFIX_PATH=${CMAKE_PREFIX_PATH}:/home/ivan/Webots_YOLOv8/install/Webots_YOLOv8:/home/ivan/Webots_YOLOv8/install/soccer_ipm:/home/ivan/Webots_YOLOv8/install/my_package:/home/ivan/Webots_YOLOv8/install/ipm_service:/home/ivan/Webots_YOLOv8/install/ipm_image_node:/home/ivan/Webots_YOLOv8/install/ipm_library:/opt/ros/humble /usr/bin/cmake --install /home/ivan/Webots_YOLOv8/build/ipm_interfaces
