[0.046s] Invoking command in '/home/ivan/Webots_YOLOv8/build/soccer_geometry_msgs': CMAKE_PREFIX_PATH=${CMAKE_PREFIX_PATH}:/home/ivan/Webots_YOLOv8/install/Webots_YOLOv8:/home/ivan/Webots_YOLOv8/install/soccer_ipm:/home/ivan/Webots_YOLOv8/install/my_package:/home/ivan/Webots_YOLOv8/install/ipm_service:/home/ivan/Webots_YOLOv8/install/ipm_image_node:/home/ivan/Webots_YOLOv8/install/ipm_library:/opt/ros/humble /usr/bin/cmake --build /home/ivan/Webots_YOLOv8/build/soccer_geometry_msgs -- -j12 -l12
[0.195s] [35m[1mConsolidate compiler generated dependencies of target soccer_geometry_msgs__rosidl_generator_c[0m
[0.210s] [  3%] Built target soccer_geometry_msgs__cpp
[0.254s] [35m[1mConsolidate compiler generated dependencies of target soccer_geometry_msgs__rosidl_typesupport_cpp[0m
[0.262s] [ 12%] Built target soccer_geometry_msgs__rosidl_generator_c
[0.262s] [35m[1mConsolidate compiler generated dependencies of target soccer_geometry_msgs__rosidl_typesupport_introspection_cpp[0m
[0.264s] [ 12%] Built target ament_cmake_python_copy_soccer_geometry_msgs
[0.270s] [35m[1mConsolidate compiler generated dependencies of target soccer_geometry_msgs__rosidl_typesupport_fastrtps_cpp[0m
[0.306s] [35m[1mConsolidate compiler generated dependencies of target soccer_geometry_msgs__rosidl_typesupport_introspection_c[0m
[0.311s] [35m[1mConsolidate compiler generated dependencies of target soccer_geometry_msgs__rosidl_typesupport_c[0m
[0.318s] [35m[1mConsolidate compiler generated dependencies of target soccer_geometry_msgs__rosidl_typesupport_fastrtps_c[0m
[0.337s] [ 22%] Built target soccer_geometry_msgs__rosidl_typesupport_introspection_cpp
[0.346s] [ 32%] Built target soccer_geometry_msgs__rosidl_typesupport_cpp
[0.348s] [ 41%] Built target soccer_geometry_msgs__rosidl_typesupport_fastrtps_cpp
[0.353s] [ 51%] Built target soccer_geometry_msgs__rosidl_typesupport_c
[0.355s] [ 61%] Built target soccer_geometry_msgs__rosidl_typesupport_introspection_c
[0.371s] [ 70%] Built target soccer_geometry_msgs__rosidl_typesupport_fastrtps_c
[0.412s] [ 70%] Built target soccer_geometry_msgs
[0.456s] [ 74%] Built target soccer_geometry_msgs__py
[0.482s] [35m[1mConsolidate compiler generated dependencies of target soccer_geometry_msgs__rosidl_generator_py[0m
[0.526s] [ 80%] Built target soccer_geometry_msgs__rosidl_generator_py
[0.559s] [35m[1mConsolidate compiler generated dependencies of target soccer_geometry_msgs__rosidl_typesupport_fastrtps_c__pyext[0m
[0.566s] [35m[1mConsolidate compiler generated dependencies of target soccer_geometry_msgs__rosidl_typesupport_introspection_c__pyext[0m
[0.582s] [35m[1mConsolidate compiler generated dependencies of target soccer_geometry_msgs__rosidl_typesupport_c__pyext[0m
[0.598s] [ 87%] Built target soccer_geometry_msgs__rosidl_typesupport_fastrtps_c__pyext
[0.616s] [ 93%] Built target soccer_geometry_msgs__rosidl_typesupport_introspection_c__pyext
[0.629s] [100%] Built target soccer_geometry_msgs__rosidl_typesupport_c__pyext
[0.827s] running egg_info
[0.828s] writing soccer_geometry_msgs.egg-info/PKG-INFO
[0.829s] writing dependency_links to soccer_geometry_msgs.egg-info/dependency_links.txt
[0.829s] writing top-level names to soccer_geometry_msgs.egg-info/top_level.txt
[0.833s] reading manifest file 'soccer_geometry_msgs.egg-info/SOURCES.txt'
[0.834s] writing manifest file 'soccer_geometry_msgs.egg-info/SOURCES.txt'
[0.891s] [100%] Built target ament_cmake_python_build_soccer_geometry_msgs_egg
[0.919s] Invoked command in '/home/ivan/Webots_YOLOv8/build/soccer_geometry_msgs' returned '0': CMAKE_PREFIX_PATH=${CMAKE_PREFIX_PATH}:/home/ivan/Webots_YOLOv8/install/Webots_YOLOv8:/home/ivan/Webots_YOLOv8/install/soccer_ipm:/home/ivan/Webots_YOLOv8/install/my_package:/home/ivan/Webots_YOLOv8/install/ipm_service:/home/ivan/Webots_YOLOv8/install/ipm_image_node:/home/ivan/Webots_YOLOv8/install/ipm_library:/opt/ros/humble /usr/bin/cmake --build /home/ivan/Webots_YOLOv8/build/soccer_geometry_msgs -- -j12 -l12
[0.923s] Invoking command in '/home/ivan/Webots_YOLOv8/build/soccer_geometry_msgs': CMAKE_PREFIX_PATH=${CMAKE_PREFIX_PATH}:/home/ivan/Webots_YOLOv8/install/Webots_YOLOv8:/home/ivan/Webots_YOLOv8/install/soccer_ipm:/home/ivan/Webots_YOLOv8/install/my_package:/home/ivan/Webots_YOLOv8/install/ipm_service:/home/ivan/Webots_YOLOv8/install/ipm_image_node:/home/ivan/Webots_YOLOv8/install/ipm_library:/opt/ros/humble /usr/bin/cmake --install /home/ivan/Webots_YOLOv8/build/soccer_geometry_msgs
[0.945s] -- Install configuration: ""
[0.945s] -- Up-to-date: /home/ivan/Webots_YOLOv8/install/soccer_geometry_msgs/share/ament_index/resource_index/rosidl_interfaces/soccer_geometry_msgs
[0.950s] -- Up-to-date: /home/ivan/Webots_YOLOv8/install/soccer_geometry_msgs/include/soccer_geometry_msgs/soccer_geometry_msgs
[0.951s] -- Up-to-date: /home/ivan/Webots_YOLOv8/install/soccer_geometry_msgs/include/soccer_geometry_msgs/soccer_geometry_msgs/msg
[0.951s] -- Up-to-date: /home/ivan/Webots_YOLOv8/install/soccer_geometry_msgs/include/soccer_geometry_msgs/soccer_geometry_msgs/msg/detail
[0.951s] -- Up-to-date: /home/ivan/Webots_YOLOv8/install/soccer_geometry_msgs/include/soccer_geometry_msgs/soccer_geometry_msgs/msg/detail/point_with_covariance__struct.h
[0.951s] -- Up-to-date: /home/ivan/Webots_YOLOv8/install/soccer_geometry_msgs/include/soccer_geometry_msgs/soccer_geometry_msgs/msg/detail/point_with_covariance__type_support.h
[0.951s] -- Up-to-date: /home/ivan/Webots_YOLOv8/install/soccer_geometry_msgs/include/soccer_geometry_msgs/soccer_geometry_msgs/msg/detail/point_with_covariance__functions.c
[0.952s] -- Up-to-date: /home/ivan/Webots_YOLOv8/install/soccer_geometry_msgs/include/soccer_geometry_msgs/soccer_geometry_msgs/msg/detail/point_with_covariance__functions.h
[0.952s] -- Up-to-date: /home/ivan/Webots_YOLOv8/install/soccer_geometry_msgs/include/soccer_geometry_msgs/soccer_geometry_msgs/msg/rosidl_generator_c__visibility_control.h
[0.952s] -- Up-to-date: /home/ivan/Webots_YOLOv8/install/soccer_geometry_msgs/include/soccer_geometry_msgs/soccer_geometry_msgs/msg/point_with_covariance.h
[0.952s] -- Up-to-date: /home/ivan/Webots_YOLOv8/install/soccer_geometry_msgs/share/soccer_geometry_msgs/environment/library_path.sh
[0.952s] -- Up-to-date: /home/ivan/Webots_YOLOv8/install/soccer_geometry_msgs/share/soccer_geometry_msgs/environment/library_path.dsv
[0.952s] -- Up-to-date: /home/ivan/Webots_YOLOv8/install/soccer_geometry_msgs/lib/libsoccer_geometry_msgs__rosidl_generator_c.so
[0.953s] -- Up-to-date: /home/ivan/Webots_YOLOv8/install/soccer_geometry_msgs/include/soccer_geometry_msgs/soccer_geometry_msgs
[0.954s] -- Up-to-date: /home/ivan/Webots_YOLOv8/install/soccer_geometry_msgs/include/soccer_geometry_msgs/soccer_geometry_msgs/msg
[0.954s] -- Up-to-date: /home/ivan/Webots_YOLOv8/install/soccer_geometry_msgs/include/soccer_geometry_msgs/soccer_geometry_msgs/msg/detail
[0.954s] -- Up-to-date: /home/ivan/Webots_YOLOv8/install/soccer_geometry_msgs/include/soccer_geometry_msgs/soccer_geometry_msgs/msg/detail/point_with_covariance__rosidl_typesupport_fastrtps_c.h
[0.954s] -- Up-to-date: /home/ivan/Webots_YOLOv8/install/soccer_geometry_msgs/include/soccer_geometry_msgs/soccer_geometry_msgs/msg/rosidl_typesupport_fastrtps_c__visibility_control.h
[0.956s] -- Up-to-date: /home/ivan/Webots_YOLOv8/install/soccer_geometry_msgs/lib/libsoccer_geometry_msgs__rosidl_typesupport_fastrtps_c.so
[0.956s] -- Up-to-date: /home/ivan/Webots_YOLOv8/install/soccer_geometry_msgs/include/soccer_geometry_msgs/soccer_geometry_msgs
[0.956s] -- Up-to-date: /home/ivan/Webots_YOLOv8/install/soccer_geometry_msgs/include/soccer_geometry_msgs/soccer_geometry_msgs/msg
[0.956s] -- Up-to-date: /home/ivan/Webots_YOLOv8/install/soccer_geometry_msgs/include/soccer_geometry_msgs/soccer_geometry_msgs/msg/detail
[0.956s] -- Up-to-date: /home/ivan/Webots_YOLOv8/install/soccer_geometry_msgs/include/soccer_geometry_msgs/soccer_geometry_msgs/msg/detail/point_with_covariance__traits.hpp
[0.956s] -- Up-to-date: /home/ivan/Webots_YOLOv8/install/soccer_geometry_msgs/include/soccer_geometry_msgs/soccer_geometry_msgs/msg/detail/point_with_covariance__type_support.hpp
[0.956s] -- Up-to-date: /home/ivan/Webots_YOLOv8/install/soccer_geometry_msgs/include/soccer_geometry_msgs/soccer_geometry_msgs/msg/detail/point_with_covariance__struct.hpp
[0.956s] -- Up-to-date: /home/ivan/Webots_YOLOv8/install/soccer_geometry_msgs/include/soccer_geometry_msgs/soccer_geometry_msgs/msg/detail/point_with_covariance__builder.hpp
[0.956s] -- Up-to-date: /home/ivan/Webots_YOLOv8/install/soccer_geometry_msgs/include/soccer_geometry_msgs/soccer_geometry_msgs/msg/rosidl_generator_cpp__visibility_control.hpp
[0.956s] -- Up-to-date: /home/ivan/Webots_YOLOv8/install/soccer_geometry_msgs/include/soccer_geometry_msgs/soccer_geometry_msgs/msg/point_with_covariance.hpp
[0.956s] -- Up-to-date: /home/ivan/Webots_YOLOv8/install/soccer_geometry_msgs/include/soccer_geometry_msgs/soccer_geometry_msgs
[0.956s] -- Up-to-date: /home/ivan/Webots_YOLOv8/install/soccer_geometry_msgs/include/soccer_geometry_msgs/soccer_geometry_msgs/msg
[0.956s] -- Up-to-date: /home/ivan/Webots_YOLOv8/install/soccer_geometry_msgs/include/soccer_geometry_msgs/soccer_geometry_msgs/msg/detail
[0.957s] -- Up-to-date: /home/ivan/Webots_YOLOv8/install/soccer_geometry_msgs/include/soccer_geometry_msgs/soccer_geometry_msgs/msg/detail/dds_fastrtps
[0.957s] -- Up-to-date: /home/ivan/Webots_YOLOv8/install/soccer_geometry_msgs/include/soccer_geometry_msgs/soccer_geometry_msgs/msg/detail/point_with_covariance__rosidl_typesupport_fastrtps_cpp.hpp
[0.957s] -- Up-to-date: /home/ivan/Webots_YOLOv8/install/soccer_geometry_msgs/include/soccer_geometry_msgs/soccer_geometry_msgs/msg/rosidl_typesupport_fastrtps_cpp__visibility_control.h
[0.957s] -- Up-to-date: /home/ivan/Webots_YOLOv8/install/soccer_geometry_msgs/lib/libsoccer_geometry_msgs__rosidl_typesupport_fastrtps_cpp.so
[0.958s] -- Up-to-date: /home/ivan/Webots_YOLOv8/install/soccer_geometry_msgs/include/soccer_geometry_msgs/soccer_geometry_msgs
[0.958s] -- Up-to-date: /home/ivan/Webots_YOLOv8/install/soccer_geometry_msgs/include/soccer_geometry_msgs/soccer_geometry_msgs/msg
[0.958s] -- Up-to-date: /home/ivan/Webots_YOLOv8/install/soccer_geometry_msgs/include/soccer_geometry_msgs/soccer_geometry_msgs/msg/detail
[0.958s] -- Up-to-date: /home/ivan/Webots_YOLOv8/install/soccer_geometry_msgs/include/soccer_geometry_msgs/soccer_geometry_msgs/msg/detail/point_with_covariance__rosidl_typesupport_introspection_c.h
[0.958s] -- Up-to-date: /home/ivan/Webots_YOLOv8/install/soccer_geometry_msgs/include/soccer_geometry_msgs/soccer_geometry_msgs/msg/detail/point_with_covariance__type_support.c
[0.958s] -- Up-to-date: /home/ivan/Webots_YOLOv8/install/soccer_geometry_msgs/include/soccer_geometry_msgs/soccer_geometry_msgs/msg/rosidl_typesupport_introspection_c__visibility_control.h
[0.959s] -- Up-to-date: /home/ivan/Webots_YOLOv8/install/soccer_geometry_msgs/lib/libsoccer_geometry_msgs__rosidl_typesupport_introspection_c.so
[0.959s] -- Up-to-date: /home/ivan/Webots_YOLOv8/install/soccer_geometry_msgs/lib/libsoccer_geometry_msgs__rosidl_typesupport_c.so
[0.960s] -- Up-to-date: /home/ivan/Webots_YOLOv8/install/soccer_geometry_msgs/include/soccer_geometry_msgs/soccer_geometry_msgs
[0.960s] -- Up-to-date: /home/ivan/Webots_YOLOv8/install/soccer_geometry_msgs/include/soccer_geometry_msgs/soccer_geometry_msgs/msg
[0.960s] -- Up-to-date: /home/ivan/Webots_YOLOv8/install/soccer_geometry_msgs/include/soccer_geometry_msgs/soccer_geometry_msgs/msg/detail
[0.960s] -- Up-to-date: /home/ivan/Webots_YOLOv8/install/soccer_geometry_msgs/include/soccer_geometry_msgs/soccer_geometry_msgs/msg/detail/point_with_covariance__type_support.cpp
[0.960s] -- Up-to-date: /home/ivan/Webots_YOLOv8/install/soccer_geometry_msgs/include/soccer_geometry_msgs/soccer_geometry_msgs/msg/detail/point_with_covariance__rosidl_typesupport_introspection_cpp.hpp
[0.960s] -- Up-to-date: /home/ivan/Webots_YOLOv8/install/soccer_geometry_msgs/lib/libsoccer_geometry_msgs__rosidl_typesupport_introspection_cpp.so
[0.960s] -- Up-to-date: /home/ivan/Webots_YOLOv8/install/soccer_geometry_msgs/lib/libsoccer_geometry_msgs__rosidl_typesupport_cpp.so
[0.960s] -- Up-to-date: /home/ivan/Webots_YOLOv8/install/soccer_geometry_msgs/share/soccer_geometry_msgs/environment/pythonpath.sh
[0.960s] -- Up-to-date: /home/ivan/Webots_YOLOv8/install/soccer_geometry_msgs/share/soccer_geometry_msgs/environment/pythonpath.dsv
[0.960s] -- Up-to-date: /home/ivan/Webots_YOLOv8/install/soccer_geometry_msgs/local/lib/python3.10/dist-packages/soccer_geometry_msgs-1.0.0-py3.10.egg-info
[0.960s] -- Installing: /home/ivan/Webots_YOLOv8/install/soccer_geometry_msgs/local/lib/python3.10/dist-packages/soccer_geometry_msgs-1.0.0-py3.10.egg-info/top_level.txt
[0.960s] -- Installing: /home/ivan/Webots_YOLOv8/install/soccer_geometry_msgs/local/lib/python3.10/dist-packages/soccer_geometry_msgs-1.0.0-py3.10.egg-info/dependency_links.txt
[0.960s] -- Installing: /home/ivan/Webots_YOLOv8/install/soccer_geometry_msgs/local/lib/python3.10/dist-packages/soccer_geometry_msgs-1.0.0-py3.10.egg-info/SOURCES.txt
[0.960s] -- Installing: /home/ivan/Webots_YOLOv8/install/soccer_geometry_msgs/local/lib/python3.10/dist-packages/soccer_geometry_msgs-1.0.0-py3.10.egg-info/PKG-INFO
[0.961s] -- Up-to-date: /home/ivan/Webots_YOLOv8/install/soccer_geometry_msgs/local/lib/python3.10/dist-packages/soccer_geometry_msgs
[0.961s] -- Up-to-date: /home/ivan/Webots_YOLOv8/install/soccer_geometry_msgs/local/lib/python3.10/dist-packages/soccer_geometry_msgs/libsoccer_geometry_msgs__rosidl_generator_py.so
[0.961s] -- Up-to-date: /home/ivan/Webots_YOLOv8/install/soccer_geometry_msgs/local/lib/python3.10/dist-packages/soccer_geometry_msgs/_soccer_geometry_msgs_s.ep.rosidl_typesupport_introspection_c.c
[0.961s] -- Up-to-date: /home/ivan/Webots_YOLOv8/install/soccer_geometry_msgs/local/lib/python3.10/dist-packages/soccer_geometry_msgs/soccer_geometry_msgs_s__rosidl_typesupport_introspection_c.cpython-310-x86_64-linux-gnu.so
[0.961s] -- Up-to-date: /home/ivan/Webots_YOLOv8/install/soccer_geometry_msgs/local/lib/python3.10/dist-packages/soccer_geometry_msgs/msg
[0.961s] -- Up-to-date: /home/ivan/Webots_YOLOv8/install/soccer_geometry_msgs/local/lib/python3.10/dist-packages/soccer_geometry_msgs/msg/_point_with_covariance_s.c
[0.961s] -- Up-to-date: /home/ivan/Webots_YOLOv8/install/soccer_geometry_msgs/local/lib/python3.10/dist-packages/soccer_geometry_msgs/msg/_point_with_covariance.py
[0.961s] -- Up-to-date: /home/ivan/Webots_YOLOv8/install/soccer_geometry_msgs/local/lib/python3.10/dist-packages/soccer_geometry_msgs/msg/__init__.py
[0.961s] -- Up-to-date: /home/ivan/Webots_YOLOv8/install/soccer_geometry_msgs/local/lib/python3.10/dist-packages/soccer_geometry_msgs/_soccer_geometry_msgs_s.ep.rosidl_typesupport_c.c
[0.961s] -- Up-to-date: /home/ivan/Webots_YOLOv8/install/soccer_geometry_msgs/local/lib/python3.10/dist-packages/soccer_geometry_msgs/soccer_geometry_msgs_s__rosidl_typesupport_fastrtps_c.cpython-310-x86_64-linux-gnu.so
[0.961s] -- Up-to-date: /home/ivan/Webots_YOLOv8/install/soccer_geometry_msgs/local/lib/python3.10/dist-packages/soccer_geometry_msgs/_soccer_geometry_msgs_s.ep.rosidl_typesupport_fastrtps_c.c
[0.961s] -- Up-to-date: /home/ivan/Webots_YOLOv8/install/soccer_geometry_msgs/local/lib/python3.10/dist-packages/soccer_geometry_msgs/__init__.py
[0.961s] -- Up-to-date: /home/ivan/Webots_YOLOv8/install/soccer_geometry_msgs/local/lib/python3.10/dist-packages/soccer_geometry_msgs/soccer_geometry_msgs_s__rosidl_typesupport_c.cpython-310-x86_64-linux-gnu.so
[1.029s] Listing '/home/ivan/Webots_YOLOv8/install/soccer_geometry_msgs/local/lib/python3.10/dist-packages/soccer_geometry_msgs'...
[1.029s] Listing '/home/ivan/Webots_YOLOv8/install/soccer_geometry_msgs/local/lib/python3.10/dist-packages/soccer_geometry_msgs/msg'...
[1.044s] -- Up-to-date: /home/ivan/Webots_YOLOv8/install/soccer_geometry_msgs/local/lib/python3.10/dist-packages/soccer_geometry_msgs/soccer_geometry_msgs_s__rosidl_typesupport_fastrtps_c.cpython-310-x86_64-linux-gnu.so
[1.044s] -- Up-to-date: /home/ivan/Webots_YOLOv8/install/soccer_geometry_msgs/local/lib/python3.10/dist-packages/soccer_geometry_msgs/soccer_geometry_msgs_s__rosidl_typesupport_introspection_c.cpython-310-x86_64-linux-gnu.so
[1.048s] -- Up-to-date: /home/ivan/Webots_YOLOv8/install/soccer_geometry_msgs/local/lib/python3.10/dist-packages/soccer_geometry_msgs/soccer_geometry_msgs_s__rosidl_typesupport_c.cpython-310-x86_64-linux-gnu.so
[1.048s] -- Up-to-date: /home/ivan/Webots_YOLOv8/install/soccer_geometry_msgs/lib/libsoccer_geometry_msgs__rosidl_generator_py.so
[1.048s] -- Up-to-date: /home/ivan/Webots_YOLOv8/install/soccer_geometry_msgs/share/soccer_geometry_msgs/msg/PointWithCovariance.idl
[1.049s] -- Up-to-date: /home/ivan/Webots_YOLOv8/install/soccer_geometry_msgs/share/soccer_geometry_msgs/msg/PointWithCovariance.msg
[1.049s] -- Up-to-date: /home/ivan/Webots_YOLOv8/install/soccer_geometry_msgs/share/ament_index/resource_index/package_run_dependencies/soccer_geometry_msgs
[1.049s] -- Up-to-date: /home/ivan/Webots_YOLOv8/install/soccer_geometry_msgs/share/ament_index/resource_index/parent_prefix_path/soccer_geometry_msgs
[1.049s] -- Up-to-date: /home/ivan/Webots_YOLOv8/install/soccer_geometry_msgs/share/soccer_geometry_msgs/environment/ament_prefix_path.sh
[1.049s] -- Up-to-date: /home/ivan/Webots_YOLOv8/install/soccer_geometry_msgs/share/soccer_geometry_msgs/environment/ament_prefix_path.dsv
[1.050s] -- Up-to-date: /home/ivan/Webots_YOLOv8/install/soccer_geometry_msgs/share/soccer_geometry_msgs/environment/path.sh
[1.050s] -- Up-to-date: /home/ivan/Webots_YOLOv8/install/soccer_geometry_msgs/share/soccer_geometry_msgs/environment/path.dsv
[1.050s] -- Up-to-date: /home/ivan/Webots_YOLOv8/install/soccer_geometry_msgs/share/soccer_geometry_msgs/local_setup.bash
[1.050s] -- Up-to-date: /home/ivan/Webots_YOLOv8/install/soccer_geometry_msgs/share/soccer_geometry_msgs/local_setup.sh
[1.050s] -- Up-to-date: /home/ivan/Webots_YOLOv8/install/soccer_geometry_msgs/share/soccer_geometry_msgs/local_setup.zsh
[1.050s] -- Up-to-date: /home/ivan/Webots_YOLOv8/install/soccer_geometry_msgs/share/soccer_geometry_msgs/local_setup.dsv
[1.051s] -- Installing: /home/ivan/Webots_YOLOv8/install/soccer_geometry_msgs/share/soccer_geometry_msgs/package.dsv
[1.051s] -- Up-to-date: /home/ivan/Webots_YOLOv8/install/soccer_geometry_msgs/share/ament_index/resource_index/packages/soccer_geometry_msgs
[1.053s] -- Up-to-date: /home/ivan/Webots_YOLOv8/install/soccer_geometry_msgs/share/soccer_geometry_msgs/cmake/export_soccer_geometry_msgs__rosidl_generator_cExport.cmake
[1.053s] -- Up-to-date: /home/ivan/Webots_YOLOv8/install/soccer_geometry_msgs/share/soccer_geometry_msgs/cmake/export_soccer_geometry_msgs__rosidl_generator_cExport-noconfig.cmake
[1.053s] -- Up-to-date: /home/ivan/Webots_YOLOv8/install/soccer_geometry_msgs/share/soccer_geometry_msgs/cmake/export_soccer_geometry_msgs__rosidl_typesupport_fastrtps_cExport.cmake
[1.053s] -- Up-to-date: /home/ivan/Webots_YOLOv8/install/soccer_geometry_msgs/share/soccer_geometry_msgs/cmake/export_soccer_geometry_msgs__rosidl_typesupport_fastrtps_cExport-noconfig.cmake
[1.055s] -- Up-to-date: /home/ivan/Webots_YOLOv8/install/soccer_geometry_msgs/share/soccer_geometry_msgs/cmake/export_soccer_geometry_msgs__rosidl_generator_cppExport.cmake
[1.055s] -- Up-to-date: /home/ivan/Webots_YOLOv8/install/soccer_geometry_msgs/share/soccer_geometry_msgs/cmake/export_soccer_geometry_msgs__rosidl_typesupport_fastrtps_cppExport.cmake
[1.055s] -- Up-to-date: /home/ivan/Webots_YOLOv8/install/soccer_geometry_msgs/share/soccer_geometry_msgs/cmake/export_soccer_geometry_msgs__rosidl_typesupport_fastrtps_cppExport-noconfig.cmake
[1.055s] -- Up-to-date: /home/ivan/Webots_YOLOv8/install/soccer_geometry_msgs/share/soccer_geometry_msgs/cmake/soccer_geometry_msgs__rosidl_typesupport_introspection_cExport.cmake
[1.056s] -- Up-to-date: /home/ivan/Webots_YOLOv8/install/soccer_geometry_msgs/share/soccer_geometry_msgs/cmake/soccer_geometry_msgs__rosidl_typesupport_introspection_cExport-noconfig.cmake
[1.056s] -- Up-to-date: /home/ivan/Webots_YOLOv8/install/soccer_geometry_msgs/share/soccer_geometry_msgs/cmake/soccer_geometry_msgs__rosidl_typesupport_cExport.cmake
[1.056s] -- Up-to-date: /home/ivan/Webots_YOLOv8/install/soccer_geometry_msgs/share/soccer_geometry_msgs/cmake/soccer_geometry_msgs__rosidl_typesupport_cExport-noconfig.cmake
[1.056s] -- Up-to-date: /home/ivan/Webots_YOLOv8/install/soccer_geometry_msgs/share/soccer_geometry_msgs/cmake/soccer_geometry_msgs__rosidl_typesupport_introspection_cppExport.cmake
[1.056s] -- Up-to-date: /home/ivan/Webots_YOLOv8/install/soccer_geometry_msgs/share/soccer_geometry_msgs/cmake/soccer_geometry_msgs__rosidl_typesupport_introspection_cppExport-noconfig.cmake
[1.056s] -- Up-to-date: /home/ivan/Webots_YOLOv8/install/soccer_geometry_msgs/share/soccer_geometry_msgs/cmake/soccer_geometry_msgs__rosidl_typesupport_cppExport.cmake
[1.057s] -- Up-to-date: /home/ivan/Webots_YOLOv8/install/soccer_geometry_msgs/share/soccer_geometry_msgs/cmake/soccer_geometry_msgs__rosidl_typesupport_cppExport-noconfig.cmake
[1.057s] -- Up-to-date: /home/ivan/Webots_YOLOv8/install/soccer_geometry_msgs/share/soccer_geometry_msgs/cmake/export_soccer_geometry_msgs__rosidl_generator_pyExport.cmake
[1.057s] -- Up-to-date: /home/ivan/Webots_YOLOv8/install/soccer_geometry_msgs/share/soccer_geometry_msgs/cmake/export_soccer_geometry_msgs__rosidl_generator_pyExport-noconfig.cmake
[1.057s] -- Up-to-date: /home/ivan/Webots_YOLOv8/install/soccer_geometry_msgs/share/soccer_geometry_msgs/cmake/rosidl_cmake-extras.cmake
[1.057s] -- Up-to-date: /home/ivan/Webots_YOLOv8/install/soccer_geometry_msgs/share/soccer_geometry_msgs/cmake/ament_cmake_export_dependencies-extras.cmake
[1.057s] -- Up-to-date: /home/ivan/Webots_YOLOv8/install/soccer_geometry_msgs/share/soccer_geometry_msgs/cmake/ament_cmake_export_include_directories-extras.cmake
[1.058s] -- Up-to-date: /home/ivan/Webots_YOLOv8/install/soccer_geometry_msgs/share/soccer_geometry_msgs/cmake/ament_cmake_export_libraries-extras.cmake
[1.059s] -- Up-to-date: /home/ivan/Webots_YOLOv8/install/soccer_geometry_msgs/share/soccer_geometry_msgs/cmake/ament_cmake_export_targets-extras.cmake
[1.059s] -- Up-to-date: /home/ivan/Webots_YOLOv8/install/soccer_geometry_msgs/share/soccer_geometry_msgs/cmake/rosidl_cmake_export_typesupport_targets-extras.cmake
[1.059s] -- Up-to-date: /home/ivan/Webots_YOLOv8/install/soccer_geometry_msgs/share/soccer_geometry_msgs/cmake/rosidl_cmake_export_typesupport_libraries-extras.cmake
[1.059s] -- Up-to-date: /home/ivan/Webots_YOLOv8/install/soccer_geometry_msgs/share/soccer_geometry_msgs/cmake/soccer_geometry_msgsConfig.cmake
[1.059s] -- Up-to-date: /home/ivan/Webots_YOLOv8/install/soccer_geometry_msgs/share/soccer_geometry_msgs/cmake/soccer_geometry_msgsConfig-version.cmake
[1.059s] -- Up-to-date: /home/ivan/Webots_YOLOv8/install/soccer_geometry_msgs/share/soccer_geometry_msgs/package.xml
[1.149s] Invoked command in '/home/ivan/Webots_YOLOv8/build/soccer_geometry_msgs' returned '0': CMAKE_PREFIX_PATH=${CMAKE_PREFIX_PATH}:/home/ivan/Webots_YOLOv8/install/Webots_YOLOv8:/home/ivan/Webots_YOLOv8/install/soccer_ipm:/home/ivan/Webots_YOLOv8/install/my_package:/home/ivan/Webots_YOLOv8/install/ipm_service:/home/ivan/Webots_YOLOv8/install/ipm_image_node:/home/ivan/Webots_YOLOv8/install/ipm_library:/opt/ros/humble /usr/bin/cmake --install /home/ivan/Webots_YOLOv8/build/soccer_geometry_msgs
