[0.050s] Invoking command in '/home/ivan/Webots_YOLOv8/build/ipm_interfaces': CMAKE_PREFIX_PATH=${CMAKE_PREFIX_PATH}:/home/ivan/Webots_YOLOv8/install/soccer_ipm:/home/ivan/Webots_YOLOv8/install/Webots_YOLOv8:/home/ivan/Webots_YOLOv8/install/my_package:/home/ivan/Webots_YOLOv8/install/ipm_service:/home/ivan/Webots_YOLOv8/install/ipm_image_node:/home/ivan/Webots_YOLOv8/install/ipm_library:/home/ivan/ros2_ws/install/object_finder_onnx:/home/ivan/ros2_ws/install/object_finder:/home/ivan/ros2_ws/install/my_package:/home/ivan/ros2_ws/install/Webots_YOLOv8:/opt/ros/humble /usr/bin/cmake --build /home/ivan/Webots_YOLOv8/build/ipm_interfaces -- -j12 -l12
[0.152s] [35m[1mConsolidate compiler generated dependencies of target ipm_interfaces__rosidl_generator_c[0m
[0.182s] [  2%] Built target ipm_interfaces__cpp
[0.192s] [ 12%] Built target ipm_interfaces__rosidl_generator_c
[0.236s] [35m[1mConsolidate compiler generated dependencies of target ipm_interfaces__rosidl_typesupport_fastrtps_cpp[0m
[0.238s] [ 12%] Built target ament_cmake_python_copy_ipm_interfaces
[0.242s] [35m[1mConsolidate compiler generated dependencies of target ipm_interfaces__rosidl_typesupport_cpp[0m
[0.249s] [35m[1mConsolidate compiler generated dependencies of target ipm_interfaces__rosidl_typesupport_introspection_cpp[0m
[0.289s] [35m[1mConsolidate compiler generated dependencies of target ipm_interfaces__rosidl_typesupport_fastrtps_c[0m
[0.291s] [ 23%] Built target ipm_interfaces__rosidl_typesupport_fastrtps_cpp
[0.298s] [35m[1mConsolidate compiler generated dependencies of target ipm_interfaces__rosidl_typesupport_c[0m
[0.298s] [35m[1mConsolidate compiler generated dependencies of target ipm_interfaces__rosidl_typesupport_introspection_c[0m
[0.305s] [ 33%] Built target ipm_interfaces__rosidl_typesupport_introspection_cpp
[0.305s] [ 43%] Built target ipm_interfaces__rosidl_typesupport_cpp
[0.327s] [ 53%] Built target ipm_interfaces__rosidl_typesupport_c
[0.333s] [ 74%] Built target ipm_interfaces__rosidl_typesupport_introspection_c
[0.335s] [ 74%] Built target ipm_interfaces__rosidl_typesupport_fastrtps_c
[0.377s] [ 74%] Built target ipm_interfaces
[0.421s] [ 76%] Built target ipm_interfaces__py
[0.450s] [35m[1mConsolidate compiler generated dependencies of target ipm_interfaces__rosidl_generator_py[0m
[0.481s] [ 84%] Built target ipm_interfaces__rosidl_generator_py
[0.516s] [35m[1mConsolidate compiler generated dependencies of target ipm_interfaces__rosidl_typesupport_introspection_c__pyext[0m
[0.519s] [35m[1mConsolidate compiler generated dependencies of target ipm_interfaces__rosidl_typesupport_c__pyext[0m
[0.520s] [35m[1mConsolidate compiler generated dependencies of target ipm_interfaces__rosidl_typesupport_fastrtps_c__pyext[0m
[0.562s] [ 89%] Built target ipm_interfaces__rosidl_typesupport_fastrtps_c__pyext
[0.562s] [ 94%] Built target ipm_interfaces__rosidl_typesupport_introspection_c__pyext
[0.571s] [100%] Built target ipm_interfaces__rosidl_typesupport_c__pyext
[0.741s] running egg_info
[0.742s] writing ipm_interfaces.egg-info/PKG-INFO
[0.745s] writing dependency_links to ipm_interfaces.egg-info/dependency_links.txt
[0.745s] writing top-level names to ipm_interfaces.egg-info/top_level.txt
[0.750s] reading manifest file 'ipm_interfaces.egg-info/SOURCES.txt'
[0.751s] writing manifest file 'ipm_interfaces.egg-info/SOURCES.txt'
[0.830s] [100%] Built target ament_cmake_python_build_ipm_interfaces_egg
[0.876s] Invoked command in '/home/ivan/Webots_YOLOv8/build/ipm_interfaces' returned '0': CMAKE_PREFIX_PATH=${CMAKE_PREFIX_PATH}:/home/ivan/Webots_YOLOv8/install/soccer_ipm:/home/ivan/Webots_YOLOv8/install/Webots_YOLOv8:/home/ivan/Webots_YOLOv8/install/my_package:/home/ivan/Webots_YOLOv8/install/ipm_service:/home/ivan/Webots_YOLOv8/install/ipm_image_node:/home/ivan/Webots_YOLOv8/install/ipm_library:/home/ivan/ros2_ws/install/object_finder_onnx:/home/ivan/ros2_ws/install/object_finder:/home/ivan/ros2_ws/install/my_package:/home/ivan/ros2_ws/install/Webots_YOLOv8:/opt/ros/humble /usr/bin/cmake --build /home/ivan/Webots_YOLOv8/build/ipm_interfaces -- -j12 -l12
[0.879s] Invoking command in '/home/ivan/Webots_YOLOv8/build/ipm_interfaces': CMAKE_PREFIX_PATH=${CMAKE_PREFIX_PATH}:/home/ivan/Webots_YOLOv8/install/soccer_ipm:/home/ivan/Webots_YOLOv8/install/Webots_YOLOv8:/home/ivan/Webots_YOLOv8/install/my_package:/home/ivan/Webots_YOLOv8/install/ipm_service:/home/ivan/Webots_YOLOv8/install/ipm_image_node:/home/ivan/Webots_YOLOv8/install/ipm_library:/home/ivan/ros2_ws/install/object_finder_onnx:/home/ivan/ros2_ws/install/object_finder:/home/ivan/ros2_ws/install/my_package:/home/ivan/ros2_ws/install/Webots_YOLOv8:/opt/ros/humble /usr/bin/cmake --install /home/ivan/Webots_YOLOv8/build/ipm_interfaces
[0.895s] -- Install configuration: ""
[0.895s] -- Up-to-date: /home/ivan/Webots_YOLOv8/install/ipm_interfaces/share/ament_index/resource_index/rosidl_interfaces/ipm_interfaces
[0.895s] -- Up-to-date: /home/ivan/Webots_YOLOv8/install/ipm_interfaces/include/ipm_interfaces/ipm_interfaces
[0.895s] -- Up-to-date: /home/ivan/Webots_YOLOv8/install/ipm_interfaces/include/ipm_interfaces/ipm_interfaces/srv
[0.895s] -- Up-to-date: /home/ivan/Webots_YOLOv8/install/ipm_interfaces/include/ipm_interfaces/ipm_interfaces/srv/detail
[0.897s] -- Up-to-date: /home/ivan/Webots_YOLOv8/install/ipm_interfaces/include/ipm_interfaces/ipm_interfaces/srv/detail/map_point__functions.c
[0.897s] -- Up-to-date: /home/ivan/Webots_YOLOv8/install/ipm_interfaces/include/ipm_interfaces/ipm_interfaces/srv/detail/map_point__struct.h
[0.897s] -- Up-to-date: /home/ivan/Webots_YOLOv8/install/ipm_interfaces/include/ipm_interfaces/ipm_interfaces/srv/detail/map_point__functions.h
[0.897s] -- Up-to-date: /home/ivan/Webots_YOLOv8/install/ipm_interfaces/include/ipm_interfaces/ipm_interfaces/srv/detail/map_point_cloud2__type_support.h
[0.898s] -- Up-to-date: /home/ivan/Webots_YOLOv8/install/ipm_interfaces/include/ipm_interfaces/ipm_interfaces/srv/detail/map_point_cloud2__functions.c
[0.898s] -- Up-to-date: /home/ivan/Webots_YOLOv8/install/ipm_interfaces/include/ipm_interfaces/ipm_interfaces/srv/detail/map_point_cloud2__struct.h
[0.898s] -- Up-to-date: /home/ivan/Webots_YOLOv8/install/ipm_interfaces/include/ipm_interfaces/ipm_interfaces/srv/detail/map_point__type_support.h
[0.898s] -- Up-to-date: /home/ivan/Webots_YOLOv8/install/ipm_interfaces/include/ipm_interfaces/ipm_interfaces/srv/detail/map_point_cloud2__functions.h
[0.898s] -- Up-to-date: /home/ivan/Webots_YOLOv8/install/ipm_interfaces/include/ipm_interfaces/ipm_interfaces/srv/map_point.h
[0.898s] -- Up-to-date: /home/ivan/Webots_YOLOv8/install/ipm_interfaces/include/ipm_interfaces/ipm_interfaces/srv/map_point_cloud2.h
[0.899s] -- Up-to-date: /home/ivan/Webots_YOLOv8/install/ipm_interfaces/include/ipm_interfaces/ipm_interfaces/msg
[0.899s] -- Up-to-date: /home/ivan/Webots_YOLOv8/install/ipm_interfaces/include/ipm_interfaces/ipm_interfaces/msg/rosidl_generator_c__visibility_control.h
[0.899s] -- Up-to-date: /home/ivan/Webots_YOLOv8/install/ipm_interfaces/share/ipm_interfaces/environment/library_path.sh
[0.899s] -- Up-to-date: /home/ivan/Webots_YOLOv8/install/ipm_interfaces/share/ipm_interfaces/environment/library_path.dsv
[0.899s] -- Up-to-date: /home/ivan/Webots_YOLOv8/install/ipm_interfaces/lib/libipm_interfaces__rosidl_generator_c.so
[0.899s] -- Up-to-date: /home/ivan/Webots_YOLOv8/install/ipm_interfaces/include/ipm_interfaces/ipm_interfaces
[0.899s] -- Up-to-date: /home/ivan/Webots_YOLOv8/install/ipm_interfaces/include/ipm_interfaces/ipm_interfaces/srv
[0.899s] -- Up-to-date: /home/ivan/Webots_YOLOv8/install/ipm_interfaces/include/ipm_interfaces/ipm_interfaces/srv/detail
[0.900s] -- Up-to-date: /home/ivan/Webots_YOLOv8/install/ipm_interfaces/include/ipm_interfaces/ipm_interfaces/srv/detail/map_point__rosidl_typesupport_fastrtps_c.h
[0.900s] -- Up-to-date: /home/ivan/Webots_YOLOv8/install/ipm_interfaces/include/ipm_interfaces/ipm_interfaces/srv/detail/map_point_cloud2__rosidl_typesupport_fastrtps_c.h
[0.900s] -- Up-to-date: /home/ivan/Webots_YOLOv8/install/ipm_interfaces/include/ipm_interfaces/ipm_interfaces/msg
[0.900s] -- Up-to-date: /home/ivan/Webots_YOLOv8/install/ipm_interfaces/include/ipm_interfaces/ipm_interfaces/msg/rosidl_typesupport_fastrtps_c__visibility_control.h
[0.905s] -- Up-to-date: /home/ivan/Webots_YOLOv8/install/ipm_interfaces/lib/libipm_interfaces__rosidl_typesupport_fastrtps_c.so
[0.905s] -- Up-to-date: /home/ivan/Webots_YOLOv8/install/ipm_interfaces/include/ipm_interfaces/ipm_interfaces
[0.905s] -- Up-to-date: /home/ivan/Webots_YOLOv8/install/ipm_interfaces/include/ipm_interfaces/ipm_interfaces/srv
[0.906s] -- Up-to-date: /home/ivan/Webots_YOLOv8/install/ipm_interfaces/include/ipm_interfaces/ipm_interfaces/srv/detail
[0.906s] -- Up-to-date: /home/ivan/Webots_YOLOv8/install/ipm_interfaces/include/ipm_interfaces/ipm_interfaces/srv/detail/map_point_cloud2__traits.hpp
[0.906s] -- Up-to-date: /home/ivan/Webots_YOLOv8/install/ipm_interfaces/include/ipm_interfaces/ipm_interfaces/srv/detail/map_point_cloud2__type_support.hpp
[0.906s] -- Up-to-date: /home/ivan/Webots_YOLOv8/install/ipm_interfaces/include/ipm_interfaces/ipm_interfaces/srv/detail/map_point_cloud2__struct.hpp
[0.906s] -- Up-to-date: /home/ivan/Webots_YOLOv8/install/ipm_interfaces/include/ipm_interfaces/ipm_interfaces/srv/detail/map_point_cloud2__builder.hpp
[0.906s] -- Up-to-date: /home/ivan/Webots_YOLOv8/install/ipm_interfaces/include/ipm_interfaces/ipm_interfaces/srv/detail/map_point__struct.hpp
[0.906s] -- Up-to-date: /home/ivan/Webots_YOLOv8/install/ipm_interfaces/include/ipm_interfaces/ipm_interfaces/srv/detail/map_point__builder.hpp
[0.906s] -- Up-to-date: /home/ivan/Webots_YOLOv8/install/ipm_interfaces/include/ipm_interfaces/ipm_interfaces/srv/detail/map_point__type_support.hpp
[0.906s] -- Up-to-date: /home/ivan/Webots_YOLOv8/install/ipm_interfaces/include/ipm_interfaces/ipm_interfaces/srv/detail/map_point__traits.hpp
[0.907s] -- Up-to-date: /home/ivan/Webots_YOLOv8/install/ipm_interfaces/include/ipm_interfaces/ipm_interfaces/srv/map_point_cloud2.hpp
[0.907s] -- Up-to-date: /home/ivan/Webots_YOLOv8/install/ipm_interfaces/include/ipm_interfaces/ipm_interfaces/srv/map_point.hpp
[0.907s] -- Up-to-date: /home/ivan/Webots_YOLOv8/install/ipm_interfaces/include/ipm_interfaces/ipm_interfaces/msg
[0.907s] -- Up-to-date: /home/ivan/Webots_YOLOv8/install/ipm_interfaces/include/ipm_interfaces/ipm_interfaces/msg/rosidl_generator_cpp__visibility_control.hpp
[0.907s] -- Up-to-date: /home/ivan/Webots_YOLOv8/install/ipm_interfaces/include/ipm_interfaces/ipm_interfaces
[0.907s] -- Up-to-date: /home/ivan/Webots_YOLOv8/install/ipm_interfaces/include/ipm_interfaces/ipm_interfaces/srv
[0.907s] -- Up-to-date: /home/ivan/Webots_YOLOv8/install/ipm_interfaces/include/ipm_interfaces/ipm_interfaces/srv/detail
[0.908s] -- Up-to-date: /home/ivan/Webots_YOLOv8/install/ipm_interfaces/include/ipm_interfaces/ipm_interfaces/srv/detail/dds_fastrtps
[0.908s] -- Up-to-date: /home/ivan/Webots_YOLOv8/install/ipm_interfaces/include/ipm_interfaces/ipm_interfaces/srv/detail/map_point_cloud2__rosidl_typesupport_fastrtps_cpp.hpp
[0.908s] -- Up-to-date: /home/ivan/Webots_YOLOv8/install/ipm_interfaces/include/ipm_interfaces/ipm_interfaces/srv/detail/map_point__rosidl_typesupport_fastrtps_cpp.hpp
[0.908s] -- Up-to-date: /home/ivan/Webots_YOLOv8/install/ipm_interfaces/include/ipm_interfaces/ipm_interfaces/msg
[0.908s] -- Up-to-date: /home/ivan/Webots_YOLOv8/install/ipm_interfaces/include/ipm_interfaces/ipm_interfaces/msg/rosidl_typesupport_fastrtps_cpp__visibility_control.h
[0.911s] -- Up-to-date: /home/ivan/Webots_YOLOv8/install/ipm_interfaces/lib/libipm_interfaces__rosidl_typesupport_fastrtps_cpp.so
[0.911s] -- Up-to-date: /home/ivan/Webots_YOLOv8/install/ipm_interfaces/include/ipm_interfaces/ipm_interfaces
[0.911s] -- Up-to-date: /home/ivan/Webots_YOLOv8/install/ipm_interfaces/include/ipm_interfaces/ipm_interfaces/srv
[0.911s] -- Up-to-date: /home/ivan/Webots_YOLOv8/install/ipm_interfaces/include/ipm_interfaces/ipm_interfaces/srv/detail
[0.911s] -- Up-to-date: /home/ivan/Webots_YOLOv8/install/ipm_interfaces/include/ipm_interfaces/ipm_interfaces/srv/detail/map_point_cloud2__rosidl_typesupport_introspection_c.h
[0.911s] -- Up-to-date: /home/ivan/Webots_YOLOv8/install/ipm_interfaces/include/ipm_interfaces/ipm_interfaces/srv/detail/map_point_cloud2__type_support.c
[0.911s] -- Up-to-date: /home/ivan/Webots_YOLOv8/install/ipm_interfaces/include/ipm_interfaces/ipm_interfaces/srv/detail/map_point__rosidl_typesupport_introspection_c.h
[0.911s] -- Up-to-date: /home/ivan/Webots_YOLOv8/install/ipm_interfaces/include/ipm_interfaces/ipm_interfaces/srv/detail/map_point__type_support.c
[0.912s] -- Up-to-date: /home/ivan/Webots_YOLOv8/install/ipm_interfaces/include/ipm_interfaces/ipm_interfaces/msg
[0.912s] -- Up-to-date: /home/ivan/Webots_YOLOv8/install/ipm_interfaces/include/ipm_interfaces/ipm_interfaces/msg/rosidl_typesupport_introspection_c__visibility_control.h
[0.913s] -- Up-to-date: /home/ivan/Webots_YOLOv8/install/ipm_interfaces/lib/libipm_interfaces__rosidl_typesupport_introspection_c.so
[0.916s] -- Up-to-date: /home/ivan/Webots_YOLOv8/install/ipm_interfaces/lib/libipm_interfaces__rosidl_typesupport_c.so
[0.916s] -- Up-to-date: /home/ivan/Webots_YOLOv8/install/ipm_interfaces/include/ipm_interfaces/ipm_interfaces
[0.916s] -- Up-to-date: /home/ivan/Webots_YOLOv8/install/ipm_interfaces/include/ipm_interfaces/ipm_interfaces/srv
[0.916s] -- Up-to-date: /home/ivan/Webots_YOLOv8/install/ipm_interfaces/include/ipm_interfaces/ipm_interfaces/srv/detail
[0.916s] -- Up-to-date: /home/ivan/Webots_YOLOv8/install/ipm_interfaces/include/ipm_interfaces/ipm_interfaces/srv/detail/map_point__rosidl_typesupport_introspection_cpp.hpp
[0.916s] -- Up-to-date: /home/ivan/Webots_YOLOv8/install/ipm_interfaces/include/ipm_interfaces/ipm_interfaces/srv/detail/map_point_cloud2__type_support.cpp
[0.916s] -- Up-to-date: /home/ivan/Webots_YOLOv8/install/ipm_interfaces/include/ipm_interfaces/ipm_interfaces/srv/detail/map_point__type_support.cpp
[0.916s] -- Up-to-date: /home/ivan/Webots_YOLOv8/install/ipm_interfaces/include/ipm_interfaces/ipm_interfaces/srv/detail/map_point_cloud2__rosidl_typesupport_introspection_cpp.hpp
[0.917s] -- Up-to-date: /home/ivan/Webots_YOLOv8/install/ipm_interfaces/lib/libipm_interfaces__rosidl_typesupport_introspection_cpp.so
[0.918s] -- Up-to-date: /home/ivan/Webots_YOLOv8/install/ipm_interfaces/lib/libipm_interfaces__rosidl_typesupport_cpp.so
[0.919s] -- Up-to-date: /home/ivan/Webots_YOLOv8/install/ipm_interfaces/share/ipm_interfaces/environment/pythonpath.sh
[0.919s] -- Up-to-date: /home/ivan/Webots_YOLOv8/install/ipm_interfaces/share/ipm_interfaces/environment/pythonpath.dsv
[0.919s] -- Up-to-date: /home/ivan/Webots_YOLOv8/install/ipm_interfaces/local/lib/python3.10/dist-packages/ipm_interfaces-0.0.0-py3.10.egg-info
[0.919s] -- Installing: /home/ivan/Webots_YOLOv8/install/ipm_interfaces/local/lib/python3.10/dist-packages/ipm_interfaces-0.0.0-py3.10.egg-info/top_level.txt
[0.919s] -- Installing: /home/ivan/Webots_YOLOv8/install/ipm_interfaces/local/lib/python3.10/dist-packages/ipm_interfaces-0.0.0-py3.10.egg-info/dependency_links.txt
[0.920s] -- Installing: /home/ivan/Webots_YOLOv8/install/ipm_interfaces/local/lib/python3.10/dist-packages/ipm_interfaces-0.0.0-py3.10.egg-info/SOURCES.txt
[0.920s] -- Installing: /home/ivan/Webots_YOLOv8/install/ipm_interfaces/local/lib/python3.10/dist-packages/ipm_interfaces-0.0.0-py3.10.egg-info/PKG-INFO
[0.920s] -- Up-to-date: /home/ivan/Webots_YOLOv8/install/ipm_interfaces/local/lib/python3.10/dist-packages/ipm_interfaces
[0.920s] -- Up-to-date: /home/ivan/Webots_YOLOv8/install/ipm_interfaces/local/lib/python3.10/dist-packages/ipm_interfaces/ipm_interfaces_s__rosidl_typesupport_fastrtps_c.cpython-310-x86_64-linux-gnu.so
[0.920s] -- Up-to-date: /home/ivan/Webots_YOLOv8/install/ipm_interfaces/local/lib/python3.10/dist-packages/ipm_interfaces/srv
[0.920s] -- Up-to-date: /home/ivan/Webots_YOLOv8/install/ipm_interfaces/local/lib/python3.10/dist-packages/ipm_interfaces/srv/_map_point_cloud2.py
[0.920s] -- Up-to-date: /home/ivan/Webots_YOLOv8/install/ipm_interfaces/local/lib/python3.10/dist-packages/ipm_interfaces/srv/_map_point_cloud2_s.c
[0.920s] -- Up-to-date: /home/ivan/Webots_YOLOv8/install/ipm_interfaces/local/lib/python3.10/dist-packages/ipm_interfaces/srv/_map_point.py
[0.920s] -- Up-to-date: /home/ivan/Webots_YOLOv8/install/ipm_interfaces/local/lib/python3.10/dist-packages/ipm_interfaces/srv/__init__.py
[0.920s] -- Up-to-date: /home/ivan/Webots_YOLOv8/install/ipm_interfaces/local/lib/python3.10/dist-packages/ipm_interfaces/srv/_map_point_s.c
[0.920s] -- Up-to-date: /home/ivan/Webots_YOLOv8/install/ipm_interfaces/local/lib/python3.10/dist-packages/ipm_interfaces/_ipm_interfaces_s.ep.rosidl_typesupport_c.c
[0.920s] -- Up-to-date: /home/ivan/Webots_YOLOv8/install/ipm_interfaces/local/lib/python3.10/dist-packages/ipm_interfaces/__init__.py
[0.920s] -- Up-to-date: /home/ivan/Webots_YOLOv8/install/ipm_interfaces/local/lib/python3.10/dist-packages/ipm_interfaces/_ipm_interfaces_s.ep.rosidl_typesupport_fastrtps_c.c
[0.921s] -- Up-to-date: /home/ivan/Webots_YOLOv8/install/ipm_interfaces/local/lib/python3.10/dist-packages/ipm_interfaces/ipm_interfaces_s__rosidl_typesupport_c.cpython-310-x86_64-linux-gnu.so
[0.921s] -- Up-to-date: /home/ivan/Webots_YOLOv8/install/ipm_interfaces/local/lib/python3.10/dist-packages/ipm_interfaces/ipm_interfaces_s__rosidl_typesupport_introspection_c.cpython-310-x86_64-linux-gnu.so
[0.921s] -- Up-to-date: /home/ivan/Webots_YOLOv8/install/ipm_interfaces/local/lib/python3.10/dist-packages/ipm_interfaces/_ipm_interfaces_s.ep.rosidl_typesupport_introspection_c.c
[0.921s] -- Up-to-date: /home/ivan/Webots_YOLOv8/install/ipm_interfaces/local/lib/python3.10/dist-packages/ipm_interfaces/libipm_interfaces__rosidl_generator_py.so
[0.973s] Listing '/home/ivan/Webots_YOLOv8/install/ipm_interfaces/local/lib/python3.10/dist-packages/ipm_interfaces'...
[0.973s] Listing '/home/ivan/Webots_YOLOv8/install/ipm_interfaces/local/lib/python3.10/dist-packages/ipm_interfaces/srv'...
[0.981s] -- Up-to-date: /home/ivan/Webots_YOLOv8/install/ipm_interfaces/local/lib/python3.10/dist-packages/ipm_interfaces/ipm_interfaces_s__rosidl_typesupport_fastrtps_c.cpython-310-x86_64-linux-gnu.so
[0.982s] -- Up-to-date: /home/ivan/Webots_YOLOv8/install/ipm_interfaces/local/lib/python3.10/dist-packages/ipm_interfaces/ipm_interfaces_s__rosidl_typesupport_introspection_c.cpython-310-x86_64-linux-gnu.so
[0.983s] -- Up-to-date: /home/ivan/Webots_YOLOv8/install/ipm_interfaces/local/lib/python3.10/dist-packages/ipm_interfaces/ipm_interfaces_s__rosidl_typesupport_c.cpython-310-x86_64-linux-gnu.so
[0.983s] -- Up-to-date: /home/ivan/Webots_YOLOv8/install/ipm_interfaces/lib/libipm_interfaces__rosidl_generator_py.so
[0.984s] -- Up-to-date: /home/ivan/Webots_YOLOv8/install/ipm_interfaces/share/ipm_interfaces/srv/MapPoint.idl
[0.984s] -- Up-to-date: /home/ivan/Webots_YOLOv8/install/ipm_interfaces/share/ipm_interfaces/srv/MapPointCloud2.idl
[0.984s] -- Up-to-date: /home/ivan/Webots_YOLOv8/install/ipm_interfaces/share/ipm_interfaces/srv/MapPoint.srv
[0.984s] -- Up-to-date: /home/ivan/Webots_YOLOv8/install/ipm_interfaces/share/ipm_interfaces/srv/MapPoint_Request.msg
[0.984s] -- Up-to-date: /home/ivan/Webots_YOLOv8/install/ipm_interfaces/share/ipm_interfaces/srv/MapPoint_Response.msg
[0.985s] -- Up-to-date: /home/ivan/Webots_YOLOv8/install/ipm_interfaces/share/ipm_interfaces/srv/MapPointCloud2.srv
[0.985s] -- Up-to-date: /home/ivan/Webots_YOLOv8/install/ipm_interfaces/share/ipm_interfaces/srv/MapPointCloud2_Request.msg
[0.985s] -- Up-to-date: /home/ivan/Webots_YOLOv8/install/ipm_interfaces/share/ipm_interfaces/srv/MapPointCloud2_Response.msg
[0.985s] -- Up-to-date: /home/ivan/Webots_YOLOv8/install/ipm_interfaces/share/ament_index/resource_index/package_run_dependencies/ipm_interfaces
[0.985s] -- Up-to-date: /home/ivan/Webots_YOLOv8/install/ipm_interfaces/share/ament_index/resource_index/parent_prefix_path/ipm_interfaces
[0.985s] -- Up-to-date: /home/ivan/Webots_YOLOv8/install/ipm_interfaces/share/ipm_interfaces/environment/ament_prefix_path.sh
[0.985s] -- Up-to-date: /home/ivan/Webots_YOLOv8/install/ipm_interfaces/share/ipm_interfaces/environment/ament_prefix_path.dsv
[0.985s] -- Up-to-date: /home/ivan/Webots_YOLOv8/install/ipm_interfaces/share/ipm_interfaces/environment/path.sh
[0.986s] -- Up-to-date: /home/ivan/Webots_YOLOv8/install/ipm_interfaces/share/ipm_interfaces/environment/path.dsv
[0.986s] -- Up-to-date: /home/ivan/Webots_YOLOv8/install/ipm_interfaces/share/ipm_interfaces/local_setup.bash
[0.986s] -- Up-to-date: /home/ivan/Webots_YOLOv8/install/ipm_interfaces/share/ipm_interfaces/local_setup.sh
[0.986s] -- Up-to-date: /home/ivan/Webots_YOLOv8/install/ipm_interfaces/share/ipm_interfaces/local_setup.zsh
[0.986s] -- Up-to-date: /home/ivan/Webots_YOLOv8/install/ipm_interfaces/share/ipm_interfaces/local_setup.dsv
[0.986s] -- Installing: /home/ivan/Webots_YOLOv8/install/ipm_interfaces/share/ipm_interfaces/package.dsv
[0.987s] -- Up-to-date: /home/ivan/Webots_YOLOv8/install/ipm_interfaces/share/ament_index/resource_index/packages/ipm_interfaces
[0.987s] -- Up-to-date: /home/ivan/Webots_YOLOv8/install/ipm_interfaces/share/ipm_interfaces/cmake/export_ipm_interfaces__rosidl_generator_cExport.cmake
[0.987s] -- Up-to-date: /home/ivan/Webots_YOLOv8/install/ipm_interfaces/share/ipm_interfaces/cmake/export_ipm_interfaces__rosidl_generator_cExport-noconfig.cmake
[0.987s] -- Up-to-date: /home/ivan/Webots_YOLOv8/install/ipm_interfaces/share/ipm_interfaces/cmake/export_ipm_interfaces__rosidl_typesupport_fastrtps_cExport.cmake
[0.987s] -- Up-to-date: /home/ivan/Webots_YOLOv8/install/ipm_interfaces/share/ipm_interfaces/cmake/export_ipm_interfaces__rosidl_typesupport_fastrtps_cExport-noconfig.cmake
[0.987s] -- Up-to-date: /home/ivan/Webots_YOLOv8/install/ipm_interfaces/share/ipm_interfaces/cmake/export_ipm_interfaces__rosidl_generator_cppExport.cmake
[0.988s] -- Up-to-date: /home/ivan/Webots_YOLOv8/install/ipm_interfaces/share/ipm_interfaces/cmake/export_ipm_interfaces__rosidl_typesupport_fastrtps_cppExport.cmake
[0.988s] -- Up-to-date: /home/ivan/Webots_YOLOv8/install/ipm_interfaces/share/ipm_interfaces/cmake/export_ipm_interfaces__rosidl_typesupport_fastrtps_cppExport-noconfig.cmake
[0.989s] -- Up-to-date: /home/ivan/Webots_YOLOv8/install/ipm_interfaces/share/ipm_interfaces/cmake/ipm_interfaces__rosidl_typesupport_introspection_cExport.cmake
[0.989s] -- Up-to-date: /home/ivan/Webots_YOLOv8/install/ipm_interfaces/share/ipm_interfaces/cmake/ipm_interfaces__rosidl_typesupport_introspection_cExport-noconfig.cmake
[0.991s] -- Up-to-date: /home/ivan/Webots_YOLOv8/install/ipm_interfaces/share/ipm_interfaces/cmake/ipm_interfaces__rosidl_typesupport_cExport.cmake
[0.991s] -- Up-to-date: /home/ivan/Webots_YOLOv8/install/ipm_interfaces/share/ipm_interfaces/cmake/ipm_interfaces__rosidl_typesupport_cExport-noconfig.cmake
[0.992s] -- Up-to-date: /home/ivan/Webots_YOLOv8/install/ipm_interfaces/share/ipm_interfaces/cmake/ipm_interfaces__rosidl_typesupport_introspection_cppExport.cmake
[0.992s] -- Up-to-date: /home/ivan/Webots_YOLOv8/install/ipm_interfaces/share/ipm_interfaces/cmake/ipm_interfaces__rosidl_typesupport_introspection_cppExport-noconfig.cmake
[0.993s] -- Up-to-date: /home/ivan/Webots_YOLOv8/install/ipm_interfaces/share/ipm_interfaces/cmake/ipm_interfaces__rosidl_typesupport_cppExport.cmake
[0.993s] -- Up-to-date: /home/ivan/Webots_YOLOv8/install/ipm_interfaces/share/ipm_interfaces/cmake/ipm_interfaces__rosidl_typesupport_cppExport-noconfig.cmake
[0.994s] -- Up-to-date: /home/ivan/Webots_YOLOv8/install/ipm_interfaces/share/ipm_interfaces/cmake/export_ipm_interfaces__rosidl_generator_pyExport.cmake
[0.995s] -- Up-to-date: /home/ivan/Webots_YOLOv8/install/ipm_interfaces/share/ipm_interfaces/cmake/export_ipm_interfaces__rosidl_generator_pyExport-noconfig.cmake
[0.995s] -- Up-to-date: /home/ivan/Webots_YOLOv8/install/ipm_interfaces/share/ipm_interfaces/cmake/rosidl_cmake-extras.cmake
[0.995s] -- Up-to-date: /home/ivan/Webots_YOLOv8/install/ipm_interfaces/share/ipm_interfaces/cmake/ament_cmake_export_dependencies-extras.cmake
[0.995s] -- Up-to-date: /home/ivan/Webots_YOLOv8/install/ipm_interfaces/share/ipm_interfaces/cmake/ament_cmake_export_include_directories-extras.cmake
[0.995s] -- Up-to-date: /home/ivan/Webots_YOLOv8/install/ipm_interfaces/share/ipm_interfaces/cmake/ament_cmake_export_libraries-extras.cmake
[0.996s] -- Up-to-date: /home/ivan/Webots_YOLOv8/install/ipm_interfaces/share/ipm_interfaces/cmake/ament_cmake_export_targets-extras.cmake
[0.997s] -- Up-to-date: /home/ivan/Webots_YOLOv8/install/ipm_interfaces/share/ipm_interfaces/cmake/rosidl_cmake_export_typesupport_targets-extras.cmake
[0.997s] -- Up-to-date: /home/ivan/Webots_YOLOv8/install/ipm_interfaces/share/ipm_interfaces/cmake/rosidl_cmake_export_typesupport_libraries-extras.cmake
[0.997s] -- Up-to-date: /home/ivan/Webots_YOLOv8/install/ipm_interfaces/share/ipm_interfaces/cmake/ipm_interfacesConfig.cmake
[0.997s] -- Up-to-date: /home/ivan/Webots_YOLOv8/install/ipm_interfaces/share/ipm_interfaces/cmake/ipm_interfacesConfig-version.cmake
[0.997s] -- Up-to-date: /home/ivan/Webots_YOLOv8/install/ipm_interfaces/share/ipm_interfaces/package.xml
[1.002s] Invoked command in '/home/ivan/Webots_YOLOv8/build/ipm_interfaces' returned '0': CMAKE_PREFIX_PATH=${CMAKE_PREFIX_PATH}:/home/ivan/Webots_YOLOv8/install/soccer_ipm:/home/ivan/Webots_YOLOv8/install/Webots_YOLOv8:/home/ivan/Webots_YOLOv8/install/my_package:/home/ivan/Webots_YOLOv8/install/ipm_service:/home/ivan/Webots_YOLOv8/install/ipm_image_node:/home/ivan/Webots_YOLOv8/install/ipm_library:/home/ivan/ros2_ws/install/object_finder_onnx:/home/ivan/ros2_ws/install/object_finder:/home/ivan/ros2_ws/install/my_package:/home/ivan/ros2_ws/install/Webots_YOLOv8:/opt/ros/humble /usr/bin/cmake --install /home/ivan/Webots_YOLOv8/build/ipm_interfaces
