[0.968s] Invoking command in '/home/ivan/Webots_YOLOv8/src/ipm/ipm_library': AMENT_PREFIX_PATH=/home/ivan/Webots_YOLOv8/install/ipm_interfaces:${AMENT_PREFIX_PATH} CMAKE_PREFIX_PATH=/home/ivan/Webots_YOLOv8/install/ipm_interfaces LD_LIBRARY_PATH=/home/ivan/Webots_YOLOv8/install/ipm_interfaces/lib:${LD_LIBRARY_PATH} PYTHONPATH=/home/ivan/Webots_YOLOv8/build/ipm_library/prefix_override:/usr/lib/python3/dist-packages/colcon_core/task/python/colcon_distutils_commands:/home/ivan/Webots_YOLOv8/install/ipm_library/lib/python3.10/site-packages:/home/ivan/Webots_YOLOv8/install/ipm_interfaces/local/lib/python3.10/dist-packages:${PYTHONPATH} /usr/bin/python3 -W ignore:setup.py install is deprecated -W ignore:easy_install command is deprecated setup.py egg_info --egg-base ../../../build/ipm_library build --build-base /home/ivan/Webots_YOLOv8/build/ipm_library/build install --record /home/ivan/Webots_YOLOv8/build/ipm_library/install.log --single-version-externally-managed install_data
[1.232s] running egg_info
[1.233s] writing ../../../build/ipm_library/ipm_library.egg-info/PKG-INFO
[1.233s] writing dependency_links to ../../../build/ipm_library/ipm_library.egg-info/dependency_links.txt
[1.233s] writing entry points to ../../../build/ipm_library/ipm_library.egg-info/entry_points.txt
[1.233s] writing requirements to ../../../build/ipm_library/ipm_library.egg-info/requires.txt
[1.234s] writing top-level names to ../../../build/ipm_library/ipm_library.egg-info/top_level.txt
[1.238s] reading manifest file '../../../build/ipm_library/ipm_library.egg-info/SOURCES.txt'
[1.238s] writing manifest file '../../../build/ipm_library/ipm_library.egg-info/SOURCES.txt'
[1.238s] running build
[1.239s] running build_py
[1.240s] running install
[1.241s] running install_lib
[1.273s] running install_data
[1.275s] running install_egg_info
[1.278s] removing '/home/ivan/Webots_YOLOv8/install/ipm_library/lib/python3.10/site-packages/ipm_library-0.0.0-py3.10.egg-info' (and everything under it)
[1.279s] Copying ../../../build/ipm_library/ipm_library.egg-info to /home/ivan/Webots_YOLOv8/install/ipm_library/lib/python3.10/site-packages/ipm_library-0.0.0-py3.10.egg-info
[1.280s] running install_scripts
[1.300s] writing list of installed files to '/home/ivan/Webots_YOLOv8/build/ipm_library/install.log'
[1.335s] Invoked command in '/home/ivan/Webots_YOLOv8/src/ipm/ipm_library' returned '0': AMENT_PREFIX_PATH=/home/ivan/Webots_YOLOv8/install/ipm_interfaces:${AMENT_PREFIX_PATH} CMAKE_PREFIX_PATH=/home/ivan/Webots_YOLOv8/install/ipm_interfaces LD_LIBRARY_PATH=/home/ivan/Webots_YOLOv8/install/ipm_interfaces/lib:${LD_LIBRARY_PATH} PYTHONPATH=/home/ivan/Webots_YOLOv8/build/ipm_library/prefix_override:/usr/lib/python3/dist-packages/colcon_core/task/python/colcon_distutils_commands:/home/ivan/Webots_YOLOv8/install/ipm_library/lib/python3.10/site-packages:/home/ivan/Webots_YOLOv8/install/ipm_interfaces/local/lib/python3.10/dist-packages:${PYTHONPATH} /usr/bin/python3 -W ignore:setup.py install is deprecated -W ignore:easy_install command is deprecated setup.py egg_info --egg-base ../../../build/ipm_library build --build-base /home/ivan/Webots_YOLOv8/build/ipm_library/build install --record /home/ivan/Webots_YOLOv8/build/ipm_library/install.log --single-version-externally-managed install_data
