-- The C compiler identification is GNU 11.4.0
-- The CXX compiler identification is GNU 11.4.0
-- Detecting C compiler ABI info
-- Detecting C compiler ABI info - done
-- Check for working C compiler: /usr/bin/cc - skipped
-- Detecting C compile features
-- Detecting C compile features - done
-- Detecting CXX compiler ABI info
-- Detecting CXX compiler ABI info - done
-- Check for working CXX compiler: /usr/bin/c++ - skipped
-- Detecting CXX compile features
-- Detecting CXX compile features - done
-- Found ament_cmake: 1.3.11 (/opt/ros/humble/share/ament_cmake/cmake)
-- Found Python3: /usr/bin/python3 (found version "3.10.12") found components: Interpreter 
-- Found geometry_msgs: 4.9.0 (/opt/ros/humble/share/geometry_msgs/cmake)
-- Found rosidl_generator_c: 3.1.6 (/opt/ros/humble/share/rosidl_generator_c/cmake)
-- Found rosidl_adapter: 3.1.6 (/opt/ros/humble/share/rosidl_adapter/cmake)
-- Found rosidl_generator_cpp: 3.1.6 (/opt/ros/humble/share/rosidl_generator_cpp/cmake)
-- Using all available rosidl_typesupport_c: rosidl_typesupport_fastrtps_c;rosidl_typesupport_introspection_c
-- Using all available rosidl_typesupport_cpp: rosidl_typesupport_fastrtps_cpp;rosidl_typesupport_introspection_cpp
-- Found rosidl_default_generators: 1.2.0 (/opt/ros/humble/share/rosidl_default_generators/cmake)
-- Found soccer_geometry_msgs: 1.0.0 (/home/ivan/Webots_YOLOv8/install/soccer_geometry_msgs/share/soccer_geometry_msgs/cmake)
-- Found soccer_vision_attribute_msgs: 1.0.0 (/home/ivan/Webots_YOLOv8/install/soccer_vision_attribute_msgs/share/soccer_vision_attribute_msgs/cmake)
-- Found ament_cmake_ros: 0.10.0 (/opt/ros/humble/share/ament_cmake_ros/cmake)
-- Using all available rosidl_typesupport_c: rosidl_typesupport_fastrtps_c;rosidl_typesupport_introspection_c
-- Using all available rosidl_typesupport_cpp: rosidl_typesupport_fastrtps_cpp;rosidl_typesupport_introspection_cpp
-- Found PythonInterp: /usr/bin/python3 (found suitable version "3.10.12", minimum required is "3.6") 
-- Found python_cmake_module: 0.10.0 (/opt/ros/humble/share/python_cmake_module/cmake)
-- Found PythonLibs: /usr/lib/x86_64-linux-gnu/libpython3.10.so (found suitable version "3.10.12", minimum required is "3.5") 
-- Using PYTHON_EXECUTABLE: /usr/bin/python3
-- Using PYTHON_INCLUDE_DIRS: /usr/include/python3.10
-- Using PYTHON_LIBRARIES: /usr/lib/x86_64-linux-gnu/libpython3.10.so
-- Found PythonExtra: .so  
-- Found ament_lint_auto: 0.12.12 (/opt/ros/humble/share/ament_lint_auto/cmake)
-- Added test 'copyright' to check source files copyright and LICENSE
-- Added test 'lint_cmake' to check CMake code style
-- Added test 'xmllint' to check XML markup files
-- Configuring done
-- Generating done
-- Build files have been written to: /home/ivan/Webots_YOLOv8/build/soccer_model_msgs
[  1%] [34m[1mGenerating C code for ROS interfaces[0m
[  3%] [34m[1mGenerating C++ code for ROS interfaces[0m
[  3%] Built target ament_cmake_python_copy_soccer_model_msgs
running egg_info
creating soccer_model_msgs.egg-info
writing soccer_model_msgs.egg-info/PKG-INFO
writing dependency_links to soccer_model_msgs.egg-info/dependency_links.txt
writing top-level names to soccer_model_msgs.egg-info/top_level.txt
writing manifest file 'soccer_model_msgs.egg-info/SOURCES.txt'
reading manifest file 'soccer_model_msgs.egg-info/SOURCES.txt'
writing manifest file 'soccer_model_msgs.egg-info/SOURCES.txt'
[  3%] Built target ament_cmake_python_build_soccer_model_msgs_egg
[  3%] Built target soccer_model_msgs__cpp
[  6%] [34m[1mGenerating C++ type support for eProsima Fast-RTPS[0m
[  6%] [34m[1mGenerating C++ introspection for ROS interfaces[0m
[  7%] [34m[1mGenerating C++ type support dispatch for ROS interfaces[0m
[ 11%] [32mBuilding C object CMakeFiles/soccer_model_msgs__rosidl_generator_c.dir/rosidl_generator_c/soccer_model_msgs/msg/detail/obstacle__functions.c.o[0m
[ 11%] [32mBuilding C object CMakeFiles/soccer_model_msgs__rosidl_generator_c.dir/rosidl_generator_c/soccer_model_msgs/msg/detail/obstacle_array__functions.c.o[0m
[ 12%] [32mBuilding C object CMakeFiles/soccer_model_msgs__rosidl_generator_c.dir/rosidl_generator_c/soccer_model_msgs/msg/detail/ball__functions.c.o[0m
[ 14%] [32mBuilding C object CMakeFiles/soccer_model_msgs__rosidl_generator_c.dir/rosidl_generator_c/soccer_model_msgs/msg/detail/robot_array__functions.c.o[0m
[ 15%] [32mBuilding C object CMakeFiles/soccer_model_msgs__rosidl_generator_c.dir/rosidl_generator_c/soccer_model_msgs/msg/detail/robot__functions.c.o[0m
[ 17%] [32m[1mLinking C shared library libsoccer_model_msgs__rosidl_generator_c.so[0m
[ 17%] Built target soccer_model_msgs__rosidl_generator_c
[ 20%] [34m[1mGenerating C type support for eProsima Fast-RTPS[0m
[ 20%] [34m[1mGenerating C introspection for ROS interfaces[0m
[ 22%] [34m[1mGenerating C type support dispatch for ROS interfaces[0m
[ 23%] [32mBuilding CXX object CMakeFiles/soccer_model_msgs__rosidl_typesupport_cpp.dir/rosidl_typesupport_cpp/soccer_model_msgs/msg/ball__type_support.cpp.o[0m
[ 26%] [32mBuilding CXX object CMakeFiles/soccer_model_msgs__rosidl_typesupport_cpp.dir/rosidl_typesupport_cpp/soccer_model_msgs/msg/obstacle__type_support.cpp.o[0m
[ 28%] [32mBuilding CXX object CMakeFiles/soccer_model_msgs__rosidl_typesupport_cpp.dir/rosidl_typesupport_cpp/soccer_model_msgs/msg/obstacle_array__type_support.cpp.o[0m
[ 28%] [32mBuilding CXX object CMakeFiles/soccer_model_msgs__rosidl_typesupport_cpp.dir/rosidl_typesupport_cpp/soccer_model_msgs/msg/robot__type_support.cpp.o[0m
[ 30%] [32mBuilding CXX object CMakeFiles/soccer_model_msgs__rosidl_typesupport_cpp.dir/rosidl_typesupport_cpp/soccer_model_msgs/msg/robot_array__type_support.cpp.o[0m
[ 31%] [32mBuilding CXX object CMakeFiles/soccer_model_msgs__rosidl_typesupport_introspection_cpp.dir/rosidl_typesupport_introspection_cpp/soccer_model_msgs/msg/detail/ball__type_support.cpp.o[0m
[ 33%] [32mBuilding CXX object CMakeFiles/soccer_model_msgs__rosidl_typesupport_introspection_cpp.dir/rosidl_typesupport_introspection_cpp/soccer_model_msgs/msg/detail/obstacle__type_support.cpp.o[0m
[ 34%] [32mBuilding CXX object CMakeFiles/soccer_model_msgs__rosidl_typesupport_fastrtps_cpp.dir/rosidl_typesupport_fastrtps_cpp/soccer_model_msgs/msg/detail/dds_fastrtps/ball__type_support.cpp.o[0m
[ 36%] [32mBuilding CXX object CMakeFiles/soccer_model_msgs__rosidl_typesupport_fastrtps_cpp.dir/rosidl_typesupport_fastrtps_cpp/soccer_model_msgs/msg/detail/dds_fastrtps/obstacle__type_support.cpp.o[0m
[ 38%] [32mBuilding C object CMakeFiles/soccer_model_msgs__rosidl_typesupport_introspection_c.dir/rosidl_typesupport_introspection_c/soccer_model_msgs/msg/detail/ball__type_support.c.o[0m
[ 39%] [32mBuilding CXX object CMakeFiles/soccer_model_msgs__rosidl_typesupport_c.dir/rosidl_typesupport_c/soccer_model_msgs/msg/ball__type_support.cpp.o[0m
[ 41%] [32mBuilding C object CMakeFiles/soccer_model_msgs__rosidl_typesupport_introspection_c.dir/rosidl_typesupport_introspection_c/soccer_model_msgs/msg/detail/obstacle__type_support.c.o[0m
[ 42%] [32mBuilding CXX object CMakeFiles/soccer_model_msgs__rosidl_typesupport_c.dir/rosidl_typesupport_c/soccer_model_msgs/msg/obstacle__type_support.cpp.o[0m
[ 44%] [32mBuilding C object CMakeFiles/soccer_model_msgs__rosidl_typesupport_introspection_c.dir/rosidl_typesupport_introspection_c/soccer_model_msgs/msg/detail/obstacle_array__type_support.c.o[0m
[ 46%] [32mBuilding CXX object CMakeFiles/soccer_model_msgs__rosidl_typesupport_fastrtps_cpp.dir/rosidl_typesupport_fastrtps_cpp/soccer_model_msgs/msg/detail/dds_fastrtps/obstacle_array__type_support.cpp.o[0m
[ 47%] [32mBuilding CXX object CMakeFiles/soccer_model_msgs__rosidl_typesupport_c.dir/rosidl_typesupport_c/soccer_model_msgs/msg/obstacle_array__type_support.cpp.o[0m
[ 49%] [32mBuilding C object CMakeFiles/soccer_model_msgs__rosidl_typesupport_introspection_c.dir/rosidl_typesupport_introspection_c/soccer_model_msgs/msg/detail/robot__type_support.c.o[0m
[ 50%] [32mBuilding C object CMakeFiles/soccer_model_msgs__rosidl_typesupport_introspection_c.dir/rosidl_typesupport_introspection_c/soccer_model_msgs/msg/detail/robot_array__type_support.c.o[0m
[ 52%] [32mBuilding CXX object CMakeFiles/soccer_model_msgs__rosidl_typesupport_introspection_cpp.dir/rosidl_typesupport_introspection_cpp/soccer_model_msgs/msg/detail/obstacle_array__type_support.cpp.o[0m
[ 53%] [32m[1mLinking CXX shared library libsoccer_model_msgs__rosidl_typesupport_cpp.so[0m
[ 55%] [32mBuilding CXX object CMakeFiles/soccer_model_msgs__rosidl_typesupport_introspection_cpp.dir/rosidl_typesupport_introspection_cpp/soccer_model_msgs/msg/detail/robot__type_support.cpp.o[0m
[ 57%] [32mBuilding CXX object CMakeFiles/soccer_model_msgs__rosidl_typesupport_c.dir/rosidl_typesupport_c/soccer_model_msgs/msg/robot__type_support.cpp.o[0m
[ 58%] [32mBuilding CXX object CMakeFiles/soccer_model_msgs__rosidl_typesupport_introspection_cpp.dir/rosidl_typesupport_introspection_cpp/soccer_model_msgs/msg/detail/robot_array__type_support.cpp.o[0m
[ 60%] [32mBuilding CXX object CMakeFiles/soccer_model_msgs__rosidl_typesupport_c.dir/rosidl_typesupport_c/soccer_model_msgs/msg/robot_array__type_support.cpp.o[0m
[ 61%] [32m[1mLinking C shared library libsoccer_model_msgs__rosidl_typesupport_introspection_c.so[0m
[ 63%] [32mBuilding CXX object CMakeFiles/soccer_model_msgs__rosidl_typesupport_fastrtps_c.dir/rosidl_typesupport_fastrtps_c/soccer_model_msgs/msg/detail/ball__type_support_c.cpp.o[0m
[ 63%] Built target soccer_model_msgs__rosidl_typesupport_cpp
[ 65%] [32mBuilding CXX object CMakeFiles/soccer_model_msgs__rosidl_typesupport_fastrtps_c.dir/rosidl_typesupport_fastrtps_c/soccer_model_msgs/msg/detail/obstacle__type_support_c.cpp.o[0m
[ 65%] Built target soccer_model_msgs__rosidl_typesupport_introspection_c
[ 66%] [32m[1mLinking CXX shared library libsoccer_model_msgs__rosidl_typesupport_c.so[0m
[ 68%] [32mBuilding CXX object CMakeFiles/soccer_model_msgs__rosidl_typesupport_fastrtps_cpp.dir/rosidl_typesupport_fastrtps_cpp/soccer_model_msgs/msg/detail/dds_fastrtps/robot__type_support.cpp.o[0m
[ 68%] Built target soccer_model_msgs__rosidl_typesupport_c
[ 69%] [32mBuilding CXX object CMakeFiles/soccer_model_msgs__rosidl_typesupport_fastrtps_cpp.dir/rosidl_typesupport_fastrtps_cpp/soccer_model_msgs/msg/detail/dds_fastrtps/robot_array__type_support.cpp.o[0m
[ 71%] [32mBuilding CXX object CMakeFiles/soccer_model_msgs__rosidl_typesupport_fastrtps_c.dir/rosidl_typesupport_fastrtps_c/soccer_model_msgs/msg/detail/obstacle_array__type_support_c.cpp.o[0m
[ 73%] [32mBuilding CXX object CMakeFiles/soccer_model_msgs__rosidl_typesupport_fastrtps_c.dir/rosidl_typesupport_fastrtps_c/soccer_model_msgs/msg/detail/robot__type_support_c.cpp.o[0m
[ 74%] [32mBuilding CXX object CMakeFiles/soccer_model_msgs__rosidl_typesupport_fastrtps_c.dir/rosidl_typesupport_fastrtps_c/soccer_model_msgs/msg/detail/robot_array__type_support_c.cpp.o[0m
[ 76%] [32m[1mLinking CXX shared library libsoccer_model_msgs__rosidl_typesupport_introspection_cpp.so[0m
[ 77%] [32m[1mLinking CXX shared library libsoccer_model_msgs__rosidl_typesupport_fastrtps_c.so[0m
[ 77%] Built target soccer_model_msgs__rosidl_typesupport_fastrtps_c
[ 77%] Built target soccer_model_msgs__rosidl_typesupport_introspection_cpp
[ 79%] [32m[1mLinking CXX shared library libsoccer_model_msgs__rosidl_typesupport_fastrtps_cpp.so[0m
[ 79%] Built target soccer_model_msgs__rosidl_typesupport_fastrtps_cpp
[ 79%] Built target soccer_model_msgs
[ 80%] [34m[1mGenerating Python code for ROS interfaces[0m
[ 80%] Built target soccer_model_msgs__py
[ 82%] [32mBuilding C object CMakeFiles/soccer_model_msgs__rosidl_generator_py.dir/rosidl_generator_py/soccer_model_msgs/msg/_ball_s.c.o[0m
[ 84%] [32mBuilding C object CMakeFiles/soccer_model_msgs__rosidl_generator_py.dir/rosidl_generator_py/soccer_model_msgs/msg/_obstacle_s.c.o[0m
[ 85%] [32mBuilding C object CMakeFiles/soccer_model_msgs__rosidl_generator_py.dir/rosidl_generator_py/soccer_model_msgs/msg/_robot_array_s.c.o[0m
[ 87%] [32mBuilding C object CMakeFiles/soccer_model_msgs__rosidl_generator_py.dir/rosidl_generator_py/soccer_model_msgs/msg/_obstacle_array_s.c.o[0m
[ 88%] [32mBuilding C object CMakeFiles/soccer_model_msgs__rosidl_generator_py.dir/rosidl_generator_py/soccer_model_msgs/msg/_robot_s.c.o[0m
[ 90%] [32m[1mLinking C shared library rosidl_generator_py/soccer_model_msgs/libsoccer_model_msgs__rosidl_generator_py.so[0m
[ 90%] Built target soccer_model_msgs__rosidl_generator_py
[ 92%] [32mBuilding C object CMakeFiles/soccer_model_msgs__rosidl_typesupport_fastrtps_c__pyext.dir/rosidl_generator_py/soccer_model_msgs/_soccer_model_msgs_s.ep.rosidl_typesupport_fastrtps_c.c.o[0m
[ 93%] [32mBuilding C object CMakeFiles/soccer_model_msgs__rosidl_typesupport_c__pyext.dir/rosidl_generator_py/soccer_model_msgs/_soccer_model_msgs_s.ep.rosidl_typesupport_c.c.o[0m
[ 95%] [32mBuilding C object CMakeFiles/soccer_model_msgs__rosidl_typesupport_introspection_c__pyext.dir/rosidl_generator_py/soccer_model_msgs/_soccer_model_msgs_s.ep.rosidl_typesupport_introspection_c.c.o[0m
[ 96%] [32m[1mLinking C shared library rosidl_generator_py/soccer_model_msgs/soccer_model_msgs_s__rosidl_typesupport_fastrtps_c.cpython-310-x86_64-linux-gnu.so[0m
[ 98%] [32m[1mLinking C shared library rosidl_generator_py/soccer_model_msgs/soccer_model_msgs_s__rosidl_typesupport_introspection_c.cpython-310-x86_64-linux-gnu.so[0m
[100%] [32m[1mLinking C shared library rosidl_generator_py/soccer_model_msgs/soccer_model_msgs_s__rosidl_typesupport_c.cpython-310-x86_64-linux-gnu.so[0m
[100%] Built target soccer_model_msgs__rosidl_typesupport_fastrtps_c__pyext
[100%] Built target soccer_model_msgs__rosidl_typesupport_c__pyext
[100%] Built target soccer_model_msgs__rosidl_typesupport_introspection_c__pyext
-- Install configuration: ""
-- Installing: /home/ivan/Webots_YOLOv8/install/soccer_model_msgs/share/ament_index/resource_index/rosidl_interfaces/soccer_model_msgs
-- Installing: /home/ivan/Webots_YOLOv8/install/soccer_model_msgs/include/soccer_model_msgs/soccer_model_msgs
-- Installing: /home/ivan/Webots_YOLOv8/install/soccer_model_msgs/include/soccer_model_msgs/soccer_model_msgs/msg
-- Installing: /home/ivan/Webots_YOLOv8/install/soccer_model_msgs/include/soccer_model_msgs/soccer_model_msgs/msg/detail
-- Installing: /home/ivan/Webots_YOLOv8/install/soccer_model_msgs/include/soccer_model_msgs/soccer_model_msgs/msg/detail/robot__functions.h
-- Installing: /home/ivan/Webots_YOLOv8/install/soccer_model_msgs/include/soccer_model_msgs/soccer_model_msgs/msg/detail/robot__struct.h
-- Installing: /home/ivan/Webots_YOLOv8/install/soccer_model_msgs/include/soccer_model_msgs/soccer_model_msgs/msg/detail/obstacle_array__functions.c
-- Installing: /home/ivan/Webots_YOLOv8/install/soccer_model_msgs/include/soccer_model_msgs/soccer_model_msgs/msg/detail/obstacle__struct.h
-- Installing: /home/ivan/Webots_YOLOv8/install/soccer_model_msgs/include/soccer_model_msgs/soccer_model_msgs/msg/detail/obstacle_array__functions.h
-- Installing: /home/ivan/Webots_YOLOv8/install/soccer_model_msgs/include/soccer_model_msgs/soccer_model_msgs/msg/detail/robot_array__struct.h
-- Installing: /home/ivan/Webots_YOLOv8/install/soccer_model_msgs/include/soccer_model_msgs/soccer_model_msgs/msg/detail/obstacle_array__type_support.h
-- Installing: /home/ivan/Webots_YOLOv8/install/soccer_model_msgs/include/soccer_model_msgs/soccer_model_msgs/msg/detail/obstacle__functions.c
-- Installing: /home/ivan/Webots_YOLOv8/install/soccer_model_msgs/include/soccer_model_msgs/soccer_model_msgs/msg/detail/robot_array__type_support.h
-- Installing: /home/ivan/Webots_YOLOv8/install/soccer_model_msgs/include/soccer_model_msgs/soccer_model_msgs/msg/detail/ball__functions.h
-- Installing: /home/ivan/Webots_YOLOv8/install/soccer_model_msgs/include/soccer_model_msgs/soccer_model_msgs/msg/detail/obstacle_array__struct.h
-- Installing: /home/ivan/Webots_YOLOv8/install/soccer_model_msgs/include/soccer_model_msgs/soccer_model_msgs/msg/detail/robot__functions.c
-- Installing: /home/ivan/Webots_YOLOv8/install/soccer_model_msgs/include/soccer_model_msgs/soccer_model_msgs/msg/detail/robot_array__functions.h
-- Installing: /home/ivan/Webots_YOLOv8/install/soccer_model_msgs/include/soccer_model_msgs/soccer_model_msgs/msg/detail/obstacle__type_support.h
-- Installing: /home/ivan/Webots_YOLOv8/install/soccer_model_msgs/include/soccer_model_msgs/soccer_model_msgs/msg/detail/robot_array__functions.c
-- Installing: /home/ivan/Webots_YOLOv8/install/soccer_model_msgs/include/soccer_model_msgs/soccer_model_msgs/msg/detail/ball__struct.h
-- Installing: /home/ivan/Webots_YOLOv8/install/soccer_model_msgs/include/soccer_model_msgs/soccer_model_msgs/msg/detail/ball__type_support.h
-- Installing: /home/ivan/Webots_YOLOv8/install/soccer_model_msgs/include/soccer_model_msgs/soccer_model_msgs/msg/detail/robot__type_support.h
-- Installing: /home/ivan/Webots_YOLOv8/install/soccer_model_msgs/include/soccer_model_msgs/soccer_model_msgs/msg/detail/ball__functions.c
-- Installing: /home/ivan/Webots_YOLOv8/install/soccer_model_msgs/include/soccer_model_msgs/soccer_model_msgs/msg/detail/obstacle__functions.h
-- Installing: /home/ivan/Webots_YOLOv8/install/soccer_model_msgs/include/soccer_model_msgs/soccer_model_msgs/msg/ball.h
-- Installing: /home/ivan/Webots_YOLOv8/install/soccer_model_msgs/include/soccer_model_msgs/soccer_model_msgs/msg/rosidl_generator_c__visibility_control.h
-- Installing: /home/ivan/Webots_YOLOv8/install/soccer_model_msgs/include/soccer_model_msgs/soccer_model_msgs/msg/obstacle_array.h
-- Installing: /home/ivan/Webots_YOLOv8/install/soccer_model_msgs/include/soccer_model_msgs/soccer_model_msgs/msg/robot_array.h
-- Installing: /home/ivan/Webots_YOLOv8/install/soccer_model_msgs/include/soccer_model_msgs/soccer_model_msgs/msg/obstacle.h
-- Installing: /home/ivan/Webots_YOLOv8/install/soccer_model_msgs/include/soccer_model_msgs/soccer_model_msgs/msg/robot.h
-- Installing: /home/ivan/Webots_YOLOv8/install/soccer_model_msgs/share/soccer_model_msgs/environment/library_path.sh
-- Installing: /home/ivan/Webots_YOLOv8/install/soccer_model_msgs/share/soccer_model_msgs/environment/library_path.dsv
-- Installing: /home/ivan/Webots_YOLOv8/install/soccer_model_msgs/lib/libsoccer_model_msgs__rosidl_generator_c.so
-- Set runtime path of "/home/ivan/Webots_YOLOv8/install/soccer_model_msgs/lib/libsoccer_model_msgs__rosidl_generator_c.so" to ""
-- Up-to-date: /home/ivan/Webots_YOLOv8/install/soccer_model_msgs/include/soccer_model_msgs/soccer_model_msgs
-- Up-to-date: /home/ivan/Webots_YOLOv8/install/soccer_model_msgs/include/soccer_model_msgs/soccer_model_msgs/msg
-- Up-to-date: /home/ivan/Webots_YOLOv8/install/soccer_model_msgs/include/soccer_model_msgs/soccer_model_msgs/msg/detail
-- Installing: /home/ivan/Webots_YOLOv8/install/soccer_model_msgs/include/soccer_model_msgs/soccer_model_msgs/msg/detail/obstacle__rosidl_typesupport_fastrtps_c.h
-- Installing: /home/ivan/Webots_YOLOv8/install/soccer_model_msgs/include/soccer_model_msgs/soccer_model_msgs/msg/detail/obstacle_array__rosidl_typesupport_fastrtps_c.h
-- Installing: /home/ivan/Webots_YOLOv8/install/soccer_model_msgs/include/soccer_model_msgs/soccer_model_msgs/msg/detail/ball__rosidl_typesupport_fastrtps_c.h
-- Installing: /home/ivan/Webots_YOLOv8/install/soccer_model_msgs/include/soccer_model_msgs/soccer_model_msgs/msg/detail/robot_array__rosidl_typesupport_fastrtps_c.h
-- Installing: /home/ivan/Webots_YOLOv8/install/soccer_model_msgs/include/soccer_model_msgs/soccer_model_msgs/msg/detail/robot__rosidl_typesupport_fastrtps_c.h
-- Installing: /home/ivan/Webots_YOLOv8/install/soccer_model_msgs/include/soccer_model_msgs/soccer_model_msgs/msg/rosidl_typesupport_fastrtps_c__visibility_control.h
-- Installing: /home/ivan/Webots_YOLOv8/install/soccer_model_msgs/lib/libsoccer_model_msgs__rosidl_typesupport_fastrtps_c.so
-- Set runtime path of "/home/ivan/Webots_YOLOv8/install/soccer_model_msgs/lib/libsoccer_model_msgs__rosidl_typesupport_fastrtps_c.so" to ""
-- Up-to-date: /home/ivan/Webots_YOLOv8/install/soccer_model_msgs/include/soccer_model_msgs/soccer_model_msgs
-- Up-to-date: /home/ivan/Webots_YOLOv8/install/soccer_model_msgs/include/soccer_model_msgs/soccer_model_msgs/msg
-- Up-to-date: /home/ivan/Webots_YOLOv8/install/soccer_model_msgs/include/soccer_model_msgs/soccer_model_msgs/msg/detail
-- Installing: /home/ivan/Webots_YOLOv8/install/soccer_model_msgs/include/soccer_model_msgs/soccer_model_msgs/msg/detail/obstacle_array__type_support.hpp
-- Installing: /home/ivan/Webots_YOLOv8/install/soccer_model_msgs/include/soccer_model_msgs/soccer_model_msgs/msg/detail/ball__builder.hpp
-- Installing: /home/ivan/Webots_YOLOv8/install/soccer_model_msgs/include/soccer_model_msgs/soccer_model_msgs/msg/detail/ball__struct.hpp
-- Installing: /home/ivan/Webots_YOLOv8/install/soccer_model_msgs/include/soccer_model_msgs/soccer_model_msgs/msg/detail/robot__traits.hpp
-- Installing: /home/ivan/Webots_YOLOv8/install/soccer_model_msgs/include/soccer_model_msgs/soccer_model_msgs/msg/detail/robot__struct.hpp
-- Installing: /home/ivan/Webots_YOLOv8/install/soccer_model_msgs/include/soccer_model_msgs/soccer_model_msgs/msg/detail/robot_array__type_support.hpp
-- Installing: /home/ivan/Webots_YOLOv8/install/soccer_model_msgs/include/soccer_model_msgs/soccer_model_msgs/msg/detail/obstacle__builder.hpp
-- Installing: /home/ivan/Webots_YOLOv8/install/soccer_model_msgs/include/soccer_model_msgs/soccer_model_msgs/msg/detail/obstacle__type_support.hpp
-- Installing: /home/ivan/Webots_YOLOv8/install/soccer_model_msgs/include/soccer_model_msgs/soccer_model_msgs/msg/detail/robot_array__traits.hpp
-- Installing: /home/ivan/Webots_YOLOv8/install/soccer_model_msgs/include/soccer_model_msgs/soccer_model_msgs/msg/detail/obstacle_array__builder.hpp
-- Installing: /home/ivan/Webots_YOLOv8/install/soccer_model_msgs/include/soccer_model_msgs/soccer_model_msgs/msg/detail/obstacle_array__traits.hpp
-- Installing: /home/ivan/Webots_YOLOv8/install/soccer_model_msgs/include/soccer_model_msgs/soccer_model_msgs/msg/detail/ball__type_support.hpp
-- Installing: /home/ivan/Webots_YOLOv8/install/soccer_model_msgs/include/soccer_model_msgs/soccer_model_msgs/msg/detail/robot_array__builder.hpp
-- Installing: /home/ivan/Webots_YOLOv8/install/soccer_model_msgs/include/soccer_model_msgs/soccer_model_msgs/msg/detail/obstacle__traits.hpp
-- Installing: /home/ivan/Webots_YOLOv8/install/soccer_model_msgs/include/soccer_model_msgs/soccer_model_msgs/msg/detail/robot_array__struct.hpp
-- Installing: /home/ivan/Webots_YOLOv8/install/soccer_model_msgs/include/soccer_model_msgs/soccer_model_msgs/msg/detail/obstacle__struct.hpp
-- Installing: /home/ivan/Webots_YOLOv8/install/soccer_model_msgs/include/soccer_model_msgs/soccer_model_msgs/msg/detail/obstacle_array__struct.hpp
-- Installing: /home/ivan/Webots_YOLOv8/install/soccer_model_msgs/include/soccer_model_msgs/soccer_model_msgs/msg/detail/ball__traits.hpp
-- Installing: /home/ivan/Webots_YOLOv8/install/soccer_model_msgs/include/soccer_model_msgs/soccer_model_msgs/msg/detail/robot__builder.hpp
-- Installing: /home/ivan/Webots_YOLOv8/install/soccer_model_msgs/include/soccer_model_msgs/soccer_model_msgs/msg/detail/robot__type_support.hpp
-- Installing: /home/ivan/Webots_YOLOv8/install/soccer_model_msgs/include/soccer_model_msgs/soccer_model_msgs/msg/ball.hpp
-- Installing: /home/ivan/Webots_YOLOv8/install/soccer_model_msgs/include/soccer_model_msgs/soccer_model_msgs/msg/rosidl_generator_cpp__visibility_control.hpp
-- Installing: /home/ivan/Webots_YOLOv8/install/soccer_model_msgs/include/soccer_model_msgs/soccer_model_msgs/msg/robot.hpp
-- Installing: /home/ivan/Webots_YOLOv8/install/soccer_model_msgs/include/soccer_model_msgs/soccer_model_msgs/msg/obstacle_array.hpp
-- Installing: /home/ivan/Webots_YOLOv8/install/soccer_model_msgs/include/soccer_model_msgs/soccer_model_msgs/msg/obstacle.hpp
-- Installing: /home/ivan/Webots_YOLOv8/install/soccer_model_msgs/include/soccer_model_msgs/soccer_model_msgs/msg/robot_array.hpp
-- Up-to-date: /home/ivan/Webots_YOLOv8/install/soccer_model_msgs/include/soccer_model_msgs/soccer_model_msgs
-- Up-to-date: /home/ivan/Webots_YOLOv8/install/soccer_model_msgs/include/soccer_model_msgs/soccer_model_msgs/msg
-- Up-to-date: /home/ivan/Webots_YOLOv8/install/soccer_model_msgs/include/soccer_model_msgs/soccer_model_msgs/msg/detail
-- Installing: /home/ivan/Webots_YOLOv8/install/soccer_model_msgs/include/soccer_model_msgs/soccer_model_msgs/msg/detail/robot_array__rosidl_typesupport_fastrtps_cpp.hpp
-- Installing: /home/ivan/Webots_YOLOv8/install/soccer_model_msgs/include/soccer_model_msgs/soccer_model_msgs/msg/detail/obstacle_array__rosidl_typesupport_fastrtps_cpp.hpp
-- Installing: /home/ivan/Webots_YOLOv8/install/soccer_model_msgs/include/soccer_model_msgs/soccer_model_msgs/msg/detail/dds_fastrtps
-- Installing: /home/ivan/Webots_YOLOv8/install/soccer_model_msgs/include/soccer_model_msgs/soccer_model_msgs/msg/detail/obstacle__rosidl_typesupport_fastrtps_cpp.hpp
-- Installing: /home/ivan/Webots_YOLOv8/install/soccer_model_msgs/include/soccer_model_msgs/soccer_model_msgs/msg/detail/robot__rosidl_typesupport_fastrtps_cpp.hpp
-- Installing: /home/ivan/Webots_YOLOv8/install/soccer_model_msgs/include/soccer_model_msgs/soccer_model_msgs/msg/detail/ball__rosidl_typesupport_fastrtps_cpp.hpp
-- Installing: /home/ivan/Webots_YOLOv8/install/soccer_model_msgs/include/soccer_model_msgs/soccer_model_msgs/msg/rosidl_typesupport_fastrtps_cpp__visibility_control.h
-- Installing: /home/ivan/Webots_YOLOv8/install/soccer_model_msgs/lib/libsoccer_model_msgs__rosidl_typesupport_fastrtps_cpp.so
-- Set runtime path of "/home/ivan/Webots_YOLOv8/install/soccer_model_msgs/lib/libsoccer_model_msgs__rosidl_typesupport_fastrtps_cpp.so" to ""
-- Up-to-date: /home/ivan/Webots_YOLOv8/install/soccer_model_msgs/include/soccer_model_msgs/soccer_model_msgs
-- Up-to-date: /home/ivan/Webots_YOLOv8/install/soccer_model_msgs/include/soccer_model_msgs/soccer_model_msgs/msg
-- Up-to-date: /home/ivan/Webots_YOLOv8/install/soccer_model_msgs/include/soccer_model_msgs/soccer_model_msgs/msg/detail
-- Installing: /home/ivan/Webots_YOLOv8/install/soccer_model_msgs/include/soccer_model_msgs/soccer_model_msgs/msg/detail/robot__rosidl_typesupport_introspection_c.h
-- Installing: /home/ivan/Webots_YOLOv8/install/soccer_model_msgs/include/soccer_model_msgs/soccer_model_msgs/msg/detail/obstacle_array__type_support.c
-- Installing: /home/ivan/Webots_YOLOv8/install/soccer_model_msgs/include/soccer_model_msgs/soccer_model_msgs/msg/detail/ball__type_support.c
-- Installing: /home/ivan/Webots_YOLOv8/install/soccer_model_msgs/include/soccer_model_msgs/soccer_model_msgs/msg/detail/obstacle__rosidl_typesupport_introspection_c.h
-- Installing: /home/ivan/Webots_YOLOv8/install/soccer_model_msgs/include/soccer_model_msgs/soccer_model_msgs/msg/detail/robot__type_support.c
-- Installing: /home/ivan/Webots_YOLOv8/install/soccer_model_msgs/include/soccer_model_msgs/soccer_model_msgs/msg/detail/robot_array__rosidl_typesupport_introspection_c.h
-- Installing: /home/ivan/Webots_YOLOv8/install/soccer_model_msgs/include/soccer_model_msgs/soccer_model_msgs/msg/detail/robot_array__type_support.c
-- Installing: /home/ivan/Webots_YOLOv8/install/soccer_model_msgs/include/soccer_model_msgs/soccer_model_msgs/msg/detail/obstacle_array__rosidl_typesupport_introspection_c.h
-- Installing: /home/ivan/Webots_YOLOv8/install/soccer_model_msgs/include/soccer_model_msgs/soccer_model_msgs/msg/detail/ball__rosidl_typesupport_introspection_c.h
-- Installing: /home/ivan/Webots_YOLOv8/install/soccer_model_msgs/include/soccer_model_msgs/soccer_model_msgs/msg/detail/obstacle__type_support.c
-- Installing: /home/ivan/Webots_YOLOv8/install/soccer_model_msgs/include/soccer_model_msgs/soccer_model_msgs/msg/rosidl_typesupport_introspection_c__visibility_control.h
-- Installing: /home/ivan/Webots_YOLOv8/install/soccer_model_msgs/lib/libsoccer_model_msgs__rosidl_typesupport_introspection_c.so
-- Set runtime path of "/home/ivan/Webots_YOLOv8/install/soccer_model_msgs/lib/libsoccer_model_msgs__rosidl_typesupport_introspection_c.so" to ""
-- Installing: /home/ivan/Webots_YOLOv8/install/soccer_model_msgs/lib/libsoccer_model_msgs__rosidl_typesupport_c.so
-- Set runtime path of "/home/ivan/Webots_YOLOv8/install/soccer_model_msgs/lib/libsoccer_model_msgs__rosidl_typesupport_c.so" to ""
-- Up-to-date: /home/ivan/Webots_YOLOv8/install/soccer_model_msgs/include/soccer_model_msgs/soccer_model_msgs
-- Up-to-date: /home/ivan/Webots_YOLOv8/install/soccer_model_msgs/include/soccer_model_msgs/soccer_model_msgs/msg
-- Up-to-date: /home/ivan/Webots_YOLOv8/install/soccer_model_msgs/include/soccer_model_msgs/soccer_model_msgs/msg/detail
-- Installing: /home/ivan/Webots_YOLOv8/install/soccer_model_msgs/include/soccer_model_msgs/soccer_model_msgs/msg/detail/robot_array__type_support.cpp
-- Installing: /home/ivan/Webots_YOLOv8/install/soccer_model_msgs/include/soccer_model_msgs/soccer_model_msgs/msg/detail/robot__rosidl_typesupport_introspection_cpp.hpp
-- Installing: /home/ivan/Webots_YOLOv8/install/soccer_model_msgs/include/soccer_model_msgs/soccer_model_msgs/msg/detail/ball__rosidl_typesupport_introspection_cpp.hpp
-- Installing: /home/ivan/Webots_YOLOv8/install/soccer_model_msgs/include/soccer_model_msgs/soccer_model_msgs/msg/detail/obstacle__rosidl_typesupport_introspection_cpp.hpp
-- Installing: /home/ivan/Webots_YOLOv8/install/soccer_model_msgs/include/soccer_model_msgs/soccer_model_msgs/msg/detail/obstacle__type_support.cpp
-- Installing: /home/ivan/Webots_YOLOv8/install/soccer_model_msgs/include/soccer_model_msgs/soccer_model_msgs/msg/detail/robot_array__rosidl_typesupport_introspection_cpp.hpp
-- Installing: /home/ivan/Webots_YOLOv8/install/soccer_model_msgs/include/soccer_model_msgs/soccer_model_msgs/msg/detail/obstacle_array__type_support.cpp
-- Installing: /home/ivan/Webots_YOLOv8/install/soccer_model_msgs/include/soccer_model_msgs/soccer_model_msgs/msg/detail/ball__type_support.cpp
-- Installing: /home/ivan/Webots_YOLOv8/install/soccer_model_msgs/include/soccer_model_msgs/soccer_model_msgs/msg/detail/obstacle_array__rosidl_typesupport_introspection_cpp.hpp
-- Installing: /home/ivan/Webots_YOLOv8/install/soccer_model_msgs/include/soccer_model_msgs/soccer_model_msgs/msg/detail/robot__type_support.cpp
-- Installing: /home/ivan/Webots_YOLOv8/install/soccer_model_msgs/lib/libsoccer_model_msgs__rosidl_typesupport_introspection_cpp.so
-- Set runtime path of "/home/ivan/Webots_YOLOv8/install/soccer_model_msgs/lib/libsoccer_model_msgs__rosidl_typesupport_introspection_cpp.so" to ""
-- Installing: /home/ivan/Webots_YOLOv8/install/soccer_model_msgs/lib/libsoccer_model_msgs__rosidl_typesupport_cpp.so
-- Set runtime path of "/home/ivan/Webots_YOLOv8/install/soccer_model_msgs/lib/libsoccer_model_msgs__rosidl_typesupport_cpp.so" to ""
-- Installing: /home/ivan/Webots_YOLOv8/install/soccer_model_msgs/share/soccer_model_msgs/environment/pythonpath.sh
-- Installing: /home/ivan/Webots_YOLOv8/install/soccer_model_msgs/share/soccer_model_msgs/environment/pythonpath.dsv
-- Installing: /home/ivan/Webots_YOLOv8/install/soccer_model_msgs/local/lib/python3.10/dist-packages/soccer_model_msgs-1.0.0-py3.10.egg-info
-- Installing: /home/ivan/Webots_YOLOv8/install/soccer_model_msgs/local/lib/python3.10/dist-packages/soccer_model_msgs-1.0.0-py3.10.egg-info/top_level.txt
-- Installing: /home/ivan/Webots_YOLOv8/install/soccer_model_msgs/local/lib/python3.10/dist-packages/soccer_model_msgs-1.0.0-py3.10.egg-info/dependency_links.txt
-- Installing: /home/ivan/Webots_YOLOv8/install/soccer_model_msgs/local/lib/python3.10/dist-packages/soccer_model_msgs-1.0.0-py3.10.egg-info/SOURCES.txt
-- Installing: /home/ivan/Webots_YOLOv8/install/soccer_model_msgs/local/lib/python3.10/dist-packages/soccer_model_msgs-1.0.0-py3.10.egg-info/PKG-INFO
-- Installing: /home/ivan/Webots_YOLOv8/install/soccer_model_msgs/local/lib/python3.10/dist-packages/soccer_model_msgs
-- Installing: /home/ivan/Webots_YOLOv8/install/soccer_model_msgs/local/lib/python3.10/dist-packages/soccer_model_msgs/soccer_model_msgs_s__rosidl_typesupport_c.cpython-310-x86_64-linux-gnu.so
-- Installing: /home/ivan/Webots_YOLOv8/install/soccer_model_msgs/local/lib/python3.10/dist-packages/soccer_model_msgs/soccer_model_msgs_s__rosidl_typesupport_fastrtps_c.cpython-310-x86_64-linux-gnu.so
-- Installing: /home/ivan/Webots_YOLOv8/install/soccer_model_msgs/local/lib/python3.10/dist-packages/soccer_model_msgs/msg
-- Installing: /home/ivan/Webots_YOLOv8/install/soccer_model_msgs/local/lib/python3.10/dist-packages/soccer_model_msgs/msg/_obstacle_s.c
-- Installing: /home/ivan/Webots_YOLOv8/install/soccer_model_msgs/local/lib/python3.10/dist-packages/soccer_model_msgs/msg/_robot_s.c
-- Installing: /home/ivan/Webots_YOLOv8/install/soccer_model_msgs/local/lib/python3.10/dist-packages/soccer_model_msgs/msg/_robot_array.py
-- Installing: /home/ivan/Webots_YOLOv8/install/soccer_model_msgs/local/lib/python3.10/dist-packages/soccer_model_msgs/msg/_obstacle_array.py
-- Installing: /home/ivan/Webots_YOLOv8/install/soccer_model_msgs/local/lib/python3.10/dist-packages/soccer_model_msgs/msg/__init__.py
-- Installing: /home/ivan/Webots_YOLOv8/install/soccer_model_msgs/local/lib/python3.10/dist-packages/soccer_model_msgs/msg/_ball_s.c
-- Installing: /home/ivan/Webots_YOLOv8/install/soccer_model_msgs/local/lib/python3.10/dist-packages/soccer_model_msgs/msg/_obstacle_array_s.c
-- Installing: /home/ivan/Webots_YOLOv8/install/soccer_model_msgs/local/lib/python3.10/dist-packages/soccer_model_msgs/msg/_obstacle.py
-- Installing: /home/ivan/Webots_YOLOv8/install/soccer_model_msgs/local/lib/python3.10/dist-packages/soccer_model_msgs/msg/_robot_array_s.c
-- Installing: /home/ivan/Webots_YOLOv8/install/soccer_model_msgs/local/lib/python3.10/dist-packages/soccer_model_msgs/msg/_robot.py
-- Installing: /home/ivan/Webots_YOLOv8/install/soccer_model_msgs/local/lib/python3.10/dist-packages/soccer_model_msgs/msg/_ball.py
-- Installing: /home/ivan/Webots_YOLOv8/install/soccer_model_msgs/local/lib/python3.10/dist-packages/soccer_model_msgs/__init__.py
-- Installing: /home/ivan/Webots_YOLOv8/install/soccer_model_msgs/local/lib/python3.10/dist-packages/soccer_model_msgs/_soccer_model_msgs_s.ep.rosidl_typesupport_fastrtps_c.c
-- Installing: /home/ivan/Webots_YOLOv8/install/soccer_model_msgs/local/lib/python3.10/dist-packages/soccer_model_msgs/soccer_model_msgs_s__rosidl_typesupport_introspection_c.cpython-310-x86_64-linux-gnu.so
-- Installing: /home/ivan/Webots_YOLOv8/install/soccer_model_msgs/local/lib/python3.10/dist-packages/soccer_model_msgs/_soccer_model_msgs_s.ep.rosidl_typesupport_c.c
-- Installing: /home/ivan/Webots_YOLOv8/install/soccer_model_msgs/local/lib/python3.10/dist-packages/soccer_model_msgs/libsoccer_model_msgs__rosidl_generator_py.so
-- Installing: /home/ivan/Webots_YOLOv8/install/soccer_model_msgs/local/lib/python3.10/dist-packages/soccer_model_msgs/_soccer_model_msgs_s.ep.rosidl_typesupport_introspection_c.c
Listing '/home/ivan/Webots_YOLOv8/install/soccer_model_msgs/local/lib/python3.10/dist-packages/soccer_model_msgs'...
Compiling '/home/ivan/Webots_YOLOv8/install/soccer_model_msgs/local/lib/python3.10/dist-packages/soccer_model_msgs/__init__.py'...
Listing '/home/ivan/Webots_YOLOv8/install/soccer_model_msgs/local/lib/python3.10/dist-packages/soccer_model_msgs/msg'...
Compiling '/home/ivan/Webots_YOLOv8/install/soccer_model_msgs/local/lib/python3.10/dist-packages/soccer_model_msgs/msg/__init__.py'...
Compiling '/home/ivan/Webots_YOLOv8/install/soccer_model_msgs/local/lib/python3.10/dist-packages/soccer_model_msgs/msg/_ball.py'...
Compiling '/home/ivan/Webots_YOLOv8/install/soccer_model_msgs/local/lib/python3.10/dist-packages/soccer_model_msgs/msg/_obstacle.py'...
Compiling '/home/ivan/Webots_YOLOv8/install/soccer_model_msgs/local/lib/python3.10/dist-packages/soccer_model_msgs/msg/_obstacle_array.py'...
Compiling '/home/ivan/Webots_YOLOv8/install/soccer_model_msgs/local/lib/python3.10/dist-packages/soccer_model_msgs/msg/_robot.py'...
Compiling '/home/ivan/Webots_YOLOv8/install/soccer_model_msgs/local/lib/python3.10/dist-packages/soccer_model_msgs/msg/_robot_array.py'...
-- Installing: /home/ivan/Webots_YOLOv8/install/soccer_model_msgs/local/lib/python3.10/dist-packages/soccer_model_msgs/soccer_model_msgs_s__rosidl_typesupport_fastrtps_c.cpython-310-x86_64-linux-gnu.so
-- Set runtime path of "/home/ivan/Webots_YOLOv8/install/soccer_model_msgs/local/lib/python3.10/dist-packages/soccer_model_msgs/soccer_model_msgs_s__rosidl_typesupport_fastrtps_c.cpython-310-x86_64-linux-gnu.so" to ""
-- Installing: /home/ivan/Webots_YOLOv8/install/soccer_model_msgs/local/lib/python3.10/dist-packages/soccer_model_msgs/soccer_model_msgs_s__rosidl_typesupport_introspection_c.cpython-310-x86_64-linux-gnu.so
-- Set runtime path of "/home/ivan/Webots_YOLOv8/install/soccer_model_msgs/local/lib/python3.10/dist-packages/soccer_model_msgs/soccer_model_msgs_s__rosidl_typesupport_introspection_c.cpython-310-x86_64-linux-gnu.so" to ""
-- Installing: /home/ivan/Webots_YOLOv8/install/soccer_model_msgs/local/lib/python3.10/dist-packages/soccer_model_msgs/soccer_model_msgs_s__rosidl_typesupport_c.cpython-310-x86_64-linux-gnu.so
-- Set runtime path of "/home/ivan/Webots_YOLOv8/install/soccer_model_msgs/local/lib/python3.10/dist-packages/soccer_model_msgs/soccer_model_msgs_s__rosidl_typesupport_c.cpython-310-x86_64-linux-gnu.so" to ""
-- Installing: /home/ivan/Webots_YOLOv8/install/soccer_model_msgs/lib/libsoccer_model_msgs__rosidl_generator_py.so
-- Set runtime path of "/home/ivan/Webots_YOLOv8/install/soccer_model_msgs/lib/libsoccer_model_msgs__rosidl_generator_py.so" to ""
-- Installing: /home/ivan/Webots_YOLOv8/install/soccer_model_msgs/share/soccer_model_msgs/msg/Ball.idl
-- Installing: /home/ivan/Webots_YOLOv8/install/soccer_model_msgs/share/soccer_model_msgs/msg/Obstacle.idl
-- Installing: /home/ivan/Webots_YOLOv8/install/soccer_model_msgs/share/soccer_model_msgs/msg/ObstacleArray.idl
-- Installing: /home/ivan/Webots_YOLOv8/install/soccer_model_msgs/share/soccer_model_msgs/msg/Robot.idl
-- Installing: /home/ivan/Webots_YOLOv8/install/soccer_model_msgs/share/soccer_model_msgs/msg/RobotArray.idl
-- Installing: /home/ivan/Webots_YOLOv8/install/soccer_model_msgs/share/soccer_model_msgs/msg/Ball.msg
-- Installing: /home/ivan/Webots_YOLOv8/install/soccer_model_msgs/share/soccer_model_msgs/msg/Obstacle.msg
-- Installing: /home/ivan/Webots_YOLOv8/install/soccer_model_msgs/share/soccer_model_msgs/msg/ObstacleArray.msg
-- Installing: /home/ivan/Webots_YOLOv8/install/soccer_model_msgs/share/soccer_model_msgs/msg/Robot.msg
-- Installing: /home/ivan/Webots_YOLOv8/install/soccer_model_msgs/share/soccer_model_msgs/msg/RobotArray.msg
-- Installing: /home/ivan/Webots_YOLOv8/install/soccer_model_msgs/share/ament_index/resource_index/package_run_dependencies/soccer_model_msgs
-- Installing: /home/ivan/Webots_YOLOv8/install/soccer_model_msgs/share/ament_index/resource_index/parent_prefix_path/soccer_model_msgs
-- Installing: /home/ivan/Webots_YOLOv8/install/soccer_model_msgs/share/soccer_model_msgs/environment/ament_prefix_path.sh
-- Installing: /home/ivan/Webots_YOLOv8/install/soccer_model_msgs/share/soccer_model_msgs/environment/ament_prefix_path.dsv
-- Installing: /home/ivan/Webots_YOLOv8/install/soccer_model_msgs/share/soccer_model_msgs/environment/path.sh
-- Installing: /home/ivan/Webots_YOLOv8/install/soccer_model_msgs/share/soccer_model_msgs/environment/path.dsv
-- Installing: /home/ivan/Webots_YOLOv8/install/soccer_model_msgs/share/soccer_model_msgs/local_setup.bash
-- Installing: /home/ivan/Webots_YOLOv8/install/soccer_model_msgs/share/soccer_model_msgs/local_setup.sh
-- Installing: /home/ivan/Webots_YOLOv8/install/soccer_model_msgs/share/soccer_model_msgs/local_setup.zsh
-- Installing: /home/ivan/Webots_YOLOv8/install/soccer_model_msgs/share/soccer_model_msgs/local_setup.dsv
-- Installing: /home/ivan/Webots_YOLOv8/install/soccer_model_msgs/share/soccer_model_msgs/package.dsv
-- Installing: /home/ivan/Webots_YOLOv8/install/soccer_model_msgs/share/ament_index/resource_index/packages/soccer_model_msgs
-- Installing: /home/ivan/Webots_YOLOv8/install/soccer_model_msgs/share/soccer_model_msgs/cmake/export_soccer_model_msgs__rosidl_generator_cExport.cmake
-- Installing: /home/ivan/Webots_YOLOv8/install/soccer_model_msgs/share/soccer_model_msgs/cmake/export_soccer_model_msgs__rosidl_generator_cExport-noconfig.cmake
-- Installing: /home/ivan/Webots_YOLOv8/install/soccer_model_msgs/share/soccer_model_msgs/cmake/export_soccer_model_msgs__rosidl_typesupport_fastrtps_cExport.cmake
-- Installing: /home/ivan/Webots_YOLOv8/install/soccer_model_msgs/share/soccer_model_msgs/cmake/export_soccer_model_msgs__rosidl_typesupport_fastrtps_cExport-noconfig.cmake
-- Installing: /home/ivan/Webots_YOLOv8/install/soccer_model_msgs/share/soccer_model_msgs/cmake/export_soccer_model_msgs__rosidl_generator_cppExport.cmake
-- Installing: /home/ivan/Webots_YOLOv8/install/soccer_model_msgs/share/soccer_model_msgs/cmake/export_soccer_model_msgs__rosidl_typesupport_fastrtps_cppExport.cmake
-- Installing: /home/ivan/Webots_YOLOv8/install/soccer_model_msgs/share/soccer_model_msgs/cmake/export_soccer_model_msgs__rosidl_typesupport_fastrtps_cppExport-noconfig.cmake
-- Installing: /home/ivan/Webots_YOLOv8/install/soccer_model_msgs/share/soccer_model_msgs/cmake/soccer_model_msgs__rosidl_typesupport_introspection_cExport.cmake
-- Installing: /home/ivan/Webots_YOLOv8/install/soccer_model_msgs/share/soccer_model_msgs/cmake/soccer_model_msgs__rosidl_typesupport_introspection_cExport-noconfig.cmake
-- Installing: /home/ivan/Webots_YOLOv8/install/soccer_model_msgs/share/soccer_model_msgs/cmake/soccer_model_msgs__rosidl_typesupport_cExport.cmake
-- Installing: /home/ivan/Webots_YOLOv8/install/soccer_model_msgs/share/soccer_model_msgs/cmake/soccer_model_msgs__rosidl_typesupport_cExport-noconfig.cmake
-- Installing: /home/ivan/Webots_YOLOv8/install/soccer_model_msgs/share/soccer_model_msgs/cmake/soccer_model_msgs__rosidl_typesupport_introspection_cppExport.cmake
-- Installing: /home/ivan/Webots_YOLOv8/install/soccer_model_msgs/share/soccer_model_msgs/cmake/soccer_model_msgs__rosidl_typesupport_introspection_cppExport-noconfig.cmake
-- Installing: /home/ivan/Webots_YOLOv8/install/soccer_model_msgs/share/soccer_model_msgs/cmake/soccer_model_msgs__rosidl_typesupport_cppExport.cmake
-- Installing: /home/ivan/Webots_YOLOv8/install/soccer_model_msgs/share/soccer_model_msgs/cmake/soccer_model_msgs__rosidl_typesupport_cppExport-noconfig.cmake
-- Installing: /home/ivan/Webots_YOLOv8/install/soccer_model_msgs/share/soccer_model_msgs/cmake/export_soccer_model_msgs__rosidl_generator_pyExport.cmake
-- Installing: /home/ivan/Webots_YOLOv8/install/soccer_model_msgs/share/soccer_model_msgs/cmake/export_soccer_model_msgs__rosidl_generator_pyExport-noconfig.cmake
-- Installing: /home/ivan/Webots_YOLOv8/install/soccer_model_msgs/share/soccer_model_msgs/cmake/rosidl_cmake-extras.cmake
-- Installing: /home/ivan/Webots_YOLOv8/install/soccer_model_msgs/share/soccer_model_msgs/cmake/ament_cmake_export_dependencies-extras.cmake
-- Installing: /home/ivan/Webots_YOLOv8/install/soccer_model_msgs/share/soccer_model_msgs/cmake/ament_cmake_export_include_directories-extras.cmake
-- Installing: /home/ivan/Webots_YOLOv8/install/soccer_model_msgs/share/soccer_model_msgs/cmake/ament_cmake_export_libraries-extras.cmake
-- Installing: /home/ivan/Webots_YOLOv8/install/soccer_model_msgs/share/soccer_model_msgs/cmake/ament_cmake_export_targets-extras.cmake
-- Installing: /home/ivan/Webots_YOLOv8/install/soccer_model_msgs/share/soccer_model_msgs/cmake/rosidl_cmake_export_typesupport_targets-extras.cmake
-- Installing: /home/ivan/Webots_YOLOv8/install/soccer_model_msgs/share/soccer_model_msgs/cmake/rosidl_cmake_export_typesupport_libraries-extras.cmake
-- Installing: /home/ivan/Webots_YOLOv8/install/soccer_model_msgs/share/soccer_model_msgs/cmake/soccer_model_msgsConfig.cmake
-- Installing: /home/ivan/Webots_YOLOv8/install/soccer_model_msgs/share/soccer_model_msgs/cmake/soccer_model_msgsConfig-version.cmake
-- Installing: /home/ivan/Webots_YOLOv8/install/soccer_model_msgs/share/soccer_model_msgs/package.xml
