[0.429s] Invoking command in '/home/ivan/Webots_YOLOv8/build/soccer_vision_2d_msgs': CMAKE_PREFIX_PATH=/home/ivan/Webots_YOLOv8/install/soccer_vision_attribute_msgs:/home/ivan/Webots_YOLOv8/install/soccer_interfaces:/home/ivan/Webots_YOLOv8/install/soccer_vision_3d_msgs:/home/ivan/Webots_YOLOv8/install/soccer_vision_2d_msgs:/home/ivan/Webots_YOLOv8/install/soccer_model_msgs:/home/ivan/Webots_YOLOv8/install/soccer_geometry_msgs:/home/ivan/Webots_YOLOv8/install/ipm_interfaces:/home/ivan/ros2_ws/install/edrom_msgs:/home/ivan/Webots_YOLOv8/install/soccer_ipm:/home/ivan/Webots_YOLOv8/install/Webots_YOLOv8:/home/ivan/Webots_YOLOv8/install/my_package:/home/ivan/Webots_YOLOv8/install/ipm_service:/home/ivan/Webots_YOLOv8/install/ipm_image_node:/home/ivan/Webots_YOLOv8/install/ipm_library:/home/ivan/ros2_ws/install/object_finder_onnx:/home/ivan/ros2_ws/install/object_finder:/home/ivan/ros2_ws/install/my_package:/home/ivan/ros2_ws/install/Webots_YOLOv8:/opt/ros/humble LD_LIBRARY_PATH=/home/ivan/Webots_YOLOv8/install/soccer_vision_attribute_msgs/lib:/home/ivan/Webots_YOLOv8/install/soccer_vision_3d_msgs/lib:/home/ivan/Webots_YOLOv8/install/soccer_vision_2d_msgs/lib:/home/ivan/Webots_YOLOv8/install/soccer_model_msgs/lib:/home/ivan/Webots_YOLOv8/install/soccer_geometry_msgs/lib:/home/ivan/Webots_YOLOv8/install/ipm_interfaces/lib:/home/ivan/ros2_ws/install/edrom_msgs/lib:/opt/ros/humble/opt/rviz_ogre_vendor/lib:/opt/ros/humble/lib/x86_64-linux-gnu:/opt/ros/humble/lib /usr/bin/cmake --build /home/ivan/Webots_YOLOv8/build/soccer_vision_2d_msgs -- -j12 -l12
[0.535s] [  0%] Built target soccer_vision_2d_msgs__cpp
[0.544s] [ 12%] Built target soccer_vision_2d_msgs__rosidl_generator_c
[0.590s] [ 12%] Built target ament_cmake_python_copy_soccer_vision_2d_msgs
[0.619s] [ 24%] Built target soccer_vision_2d_msgs__rosidl_typesupport_cpp
[0.654s] [ 36%] Built target soccer_vision_2d_msgs__rosidl_typesupport_fastrtps_cpp
[0.657s] [ 48%] Built target soccer_vision_2d_msgs__rosidl_typesupport_introspection_cpp
[0.662s] [ 60%] Built target soccer_vision_2d_msgs__rosidl_typesupport_fastrtps_c
[0.663s] [ 72%] Built target soccer_vision_2d_msgs__rosidl_typesupport_c
[0.667s] [ 84%] Built target soccer_vision_2d_msgs__rosidl_typesupport_introspection_c
[0.708s] [ 84%] Built target soccer_vision_2d_msgs
[0.753s] [ 85%] Built target soccer_vision_2d_msgs__py
[0.802s] [ 96%] Built target soccer_vision_2d_msgs__rosidl_generator_py
[0.856s] [ 97%] Built target soccer_vision_2d_msgs__rosidl_typesupport_fastrtps_c__pyext
[0.868s] [ 98%] Built target soccer_vision_2d_msgs__rosidl_typesupport_c__pyext
[0.868s] [100%] Built target soccer_vision_2d_msgs__rosidl_typesupport_introspection_c__pyext
[1.042s] running egg_info
[1.045s] writing soccer_vision_2d_msgs.egg-info/PKG-INFO
[1.045s] writing dependency_links to soccer_vision_2d_msgs.egg-info/dependency_links.txt
[1.045s] writing top-level names to soccer_vision_2d_msgs.egg-info/top_level.txt
[1.049s] reading manifest file 'soccer_vision_2d_msgs.egg-info/SOURCES.txt'
[1.051s] writing manifest file 'soccer_vision_2d_msgs.egg-info/SOURCES.txt'
[1.112s] [100%] Built target ament_cmake_python_build_soccer_vision_2d_msgs_egg
[1.136s] Invoked command in '/home/ivan/Webots_YOLOv8/build/soccer_vision_2d_msgs' returned '0': CMAKE_PREFIX_PATH=/home/ivan/Webots_YOLOv8/install/soccer_vision_attribute_msgs:/home/ivan/Webots_YOLOv8/install/soccer_interfaces:/home/ivan/Webots_YOLOv8/install/soccer_vision_3d_msgs:/home/ivan/Webots_YOLOv8/install/soccer_vision_2d_msgs:/home/ivan/Webots_YOLOv8/install/soccer_model_msgs:/home/ivan/Webots_YOLOv8/install/soccer_geometry_msgs:/home/ivan/Webots_YOLOv8/install/ipm_interfaces:/home/ivan/ros2_ws/install/edrom_msgs:/home/ivan/Webots_YOLOv8/install/soccer_ipm:/home/ivan/Webots_YOLOv8/install/Webots_YOLOv8:/home/ivan/Webots_YOLOv8/install/my_package:/home/ivan/Webots_YOLOv8/install/ipm_service:/home/ivan/Webots_YOLOv8/install/ipm_image_node:/home/ivan/Webots_YOLOv8/install/ipm_library:/home/ivan/ros2_ws/install/object_finder_onnx:/home/ivan/ros2_ws/install/object_finder:/home/ivan/ros2_ws/install/my_package:/home/ivan/ros2_ws/install/Webots_YOLOv8:/opt/ros/humble LD_LIBRARY_PATH=/home/ivan/Webots_YOLOv8/install/soccer_vision_attribute_msgs/lib:/home/ivan/Webots_YOLOv8/install/soccer_vision_3d_msgs/lib:/home/ivan/Webots_YOLOv8/install/soccer_vision_2d_msgs/lib:/home/ivan/Webots_YOLOv8/install/soccer_model_msgs/lib:/home/ivan/Webots_YOLOv8/install/soccer_geometry_msgs/lib:/home/ivan/Webots_YOLOv8/install/ipm_interfaces/lib:/home/ivan/ros2_ws/install/edrom_msgs/lib:/opt/ros/humble/opt/rviz_ogre_vendor/lib:/opt/ros/humble/lib/x86_64-linux-gnu:/opt/ros/humble/lib /usr/bin/cmake --build /home/ivan/Webots_YOLOv8/build/soccer_vision_2d_msgs -- -j12 -l12
[1.139s] Invoking command in '/home/ivan/Webots_YOLOv8/build/soccer_vision_2d_msgs': CMAKE_PREFIX_PATH=/home/ivan/Webots_YOLOv8/install/soccer_vision_attribute_msgs:/home/ivan/Webots_YOLOv8/install/soccer_interfaces:/home/ivan/Webots_YOLOv8/install/soccer_vision_3d_msgs:/home/ivan/Webots_YOLOv8/install/soccer_vision_2d_msgs:/home/ivan/Webots_YOLOv8/install/soccer_model_msgs:/home/ivan/Webots_YOLOv8/install/soccer_geometry_msgs:/home/ivan/Webots_YOLOv8/install/ipm_interfaces:/home/ivan/ros2_ws/install/edrom_msgs:/home/ivan/Webots_YOLOv8/install/soccer_ipm:/home/ivan/Webots_YOLOv8/install/Webots_YOLOv8:/home/ivan/Webots_YOLOv8/install/my_package:/home/ivan/Webots_YOLOv8/install/ipm_service:/home/ivan/Webots_YOLOv8/install/ipm_image_node:/home/ivan/Webots_YOLOv8/install/ipm_library:/home/ivan/ros2_ws/install/object_finder_onnx:/home/ivan/ros2_ws/install/object_finder:/home/ivan/ros2_ws/install/my_package:/home/ivan/ros2_ws/install/Webots_YOLOv8:/opt/ros/humble LD_LIBRARY_PATH=/home/ivan/Webots_YOLOv8/install/soccer_vision_attribute_msgs/lib:/home/ivan/Webots_YOLOv8/install/soccer_vision_3d_msgs/lib:/home/ivan/Webots_YOLOv8/install/soccer_vision_2d_msgs/lib:/home/ivan/Webots_YOLOv8/install/soccer_model_msgs/lib:/home/ivan/Webots_YOLOv8/install/soccer_geometry_msgs/lib:/home/ivan/Webots_YOLOv8/install/ipm_interfaces/lib:/home/ivan/ros2_ws/install/edrom_msgs/lib:/opt/ros/humble/opt/rviz_ogre_vendor/lib:/opt/ros/humble/lib/x86_64-linux-gnu:/opt/ros/humble/lib /usr/bin/cmake --install /home/ivan/Webots_YOLOv8/build/soccer_vision_2d_msgs
[1.153s] -- Install configuration: ""
[1.154s] -- Up-to-date: /home/ivan/Webots_YOLOv8/install/soccer_vision_2d_msgs/share/ament_index/resource_index/rosidl_interfaces/soccer_vision_2d_msgs
[1.154s] -- Up-to-date: /home/ivan/Webots_YOLOv8/install/soccer_vision_2d_msgs/include/soccer_vision_2d_msgs/soccer_vision_2d_msgs
[1.154s] -- Up-to-date: /home/ivan/Webots_YOLOv8/install/soccer_vision_2d_msgs/include/soccer_vision_2d_msgs/soccer_vision_2d_msgs/msg
[1.154s] -- Up-to-date: /home/ivan/Webots_YOLOv8/install/soccer_vision_2d_msgs/include/soccer_vision_2d_msgs/soccer_vision_2d_msgs/msg/detail
[1.154s] -- Up-to-date: /home/ivan/Webots_YOLOv8/install/soccer_vision_2d_msgs/include/soccer_vision_2d_msgs/soccer_vision_2d_msgs/msg/detail/marking_intersection__functions.h
[1.154s] -- Up-to-date: /home/ivan/Webots_YOLOv8/install/soccer_vision_2d_msgs/include/soccer_vision_2d_msgs/soccer_vision_2d_msgs/msg/detail/robot__functions.h
[1.155s] -- Up-to-date: /home/ivan/Webots_YOLOv8/install/soccer_vision_2d_msgs/include/soccer_vision_2d_msgs/soccer_vision_2d_msgs/msg/detail/robot__struct.h
[1.155s] -- Up-to-date: /home/ivan/Webots_YOLOv8/install/soccer_vision_2d_msgs/include/soccer_vision_2d_msgs/soccer_vision_2d_msgs/msg/detail/obstacle_array__functions.c
[1.155s] -- Up-to-date: /home/ivan/Webots_YOLOv8/install/soccer_vision_2d_msgs/include/soccer_vision_2d_msgs/soccer_vision_2d_msgs/msg/detail/obstacle__struct.h
[1.156s] -- Up-to-date: /home/ivan/Webots_YOLOv8/install/soccer_vision_2d_msgs/include/soccer_vision_2d_msgs/soccer_vision_2d_msgs/msg/detail/marking_segment__struct.h
[1.156s] -- Up-to-date: /home/ivan/Webots_YOLOv8/install/soccer_vision_2d_msgs/include/soccer_vision_2d_msgs/soccer_vision_2d_msgs/msg/detail/field_boundary__type_support.h
[1.156s] -- Up-to-date: /home/ivan/Webots_YOLOv8/install/soccer_vision_2d_msgs/include/soccer_vision_2d_msgs/soccer_vision_2d_msgs/msg/detail/obstacle_array__functions.h
[1.156s] -- Up-to-date: /home/ivan/Webots_YOLOv8/install/soccer_vision_2d_msgs/include/soccer_vision_2d_msgs/soccer_vision_2d_msgs/msg/detail/marking_array__functions.h
[1.156s] -- Up-to-date: /home/ivan/Webots_YOLOv8/install/soccer_vision_2d_msgs/include/soccer_vision_2d_msgs/soccer_vision_2d_msgs/msg/detail/robot_array__struct.h
[1.156s] -- Up-to-date: /home/ivan/Webots_YOLOv8/install/soccer_vision_2d_msgs/include/soccer_vision_2d_msgs/soccer_vision_2d_msgs/msg/detail/obstacle_array__type_support.h
[1.156s] -- Up-to-date: /home/ivan/Webots_YOLOv8/install/soccer_vision_2d_msgs/include/soccer_vision_2d_msgs/soccer_vision_2d_msgs/msg/detail/marking_segment__type_support.h
[1.156s] -- Up-to-date: /home/ivan/Webots_YOLOv8/install/soccer_vision_2d_msgs/include/soccer_vision_2d_msgs/soccer_vision_2d_msgs/msg/detail/marking_array__functions.c
[1.157s] -- Up-to-date: /home/ivan/Webots_YOLOv8/install/soccer_vision_2d_msgs/include/soccer_vision_2d_msgs/soccer_vision_2d_msgs/msg/detail/marking_segment__functions.h
[1.157s] -- Up-to-date: /home/ivan/Webots_YOLOv8/install/soccer_vision_2d_msgs/include/soccer_vision_2d_msgs/soccer_vision_2d_msgs/msg/detail/obstacle__functions.c
[1.157s] -- Up-to-date: /home/ivan/Webots_YOLOv8/install/soccer_vision_2d_msgs/include/soccer_vision_2d_msgs/soccer_vision_2d_msgs/msg/detail/marking_intersection__type_support.h
[1.157s] -- Up-to-date: /home/ivan/Webots_YOLOv8/install/soccer_vision_2d_msgs/include/soccer_vision_2d_msgs/soccer_vision_2d_msgs/msg/detail/robot_array__type_support.h
[1.157s] -- Up-to-date: /home/ivan/Webots_YOLOv8/install/soccer_vision_2d_msgs/include/soccer_vision_2d_msgs/soccer_vision_2d_msgs/msg/detail/ball__functions.h
[1.157s] -- Up-to-date: /home/ivan/Webots_YOLOv8/install/soccer_vision_2d_msgs/include/soccer_vision_2d_msgs/soccer_vision_2d_msgs/msg/detail/obstacle_array__struct.h
[1.158s] -- Up-to-date: /home/ivan/Webots_YOLOv8/install/soccer_vision_2d_msgs/include/soccer_vision_2d_msgs/soccer_vision_2d_msgs/msg/detail/goalpost_array__functions.h
[1.158s] -- Up-to-date: /home/ivan/Webots_YOLOv8/install/soccer_vision_2d_msgs/include/soccer_vision_2d_msgs/soccer_vision_2d_msgs/msg/detail/marking_segment__functions.c
[1.158s] -- Up-to-date: /home/ivan/Webots_YOLOv8/install/soccer_vision_2d_msgs/include/soccer_vision_2d_msgs/soccer_vision_2d_msgs/msg/detail/goalpost_array__type_support.h
[1.158s] -- Up-to-date: /home/ivan/Webots_YOLOv8/install/soccer_vision_2d_msgs/include/soccer_vision_2d_msgs/soccer_vision_2d_msgs/msg/detail/robot__functions.c
[1.158s] -- Up-to-date: /home/ivan/Webots_YOLOv8/install/soccer_vision_2d_msgs/include/soccer_vision_2d_msgs/soccer_vision_2d_msgs/msg/detail/goalpost_array__functions.c
[1.158s] -- Up-to-date: /home/ivan/Webots_YOLOv8/install/soccer_vision_2d_msgs/include/soccer_vision_2d_msgs/soccer_vision_2d_msgs/msg/detail/robot_array__functions.h
[1.158s] -- Up-to-date: /home/ivan/Webots_YOLOv8/install/soccer_vision_2d_msgs/include/soccer_vision_2d_msgs/soccer_vision_2d_msgs/msg/detail/obstacle__type_support.h
[1.159s] -- Up-to-date: /home/ivan/Webots_YOLOv8/install/soccer_vision_2d_msgs/include/soccer_vision_2d_msgs/soccer_vision_2d_msgs/msg/detail/robot_array__functions.c
[1.159s] -- Up-to-date: /home/ivan/Webots_YOLOv8/install/soccer_vision_2d_msgs/include/soccer_vision_2d_msgs/soccer_vision_2d_msgs/msg/detail/ball__struct.h
[1.159s] -- Up-to-date: /home/ivan/Webots_YOLOv8/install/soccer_vision_2d_msgs/include/soccer_vision_2d_msgs/soccer_vision_2d_msgs/msg/detail/field_boundary__struct.h
[1.159s] -- Up-to-date: /home/ivan/Webots_YOLOv8/install/soccer_vision_2d_msgs/include/soccer_vision_2d_msgs/soccer_vision_2d_msgs/msg/detail/marking_ellipse__functions.c
[1.159s] -- Up-to-date: /home/ivan/Webots_YOLOv8/install/soccer_vision_2d_msgs/include/soccer_vision_2d_msgs/soccer_vision_2d_msgs/msg/detail/field_boundary__functions.c
[1.159s] -- Up-to-date: /home/ivan/Webots_YOLOv8/install/soccer_vision_2d_msgs/include/soccer_vision_2d_msgs/soccer_vision_2d_msgs/msg/detail/marking_ellipse__struct.h
[1.159s] -- Up-to-date: /home/ivan/Webots_YOLOv8/install/soccer_vision_2d_msgs/include/soccer_vision_2d_msgs/soccer_vision_2d_msgs/msg/detail/ball__type_support.h
[1.159s] -- Up-to-date: /home/ivan/Webots_YOLOv8/install/soccer_vision_2d_msgs/include/soccer_vision_2d_msgs/soccer_vision_2d_msgs/msg/detail/marking_array__type_support.h
[1.160s] -- Up-to-date: /home/ivan/Webots_YOLOv8/install/soccer_vision_2d_msgs/include/soccer_vision_2d_msgs/soccer_vision_2d_msgs/msg/detail/ball_array__functions.h
[1.160s] -- Up-to-date: /home/ivan/Webots_YOLOv8/install/soccer_vision_2d_msgs/include/soccer_vision_2d_msgs/soccer_vision_2d_msgs/msg/detail/marking_ellipse__type_support.h
[1.160s] -- Up-to-date: /home/ivan/Webots_YOLOv8/install/soccer_vision_2d_msgs/include/soccer_vision_2d_msgs/soccer_vision_2d_msgs/msg/detail/marking_array__struct.h
[1.160s] -- Up-to-date: /home/ivan/Webots_YOLOv8/install/soccer_vision_2d_msgs/include/soccer_vision_2d_msgs/soccer_vision_2d_msgs/msg/detail/marking_intersection__functions.c
[1.160s] -- Up-to-date: /home/ivan/Webots_YOLOv8/install/soccer_vision_2d_msgs/include/soccer_vision_2d_msgs/soccer_vision_2d_msgs/msg/detail/robot__type_support.h
[1.160s] -- Up-to-date: /home/ivan/Webots_YOLOv8/install/soccer_vision_2d_msgs/include/soccer_vision_2d_msgs/soccer_vision_2d_msgs/msg/detail/goalpost__functions.h
[1.161s] -- Up-to-date: /home/ivan/Webots_YOLOv8/install/soccer_vision_2d_msgs/include/soccer_vision_2d_msgs/soccer_vision_2d_msgs/msg/detail/goalpost__functions.c
[1.161s] -- Up-to-date: /home/ivan/Webots_YOLOv8/install/soccer_vision_2d_msgs/include/soccer_vision_2d_msgs/soccer_vision_2d_msgs/msg/detail/ball__functions.c
[1.161s] -- Up-to-date: /home/ivan/Webots_YOLOv8/install/soccer_vision_2d_msgs/include/soccer_vision_2d_msgs/soccer_vision_2d_msgs/msg/detail/marking_intersection__struct.h
[1.161s] -- Up-to-date: /home/ivan/Webots_YOLOv8/install/soccer_vision_2d_msgs/include/soccer_vision_2d_msgs/soccer_vision_2d_msgs/msg/detail/goalpost__type_support.h
[1.161s] -- Up-to-date: /home/ivan/Webots_YOLOv8/install/soccer_vision_2d_msgs/include/soccer_vision_2d_msgs/soccer_vision_2d_msgs/msg/detail/ball_array__struct.h
[1.161s] -- Up-to-date: /home/ivan/Webots_YOLOv8/install/soccer_vision_2d_msgs/include/soccer_vision_2d_msgs/soccer_vision_2d_msgs/msg/detail/field_boundary__functions.h
[1.161s] -- Up-to-date: /home/ivan/Webots_YOLOv8/install/soccer_vision_2d_msgs/include/soccer_vision_2d_msgs/soccer_vision_2d_msgs/msg/detail/goalpost_array__struct.h
[1.161s] -- Up-to-date: /home/ivan/Webots_YOLOv8/install/soccer_vision_2d_msgs/include/soccer_vision_2d_msgs/soccer_vision_2d_msgs/msg/detail/marking_ellipse__functions.h
[1.161s] -- Up-to-date: /home/ivan/Webots_YOLOv8/install/soccer_vision_2d_msgs/include/soccer_vision_2d_msgs/soccer_vision_2d_msgs/msg/detail/obstacle__functions.h
[1.161s] -- Up-to-date: /home/ivan/Webots_YOLOv8/install/soccer_vision_2d_msgs/include/soccer_vision_2d_msgs/soccer_vision_2d_msgs/msg/detail/ball_array__type_support.h
[1.162s] -- Up-to-date: /home/ivan/Webots_YOLOv8/install/soccer_vision_2d_msgs/include/soccer_vision_2d_msgs/soccer_vision_2d_msgs/msg/detail/goalpost__struct.h
[1.162s] -- Up-to-date: /home/ivan/Webots_YOLOv8/install/soccer_vision_2d_msgs/include/soccer_vision_2d_msgs/soccer_vision_2d_msgs/msg/detail/ball_array__functions.c
[1.162s] -- Up-to-date: /home/ivan/Webots_YOLOv8/install/soccer_vision_2d_msgs/include/soccer_vision_2d_msgs/soccer_vision_2d_msgs/msg/marking_ellipse.h
[1.162s] -- Up-to-date: /home/ivan/Webots_YOLOv8/install/soccer_vision_2d_msgs/include/soccer_vision_2d_msgs/soccer_vision_2d_msgs/msg/marking_array.h
[1.162s] -- Up-to-date: /home/ivan/Webots_YOLOv8/install/soccer_vision_2d_msgs/include/soccer_vision_2d_msgs/soccer_vision_2d_msgs/msg/marking_intersection.h
[1.162s] -- Up-to-date: /home/ivan/Webots_YOLOv8/install/soccer_vision_2d_msgs/include/soccer_vision_2d_msgs/soccer_vision_2d_msgs/msg/field_boundary.h
[1.162s] -- Up-to-date: /home/ivan/Webots_YOLOv8/install/soccer_vision_2d_msgs/include/soccer_vision_2d_msgs/soccer_vision_2d_msgs/msg/ball.h
[1.163s] -- Up-to-date: /home/ivan/Webots_YOLOv8/install/soccer_vision_2d_msgs/include/soccer_vision_2d_msgs/soccer_vision_2d_msgs/msg/rosidl_generator_c__visibility_control.h
[1.163s] -- Up-to-date: /home/ivan/Webots_YOLOv8/install/soccer_vision_2d_msgs/include/soccer_vision_2d_msgs/soccer_vision_2d_msgs/msg/goalpost.h
[1.163s] -- Up-to-date: /home/ivan/Webots_YOLOv8/install/soccer_vision_2d_msgs/include/soccer_vision_2d_msgs/soccer_vision_2d_msgs/msg/obstacle_array.h
[1.163s] -- Up-to-date: /home/ivan/Webots_YOLOv8/install/soccer_vision_2d_msgs/include/soccer_vision_2d_msgs/soccer_vision_2d_msgs/msg/marking_segment.h
[1.163s] -- Up-to-date: /home/ivan/Webots_YOLOv8/install/soccer_vision_2d_msgs/include/soccer_vision_2d_msgs/soccer_vision_2d_msgs/msg/robot_array.h
[1.164s] -- Up-to-date: /home/ivan/Webots_YOLOv8/install/soccer_vision_2d_msgs/include/soccer_vision_2d_msgs/soccer_vision_2d_msgs/msg/obstacle.h
[1.164s] -- Up-to-date: /home/ivan/Webots_YOLOv8/install/soccer_vision_2d_msgs/include/soccer_vision_2d_msgs/soccer_vision_2d_msgs/msg/robot.h
[1.164s] -- Up-to-date: /home/ivan/Webots_YOLOv8/install/soccer_vision_2d_msgs/include/soccer_vision_2d_msgs/soccer_vision_2d_msgs/msg/goalpost_array.h
[1.164s] -- Up-to-date: /home/ivan/Webots_YOLOv8/install/soccer_vision_2d_msgs/include/soccer_vision_2d_msgs/soccer_vision_2d_msgs/msg/ball_array.h
[1.164s] -- Up-to-date: /home/ivan/Webots_YOLOv8/install/soccer_vision_2d_msgs/share/soccer_vision_2d_msgs/environment/library_path.sh
[1.164s] -- Up-to-date: /home/ivan/Webots_YOLOv8/install/soccer_vision_2d_msgs/share/soccer_vision_2d_msgs/environment/library_path.dsv
[1.164s] -- Up-to-date: /home/ivan/Webots_YOLOv8/install/soccer_vision_2d_msgs/lib/libsoccer_vision_2d_msgs__rosidl_generator_c.so
[1.165s] -- Up-to-date: /home/ivan/Webots_YOLOv8/install/soccer_vision_2d_msgs/include/soccer_vision_2d_msgs/soccer_vision_2d_msgs
[1.165s] -- Up-to-date: /home/ivan/Webots_YOLOv8/install/soccer_vision_2d_msgs/include/soccer_vision_2d_msgs/soccer_vision_2d_msgs/msg
[1.165s] -- Up-to-date: /home/ivan/Webots_YOLOv8/install/soccer_vision_2d_msgs/include/soccer_vision_2d_msgs/soccer_vision_2d_msgs/msg/detail
[1.165s] -- Up-to-date: /home/ivan/Webots_YOLOv8/install/soccer_vision_2d_msgs/include/soccer_vision_2d_msgs/soccer_vision_2d_msgs/msg/detail/obstacle__rosidl_typesupport_fastrtps_c.h
[1.165s] -- Up-to-date: /home/ivan/Webots_YOLOv8/install/soccer_vision_2d_msgs/include/soccer_vision_2d_msgs/soccer_vision_2d_msgs/msg/detail/goalpost__rosidl_typesupport_fastrtps_c.h
[1.165s] -- Up-to-date: /home/ivan/Webots_YOLOv8/install/soccer_vision_2d_msgs/include/soccer_vision_2d_msgs/soccer_vision_2d_msgs/msg/detail/marking_intersection__rosidl_typesupport_fastrtps_c.h
[1.166s] -- Up-to-date: /home/ivan/Webots_YOLOv8/install/soccer_vision_2d_msgs/include/soccer_vision_2d_msgs/soccer_vision_2d_msgs/msg/detail/obstacle_array__rosidl_typesupport_fastrtps_c.h
[1.166s] -- Up-to-date: /home/ivan/Webots_YOLOv8/install/soccer_vision_2d_msgs/include/soccer_vision_2d_msgs/soccer_vision_2d_msgs/msg/detail/ball_array__rosidl_typesupport_fastrtps_c.h
[1.166s] -- Up-to-date: /home/ivan/Webots_YOLOv8/install/soccer_vision_2d_msgs/include/soccer_vision_2d_msgs/soccer_vision_2d_msgs/msg/detail/marking_segment__rosidl_typesupport_fastrtps_c.h
[1.166s] -- Up-to-date: /home/ivan/Webots_YOLOv8/install/soccer_vision_2d_msgs/include/soccer_vision_2d_msgs/soccer_vision_2d_msgs/msg/detail/marking_ellipse__rosidl_typesupport_fastrtps_c.h
[1.166s] -- Up-to-date: /home/ivan/Webots_YOLOv8/install/soccer_vision_2d_msgs/include/soccer_vision_2d_msgs/soccer_vision_2d_msgs/msg/detail/goalpost_array__rosidl_typesupport_fastrtps_c.h
[1.166s] -- Up-to-date: /home/ivan/Webots_YOLOv8/install/soccer_vision_2d_msgs/include/soccer_vision_2d_msgs/soccer_vision_2d_msgs/msg/detail/ball__rosidl_typesupport_fastrtps_c.h
[1.167s] -- Up-to-date: /home/ivan/Webots_YOLOv8/install/soccer_vision_2d_msgs/include/soccer_vision_2d_msgs/soccer_vision_2d_msgs/msg/detail/field_boundary__rosidl_typesupport_fastrtps_c.h
[1.167s] -- Up-to-date: /home/ivan/Webots_YOLOv8/install/soccer_vision_2d_msgs/include/soccer_vision_2d_msgs/soccer_vision_2d_msgs/msg/detail/robot_array__rosidl_typesupport_fastrtps_c.h
[1.167s] -- Up-to-date: /home/ivan/Webots_YOLOv8/install/soccer_vision_2d_msgs/include/soccer_vision_2d_msgs/soccer_vision_2d_msgs/msg/detail/marking_array__rosidl_typesupport_fastrtps_c.h
[1.167s] -- Up-to-date: /home/ivan/Webots_YOLOv8/install/soccer_vision_2d_msgs/include/soccer_vision_2d_msgs/soccer_vision_2d_msgs/msg/detail/robot__rosidl_typesupport_fastrtps_c.h
[1.167s] -- Up-to-date: /home/ivan/Webots_YOLOv8/install/soccer_vision_2d_msgs/include/soccer_vision_2d_msgs/soccer_vision_2d_msgs/msg/rosidl_typesupport_fastrtps_c__visibility_control.h
[1.168s] -- Up-to-date: /home/ivan/Webots_YOLOv8/install/soccer_vision_2d_msgs/lib/libsoccer_vision_2d_msgs__rosidl_typesupport_fastrtps_c.so
[1.168s] -- Up-to-date: /home/ivan/Webots_YOLOv8/install/soccer_vision_2d_msgs/include/soccer_vision_2d_msgs/soccer_vision_2d_msgs
[1.168s] -- Up-to-date: /home/ivan/Webots_YOLOv8/install/soccer_vision_2d_msgs/include/soccer_vision_2d_msgs/soccer_vision_2d_msgs/msg
[1.168s] -- Up-to-date: /home/ivan/Webots_YOLOv8/install/soccer_vision_2d_msgs/include/soccer_vision_2d_msgs/soccer_vision_2d_msgs/msg/detail
[1.168s] -- Up-to-date: /home/ivan/Webots_YOLOv8/install/soccer_vision_2d_msgs/include/soccer_vision_2d_msgs/soccer_vision_2d_msgs/msg/detail/ball_array__type_support.c
[1.168s] -- Up-to-date: /home/ivan/Webots_YOLOv8/install/soccer_vision_2d_msgs/include/soccer_vision_2d_msgs/soccer_vision_2d_msgs/msg/detail/marking_array__rosidl_typesupport_introspection_c.h
[1.168s] -- Up-to-date: /home/ivan/Webots_YOLOv8/install/soccer_vision_2d_msgs/include/soccer_vision_2d_msgs/soccer_vision_2d_msgs/msg/detail/marking_ellipse__type_support.c
[1.169s] -- Up-to-date: /home/ivan/Webots_YOLOv8/install/soccer_vision_2d_msgs/include/soccer_vision_2d_msgs/soccer_vision_2d_msgs/msg/detail/robot__rosidl_typesupport_introspection_c.h
[1.169s] -- Up-to-date: /home/ivan/Webots_YOLOv8/install/soccer_vision_2d_msgs/include/soccer_vision_2d_msgs/soccer_vision_2d_msgs/msg/detail/field_boundary__type_support.c
[1.169s] -- Up-to-date: /home/ivan/Webots_YOLOv8/install/soccer_vision_2d_msgs/include/soccer_vision_2d_msgs/soccer_vision_2d_msgs/msg/detail/obstacle_array__type_support.c
[1.170s] -- Up-to-date: /home/ivan/Webots_YOLOv8/install/soccer_vision_2d_msgs/include/soccer_vision_2d_msgs/soccer_vision_2d_msgs/msg/detail/ball__type_support.c
[1.170s] -- Up-to-date: /home/ivan/Webots_YOLOv8/install/soccer_vision_2d_msgs/include/soccer_vision_2d_msgs/soccer_vision_2d_msgs/msg/detail/obstacle__rosidl_typesupport_introspection_c.h
[1.170s] -- Up-to-date: /home/ivan/Webots_YOLOv8/install/soccer_vision_2d_msgs/include/soccer_vision_2d_msgs/soccer_vision_2d_msgs/msg/detail/marking_segment__rosidl_typesupport_introspection_c.h
[1.170s] -- Up-to-date: /home/ivan/Webots_YOLOv8/install/soccer_vision_2d_msgs/include/soccer_vision_2d_msgs/soccer_vision_2d_msgs/msg/detail/goalpost__type_support.c
[1.170s] -- Up-to-date: /home/ivan/Webots_YOLOv8/install/soccer_vision_2d_msgs/include/soccer_vision_2d_msgs/soccer_vision_2d_msgs/msg/detail/goalpost_array__type_support.c
[1.170s] -- Up-to-date: /home/ivan/Webots_YOLOv8/install/soccer_vision_2d_msgs/include/soccer_vision_2d_msgs/soccer_vision_2d_msgs/msg/detail/ball_array__rosidl_typesupport_introspection_c.h
[1.176s] -- Up-to-date: /home/ivan/Webots_YOLOv8/install/soccer_vision_2d_msgs/include/soccer_vision_2d_msgs/soccer_vision_2d_msgs/msg/detail/marking_array__type_support.c
[1.177s] -- Up-to-date: /home/ivan/Webots_YOLOv8/install/soccer_vision_2d_msgs/include/soccer_vision_2d_msgs/soccer_vision_2d_msgs/msg/detail/marking_intersection__type_support.c
[1.177s] -- Up-to-date: /home/ivan/Webots_YOLOv8/install/soccer_vision_2d_msgs/include/soccer_vision_2d_msgs/soccer_vision_2d_msgs/msg/detail/marking_ellipse__rosidl_typesupport_introspection_c.h
[1.177s] -- Up-to-date: /home/ivan/Webots_YOLOv8/install/soccer_vision_2d_msgs/include/soccer_vision_2d_msgs/soccer_vision_2d_msgs/msg/detail/goalpost__rosidl_typesupport_introspection_c.h
[1.177s] -- Up-to-date: /home/ivan/Webots_YOLOv8/install/soccer_vision_2d_msgs/include/soccer_vision_2d_msgs/soccer_vision_2d_msgs/msg/detail/robot__type_support.c
[1.177s] -- Up-to-date: /home/ivan/Webots_YOLOv8/install/soccer_vision_2d_msgs/include/soccer_vision_2d_msgs/soccer_vision_2d_msgs/msg/detail/robot_array__rosidl_typesupport_introspection_c.h
[1.177s] -- Up-to-date: /home/ivan/Webots_YOLOv8/install/soccer_vision_2d_msgs/include/soccer_vision_2d_msgs/soccer_vision_2d_msgs/msg/detail/robot_array__type_support.c
[1.177s] -- Up-to-date: /home/ivan/Webots_YOLOv8/install/soccer_vision_2d_msgs/include/soccer_vision_2d_msgs/soccer_vision_2d_msgs/msg/detail/marking_intersection__rosidl_typesupport_introspection_c.h
[1.177s] -- Up-to-date: /home/ivan/Webots_YOLOv8/install/soccer_vision_2d_msgs/include/soccer_vision_2d_msgs/soccer_vision_2d_msgs/msg/detail/obstacle_array__rosidl_typesupport_introspection_c.h
[1.177s] -- Up-to-date: /home/ivan/Webots_YOLOv8/install/soccer_vision_2d_msgs/include/soccer_vision_2d_msgs/soccer_vision_2d_msgs/msg/detail/ball__rosidl_typesupport_introspection_c.h
[1.178s] -- Up-to-date: /home/ivan/Webots_YOLOv8/install/soccer_vision_2d_msgs/include/soccer_vision_2d_msgs/soccer_vision_2d_msgs/msg/detail/obstacle__type_support.c
[1.178s] -- Up-to-date: /home/ivan/Webots_YOLOv8/install/soccer_vision_2d_msgs/include/soccer_vision_2d_msgs/soccer_vision_2d_msgs/msg/detail/field_boundary__rosidl_typesupport_introspection_c.h
[1.178s] -- Up-to-date: /home/ivan/Webots_YOLOv8/install/soccer_vision_2d_msgs/include/soccer_vision_2d_msgs/soccer_vision_2d_msgs/msg/detail/marking_segment__type_support.c
[1.178s] -- Up-to-date: /home/ivan/Webots_YOLOv8/install/soccer_vision_2d_msgs/include/soccer_vision_2d_msgs/soccer_vision_2d_msgs/msg/detail/goalpost_array__rosidl_typesupport_introspection_c.h
[1.178s] -- Up-to-date: /home/ivan/Webots_YOLOv8/install/soccer_vision_2d_msgs/include/soccer_vision_2d_msgs/soccer_vision_2d_msgs/msg/rosidl_typesupport_introspection_c__visibility_control.h
[1.178s] -- Up-to-date: /home/ivan/Webots_YOLOv8/install/soccer_vision_2d_msgs/lib/libsoccer_vision_2d_msgs__rosidl_typesupport_introspection_c.so
[1.178s] -- Up-to-date: /home/ivan/Webots_YOLOv8/install/soccer_vision_2d_msgs/lib/libsoccer_vision_2d_msgs__rosidl_typesupport_c.so
[1.178s] -- Up-to-date: /home/ivan/Webots_YOLOv8/install/soccer_vision_2d_msgs/include/soccer_vision_2d_msgs/soccer_vision_2d_msgs
[1.178s] -- Up-to-date: /home/ivan/Webots_YOLOv8/install/soccer_vision_2d_msgs/include/soccer_vision_2d_msgs/soccer_vision_2d_msgs/msg
[1.178s] -- Up-to-date: /home/ivan/Webots_YOLOv8/install/soccer_vision_2d_msgs/include/soccer_vision_2d_msgs/soccer_vision_2d_msgs/msg/detail
[1.179s] -- Up-to-date: /home/ivan/Webots_YOLOv8/install/soccer_vision_2d_msgs/include/soccer_vision_2d_msgs/soccer_vision_2d_msgs/msg/detail/obstacle_array__type_support.hpp
[1.179s] -- Up-to-date: /home/ivan/Webots_YOLOv8/install/soccer_vision_2d_msgs/include/soccer_vision_2d_msgs/soccer_vision_2d_msgs/msg/detail/ball__builder.hpp
[1.179s] -- Up-to-date: /home/ivan/Webots_YOLOv8/install/soccer_vision_2d_msgs/include/soccer_vision_2d_msgs/soccer_vision_2d_msgs/msg/detail/ball__struct.hpp
[1.179s] -- Up-to-date: /home/ivan/Webots_YOLOv8/install/soccer_vision_2d_msgs/include/soccer_vision_2d_msgs/soccer_vision_2d_msgs/msg/detail/robot__traits.hpp
[1.179s] -- Up-to-date: /home/ivan/Webots_YOLOv8/install/soccer_vision_2d_msgs/include/soccer_vision_2d_msgs/soccer_vision_2d_msgs/msg/detail/ball_array__builder.hpp
[1.179s] -- Up-to-date: /home/ivan/Webots_YOLOv8/install/soccer_vision_2d_msgs/include/soccer_vision_2d_msgs/soccer_vision_2d_msgs/msg/detail/robot__struct.hpp
[1.179s] -- Up-to-date: /home/ivan/Webots_YOLOv8/install/soccer_vision_2d_msgs/include/soccer_vision_2d_msgs/soccer_vision_2d_msgs/msg/detail/marking_ellipse__traits.hpp
[1.179s] -- Up-to-date: /home/ivan/Webots_YOLOv8/install/soccer_vision_2d_msgs/include/soccer_vision_2d_msgs/soccer_vision_2d_msgs/msg/detail/marking_intersection__traits.hpp
[1.179s] -- Up-to-date: /home/ivan/Webots_YOLOv8/install/soccer_vision_2d_msgs/include/soccer_vision_2d_msgs/soccer_vision_2d_msgs/msg/detail/ball_array__traits.hpp
[1.184s] -- Up-to-date: /home/ivan/Webots_YOLOv8/install/soccer_vision_2d_msgs/include/soccer_vision_2d_msgs/soccer_vision_2d_msgs/msg/detail/robot_array__type_support.hpp
[1.184s] -- Up-to-date: /home/ivan/Webots_YOLOv8/install/soccer_vision_2d_msgs/include/soccer_vision_2d_msgs/soccer_vision_2d_msgs/msg/detail/goalpost_array__type_support.hpp
[1.184s] -- Up-to-date: /home/ivan/Webots_YOLOv8/install/soccer_vision_2d_msgs/include/soccer_vision_2d_msgs/soccer_vision_2d_msgs/msg/detail/marking_segment__builder.hpp
[1.184s] -- Up-to-date: /home/ivan/Webots_YOLOv8/install/soccer_vision_2d_msgs/include/soccer_vision_2d_msgs/soccer_vision_2d_msgs/msg/detail/obstacle__builder.hpp
[1.184s] -- Up-to-date: /home/ivan/Webots_YOLOv8/install/soccer_vision_2d_msgs/include/soccer_vision_2d_msgs/soccer_vision_2d_msgs/msg/detail/marking_intersection__builder.hpp
[1.184s] -- Up-to-date: /home/ivan/Webots_YOLOv8/install/soccer_vision_2d_msgs/include/soccer_vision_2d_msgs/soccer_vision_2d_msgs/msg/detail/obstacle__type_support.hpp
[1.184s] -- Up-to-date: /home/ivan/Webots_YOLOv8/install/soccer_vision_2d_msgs/include/soccer_vision_2d_msgs/soccer_vision_2d_msgs/msg/detail/goalpost__builder.hpp
[1.184s] -- Up-to-date: /home/ivan/Webots_YOLOv8/install/soccer_vision_2d_msgs/include/soccer_vision_2d_msgs/soccer_vision_2d_msgs/msg/detail/field_boundary__builder.hpp
[1.184s] -- Up-to-date: /home/ivan/Webots_YOLOv8/install/soccer_vision_2d_msgs/include/soccer_vision_2d_msgs/soccer_vision_2d_msgs/msg/detail/marking_array__builder.hpp
[1.184s] -- Up-to-date: /home/ivan/Webots_YOLOv8/install/soccer_vision_2d_msgs/include/soccer_vision_2d_msgs/soccer_vision_2d_msgs/msg/detail/marking_ellipse__type_support.hpp
[1.184s] -- Up-to-date: /home/ivan/Webots_YOLOv8/install/soccer_vision_2d_msgs/include/soccer_vision_2d_msgs/soccer_vision_2d_msgs/msg/detail/field_boundary__type_support.hpp
[1.184s] -- Up-to-date: /home/ivan/Webots_YOLOv8/install/soccer_vision_2d_msgs/include/soccer_vision_2d_msgs/soccer_vision_2d_msgs/msg/detail/goalpost_array__struct.hpp
[1.185s] -- Up-to-date: /home/ivan/Webots_YOLOv8/install/soccer_vision_2d_msgs/include/soccer_vision_2d_msgs/soccer_vision_2d_msgs/msg/detail/robot_array__traits.hpp
[1.185s] -- Up-to-date: /home/ivan/Webots_YOLOv8/install/soccer_vision_2d_msgs/include/soccer_vision_2d_msgs/soccer_vision_2d_msgs/msg/detail/obstacle_array__builder.hpp
[1.185s] -- Up-to-date: /home/ivan/Webots_YOLOv8/install/soccer_vision_2d_msgs/include/soccer_vision_2d_msgs/soccer_vision_2d_msgs/msg/detail/ball_array__type_support.hpp
[1.185s] -- Up-to-date: /home/ivan/Webots_YOLOv8/install/soccer_vision_2d_msgs/include/soccer_vision_2d_msgs/soccer_vision_2d_msgs/msg/detail/marking_array__struct.hpp
[1.185s] -- Up-to-date: /home/ivan/Webots_YOLOv8/install/soccer_vision_2d_msgs/include/soccer_vision_2d_msgs/soccer_vision_2d_msgs/msg/detail/field_boundary__traits.hpp
[1.185s] -- Up-to-date: /home/ivan/Webots_YOLOv8/install/soccer_vision_2d_msgs/include/soccer_vision_2d_msgs/soccer_vision_2d_msgs/msg/detail/goalpost__type_support.hpp
[1.185s] -- Up-to-date: /home/ivan/Webots_YOLOv8/install/soccer_vision_2d_msgs/include/soccer_vision_2d_msgs/soccer_vision_2d_msgs/msg/detail/marking_segment__struct.hpp
[1.185s] -- Up-to-date: /home/ivan/Webots_YOLOv8/install/soccer_vision_2d_msgs/include/soccer_vision_2d_msgs/soccer_vision_2d_msgs/msg/detail/marking_intersection__struct.hpp
[1.185s] -- Up-to-date: /home/ivan/Webots_YOLOv8/install/soccer_vision_2d_msgs/include/soccer_vision_2d_msgs/soccer_vision_2d_msgs/msg/detail/ball_array__struct.hpp
[1.185s] -- Up-to-date: /home/ivan/Webots_YOLOv8/install/soccer_vision_2d_msgs/include/soccer_vision_2d_msgs/soccer_vision_2d_msgs/msg/detail/marking_array__type_support.hpp
[1.185s] -- Up-to-date: /home/ivan/Webots_YOLOv8/install/soccer_vision_2d_msgs/include/soccer_vision_2d_msgs/soccer_vision_2d_msgs/msg/detail/marking_intersection__type_support.hpp
[1.185s] -- Up-to-date: /home/ivan/Webots_YOLOv8/install/soccer_vision_2d_msgs/include/soccer_vision_2d_msgs/soccer_vision_2d_msgs/msg/detail/obstacle_array__traits.hpp
[1.186s] -- Up-to-date: /home/ivan/Webots_YOLOv8/install/soccer_vision_2d_msgs/include/soccer_vision_2d_msgs/soccer_vision_2d_msgs/msg/detail/goalpost__traits.hpp
[1.186s] -- Up-to-date: /home/ivan/Webots_YOLOv8/install/soccer_vision_2d_msgs/include/soccer_vision_2d_msgs/soccer_vision_2d_msgs/msg/detail/ball__type_support.hpp
[1.186s] -- Up-to-date: /home/ivan/Webots_YOLOv8/install/soccer_vision_2d_msgs/include/soccer_vision_2d_msgs/soccer_vision_2d_msgs/msg/detail/goalpost_array__traits.hpp
[1.186s] -- Up-to-date: /home/ivan/Webots_YOLOv8/install/soccer_vision_2d_msgs/include/soccer_vision_2d_msgs/soccer_vision_2d_msgs/msg/detail/robot_array__builder.hpp
[1.186s] -- Up-to-date: /home/ivan/Webots_YOLOv8/install/soccer_vision_2d_msgs/include/soccer_vision_2d_msgs/soccer_vision_2d_msgs/msg/detail/field_boundary__struct.hpp
[1.186s] -- Up-to-date: /home/ivan/Webots_YOLOv8/install/soccer_vision_2d_msgs/include/soccer_vision_2d_msgs/soccer_vision_2d_msgs/msg/detail/obstacle__traits.hpp
[1.187s] -- Up-to-date: /home/ivan/Webots_YOLOv8/install/soccer_vision_2d_msgs/include/soccer_vision_2d_msgs/soccer_vision_2d_msgs/msg/detail/goalpost__struct.hpp
[1.187s] -- Up-to-date: /home/ivan/Webots_YOLOv8/install/soccer_vision_2d_msgs/include/soccer_vision_2d_msgs/soccer_vision_2d_msgs/msg/detail/robot_array__struct.hpp
[1.187s] -- Up-to-date: /home/ivan/Webots_YOLOv8/install/soccer_vision_2d_msgs/include/soccer_vision_2d_msgs/soccer_vision_2d_msgs/msg/detail/obstacle__struct.hpp
[1.187s] -- Up-to-date: /home/ivan/Webots_YOLOv8/install/soccer_vision_2d_msgs/include/soccer_vision_2d_msgs/soccer_vision_2d_msgs/msg/detail/marking_ellipse__builder.hpp
[1.187s] -- Up-to-date: /home/ivan/Webots_YOLOv8/install/soccer_vision_2d_msgs/include/soccer_vision_2d_msgs/soccer_vision_2d_msgs/msg/detail/marking_ellipse__struct.hpp
[1.187s] -- Up-to-date: /home/ivan/Webots_YOLOv8/install/soccer_vision_2d_msgs/include/soccer_vision_2d_msgs/soccer_vision_2d_msgs/msg/detail/obstacle_array__struct.hpp
[1.187s] -- Up-to-date: /home/ivan/Webots_YOLOv8/install/soccer_vision_2d_msgs/include/soccer_vision_2d_msgs/soccer_vision_2d_msgs/msg/detail/ball__traits.hpp
[1.187s] -- Up-to-date: /home/ivan/Webots_YOLOv8/install/soccer_vision_2d_msgs/include/soccer_vision_2d_msgs/soccer_vision_2d_msgs/msg/detail/marking_array__traits.hpp
[1.187s] -- Up-to-date: /home/ivan/Webots_YOLOv8/install/soccer_vision_2d_msgs/include/soccer_vision_2d_msgs/soccer_vision_2d_msgs/msg/detail/marking_segment__traits.hpp
[1.187s] -- Up-to-date: /home/ivan/Webots_YOLOv8/install/soccer_vision_2d_msgs/include/soccer_vision_2d_msgs/soccer_vision_2d_msgs/msg/detail/robot__builder.hpp
[1.187s] -- Up-to-date: /home/ivan/Webots_YOLOv8/install/soccer_vision_2d_msgs/include/soccer_vision_2d_msgs/soccer_vision_2d_msgs/msg/detail/robot__type_support.hpp
[1.187s] -- Up-to-date: /home/ivan/Webots_YOLOv8/install/soccer_vision_2d_msgs/include/soccer_vision_2d_msgs/soccer_vision_2d_msgs/msg/detail/marking_segment__type_support.hpp
[1.187s] -- Up-to-date: /home/ivan/Webots_YOLOv8/install/soccer_vision_2d_msgs/include/soccer_vision_2d_msgs/soccer_vision_2d_msgs/msg/detail/goalpost_array__builder.hpp
[1.188s] -- Up-to-date: /home/ivan/Webots_YOLOv8/install/soccer_vision_2d_msgs/include/soccer_vision_2d_msgs/soccer_vision_2d_msgs/msg/ball_array.hpp
[1.188s] -- Up-to-date: /home/ivan/Webots_YOLOv8/install/soccer_vision_2d_msgs/include/soccer_vision_2d_msgs/soccer_vision_2d_msgs/msg/goalpost_array.hpp
[1.189s] -- Up-to-date: /home/ivan/Webots_YOLOv8/install/soccer_vision_2d_msgs/include/soccer_vision_2d_msgs/soccer_vision_2d_msgs/msg/ball.hpp
[1.189s] -- Up-to-date: /home/ivan/Webots_YOLOv8/install/soccer_vision_2d_msgs/include/soccer_vision_2d_msgs/soccer_vision_2d_msgs/msg/rosidl_generator_cpp__visibility_control.hpp
[1.189s] -- Up-to-date: /home/ivan/Webots_YOLOv8/install/soccer_vision_2d_msgs/include/soccer_vision_2d_msgs/soccer_vision_2d_msgs/msg/marking_ellipse.hpp
[1.189s] -- Up-to-date: /home/ivan/Webots_YOLOv8/install/soccer_vision_2d_msgs/include/soccer_vision_2d_msgs/soccer_vision_2d_msgs/msg/robot.hpp
[1.189s] -- Up-to-date: /home/ivan/Webots_YOLOv8/install/soccer_vision_2d_msgs/include/soccer_vision_2d_msgs/soccer_vision_2d_msgs/msg/obstacle_array.hpp
[1.189s] -- Up-to-date: /home/ivan/Webots_YOLOv8/install/soccer_vision_2d_msgs/include/soccer_vision_2d_msgs/soccer_vision_2d_msgs/msg/marking_array.hpp
[1.189s] -- Up-to-date: /home/ivan/Webots_YOLOv8/install/soccer_vision_2d_msgs/include/soccer_vision_2d_msgs/soccer_vision_2d_msgs/msg/marking_segment.hpp
[1.189s] -- Up-to-date: /home/ivan/Webots_YOLOv8/install/soccer_vision_2d_msgs/include/soccer_vision_2d_msgs/soccer_vision_2d_msgs/msg/goalpost.hpp
[1.189s] -- Up-to-date: /home/ivan/Webots_YOLOv8/install/soccer_vision_2d_msgs/include/soccer_vision_2d_msgs/soccer_vision_2d_msgs/msg/obstacle.hpp
[1.189s] -- Up-to-date: /home/ivan/Webots_YOLOv8/install/soccer_vision_2d_msgs/include/soccer_vision_2d_msgs/soccer_vision_2d_msgs/msg/marking_intersection.hpp
[1.189s] -- Up-to-date: /home/ivan/Webots_YOLOv8/install/soccer_vision_2d_msgs/include/soccer_vision_2d_msgs/soccer_vision_2d_msgs/msg/robot_array.hpp
[1.189s] -- Up-to-date: /home/ivan/Webots_YOLOv8/install/soccer_vision_2d_msgs/include/soccer_vision_2d_msgs/soccer_vision_2d_msgs/msg/field_boundary.hpp
[1.189s] -- Up-to-date: /home/ivan/Webots_YOLOv8/install/soccer_vision_2d_msgs/include/soccer_vision_2d_msgs/soccer_vision_2d_msgs
[1.189s] -- Up-to-date: /home/ivan/Webots_YOLOv8/install/soccer_vision_2d_msgs/include/soccer_vision_2d_msgs/soccer_vision_2d_msgs/msg
[1.190s] -- Up-to-date: /home/ivan/Webots_YOLOv8/install/soccer_vision_2d_msgs/include/soccer_vision_2d_msgs/soccer_vision_2d_msgs/msg/detail
[1.190s] -- Up-to-date: /home/ivan/Webots_YOLOv8/install/soccer_vision_2d_msgs/include/soccer_vision_2d_msgs/soccer_vision_2d_msgs/msg/detail/robot_array__rosidl_typesupport_fastrtps_cpp.hpp
[1.190s] -- Up-to-date: /home/ivan/Webots_YOLOv8/install/soccer_vision_2d_msgs/include/soccer_vision_2d_msgs/soccer_vision_2d_msgs/msg/detail/obstacle_array__rosidl_typesupport_fastrtps_cpp.hpp
[1.190s] -- Up-to-date: /home/ivan/Webots_YOLOv8/install/soccer_vision_2d_msgs/include/soccer_vision_2d_msgs/soccer_vision_2d_msgs/msg/detail/dds_fastrtps
[1.191s] -- Up-to-date: /home/ivan/Webots_YOLOv8/install/soccer_vision_2d_msgs/include/soccer_vision_2d_msgs/soccer_vision_2d_msgs/msg/detail/marking_ellipse__rosidl_typesupport_fastrtps_cpp.hpp
[1.191s] -- Up-to-date: /home/ivan/Webots_YOLOv8/install/soccer_vision_2d_msgs/include/soccer_vision_2d_msgs/soccer_vision_2d_msgs/msg/detail/obstacle__rosidl_typesupport_fastrtps_cpp.hpp
[1.191s] -- Up-to-date: /home/ivan/Webots_YOLOv8/install/soccer_vision_2d_msgs/include/soccer_vision_2d_msgs/soccer_vision_2d_msgs/msg/detail/robot__rosidl_typesupport_fastrtps_cpp.hpp
[1.191s] -- Up-to-date: /home/ivan/Webots_YOLOv8/install/soccer_vision_2d_msgs/include/soccer_vision_2d_msgs/soccer_vision_2d_msgs/msg/detail/marking_array__rosidl_typesupport_fastrtps_cpp.hpp
[1.192s] -- Up-to-date: /home/ivan/Webots_YOLOv8/install/soccer_vision_2d_msgs/include/soccer_vision_2d_msgs/soccer_vision_2d_msgs/msg/detail/ball__rosidl_typesupport_fastrtps_cpp.hpp
[1.192s] -- Up-to-date: /home/ivan/Webots_YOLOv8/install/soccer_vision_2d_msgs/include/soccer_vision_2d_msgs/soccer_vision_2d_msgs/msg/detail/field_boundary__rosidl_typesupport_fastrtps_cpp.hpp
[1.192s] -- Up-to-date: /home/ivan/Webots_YOLOv8/install/soccer_vision_2d_msgs/include/soccer_vision_2d_msgs/soccer_vision_2d_msgs/msg/detail/goalpost__rosidl_typesupport_fastrtps_cpp.hpp
[1.192s] -- Up-to-date: /home/ivan/Webots_YOLOv8/install/soccer_vision_2d_msgs/include/soccer_vision_2d_msgs/soccer_vision_2d_msgs/msg/detail/marking_segment__rosidl_typesupport_fastrtps_cpp.hpp
[1.192s] -- Up-to-date: /home/ivan/Webots_YOLOv8/install/soccer_vision_2d_msgs/include/soccer_vision_2d_msgs/soccer_vision_2d_msgs/msg/detail/goalpost_array__rosidl_typesupport_fastrtps_cpp.hpp
[1.192s] -- Up-to-date: /home/ivan/Webots_YOLOv8/install/soccer_vision_2d_msgs/include/soccer_vision_2d_msgs/soccer_vision_2d_msgs/msg/detail/ball_array__rosidl_typesupport_fastrtps_cpp.hpp
[1.192s] -- Up-to-date: /home/ivan/Webots_YOLOv8/install/soccer_vision_2d_msgs/include/soccer_vision_2d_msgs/soccer_vision_2d_msgs/msg/detail/marking_intersection__rosidl_typesupport_fastrtps_cpp.hpp
[1.192s] -- Up-to-date: /home/ivan/Webots_YOLOv8/install/soccer_vision_2d_msgs/include/soccer_vision_2d_msgs/soccer_vision_2d_msgs/msg/rosidl_typesupport_fastrtps_cpp__visibility_control.h
[1.192s] -- Up-to-date: /home/ivan/Webots_YOLOv8/install/soccer_vision_2d_msgs/lib/libsoccer_vision_2d_msgs__rosidl_typesupport_fastrtps_cpp.so
[1.193s] -- Up-to-date: /home/ivan/Webots_YOLOv8/install/soccer_vision_2d_msgs/include/soccer_vision_2d_msgs/soccer_vision_2d_msgs
[1.193s] -- Up-to-date: /home/ivan/Webots_YOLOv8/install/soccer_vision_2d_msgs/include/soccer_vision_2d_msgs/soccer_vision_2d_msgs/msg
[1.193s] -- Up-to-date: /home/ivan/Webots_YOLOv8/install/soccer_vision_2d_msgs/include/soccer_vision_2d_msgs/soccer_vision_2d_msgs/msg/detail
[1.193s] -- Up-to-date: /home/ivan/Webots_YOLOv8/install/soccer_vision_2d_msgs/include/soccer_vision_2d_msgs/soccer_vision_2d_msgs/msg/detail/marking_ellipse__type_support.cpp
[1.193s] -- Up-to-date: /home/ivan/Webots_YOLOv8/install/soccer_vision_2d_msgs/include/soccer_vision_2d_msgs/soccer_vision_2d_msgs/msg/detail/robot_array__type_support.cpp
[1.193s] -- Up-to-date: /home/ivan/Webots_YOLOv8/install/soccer_vision_2d_msgs/include/soccer_vision_2d_msgs/soccer_vision_2d_msgs/msg/detail/goalpost_array__type_support.cpp
[1.193s] -- Up-to-date: /home/ivan/Webots_YOLOv8/install/soccer_vision_2d_msgs/include/soccer_vision_2d_msgs/soccer_vision_2d_msgs/msg/detail/ball_array__type_support.cpp
[1.193s] -- Up-to-date: /home/ivan/Webots_YOLOv8/install/soccer_vision_2d_msgs/include/soccer_vision_2d_msgs/soccer_vision_2d_msgs/msg/detail/marking_segment__type_support.cpp
[1.193s] -- Up-to-date: /home/ivan/Webots_YOLOv8/install/soccer_vision_2d_msgs/include/soccer_vision_2d_msgs/soccer_vision_2d_msgs/msg/detail/robot__rosidl_typesupport_introspection_cpp.hpp
[1.193s] -- Up-to-date: /home/ivan/Webots_YOLOv8/install/soccer_vision_2d_msgs/include/soccer_vision_2d_msgs/soccer_vision_2d_msgs/msg/detail/field_boundary__rosidl_typesupport_introspection_cpp.hpp
[1.193s] -- Up-to-date: /home/ivan/Webots_YOLOv8/install/soccer_vision_2d_msgs/include/soccer_vision_2d_msgs/soccer_vision_2d_msgs/msg/detail/ball__rosidl_typesupport_introspection_cpp.hpp
[1.193s] -- Up-to-date: /home/ivan/Webots_YOLOv8/install/soccer_vision_2d_msgs/include/soccer_vision_2d_msgs/soccer_vision_2d_msgs/msg/detail/ball_array__rosidl_typesupport_introspection_cpp.hpp
[1.194s] -- Up-to-date: /home/ivan/Webots_YOLOv8/install/soccer_vision_2d_msgs/include/soccer_vision_2d_msgs/soccer_vision_2d_msgs/msg/detail/obstacle__rosidl_typesupport_introspection_cpp.hpp
[1.194s] -- Up-to-date: /home/ivan/Webots_YOLOv8/install/soccer_vision_2d_msgs/include/soccer_vision_2d_msgs/soccer_vision_2d_msgs/msg/detail/obstacle__type_support.cpp
[1.194s] -- Up-to-date: /home/ivan/Webots_YOLOv8/install/soccer_vision_2d_msgs/include/soccer_vision_2d_msgs/soccer_vision_2d_msgs/msg/detail/robot_array__rosidl_typesupport_introspection_cpp.hpp
[1.194s] -- Up-to-date: /home/ivan/Webots_YOLOv8/install/soccer_vision_2d_msgs/include/soccer_vision_2d_msgs/soccer_vision_2d_msgs/msg/detail/obstacle_array__type_support.cpp
[1.194s] -- Up-to-date: /home/ivan/Webots_YOLOv8/install/soccer_vision_2d_msgs/include/soccer_vision_2d_msgs/soccer_vision_2d_msgs/msg/detail/marking_segment__rosidl_typesupport_introspection_cpp.hpp
[1.194s] -- Up-to-date: /home/ivan/Webots_YOLOv8/install/soccer_vision_2d_msgs/include/soccer_vision_2d_msgs/soccer_vision_2d_msgs/msg/detail/goalpost__rosidl_typesupport_introspection_cpp.hpp
[1.194s] -- Up-to-date: /home/ivan/Webots_YOLOv8/install/soccer_vision_2d_msgs/include/soccer_vision_2d_msgs/soccer_vision_2d_msgs/msg/detail/marking_intersection__rosidl_typesupport_introspection_cpp.hpp
[1.194s] -- Up-to-date: /home/ivan/Webots_YOLOv8/install/soccer_vision_2d_msgs/include/soccer_vision_2d_msgs/soccer_vision_2d_msgs/msg/detail/marking_array__type_support.cpp
[1.194s] -- Up-to-date: /home/ivan/Webots_YOLOv8/install/soccer_vision_2d_msgs/include/soccer_vision_2d_msgs/soccer_vision_2d_msgs/msg/detail/marking_ellipse__rosidl_typesupport_introspection_cpp.hpp
[1.194s] -- Up-to-date: /home/ivan/Webots_YOLOv8/install/soccer_vision_2d_msgs/include/soccer_vision_2d_msgs/soccer_vision_2d_msgs/msg/detail/goalpost_array__rosidl_typesupport_introspection_cpp.hpp
[1.194s] -- Up-to-date: /home/ivan/Webots_YOLOv8/install/soccer_vision_2d_msgs/include/soccer_vision_2d_msgs/soccer_vision_2d_msgs/msg/detail/field_boundary__type_support.cpp
[1.194s] -- Up-to-date: /home/ivan/Webots_YOLOv8/install/soccer_vision_2d_msgs/include/soccer_vision_2d_msgs/soccer_vision_2d_msgs/msg/detail/ball__type_support.cpp
[1.194s] -- Up-to-date: /home/ivan/Webots_YOLOv8/install/soccer_vision_2d_msgs/include/soccer_vision_2d_msgs/soccer_vision_2d_msgs/msg/detail/goalpost__type_support.cpp
[1.194s] -- Up-to-date: /home/ivan/Webots_YOLOv8/install/soccer_vision_2d_msgs/include/soccer_vision_2d_msgs/soccer_vision_2d_msgs/msg/detail/obstacle_array__rosidl_typesupport_introspection_cpp.hpp
[1.195s] -- Up-to-date: /home/ivan/Webots_YOLOv8/install/soccer_vision_2d_msgs/include/soccer_vision_2d_msgs/soccer_vision_2d_msgs/msg/detail/marking_intersection__type_support.cpp
[1.195s] -- Up-to-date: /home/ivan/Webots_YOLOv8/install/soccer_vision_2d_msgs/include/soccer_vision_2d_msgs/soccer_vision_2d_msgs/msg/detail/marking_array__rosidl_typesupport_introspection_cpp.hpp
[1.195s] -- Up-to-date: /home/ivan/Webots_YOLOv8/install/soccer_vision_2d_msgs/include/soccer_vision_2d_msgs/soccer_vision_2d_msgs/msg/detail/robot__type_support.cpp
[1.196s] -- Up-to-date: /home/ivan/Webots_YOLOv8/install/soccer_vision_2d_msgs/lib/libsoccer_vision_2d_msgs__rosidl_typesupport_introspection_cpp.so
[1.199s] -- Up-to-date: /home/ivan/Webots_YOLOv8/install/soccer_vision_2d_msgs/lib/libsoccer_vision_2d_msgs__rosidl_typesupport_cpp.so
[1.199s] -- Up-to-date: /home/ivan/Webots_YOLOv8/install/soccer_vision_2d_msgs/share/soccer_vision_2d_msgs/environment/pythonpath.sh
[1.199s] -- Up-to-date: /home/ivan/Webots_YOLOv8/install/soccer_vision_2d_msgs/share/soccer_vision_2d_msgs/environment/pythonpath.dsv
[1.200s] -- Up-to-date: /home/ivan/Webots_YOLOv8/install/soccer_vision_2d_msgs/local/lib/python3.10/dist-packages/soccer_vision_2d_msgs-1.0.0-py3.10.egg-info
[1.200s] -- Installing: /home/ivan/Webots_YOLOv8/install/soccer_vision_2d_msgs/local/lib/python3.10/dist-packages/soccer_vision_2d_msgs-1.0.0-py3.10.egg-info/top_level.txt
[1.200s] -- Installing: /home/ivan/Webots_YOLOv8/install/soccer_vision_2d_msgs/local/lib/python3.10/dist-packages/soccer_vision_2d_msgs-1.0.0-py3.10.egg-info/dependency_links.txt
[1.200s] -- Installing: /home/ivan/Webots_YOLOv8/install/soccer_vision_2d_msgs/local/lib/python3.10/dist-packages/soccer_vision_2d_msgs-1.0.0-py3.10.egg-info/SOURCES.txt
[1.201s] -- Installing: /home/ivan/Webots_YOLOv8/install/soccer_vision_2d_msgs/local/lib/python3.10/dist-packages/soccer_vision_2d_msgs-1.0.0-py3.10.egg-info/PKG-INFO
[1.201s] -- Up-to-date: /home/ivan/Webots_YOLOv8/install/soccer_vision_2d_msgs/local/lib/python3.10/dist-packages/soccer_vision_2d_msgs
[1.201s] -- Up-to-date: /home/ivan/Webots_YOLOv8/install/soccer_vision_2d_msgs/local/lib/python3.10/dist-packages/soccer_vision_2d_msgs/soccer_vision_2d_msgs_s__rosidl_typesupport_c.cpython-310-x86_64-linux-gnu.so
[1.202s] -- Up-to-date: /home/ivan/Webots_YOLOv8/install/soccer_vision_2d_msgs/local/lib/python3.10/dist-packages/soccer_vision_2d_msgs/msg
[1.202s] -- Up-to-date: /home/ivan/Webots_YOLOv8/install/soccer_vision_2d_msgs/local/lib/python3.10/dist-packages/soccer_vision_2d_msgs/msg/_ball_array.py
[1.202s] -- Up-to-date: /home/ivan/Webots_YOLOv8/install/soccer_vision_2d_msgs/local/lib/python3.10/dist-packages/soccer_vision_2d_msgs/msg/_marking_segment.py
[1.202s] -- Up-to-date: /home/ivan/Webots_YOLOv8/install/soccer_vision_2d_msgs/local/lib/python3.10/dist-packages/soccer_vision_2d_msgs/msg/_goalpost.py
[1.202s] -- Up-to-date: /home/ivan/Webots_YOLOv8/install/soccer_vision_2d_msgs/local/lib/python3.10/dist-packages/soccer_vision_2d_msgs/msg/_obstacle_s.c
[1.202s] -- Up-to-date: /home/ivan/Webots_YOLOv8/install/soccer_vision_2d_msgs/local/lib/python3.10/dist-packages/soccer_vision_2d_msgs/msg/_robot_s.c
[1.202s] -- Up-to-date: /home/ivan/Webots_YOLOv8/install/soccer_vision_2d_msgs/local/lib/python3.10/dist-packages/soccer_vision_2d_msgs/msg/_robot_array.py
[1.202s] -- Up-to-date: /home/ivan/Webots_YOLOv8/install/soccer_vision_2d_msgs/local/lib/python3.10/dist-packages/soccer_vision_2d_msgs/msg/_marking_array_s.c
[1.202s] -- Up-to-date: /home/ivan/Webots_YOLOv8/install/soccer_vision_2d_msgs/local/lib/python3.10/dist-packages/soccer_vision_2d_msgs/msg/_marking_array.py
[1.202s] -- Up-to-date: /home/ivan/Webots_YOLOv8/install/soccer_vision_2d_msgs/local/lib/python3.10/dist-packages/soccer_vision_2d_msgs/msg/_marking_intersection.py
[1.202s] -- Up-to-date: /home/ivan/Webots_YOLOv8/install/soccer_vision_2d_msgs/local/lib/python3.10/dist-packages/soccer_vision_2d_msgs/msg/_goalpost_array.py
[1.202s] -- Up-to-date: /home/ivan/Webots_YOLOv8/install/soccer_vision_2d_msgs/local/lib/python3.10/dist-packages/soccer_vision_2d_msgs/msg/_ball_array_s.c
[1.202s] -- Up-to-date: /home/ivan/Webots_YOLOv8/install/soccer_vision_2d_msgs/local/lib/python3.10/dist-packages/soccer_vision_2d_msgs/msg/_obstacle_array.py
[1.202s] -- Up-to-date: /home/ivan/Webots_YOLOv8/install/soccer_vision_2d_msgs/local/lib/python3.10/dist-packages/soccer_vision_2d_msgs/msg/__init__.py
[1.203s] -- Up-to-date: /home/ivan/Webots_YOLOv8/install/soccer_vision_2d_msgs/local/lib/python3.10/dist-packages/soccer_vision_2d_msgs/msg/_goalpost_array_s.c
[1.203s] -- Up-to-date: /home/ivan/Webots_YOLOv8/install/soccer_vision_2d_msgs/local/lib/python3.10/dist-packages/soccer_vision_2d_msgs/msg/_ball_s.c
[1.203s] -- Up-to-date: /home/ivan/Webots_YOLOv8/install/soccer_vision_2d_msgs/local/lib/python3.10/dist-packages/soccer_vision_2d_msgs/msg/_marking_intersection_s.c
[1.203s] -- Up-to-date: /home/ivan/Webots_YOLOv8/install/soccer_vision_2d_msgs/local/lib/python3.10/dist-packages/soccer_vision_2d_msgs/msg/_obstacle_array_s.c
[1.203s] -- Up-to-date: /home/ivan/Webots_YOLOv8/install/soccer_vision_2d_msgs/local/lib/python3.10/dist-packages/soccer_vision_2d_msgs/msg/_field_boundary_s.c
[1.203s] -- Up-to-date: /home/ivan/Webots_YOLOv8/install/soccer_vision_2d_msgs/local/lib/python3.10/dist-packages/soccer_vision_2d_msgs/msg/_obstacle.py
[1.203s] -- Up-to-date: /home/ivan/Webots_YOLOv8/install/soccer_vision_2d_msgs/local/lib/python3.10/dist-packages/soccer_vision_2d_msgs/msg/_marking_segment_s.c
[1.203s] -- Up-to-date: /home/ivan/Webots_YOLOv8/install/soccer_vision_2d_msgs/local/lib/python3.10/dist-packages/soccer_vision_2d_msgs/msg/_marking_ellipse_s.c
[1.203s] -- Up-to-date: /home/ivan/Webots_YOLOv8/install/soccer_vision_2d_msgs/local/lib/python3.10/dist-packages/soccer_vision_2d_msgs/msg/_field_boundary.py
[1.203s] -- Up-to-date: /home/ivan/Webots_YOLOv8/install/soccer_vision_2d_msgs/local/lib/python3.10/dist-packages/soccer_vision_2d_msgs/msg/_robot_array_s.c
[1.205s] -- Up-to-date: /home/ivan/Webots_YOLOv8/install/soccer_vision_2d_msgs/local/lib/python3.10/dist-packages/soccer_vision_2d_msgs/msg/_robot.py
[1.206s] -- Up-to-date: /home/ivan/Webots_YOLOv8/install/soccer_vision_2d_msgs/local/lib/python3.10/dist-packages/soccer_vision_2d_msgs/msg/_goalpost_s.c
[1.206s] -- Up-to-date: /home/ivan/Webots_YOLOv8/install/soccer_vision_2d_msgs/local/lib/python3.10/dist-packages/soccer_vision_2d_msgs/msg/_marking_ellipse.py
[1.206s] -- Up-to-date: /home/ivan/Webots_YOLOv8/install/soccer_vision_2d_msgs/local/lib/python3.10/dist-packages/soccer_vision_2d_msgs/msg/_ball.py
[1.206s] -- Up-to-date: /home/ivan/Webots_YOLOv8/install/soccer_vision_2d_msgs/local/lib/python3.10/dist-packages/soccer_vision_2d_msgs/soccer_vision_2d_msgs_s__rosidl_typesupport_introspection_c.cpython-310-x86_64-linux-gnu.so
[1.206s] -- Up-to-date: /home/ivan/Webots_YOLOv8/install/soccer_vision_2d_msgs/local/lib/python3.10/dist-packages/soccer_vision_2d_msgs/__init__.py
[1.206s] -- Up-to-date: /home/ivan/Webots_YOLOv8/install/soccer_vision_2d_msgs/local/lib/python3.10/dist-packages/soccer_vision_2d_msgs/_soccer_vision_2d_msgs_s.ep.rosidl_typesupport_introspection_c.c
[1.206s] -- Up-to-date: /home/ivan/Webots_YOLOv8/install/soccer_vision_2d_msgs/local/lib/python3.10/dist-packages/soccer_vision_2d_msgs/libsoccer_vision_2d_msgs__rosidl_generator_py.so
[1.206s] -- Up-to-date: /home/ivan/Webots_YOLOv8/install/soccer_vision_2d_msgs/local/lib/python3.10/dist-packages/soccer_vision_2d_msgs/soccer_vision_2d_msgs_s__rosidl_typesupport_fastrtps_c.cpython-310-x86_64-linux-gnu.so
[1.206s] -- Up-to-date: /home/ivan/Webots_YOLOv8/install/soccer_vision_2d_msgs/local/lib/python3.10/dist-packages/soccer_vision_2d_msgs/_soccer_vision_2d_msgs_s.ep.rosidl_typesupport_fastrtps_c.c
[1.206s] -- Up-to-date: /home/ivan/Webots_YOLOv8/install/soccer_vision_2d_msgs/local/lib/python3.10/dist-packages/soccer_vision_2d_msgs/_soccer_vision_2d_msgs_s.ep.rosidl_typesupport_c.c
[1.236s] Listing '/home/ivan/Webots_YOLOv8/install/soccer_vision_2d_msgs/local/lib/python3.10/dist-packages/soccer_vision_2d_msgs'...
[1.236s] Listing '/home/ivan/Webots_YOLOv8/install/soccer_vision_2d_msgs/local/lib/python3.10/dist-packages/soccer_vision_2d_msgs/msg'...
[1.246s] -- Up-to-date: /home/ivan/Webots_YOLOv8/install/soccer_vision_2d_msgs/local/lib/python3.10/dist-packages/soccer_vision_2d_msgs/soccer_vision_2d_msgs_s__rosidl_typesupport_fastrtps_c.cpython-310-x86_64-linux-gnu.so
[1.248s] -- Up-to-date: /home/ivan/Webots_YOLOv8/install/soccer_vision_2d_msgs/local/lib/python3.10/dist-packages/soccer_vision_2d_msgs/soccer_vision_2d_msgs_s__rosidl_typesupport_introspection_c.cpython-310-x86_64-linux-gnu.so
[1.248s] -- Up-to-date: /home/ivan/Webots_YOLOv8/install/soccer_vision_2d_msgs/local/lib/python3.10/dist-packages/soccer_vision_2d_msgs/soccer_vision_2d_msgs_s__rosidl_typesupport_c.cpython-310-x86_64-linux-gnu.so
[1.248s] -- Up-to-date: /home/ivan/Webots_YOLOv8/install/soccer_vision_2d_msgs/lib/libsoccer_vision_2d_msgs__rosidl_generator_py.so
[1.249s] -- Up-to-date: /home/ivan/Webots_YOLOv8/install/soccer_vision_2d_msgs/share/soccer_vision_2d_msgs/msg/Ball.idl
[1.249s] -- Up-to-date: /home/ivan/Webots_YOLOv8/install/soccer_vision_2d_msgs/share/soccer_vision_2d_msgs/msg/BallArray.idl
[1.249s] -- Up-to-date: /home/ivan/Webots_YOLOv8/install/soccer_vision_2d_msgs/share/soccer_vision_2d_msgs/msg/FieldBoundary.idl
[1.249s] -- Up-to-date: /home/ivan/Webots_YOLOv8/install/soccer_vision_2d_msgs/share/soccer_vision_2d_msgs/msg/Goalpost.idl
[1.249s] -- Up-to-date: /home/ivan/Webots_YOLOv8/install/soccer_vision_2d_msgs/share/soccer_vision_2d_msgs/msg/GoalpostArray.idl
[1.251s] -- Up-to-date: /home/ivan/Webots_YOLOv8/install/soccer_vision_2d_msgs/share/soccer_vision_2d_msgs/msg/MarkingEllipse.idl
[1.255s] -- Up-to-date: /home/ivan/Webots_YOLOv8/install/soccer_vision_2d_msgs/share/soccer_vision_2d_msgs/msg/MarkingIntersection.idl
[1.255s] -- Up-to-date: /home/ivan/Webots_YOLOv8/install/soccer_vision_2d_msgs/share/soccer_vision_2d_msgs/msg/MarkingSegment.idl
[1.255s] -- Up-to-date: /home/ivan/Webots_YOLOv8/install/soccer_vision_2d_msgs/share/soccer_vision_2d_msgs/msg/MarkingArray.idl
[1.255s] -- Up-to-date: /home/ivan/Webots_YOLOv8/install/soccer_vision_2d_msgs/share/soccer_vision_2d_msgs/msg/Obstacle.idl
[1.255s] -- Up-to-date: /home/ivan/Webots_YOLOv8/install/soccer_vision_2d_msgs/share/soccer_vision_2d_msgs/msg/ObstacleArray.idl
[1.255s] -- Up-to-date: /home/ivan/Webots_YOLOv8/install/soccer_vision_2d_msgs/share/soccer_vision_2d_msgs/msg/Robot.idl
[1.255s] -- Up-to-date: /home/ivan/Webots_YOLOv8/install/soccer_vision_2d_msgs/share/soccer_vision_2d_msgs/msg/RobotArray.idl
[1.255s] -- Up-to-date: /home/ivan/Webots_YOLOv8/install/soccer_vision_2d_msgs/share/soccer_vision_2d_msgs/msg/Ball.msg
[1.255s] -- Up-to-date: /home/ivan/Webots_YOLOv8/install/soccer_vision_2d_msgs/share/soccer_vision_2d_msgs/msg/BallArray.msg
[1.255s] -- Up-to-date: /home/ivan/Webots_YOLOv8/install/soccer_vision_2d_msgs/share/soccer_vision_2d_msgs/msg/FieldBoundary.msg
[1.256s] -- Up-to-date: /home/ivan/Webots_YOLOv8/install/soccer_vision_2d_msgs/share/soccer_vision_2d_msgs/msg/Goalpost.msg
[1.256s] -- Up-to-date: /home/ivan/Webots_YOLOv8/install/soccer_vision_2d_msgs/share/soccer_vision_2d_msgs/msg/GoalpostArray.msg
[1.256s] -- Up-to-date: /home/ivan/Webots_YOLOv8/install/soccer_vision_2d_msgs/share/soccer_vision_2d_msgs/msg/MarkingEllipse.msg
[1.256s] -- Up-to-date: /home/ivan/Webots_YOLOv8/install/soccer_vision_2d_msgs/share/soccer_vision_2d_msgs/msg/MarkingIntersection.msg
[1.256s] -- Up-to-date: /home/ivan/Webots_YOLOv8/install/soccer_vision_2d_msgs/share/soccer_vision_2d_msgs/msg/MarkingSegment.msg
[1.256s] -- Up-to-date: /home/ivan/Webots_YOLOv8/install/soccer_vision_2d_msgs/share/soccer_vision_2d_msgs/msg/MarkingArray.msg
[1.256s] -- Up-to-date: /home/ivan/Webots_YOLOv8/install/soccer_vision_2d_msgs/share/soccer_vision_2d_msgs/msg/Obstacle.msg
[1.256s] -- Up-to-date: /home/ivan/Webots_YOLOv8/install/soccer_vision_2d_msgs/share/soccer_vision_2d_msgs/msg/ObstacleArray.msg
[1.257s] -- Up-to-date: /home/ivan/Webots_YOLOv8/install/soccer_vision_2d_msgs/share/soccer_vision_2d_msgs/msg/Robot.msg
[1.257s] -- Up-to-date: /home/ivan/Webots_YOLOv8/install/soccer_vision_2d_msgs/share/soccer_vision_2d_msgs/msg/RobotArray.msg
[1.257s] -- Up-to-date: /home/ivan/Webots_YOLOv8/install/soccer_vision_2d_msgs/share/ament_index/resource_index/package_run_dependencies/soccer_vision_2d_msgs
[1.258s] -- Up-to-date: /home/ivan/Webots_YOLOv8/install/soccer_vision_2d_msgs/share/ament_index/resource_index/parent_prefix_path/soccer_vision_2d_msgs
[1.258s] -- Up-to-date: /home/ivan/Webots_YOLOv8/install/soccer_vision_2d_msgs/share/soccer_vision_2d_msgs/environment/ament_prefix_path.sh
[1.258s] -- Up-to-date: /home/ivan/Webots_YOLOv8/install/soccer_vision_2d_msgs/share/soccer_vision_2d_msgs/environment/ament_prefix_path.dsv
[1.258s] -- Up-to-date: /home/ivan/Webots_YOLOv8/install/soccer_vision_2d_msgs/share/soccer_vision_2d_msgs/environment/path.sh
[1.258s] -- Up-to-date: /home/ivan/Webots_YOLOv8/install/soccer_vision_2d_msgs/share/soccer_vision_2d_msgs/environment/path.dsv
[1.258s] -- Up-to-date: /home/ivan/Webots_YOLOv8/install/soccer_vision_2d_msgs/share/soccer_vision_2d_msgs/local_setup.bash
[1.258s] -- Up-to-date: /home/ivan/Webots_YOLOv8/install/soccer_vision_2d_msgs/share/soccer_vision_2d_msgs/local_setup.sh
[1.259s] -- Up-to-date: /home/ivan/Webots_YOLOv8/install/soccer_vision_2d_msgs/share/soccer_vision_2d_msgs/local_setup.zsh
[1.259s] -- Up-to-date: /home/ivan/Webots_YOLOv8/install/soccer_vision_2d_msgs/share/soccer_vision_2d_msgs/local_setup.dsv
[1.259s] -- Installing: /home/ivan/Webots_YOLOv8/install/soccer_vision_2d_msgs/share/soccer_vision_2d_msgs/package.dsv
[1.259s] -- Up-to-date: /home/ivan/Webots_YOLOv8/install/soccer_vision_2d_msgs/share/ament_index/resource_index/packages/soccer_vision_2d_msgs
[1.259s] -- Up-to-date: /home/ivan/Webots_YOLOv8/install/soccer_vision_2d_msgs/share/soccer_vision_2d_msgs/cmake/export_soccer_vision_2d_msgs__rosidl_generator_cExport.cmake
[1.259s] -- Up-to-date: /home/ivan/Webots_YOLOv8/install/soccer_vision_2d_msgs/share/soccer_vision_2d_msgs/cmake/export_soccer_vision_2d_msgs__rosidl_generator_cExport-noconfig.cmake
[1.259s] -- Up-to-date: /home/ivan/Webots_YOLOv8/install/soccer_vision_2d_msgs/share/soccer_vision_2d_msgs/cmake/export_soccer_vision_2d_msgs__rosidl_typesupport_fastrtps_cExport.cmake
[1.259s] -- Up-to-date: /home/ivan/Webots_YOLOv8/install/soccer_vision_2d_msgs/share/soccer_vision_2d_msgs/cmake/export_soccer_vision_2d_msgs__rosidl_typesupport_fastrtps_cExport-noconfig.cmake
[1.260s] -- Up-to-date: /home/ivan/Webots_YOLOv8/install/soccer_vision_2d_msgs/share/soccer_vision_2d_msgs/cmake/soccer_vision_2d_msgs__rosidl_typesupport_introspection_cExport.cmake
[1.260s] -- Up-to-date: /home/ivan/Webots_YOLOv8/install/soccer_vision_2d_msgs/share/soccer_vision_2d_msgs/cmake/soccer_vision_2d_msgs__rosidl_typesupport_introspection_cExport-noconfig.cmake
[1.260s] -- Up-to-date: /home/ivan/Webots_YOLOv8/install/soccer_vision_2d_msgs/share/soccer_vision_2d_msgs/cmake/soccer_vision_2d_msgs__rosidl_typesupport_cExport.cmake
[1.260s] -- Up-to-date: /home/ivan/Webots_YOLOv8/install/soccer_vision_2d_msgs/share/soccer_vision_2d_msgs/cmake/soccer_vision_2d_msgs__rosidl_typesupport_cExport-noconfig.cmake
[1.260s] -- Up-to-date: /home/ivan/Webots_YOLOv8/install/soccer_vision_2d_msgs/share/soccer_vision_2d_msgs/cmake/export_soccer_vision_2d_msgs__rosidl_generator_cppExport.cmake
[1.261s] -- Up-to-date: /home/ivan/Webots_YOLOv8/install/soccer_vision_2d_msgs/share/soccer_vision_2d_msgs/cmake/export_soccer_vision_2d_msgs__rosidl_typesupport_fastrtps_cppExport.cmake
[1.261s] -- Up-to-date: /home/ivan/Webots_YOLOv8/install/soccer_vision_2d_msgs/share/soccer_vision_2d_msgs/cmake/export_soccer_vision_2d_msgs__rosidl_typesupport_fastrtps_cppExport-noconfig.cmake
[1.261s] -- Up-to-date: /home/ivan/Webots_YOLOv8/install/soccer_vision_2d_msgs/share/soccer_vision_2d_msgs/cmake/soccer_vision_2d_msgs__rosidl_typesupport_introspection_cppExport.cmake
[1.261s] -- Up-to-date: /home/ivan/Webots_YOLOv8/install/soccer_vision_2d_msgs/share/soccer_vision_2d_msgs/cmake/soccer_vision_2d_msgs__rosidl_typesupport_introspection_cppExport-noconfig.cmake
[1.262s] -- Up-to-date: /home/ivan/Webots_YOLOv8/install/soccer_vision_2d_msgs/share/soccer_vision_2d_msgs/cmake/soccer_vision_2d_msgs__rosidl_typesupport_cppExport.cmake
[1.262s] -- Up-to-date: /home/ivan/Webots_YOLOv8/install/soccer_vision_2d_msgs/share/soccer_vision_2d_msgs/cmake/soccer_vision_2d_msgs__rosidl_typesupport_cppExport-noconfig.cmake
[1.262s] -- Up-to-date: /home/ivan/Webots_YOLOv8/install/soccer_vision_2d_msgs/share/soccer_vision_2d_msgs/cmake/export_soccer_vision_2d_msgs__rosidl_generator_pyExport.cmake
[1.263s] -- Up-to-date: /home/ivan/Webots_YOLOv8/install/soccer_vision_2d_msgs/share/soccer_vision_2d_msgs/cmake/export_soccer_vision_2d_msgs__rosidl_generator_pyExport-noconfig.cmake
[1.264s] -- Up-to-date: /home/ivan/Webots_YOLOv8/install/soccer_vision_2d_msgs/share/soccer_vision_2d_msgs/cmake/rosidl_cmake-extras.cmake
[1.264s] -- Up-to-date: /home/ivan/Webots_YOLOv8/install/soccer_vision_2d_msgs/share/soccer_vision_2d_msgs/cmake/ament_cmake_export_dependencies-extras.cmake
[1.264s] -- Up-to-date: /home/ivan/Webots_YOLOv8/install/soccer_vision_2d_msgs/share/soccer_vision_2d_msgs/cmake/ament_cmake_export_include_directories-extras.cmake
[1.264s] -- Up-to-date: /home/ivan/Webots_YOLOv8/install/soccer_vision_2d_msgs/share/soccer_vision_2d_msgs/cmake/ament_cmake_export_libraries-extras.cmake
[1.264s] -- Up-to-date: /home/ivan/Webots_YOLOv8/install/soccer_vision_2d_msgs/share/soccer_vision_2d_msgs/cmake/ament_cmake_export_targets-extras.cmake
[1.264s] -- Up-to-date: /home/ivan/Webots_YOLOv8/install/soccer_vision_2d_msgs/share/soccer_vision_2d_msgs/cmake/rosidl_cmake_export_typesupport_targets-extras.cmake
[1.264s] -- Up-to-date: /home/ivan/Webots_YOLOv8/install/soccer_vision_2d_msgs/share/soccer_vision_2d_msgs/cmake/rosidl_cmake_export_typesupport_libraries-extras.cmake
[1.265s] -- Up-to-date: /home/ivan/Webots_YOLOv8/install/soccer_vision_2d_msgs/share/soccer_vision_2d_msgs/cmake/soccer_vision_2d_msgsConfig.cmake
[1.265s] -- Up-to-date: /home/ivan/Webots_YOLOv8/install/soccer_vision_2d_msgs/share/soccer_vision_2d_msgs/cmake/soccer_vision_2d_msgsConfig-version.cmake
[1.265s] -- Up-to-date: /home/ivan/Webots_YOLOv8/install/soccer_vision_2d_msgs/share/soccer_vision_2d_msgs/package.xml
[1.288s] Invoked command in '/home/ivan/Webots_YOLOv8/build/soccer_vision_2d_msgs' returned '0': CMAKE_PREFIX_PATH=/home/ivan/Webots_YOLOv8/install/soccer_vision_attribute_msgs:/home/ivan/Webots_YOLOv8/install/soccer_interfaces:/home/ivan/Webots_YOLOv8/install/soccer_vision_3d_msgs:/home/ivan/Webots_YOLOv8/install/soccer_vision_2d_msgs:/home/ivan/Webots_YOLOv8/install/soccer_model_msgs:/home/ivan/Webots_YOLOv8/install/soccer_geometry_msgs:/home/ivan/Webots_YOLOv8/install/ipm_interfaces:/home/ivan/ros2_ws/install/edrom_msgs:/home/ivan/Webots_YOLOv8/install/soccer_ipm:/home/ivan/Webots_YOLOv8/install/Webots_YOLOv8:/home/ivan/Webots_YOLOv8/install/my_package:/home/ivan/Webots_YOLOv8/install/ipm_service:/home/ivan/Webots_YOLOv8/install/ipm_image_node:/home/ivan/Webots_YOLOv8/install/ipm_library:/home/ivan/ros2_ws/install/object_finder_onnx:/home/ivan/ros2_ws/install/object_finder:/home/ivan/ros2_ws/install/my_package:/home/ivan/ros2_ws/install/Webots_YOLOv8:/opt/ros/humble LD_LIBRARY_PATH=/home/ivan/Webots_YOLOv8/install/soccer_vision_attribute_msgs/lib:/home/ivan/Webots_YOLOv8/install/soccer_vision_3d_msgs/lib:/home/ivan/Webots_YOLOv8/install/soccer_vision_2d_msgs/lib:/home/ivan/Webots_YOLOv8/install/soccer_model_msgs/lib:/home/ivan/Webots_YOLOv8/install/soccer_geometry_msgs/lib:/home/ivan/Webots_YOLOv8/install/ipm_interfaces/lib:/home/ivan/ros2_ws/install/edrom_msgs/lib:/opt/ros/humble/opt/rviz_ogre_vendor/lib:/opt/ros/humble/lib/x86_64-linux-gnu:/opt/ros/humble/lib /usr/bin/cmake --install /home/ivan/Webots_YOLOv8/build/soccer_vision_2d_msgs
