[0.435s] Invoking command in '/home/ivan/Webots_YOLOv8/build/soccer_vision_3d_msgs': CMAKE_PREFIX_PATH=/home/ivan/Webots_YOLOv8/install/soccer_vision_attribute_msgs:/home/ivan/Webots_YOLOv8/install/soccer_interfaces:/home/ivan/Webots_YOLOv8/install/soccer_vision_3d_msgs:/home/ivan/Webots_YOLOv8/install/soccer_vision_2d_msgs:/home/ivan/Webots_YOLOv8/install/soccer_model_msgs:/home/ivan/Webots_YOLOv8/install/soccer_geometry_msgs:/home/ivan/Webots_YOLOv8/install/ipm_interfaces:/home/ivan/ros2_ws/install/edrom_msgs:/home/ivan/Webots_YOLOv8/install/soccer_ipm:/home/ivan/Webots_YOLOv8/install/Webots_YOLOv8:/home/ivan/Webots_YOLOv8/install/my_package:/home/ivan/Webots_YOLOv8/install/ipm_service:/home/ivan/Webots_YOLOv8/install/ipm_image_node:/home/ivan/Webots_YOLOv8/install/ipm_library:/home/ivan/ros2_ws/install/object_finder_onnx:/home/ivan/ros2_ws/install/object_finder:/home/ivan/ros2_ws/install/my_package:/home/ivan/ros2_ws/install/Webots_YOLOv8:/opt/ros/humble LD_LIBRARY_PATH=/home/ivan/Webots_YOLOv8/install/soccer_vision_attribute_msgs/lib:/home/ivan/Webots_YOLOv8/install/soccer_vision_3d_msgs/lib:/home/ivan/Webots_YOLOv8/install/soccer_vision_2d_msgs/lib:/home/ivan/Webots_YOLOv8/install/soccer_model_msgs/lib:/home/ivan/Webots_YOLOv8/install/soccer_geometry_msgs/lib:/home/ivan/Webots_YOLOv8/install/ipm_interfaces/lib:/home/ivan/ros2_ws/install/edrom_msgs/lib:/opt/ros/humble/opt/rviz_ogre_vendor/lib:/opt/ros/humble/lib/x86_64-linux-gnu:/opt/ros/humble/lib /usr/bin/cmake --build /home/ivan/Webots_YOLOv8/build/soccer_vision_3d_msgs -- -j12 -l12
[0.540s] [  0%] Built target soccer_vision_3d_msgs__cpp
[0.555s] [ 12%] Built target soccer_vision_3d_msgs__rosidl_generator_c
[0.577s] [ 12%] Built target ament_cmake_python_copy_soccer_vision_3d_msgs
[0.641s] [ 24%] Built target soccer_vision_3d_msgs__rosidl_typesupport_cpp
[0.653s] [ 36%] Built target soccer_vision_3d_msgs__rosidl_typesupport_fastrtps_cpp
[0.667s] [ 48%] Built target soccer_vision_3d_msgs__rosidl_typesupport_introspection_c
[0.669s] [ 61%] Built target soccer_vision_3d_msgs__rosidl_typesupport_c
[0.670s] [ 72%] Built target soccer_vision_3d_msgs__rosidl_typesupport_fastrtps_c
[0.672s] [ 84%] Built target soccer_vision_3d_msgs__rosidl_typesupport_introspection_cpp
[0.709s] [ 84%] Built target soccer_vision_3d_msgs
[0.749s] [ 85%] Built target soccer_vision_3d_msgs__py
[0.799s] [ 96%] Built target soccer_vision_3d_msgs__rosidl_generator_py
[0.857s] [ 98%] Built target soccer_vision_3d_msgs__rosidl_typesupport_fastrtps_c__pyext
[0.857s] [ 98%] Built target soccer_vision_3d_msgs__rosidl_typesupport_c__pyext
[0.862s] [100%] Built target soccer_vision_3d_msgs__rosidl_typesupport_introspection_c__pyext
[1.115s] running egg_info
[1.118s] writing soccer_vision_3d_msgs.egg-info/PKG-INFO
[1.118s] writing dependency_links to soccer_vision_3d_msgs.egg-info/dependency_links.txt
[1.118s] writing top-level names to soccer_vision_3d_msgs.egg-info/top_level.txt
[1.124s] reading manifest file 'soccer_vision_3d_msgs.egg-info/SOURCES.txt'
[1.124s] writing manifest file 'soccer_vision_3d_msgs.egg-info/SOURCES.txt'
[1.197s] [100%] Built target ament_cmake_python_build_soccer_vision_3d_msgs_egg
[1.200s] Invoked command in '/home/ivan/Webots_YOLOv8/build/soccer_vision_3d_msgs' returned '0': CMAKE_PREFIX_PATH=/home/ivan/Webots_YOLOv8/install/soccer_vision_attribute_msgs:/home/ivan/Webots_YOLOv8/install/soccer_interfaces:/home/ivan/Webots_YOLOv8/install/soccer_vision_3d_msgs:/home/ivan/Webots_YOLOv8/install/soccer_vision_2d_msgs:/home/ivan/Webots_YOLOv8/install/soccer_model_msgs:/home/ivan/Webots_YOLOv8/install/soccer_geometry_msgs:/home/ivan/Webots_YOLOv8/install/ipm_interfaces:/home/ivan/ros2_ws/install/edrom_msgs:/home/ivan/Webots_YOLOv8/install/soccer_ipm:/home/ivan/Webots_YOLOv8/install/Webots_YOLOv8:/home/ivan/Webots_YOLOv8/install/my_package:/home/ivan/Webots_YOLOv8/install/ipm_service:/home/ivan/Webots_YOLOv8/install/ipm_image_node:/home/ivan/Webots_YOLOv8/install/ipm_library:/home/ivan/ros2_ws/install/object_finder_onnx:/home/ivan/ros2_ws/install/object_finder:/home/ivan/ros2_ws/install/my_package:/home/ivan/ros2_ws/install/Webots_YOLOv8:/opt/ros/humble LD_LIBRARY_PATH=/home/ivan/Webots_YOLOv8/install/soccer_vision_attribute_msgs/lib:/home/ivan/Webots_YOLOv8/install/soccer_vision_3d_msgs/lib:/home/ivan/Webots_YOLOv8/install/soccer_vision_2d_msgs/lib:/home/ivan/Webots_YOLOv8/install/soccer_model_msgs/lib:/home/ivan/Webots_YOLOv8/install/soccer_geometry_msgs/lib:/home/ivan/Webots_YOLOv8/install/ipm_interfaces/lib:/home/ivan/ros2_ws/install/edrom_msgs/lib:/opt/ros/humble/opt/rviz_ogre_vendor/lib:/opt/ros/humble/lib/x86_64-linux-gnu:/opt/ros/humble/lib /usr/bin/cmake --build /home/ivan/Webots_YOLOv8/build/soccer_vision_3d_msgs -- -j12 -l12
[1.203s] Invoking command in '/home/ivan/Webots_YOLOv8/build/soccer_vision_3d_msgs': CMAKE_PREFIX_PATH=/home/ivan/Webots_YOLOv8/install/soccer_vision_attribute_msgs:/home/ivan/Webots_YOLOv8/install/soccer_interfaces:/home/ivan/Webots_YOLOv8/install/soccer_vision_3d_msgs:/home/ivan/Webots_YOLOv8/install/soccer_vision_2d_msgs:/home/ivan/Webots_YOLOv8/install/soccer_model_msgs:/home/ivan/Webots_YOLOv8/install/soccer_geometry_msgs:/home/ivan/Webots_YOLOv8/install/ipm_interfaces:/home/ivan/ros2_ws/install/edrom_msgs:/home/ivan/Webots_YOLOv8/install/soccer_ipm:/home/ivan/Webots_YOLOv8/install/Webots_YOLOv8:/home/ivan/Webots_YOLOv8/install/my_package:/home/ivan/Webots_YOLOv8/install/ipm_service:/home/ivan/Webots_YOLOv8/install/ipm_image_node:/home/ivan/Webots_YOLOv8/install/ipm_library:/home/ivan/ros2_ws/install/object_finder_onnx:/home/ivan/ros2_ws/install/object_finder:/home/ivan/ros2_ws/install/my_package:/home/ivan/ros2_ws/install/Webots_YOLOv8:/opt/ros/humble LD_LIBRARY_PATH=/home/ivan/Webots_YOLOv8/install/soccer_vision_attribute_msgs/lib:/home/ivan/Webots_YOLOv8/install/soccer_vision_3d_msgs/lib:/home/ivan/Webots_YOLOv8/install/soccer_vision_2d_msgs/lib:/home/ivan/Webots_YOLOv8/install/soccer_model_msgs/lib:/home/ivan/Webots_YOLOv8/install/soccer_geometry_msgs/lib:/home/ivan/Webots_YOLOv8/install/ipm_interfaces/lib:/home/ivan/ros2_ws/install/edrom_msgs/lib:/opt/ros/humble/opt/rviz_ogre_vendor/lib:/opt/ros/humble/lib/x86_64-linux-gnu:/opt/ros/humble/lib /usr/bin/cmake --install /home/ivan/Webots_YOLOv8/build/soccer_vision_3d_msgs
[1.216s] -- Install configuration: ""
[1.216s] -- Up-to-date: /home/ivan/Webots_YOLOv8/install/soccer_vision_3d_msgs/share/ament_index/resource_index/rosidl_interfaces/soccer_vision_3d_msgs
[1.216s] -- Up-to-date: /home/ivan/Webots_YOLOv8/install/soccer_vision_3d_msgs/include/soccer_vision_3d_msgs/soccer_vision_3d_msgs
[1.217s] -- Up-to-date: /home/ivan/Webots_YOLOv8/install/soccer_vision_3d_msgs/include/soccer_vision_3d_msgs/soccer_vision_3d_msgs/msg
[1.217s] -- Up-to-date: /home/ivan/Webots_YOLOv8/install/soccer_vision_3d_msgs/include/soccer_vision_3d_msgs/soccer_vision_3d_msgs/msg/detail
[1.217s] -- Up-to-date: /home/ivan/Webots_YOLOv8/install/soccer_vision_3d_msgs/include/soccer_vision_3d_msgs/soccer_vision_3d_msgs/msg/detail/marking_intersection__functions.h
[1.217s] -- Up-to-date: /home/ivan/Webots_YOLOv8/install/soccer_vision_3d_msgs/include/soccer_vision_3d_msgs/soccer_vision_3d_msgs/msg/detail/robot__functions.h
[1.217s] -- Up-to-date: /home/ivan/Webots_YOLOv8/install/soccer_vision_3d_msgs/include/soccer_vision_3d_msgs/soccer_vision_3d_msgs/msg/detail/robot__struct.h
[1.217s] -- Up-to-date: /home/ivan/Webots_YOLOv8/install/soccer_vision_3d_msgs/include/soccer_vision_3d_msgs/soccer_vision_3d_msgs/msg/detail/obstacle_array__functions.c
[1.218s] -- Up-to-date: /home/ivan/Webots_YOLOv8/install/soccer_vision_3d_msgs/include/soccer_vision_3d_msgs/soccer_vision_3d_msgs/msg/detail/obstacle__struct.h
[1.218s] -- Up-to-date: /home/ivan/Webots_YOLOv8/install/soccer_vision_3d_msgs/include/soccer_vision_3d_msgs/soccer_vision_3d_msgs/msg/detail/marking_segment__struct.h
[1.218s] -- Up-to-date: /home/ivan/Webots_YOLOv8/install/soccer_vision_3d_msgs/include/soccer_vision_3d_msgs/soccer_vision_3d_msgs/msg/detail/field_boundary__type_support.h
[1.218s] -- Up-to-date: /home/ivan/Webots_YOLOv8/install/soccer_vision_3d_msgs/include/soccer_vision_3d_msgs/soccer_vision_3d_msgs/msg/detail/obstacle_array__functions.h
[1.218s] -- Up-to-date: /home/ivan/Webots_YOLOv8/install/soccer_vision_3d_msgs/include/soccer_vision_3d_msgs/soccer_vision_3d_msgs/msg/detail/marking_array__functions.h
[1.218s] -- Up-to-date: /home/ivan/Webots_YOLOv8/install/soccer_vision_3d_msgs/include/soccer_vision_3d_msgs/soccer_vision_3d_msgs/msg/detail/robot_array__struct.h
[1.218s] -- Up-to-date: /home/ivan/Webots_YOLOv8/install/soccer_vision_3d_msgs/include/soccer_vision_3d_msgs/soccer_vision_3d_msgs/msg/detail/obstacle_array__type_support.h
[1.219s] -- Up-to-date: /home/ivan/Webots_YOLOv8/install/soccer_vision_3d_msgs/include/soccer_vision_3d_msgs/soccer_vision_3d_msgs/msg/detail/marking_segment__type_support.h
[1.219s] -- Up-to-date: /home/ivan/Webots_YOLOv8/install/soccer_vision_3d_msgs/include/soccer_vision_3d_msgs/soccer_vision_3d_msgs/msg/detail/marking_array__functions.c
[1.219s] -- Up-to-date: /home/ivan/Webots_YOLOv8/install/soccer_vision_3d_msgs/include/soccer_vision_3d_msgs/soccer_vision_3d_msgs/msg/detail/marking_segment__functions.h
[1.219s] -- Up-to-date: /home/ivan/Webots_YOLOv8/install/soccer_vision_3d_msgs/include/soccer_vision_3d_msgs/soccer_vision_3d_msgs/msg/detail/obstacle__functions.c
[1.219s] -- Up-to-date: /home/ivan/Webots_YOLOv8/install/soccer_vision_3d_msgs/include/soccer_vision_3d_msgs/soccer_vision_3d_msgs/msg/detail/marking_intersection__type_support.h
[1.219s] -- Up-to-date: /home/ivan/Webots_YOLOv8/install/soccer_vision_3d_msgs/include/soccer_vision_3d_msgs/soccer_vision_3d_msgs/msg/detail/robot_array__type_support.h
[1.219s] -- Up-to-date: /home/ivan/Webots_YOLOv8/install/soccer_vision_3d_msgs/include/soccer_vision_3d_msgs/soccer_vision_3d_msgs/msg/detail/ball__functions.h
[1.219s] -- Up-to-date: /home/ivan/Webots_YOLOv8/install/soccer_vision_3d_msgs/include/soccer_vision_3d_msgs/soccer_vision_3d_msgs/msg/detail/obstacle_array__struct.h
[1.220s] -- Up-to-date: /home/ivan/Webots_YOLOv8/install/soccer_vision_3d_msgs/include/soccer_vision_3d_msgs/soccer_vision_3d_msgs/msg/detail/goalpost_array__functions.h
[1.220s] -- Up-to-date: /home/ivan/Webots_YOLOv8/install/soccer_vision_3d_msgs/include/soccer_vision_3d_msgs/soccer_vision_3d_msgs/msg/detail/marking_segment__functions.c
[1.220s] -- Up-to-date: /home/ivan/Webots_YOLOv8/install/soccer_vision_3d_msgs/include/soccer_vision_3d_msgs/soccer_vision_3d_msgs/msg/detail/goalpost_array__type_support.h
[1.220s] -- Up-to-date: /home/ivan/Webots_YOLOv8/install/soccer_vision_3d_msgs/include/soccer_vision_3d_msgs/soccer_vision_3d_msgs/msg/detail/robot__functions.c
[1.220s] -- Up-to-date: /home/ivan/Webots_YOLOv8/install/soccer_vision_3d_msgs/include/soccer_vision_3d_msgs/soccer_vision_3d_msgs/msg/detail/goalpost_array__functions.c
[1.220s] -- Up-to-date: /home/ivan/Webots_YOLOv8/install/soccer_vision_3d_msgs/include/soccer_vision_3d_msgs/soccer_vision_3d_msgs/msg/detail/robot_array__functions.h
[1.220s] -- Up-to-date: /home/ivan/Webots_YOLOv8/install/soccer_vision_3d_msgs/include/soccer_vision_3d_msgs/soccer_vision_3d_msgs/msg/detail/obstacle__type_support.h
[1.220s] -- Up-to-date: /home/ivan/Webots_YOLOv8/install/soccer_vision_3d_msgs/include/soccer_vision_3d_msgs/soccer_vision_3d_msgs/msg/detail/robot_array__functions.c
[1.220s] -- Up-to-date: /home/ivan/Webots_YOLOv8/install/soccer_vision_3d_msgs/include/soccer_vision_3d_msgs/soccer_vision_3d_msgs/msg/detail/ball__struct.h
[1.220s] -- Up-to-date: /home/ivan/Webots_YOLOv8/install/soccer_vision_3d_msgs/include/soccer_vision_3d_msgs/soccer_vision_3d_msgs/msg/detail/field_boundary__struct.h
[1.221s] -- Up-to-date: /home/ivan/Webots_YOLOv8/install/soccer_vision_3d_msgs/include/soccer_vision_3d_msgs/soccer_vision_3d_msgs/msg/detail/marking_ellipse__functions.c
[1.221s] -- Up-to-date: /home/ivan/Webots_YOLOv8/install/soccer_vision_3d_msgs/include/soccer_vision_3d_msgs/soccer_vision_3d_msgs/msg/detail/field_boundary__functions.c
[1.221s] -- Up-to-date: /home/ivan/Webots_YOLOv8/install/soccer_vision_3d_msgs/include/soccer_vision_3d_msgs/soccer_vision_3d_msgs/msg/detail/marking_ellipse__struct.h
[1.221s] -- Up-to-date: /home/ivan/Webots_YOLOv8/install/soccer_vision_3d_msgs/include/soccer_vision_3d_msgs/soccer_vision_3d_msgs/msg/detail/ball__type_support.h
[1.221s] -- Up-to-date: /home/ivan/Webots_YOLOv8/install/soccer_vision_3d_msgs/include/soccer_vision_3d_msgs/soccer_vision_3d_msgs/msg/detail/marking_array__type_support.h
[1.221s] -- Up-to-date: /home/ivan/Webots_YOLOv8/install/soccer_vision_3d_msgs/include/soccer_vision_3d_msgs/soccer_vision_3d_msgs/msg/detail/ball_array__functions.h
[1.221s] -- Up-to-date: /home/ivan/Webots_YOLOv8/install/soccer_vision_3d_msgs/include/soccer_vision_3d_msgs/soccer_vision_3d_msgs/msg/detail/marking_ellipse__type_support.h
[1.221s] -- Up-to-date: /home/ivan/Webots_YOLOv8/install/soccer_vision_3d_msgs/include/soccer_vision_3d_msgs/soccer_vision_3d_msgs/msg/detail/marking_array__struct.h
[1.221s] -- Up-to-date: /home/ivan/Webots_YOLOv8/install/soccer_vision_3d_msgs/include/soccer_vision_3d_msgs/soccer_vision_3d_msgs/msg/detail/marking_intersection__functions.c
[1.222s] -- Up-to-date: /home/ivan/Webots_YOLOv8/install/soccer_vision_3d_msgs/include/soccer_vision_3d_msgs/soccer_vision_3d_msgs/msg/detail/robot__type_support.h
[1.222s] -- Up-to-date: /home/ivan/Webots_YOLOv8/install/soccer_vision_3d_msgs/include/soccer_vision_3d_msgs/soccer_vision_3d_msgs/msg/detail/goalpost__functions.h
[1.223s] -- Up-to-date: /home/ivan/Webots_YOLOv8/install/soccer_vision_3d_msgs/include/soccer_vision_3d_msgs/soccer_vision_3d_msgs/msg/detail/goalpost__functions.c
[1.223s] -- Up-to-date: /home/ivan/Webots_YOLOv8/install/soccer_vision_3d_msgs/include/soccer_vision_3d_msgs/soccer_vision_3d_msgs/msg/detail/ball__functions.c
[1.223s] -- Up-to-date: /home/ivan/Webots_YOLOv8/install/soccer_vision_3d_msgs/include/soccer_vision_3d_msgs/soccer_vision_3d_msgs/msg/detail/marking_intersection__struct.h
[1.223s] -- Up-to-date: /home/ivan/Webots_YOLOv8/install/soccer_vision_3d_msgs/include/soccer_vision_3d_msgs/soccer_vision_3d_msgs/msg/detail/goalpost__type_support.h
[1.223s] -- Up-to-date: /home/ivan/Webots_YOLOv8/install/soccer_vision_3d_msgs/include/soccer_vision_3d_msgs/soccer_vision_3d_msgs/msg/detail/ball_array__struct.h
[1.224s] -- Up-to-date: /home/ivan/Webots_YOLOv8/install/soccer_vision_3d_msgs/include/soccer_vision_3d_msgs/soccer_vision_3d_msgs/msg/detail/field_boundary__functions.h
[1.224s] -- Up-to-date: /home/ivan/Webots_YOLOv8/install/soccer_vision_3d_msgs/include/soccer_vision_3d_msgs/soccer_vision_3d_msgs/msg/detail/goalpost_array__struct.h
[1.224s] -- Up-to-date: /home/ivan/Webots_YOLOv8/install/soccer_vision_3d_msgs/include/soccer_vision_3d_msgs/soccer_vision_3d_msgs/msg/detail/marking_ellipse__functions.h
[1.224s] -- Up-to-date: /home/ivan/Webots_YOLOv8/install/soccer_vision_3d_msgs/include/soccer_vision_3d_msgs/soccer_vision_3d_msgs/msg/detail/obstacle__functions.h
[1.224s] -- Up-to-date: /home/ivan/Webots_YOLOv8/install/soccer_vision_3d_msgs/include/soccer_vision_3d_msgs/soccer_vision_3d_msgs/msg/detail/ball_array__type_support.h
[1.224s] -- Up-to-date: /home/ivan/Webots_YOLOv8/install/soccer_vision_3d_msgs/include/soccer_vision_3d_msgs/soccer_vision_3d_msgs/msg/detail/goalpost__struct.h
[1.224s] -- Up-to-date: /home/ivan/Webots_YOLOv8/install/soccer_vision_3d_msgs/include/soccer_vision_3d_msgs/soccer_vision_3d_msgs/msg/detail/ball_array__functions.c
[1.225s] -- Up-to-date: /home/ivan/Webots_YOLOv8/install/soccer_vision_3d_msgs/include/soccer_vision_3d_msgs/soccer_vision_3d_msgs/msg/marking_ellipse.h
[1.225s] -- Up-to-date: /home/ivan/Webots_YOLOv8/install/soccer_vision_3d_msgs/include/soccer_vision_3d_msgs/soccer_vision_3d_msgs/msg/marking_array.h
[1.225s] -- Up-to-date: /home/ivan/Webots_YOLOv8/install/soccer_vision_3d_msgs/include/soccer_vision_3d_msgs/soccer_vision_3d_msgs/msg/marking_intersection.h
[1.225s] -- Up-to-date: /home/ivan/Webots_YOLOv8/install/soccer_vision_3d_msgs/include/soccer_vision_3d_msgs/soccer_vision_3d_msgs/msg/field_boundary.h
[1.225s] -- Up-to-date: /home/ivan/Webots_YOLOv8/install/soccer_vision_3d_msgs/include/soccer_vision_3d_msgs/soccer_vision_3d_msgs/msg/ball.h
[1.226s] -- Up-to-date: /home/ivan/Webots_YOLOv8/install/soccer_vision_3d_msgs/include/soccer_vision_3d_msgs/soccer_vision_3d_msgs/msg/rosidl_generator_c__visibility_control.h
[1.226s] -- Up-to-date: /home/ivan/Webots_YOLOv8/install/soccer_vision_3d_msgs/include/soccer_vision_3d_msgs/soccer_vision_3d_msgs/msg/goalpost.h
[1.226s] -- Up-to-date: /home/ivan/Webots_YOLOv8/install/soccer_vision_3d_msgs/include/soccer_vision_3d_msgs/soccer_vision_3d_msgs/msg/obstacle_array.h
[1.226s] -- Up-to-date: /home/ivan/Webots_YOLOv8/install/soccer_vision_3d_msgs/include/soccer_vision_3d_msgs/soccer_vision_3d_msgs/msg/marking_segment.h
[1.226s] -- Up-to-date: /home/ivan/Webots_YOLOv8/install/soccer_vision_3d_msgs/include/soccer_vision_3d_msgs/soccer_vision_3d_msgs/msg/robot_array.h
[1.226s] -- Up-to-date: /home/ivan/Webots_YOLOv8/install/soccer_vision_3d_msgs/include/soccer_vision_3d_msgs/soccer_vision_3d_msgs/msg/obstacle.h
[1.226s] -- Up-to-date: /home/ivan/Webots_YOLOv8/install/soccer_vision_3d_msgs/include/soccer_vision_3d_msgs/soccer_vision_3d_msgs/msg/robot.h
[1.227s] -- Up-to-date: /home/ivan/Webots_YOLOv8/install/soccer_vision_3d_msgs/include/soccer_vision_3d_msgs/soccer_vision_3d_msgs/msg/goalpost_array.h
[1.227s] -- Up-to-date: /home/ivan/Webots_YOLOv8/install/soccer_vision_3d_msgs/include/soccer_vision_3d_msgs/soccer_vision_3d_msgs/msg/ball_array.h
[1.227s] -- Up-to-date: /home/ivan/Webots_YOLOv8/install/soccer_vision_3d_msgs/share/soccer_vision_3d_msgs/environment/library_path.sh
[1.227s] -- Up-to-date: /home/ivan/Webots_YOLOv8/install/soccer_vision_3d_msgs/share/soccer_vision_3d_msgs/environment/library_path.dsv
[1.227s] -- Up-to-date: /home/ivan/Webots_YOLOv8/install/soccer_vision_3d_msgs/lib/libsoccer_vision_3d_msgs__rosidl_generator_c.so
[1.227s] -- Up-to-date: /home/ivan/Webots_YOLOv8/install/soccer_vision_3d_msgs/include/soccer_vision_3d_msgs/soccer_vision_3d_msgs
[1.227s] -- Up-to-date: /home/ivan/Webots_YOLOv8/install/soccer_vision_3d_msgs/include/soccer_vision_3d_msgs/soccer_vision_3d_msgs/msg
[1.228s] -- Up-to-date: /home/ivan/Webots_YOLOv8/install/soccer_vision_3d_msgs/include/soccer_vision_3d_msgs/soccer_vision_3d_msgs/msg/detail
[1.228s] -- Up-to-date: /home/ivan/Webots_YOLOv8/install/soccer_vision_3d_msgs/include/soccer_vision_3d_msgs/soccer_vision_3d_msgs/msg/detail/obstacle__rosidl_typesupport_fastrtps_c.h
[1.228s] -- Up-to-date: /home/ivan/Webots_YOLOv8/install/soccer_vision_3d_msgs/include/soccer_vision_3d_msgs/soccer_vision_3d_msgs/msg/detail/goalpost__rosidl_typesupport_fastrtps_c.h
[1.228s] -- Up-to-date: /home/ivan/Webots_YOLOv8/install/soccer_vision_3d_msgs/include/soccer_vision_3d_msgs/soccer_vision_3d_msgs/msg/detail/marking_intersection__rosidl_typesupport_fastrtps_c.h
[1.228s] -- Up-to-date: /home/ivan/Webots_YOLOv8/install/soccer_vision_3d_msgs/include/soccer_vision_3d_msgs/soccer_vision_3d_msgs/msg/detail/obstacle_array__rosidl_typesupport_fastrtps_c.h
[1.228s] -- Up-to-date: /home/ivan/Webots_YOLOv8/install/soccer_vision_3d_msgs/include/soccer_vision_3d_msgs/soccer_vision_3d_msgs/msg/detail/ball_array__rosidl_typesupport_fastrtps_c.h
[1.228s] -- Up-to-date: /home/ivan/Webots_YOLOv8/install/soccer_vision_3d_msgs/include/soccer_vision_3d_msgs/soccer_vision_3d_msgs/msg/detail/marking_segment__rosidl_typesupport_fastrtps_c.h
[1.228s] -- Up-to-date: /home/ivan/Webots_YOLOv8/install/soccer_vision_3d_msgs/include/soccer_vision_3d_msgs/soccer_vision_3d_msgs/msg/detail/marking_ellipse__rosidl_typesupport_fastrtps_c.h
[1.228s] -- Up-to-date: /home/ivan/Webots_YOLOv8/install/soccer_vision_3d_msgs/include/soccer_vision_3d_msgs/soccer_vision_3d_msgs/msg/detail/goalpost_array__rosidl_typesupport_fastrtps_c.h
[1.229s] -- Up-to-date: /home/ivan/Webots_YOLOv8/install/soccer_vision_3d_msgs/include/soccer_vision_3d_msgs/soccer_vision_3d_msgs/msg/detail/ball__rosidl_typesupport_fastrtps_c.h
[1.229s] -- Up-to-date: /home/ivan/Webots_YOLOv8/install/soccer_vision_3d_msgs/include/soccer_vision_3d_msgs/soccer_vision_3d_msgs/msg/detail/field_boundary__rosidl_typesupport_fastrtps_c.h
[1.229s] -- Up-to-date: /home/ivan/Webots_YOLOv8/install/soccer_vision_3d_msgs/include/soccer_vision_3d_msgs/soccer_vision_3d_msgs/msg/detail/robot_array__rosidl_typesupport_fastrtps_c.h
[1.230s] -- Up-to-date: /home/ivan/Webots_YOLOv8/install/soccer_vision_3d_msgs/include/soccer_vision_3d_msgs/soccer_vision_3d_msgs/msg/detail/marking_array__rosidl_typesupport_fastrtps_c.h
[1.230s] -- Up-to-date: /home/ivan/Webots_YOLOv8/install/soccer_vision_3d_msgs/include/soccer_vision_3d_msgs/soccer_vision_3d_msgs/msg/detail/robot__rosidl_typesupport_fastrtps_c.h
[1.230s] -- Up-to-date: /home/ivan/Webots_YOLOv8/install/soccer_vision_3d_msgs/include/soccer_vision_3d_msgs/soccer_vision_3d_msgs/msg/rosidl_typesupport_fastrtps_c__visibility_control.h
[1.230s] -- Up-to-date: /home/ivan/Webots_YOLOv8/install/soccer_vision_3d_msgs/lib/libsoccer_vision_3d_msgs__rosidl_typesupport_fastrtps_c.so
[1.231s] -- Up-to-date: /home/ivan/Webots_YOLOv8/install/soccer_vision_3d_msgs/include/soccer_vision_3d_msgs/soccer_vision_3d_msgs
[1.231s] -- Up-to-date: /home/ivan/Webots_YOLOv8/install/soccer_vision_3d_msgs/include/soccer_vision_3d_msgs/soccer_vision_3d_msgs/msg
[1.231s] -- Up-to-date: /home/ivan/Webots_YOLOv8/install/soccer_vision_3d_msgs/include/soccer_vision_3d_msgs/soccer_vision_3d_msgs/msg/detail
[1.233s] -- Up-to-date: /home/ivan/Webots_YOLOv8/install/soccer_vision_3d_msgs/include/soccer_vision_3d_msgs/soccer_vision_3d_msgs/msg/detail/ball_array__type_support.c
[1.233s] -- Up-to-date: /home/ivan/Webots_YOLOv8/install/soccer_vision_3d_msgs/include/soccer_vision_3d_msgs/soccer_vision_3d_msgs/msg/detail/marking_array__rosidl_typesupport_introspection_c.h
[1.234s] -- Up-to-date: /home/ivan/Webots_YOLOv8/install/soccer_vision_3d_msgs/include/soccer_vision_3d_msgs/soccer_vision_3d_msgs/msg/detail/marking_ellipse__type_support.c
[1.234s] -- Up-to-date: /home/ivan/Webots_YOLOv8/install/soccer_vision_3d_msgs/include/soccer_vision_3d_msgs/soccer_vision_3d_msgs/msg/detail/robot__rosidl_typesupport_introspection_c.h
[1.234s] -- Up-to-date: /home/ivan/Webots_YOLOv8/install/soccer_vision_3d_msgs/include/soccer_vision_3d_msgs/soccer_vision_3d_msgs/msg/detail/field_boundary__type_support.c
[1.234s] -- Up-to-date: /home/ivan/Webots_YOLOv8/install/soccer_vision_3d_msgs/include/soccer_vision_3d_msgs/soccer_vision_3d_msgs/msg/detail/obstacle_array__type_support.c
[1.235s] -- Up-to-date: /home/ivan/Webots_YOLOv8/install/soccer_vision_3d_msgs/include/soccer_vision_3d_msgs/soccer_vision_3d_msgs/msg/detail/ball__type_support.c
[1.235s] -- Up-to-date: /home/ivan/Webots_YOLOv8/install/soccer_vision_3d_msgs/include/soccer_vision_3d_msgs/soccer_vision_3d_msgs/msg/detail/obstacle__rosidl_typesupport_introspection_c.h
[1.235s] -- Up-to-date: /home/ivan/Webots_YOLOv8/install/soccer_vision_3d_msgs/include/soccer_vision_3d_msgs/soccer_vision_3d_msgs/msg/detail/marking_segment__rosidl_typesupport_introspection_c.h
[1.236s] -- Up-to-date: /home/ivan/Webots_YOLOv8/install/soccer_vision_3d_msgs/include/soccer_vision_3d_msgs/soccer_vision_3d_msgs/msg/detail/goalpost__type_support.c
[1.236s] -- Up-to-date: /home/ivan/Webots_YOLOv8/install/soccer_vision_3d_msgs/include/soccer_vision_3d_msgs/soccer_vision_3d_msgs/msg/detail/goalpost_array__type_support.c
[1.236s] -- Up-to-date: /home/ivan/Webots_YOLOv8/install/soccer_vision_3d_msgs/include/soccer_vision_3d_msgs/soccer_vision_3d_msgs/msg/detail/ball_array__rosidl_typesupport_introspection_c.h
[1.236s] -- Up-to-date: /home/ivan/Webots_YOLOv8/install/soccer_vision_3d_msgs/include/soccer_vision_3d_msgs/soccer_vision_3d_msgs/msg/detail/marking_array__type_support.c
[1.236s] -- Up-to-date: /home/ivan/Webots_YOLOv8/install/soccer_vision_3d_msgs/include/soccer_vision_3d_msgs/soccer_vision_3d_msgs/msg/detail/marking_intersection__type_support.c
[1.238s] -- Up-to-date: /home/ivan/Webots_YOLOv8/install/soccer_vision_3d_msgs/include/soccer_vision_3d_msgs/soccer_vision_3d_msgs/msg/detail/marking_ellipse__rosidl_typesupport_introspection_c.h
[1.239s] -- Up-to-date: /home/ivan/Webots_YOLOv8/install/soccer_vision_3d_msgs/include/soccer_vision_3d_msgs/soccer_vision_3d_msgs/msg/detail/goalpost__rosidl_typesupport_introspection_c.h
[1.239s] -- Up-to-date: /home/ivan/Webots_YOLOv8/install/soccer_vision_3d_msgs/include/soccer_vision_3d_msgs/soccer_vision_3d_msgs/msg/detail/robot__type_support.c
[1.239s] -- Up-to-date: /home/ivan/Webots_YOLOv8/install/soccer_vision_3d_msgs/include/soccer_vision_3d_msgs/soccer_vision_3d_msgs/msg/detail/robot_array__rosidl_typesupport_introspection_c.h
[1.239s] -- Up-to-date: /home/ivan/Webots_YOLOv8/install/soccer_vision_3d_msgs/include/soccer_vision_3d_msgs/soccer_vision_3d_msgs/msg/detail/robot_array__type_support.c
[1.239s] -- Up-to-date: /home/ivan/Webots_YOLOv8/install/soccer_vision_3d_msgs/include/soccer_vision_3d_msgs/soccer_vision_3d_msgs/msg/detail/marking_intersection__rosidl_typesupport_introspection_c.h
[1.239s] -- Up-to-date: /home/ivan/Webots_YOLOv8/install/soccer_vision_3d_msgs/include/soccer_vision_3d_msgs/soccer_vision_3d_msgs/msg/detail/obstacle_array__rosidl_typesupport_introspection_c.h
[1.239s] -- Up-to-date: /home/ivan/Webots_YOLOv8/install/soccer_vision_3d_msgs/include/soccer_vision_3d_msgs/soccer_vision_3d_msgs/msg/detail/ball__rosidl_typesupport_introspection_c.h
[1.240s] -- Up-to-date: /home/ivan/Webots_YOLOv8/install/soccer_vision_3d_msgs/include/soccer_vision_3d_msgs/soccer_vision_3d_msgs/msg/detail/obstacle__type_support.c
[1.240s] -- Up-to-date: /home/ivan/Webots_YOLOv8/install/soccer_vision_3d_msgs/include/soccer_vision_3d_msgs/soccer_vision_3d_msgs/msg/detail/field_boundary__rosidl_typesupport_introspection_c.h
[1.241s] -- Up-to-date: /home/ivan/Webots_YOLOv8/install/soccer_vision_3d_msgs/include/soccer_vision_3d_msgs/soccer_vision_3d_msgs/msg/detail/marking_segment__type_support.c
[1.241s] -- Up-to-date: /home/ivan/Webots_YOLOv8/install/soccer_vision_3d_msgs/include/soccer_vision_3d_msgs/soccer_vision_3d_msgs/msg/detail/goalpost_array__rosidl_typesupport_introspection_c.h
[1.241s] -- Up-to-date: /home/ivan/Webots_YOLOv8/install/soccer_vision_3d_msgs/include/soccer_vision_3d_msgs/soccer_vision_3d_msgs/msg/rosidl_typesupport_introspection_c__visibility_control.h
[1.241s] -- Up-to-date: /home/ivan/Webots_YOLOv8/install/soccer_vision_3d_msgs/lib/libsoccer_vision_3d_msgs__rosidl_typesupport_introspection_c.so
[1.241s] -- Up-to-date: /home/ivan/Webots_YOLOv8/install/soccer_vision_3d_msgs/lib/libsoccer_vision_3d_msgs__rosidl_typesupport_c.so
[1.242s] -- Up-to-date: /home/ivan/Webots_YOLOv8/install/soccer_vision_3d_msgs/include/soccer_vision_3d_msgs/soccer_vision_3d_msgs
[1.242s] -- Up-to-date: /home/ivan/Webots_YOLOv8/install/soccer_vision_3d_msgs/include/soccer_vision_3d_msgs/soccer_vision_3d_msgs/msg
[1.242s] -- Up-to-date: /home/ivan/Webots_YOLOv8/install/soccer_vision_3d_msgs/include/soccer_vision_3d_msgs/soccer_vision_3d_msgs/msg/detail
[1.243s] -- Up-to-date: /home/ivan/Webots_YOLOv8/install/soccer_vision_3d_msgs/include/soccer_vision_3d_msgs/soccer_vision_3d_msgs/msg/detail/obstacle_array__type_support.hpp
[1.243s] -- Up-to-date: /home/ivan/Webots_YOLOv8/install/soccer_vision_3d_msgs/include/soccer_vision_3d_msgs/soccer_vision_3d_msgs/msg/detail/ball__builder.hpp
[1.243s] -- Up-to-date: /home/ivan/Webots_YOLOv8/install/soccer_vision_3d_msgs/include/soccer_vision_3d_msgs/soccer_vision_3d_msgs/msg/detail/ball__struct.hpp
[1.243s] -- Up-to-date: /home/ivan/Webots_YOLOv8/install/soccer_vision_3d_msgs/include/soccer_vision_3d_msgs/soccer_vision_3d_msgs/msg/detail/robot__traits.hpp
[1.243s] -- Up-to-date: /home/ivan/Webots_YOLOv8/install/soccer_vision_3d_msgs/include/soccer_vision_3d_msgs/soccer_vision_3d_msgs/msg/detail/ball_array__builder.hpp
[1.243s] -- Up-to-date: /home/ivan/Webots_YOLOv8/install/soccer_vision_3d_msgs/include/soccer_vision_3d_msgs/soccer_vision_3d_msgs/msg/detail/robot__struct.hpp
[1.243s] -- Up-to-date: /home/ivan/Webots_YOLOv8/install/soccer_vision_3d_msgs/include/soccer_vision_3d_msgs/soccer_vision_3d_msgs/msg/detail/marking_ellipse__traits.hpp
[1.244s] -- Up-to-date: /home/ivan/Webots_YOLOv8/install/soccer_vision_3d_msgs/include/soccer_vision_3d_msgs/soccer_vision_3d_msgs/msg/detail/marking_intersection__traits.hpp
[1.244s] -- Up-to-date: /home/ivan/Webots_YOLOv8/install/soccer_vision_3d_msgs/include/soccer_vision_3d_msgs/soccer_vision_3d_msgs/msg/detail/ball_array__traits.hpp
[1.245s] -- Up-to-date: /home/ivan/Webots_YOLOv8/install/soccer_vision_3d_msgs/include/soccer_vision_3d_msgs/soccer_vision_3d_msgs/msg/detail/robot_array__type_support.hpp
[1.245s] -- Up-to-date: /home/ivan/Webots_YOLOv8/install/soccer_vision_3d_msgs/include/soccer_vision_3d_msgs/soccer_vision_3d_msgs/msg/detail/goalpost_array__type_support.hpp
[1.245s] -- Up-to-date: /home/ivan/Webots_YOLOv8/install/soccer_vision_3d_msgs/include/soccer_vision_3d_msgs/soccer_vision_3d_msgs/msg/detail/marking_segment__builder.hpp
[1.245s] -- Up-to-date: /home/ivan/Webots_YOLOv8/install/soccer_vision_3d_msgs/include/soccer_vision_3d_msgs/soccer_vision_3d_msgs/msg/detail/obstacle__builder.hpp
[1.245s] -- Up-to-date: /home/ivan/Webots_YOLOv8/install/soccer_vision_3d_msgs/include/soccer_vision_3d_msgs/soccer_vision_3d_msgs/msg/detail/marking_intersection__builder.hpp
[1.246s] -- Up-to-date: /home/ivan/Webots_YOLOv8/install/soccer_vision_3d_msgs/include/soccer_vision_3d_msgs/soccer_vision_3d_msgs/msg/detail/obstacle__type_support.hpp
[1.246s] -- Up-to-date: /home/ivan/Webots_YOLOv8/install/soccer_vision_3d_msgs/include/soccer_vision_3d_msgs/soccer_vision_3d_msgs/msg/detail/goalpost__builder.hpp
[1.246s] -- Up-to-date: /home/ivan/Webots_YOLOv8/install/soccer_vision_3d_msgs/include/soccer_vision_3d_msgs/soccer_vision_3d_msgs/msg/detail/field_boundary__builder.hpp
[1.246s] -- Up-to-date: /home/ivan/Webots_YOLOv8/install/soccer_vision_3d_msgs/include/soccer_vision_3d_msgs/soccer_vision_3d_msgs/msg/detail/marking_array__builder.hpp
[1.246s] -- Up-to-date: /home/ivan/Webots_YOLOv8/install/soccer_vision_3d_msgs/include/soccer_vision_3d_msgs/soccer_vision_3d_msgs/msg/detail/marking_ellipse__type_support.hpp
[1.246s] -- Up-to-date: /home/ivan/Webots_YOLOv8/install/soccer_vision_3d_msgs/include/soccer_vision_3d_msgs/soccer_vision_3d_msgs/msg/detail/field_boundary__type_support.hpp
[1.246s] -- Up-to-date: /home/ivan/Webots_YOLOv8/install/soccer_vision_3d_msgs/include/soccer_vision_3d_msgs/soccer_vision_3d_msgs/msg/detail/goalpost_array__struct.hpp
[1.247s] -- Up-to-date: /home/ivan/Webots_YOLOv8/install/soccer_vision_3d_msgs/include/soccer_vision_3d_msgs/soccer_vision_3d_msgs/msg/detail/robot_array__traits.hpp
[1.247s] -- Up-to-date: /home/ivan/Webots_YOLOv8/install/soccer_vision_3d_msgs/include/soccer_vision_3d_msgs/soccer_vision_3d_msgs/msg/detail/obstacle_array__builder.hpp
[1.247s] -- Up-to-date: /home/ivan/Webots_YOLOv8/install/soccer_vision_3d_msgs/include/soccer_vision_3d_msgs/soccer_vision_3d_msgs/msg/detail/ball_array__type_support.hpp
[1.247s] -- Up-to-date: /home/ivan/Webots_YOLOv8/install/soccer_vision_3d_msgs/include/soccer_vision_3d_msgs/soccer_vision_3d_msgs/msg/detail/marking_array__struct.hpp
[1.248s] -- Up-to-date: /home/ivan/Webots_YOLOv8/install/soccer_vision_3d_msgs/include/soccer_vision_3d_msgs/soccer_vision_3d_msgs/msg/detail/field_boundary__traits.hpp
[1.248s] -- Up-to-date: /home/ivan/Webots_YOLOv8/install/soccer_vision_3d_msgs/include/soccer_vision_3d_msgs/soccer_vision_3d_msgs/msg/detail/goalpost__type_support.hpp
[1.248s] -- Up-to-date: /home/ivan/Webots_YOLOv8/install/soccer_vision_3d_msgs/include/soccer_vision_3d_msgs/soccer_vision_3d_msgs/msg/detail/marking_segment__struct.hpp
[1.248s] -- Up-to-date: /home/ivan/Webots_YOLOv8/install/soccer_vision_3d_msgs/include/soccer_vision_3d_msgs/soccer_vision_3d_msgs/msg/detail/marking_intersection__struct.hpp
[1.249s] -- Up-to-date: /home/ivan/Webots_YOLOv8/install/soccer_vision_3d_msgs/include/soccer_vision_3d_msgs/soccer_vision_3d_msgs/msg/detail/ball_array__struct.hpp
[1.249s] -- Up-to-date: /home/ivan/Webots_YOLOv8/install/soccer_vision_3d_msgs/include/soccer_vision_3d_msgs/soccer_vision_3d_msgs/msg/detail/marking_array__type_support.hpp
[1.249s] -- Up-to-date: /home/ivan/Webots_YOLOv8/install/soccer_vision_3d_msgs/include/soccer_vision_3d_msgs/soccer_vision_3d_msgs/msg/detail/marking_intersection__type_support.hpp
[1.249s] -- Up-to-date: /home/ivan/Webots_YOLOv8/install/soccer_vision_3d_msgs/include/soccer_vision_3d_msgs/soccer_vision_3d_msgs/msg/detail/obstacle_array__traits.hpp
[1.249s] -- Up-to-date: /home/ivan/Webots_YOLOv8/install/soccer_vision_3d_msgs/include/soccer_vision_3d_msgs/soccer_vision_3d_msgs/msg/detail/goalpost__traits.hpp
[1.249s] -- Up-to-date: /home/ivan/Webots_YOLOv8/install/soccer_vision_3d_msgs/include/soccer_vision_3d_msgs/soccer_vision_3d_msgs/msg/detail/ball__type_support.hpp
[1.250s] -- Up-to-date: /home/ivan/Webots_YOLOv8/install/soccer_vision_3d_msgs/include/soccer_vision_3d_msgs/soccer_vision_3d_msgs/msg/detail/goalpost_array__traits.hpp
[1.250s] -- Up-to-date: /home/ivan/Webots_YOLOv8/install/soccer_vision_3d_msgs/include/soccer_vision_3d_msgs/soccer_vision_3d_msgs/msg/detail/robot_array__builder.hpp
[1.250s] -- Up-to-date: /home/ivan/Webots_YOLOv8/install/soccer_vision_3d_msgs/include/soccer_vision_3d_msgs/soccer_vision_3d_msgs/msg/detail/field_boundary__struct.hpp
[1.250s] -- Up-to-date: /home/ivan/Webots_YOLOv8/install/soccer_vision_3d_msgs/include/soccer_vision_3d_msgs/soccer_vision_3d_msgs/msg/detail/obstacle__traits.hpp
[1.250s] -- Up-to-date: /home/ivan/Webots_YOLOv8/install/soccer_vision_3d_msgs/include/soccer_vision_3d_msgs/soccer_vision_3d_msgs/msg/detail/goalpost__struct.hpp
[1.250s] -- Up-to-date: /home/ivan/Webots_YOLOv8/install/soccer_vision_3d_msgs/include/soccer_vision_3d_msgs/soccer_vision_3d_msgs/msg/detail/robot_array__struct.hpp
[1.250s] -- Up-to-date: /home/ivan/Webots_YOLOv8/install/soccer_vision_3d_msgs/include/soccer_vision_3d_msgs/soccer_vision_3d_msgs/msg/detail/obstacle__struct.hpp
[1.250s] -- Up-to-date: /home/ivan/Webots_YOLOv8/install/soccer_vision_3d_msgs/include/soccer_vision_3d_msgs/soccer_vision_3d_msgs/msg/detail/marking_ellipse__builder.hpp
[1.251s] -- Up-to-date: /home/ivan/Webots_YOLOv8/install/soccer_vision_3d_msgs/include/soccer_vision_3d_msgs/soccer_vision_3d_msgs/msg/detail/marking_ellipse__struct.hpp
[1.251s] -- Up-to-date: /home/ivan/Webots_YOLOv8/install/soccer_vision_3d_msgs/include/soccer_vision_3d_msgs/soccer_vision_3d_msgs/msg/detail/obstacle_array__struct.hpp
[1.251s] -- Up-to-date: /home/ivan/Webots_YOLOv8/install/soccer_vision_3d_msgs/include/soccer_vision_3d_msgs/soccer_vision_3d_msgs/msg/detail/ball__traits.hpp
[1.251s] -- Up-to-date: /home/ivan/Webots_YOLOv8/install/soccer_vision_3d_msgs/include/soccer_vision_3d_msgs/soccer_vision_3d_msgs/msg/detail/marking_array__traits.hpp
[1.252s] -- Up-to-date: /home/ivan/Webots_YOLOv8/install/soccer_vision_3d_msgs/include/soccer_vision_3d_msgs/soccer_vision_3d_msgs/msg/detail/marking_segment__traits.hpp
[1.252s] -- Up-to-date: /home/ivan/Webots_YOLOv8/install/soccer_vision_3d_msgs/include/soccer_vision_3d_msgs/soccer_vision_3d_msgs/msg/detail/robot__builder.hpp
[1.252s] -- Up-to-date: /home/ivan/Webots_YOLOv8/install/soccer_vision_3d_msgs/include/soccer_vision_3d_msgs/soccer_vision_3d_msgs/msg/detail/robot__type_support.hpp
[1.252s] -- Up-to-date: /home/ivan/Webots_YOLOv8/install/soccer_vision_3d_msgs/include/soccer_vision_3d_msgs/soccer_vision_3d_msgs/msg/detail/marking_segment__type_support.hpp
[1.252s] -- Up-to-date: /home/ivan/Webots_YOLOv8/install/soccer_vision_3d_msgs/include/soccer_vision_3d_msgs/soccer_vision_3d_msgs/msg/detail/goalpost_array__builder.hpp
[1.252s] -- Up-to-date: /home/ivan/Webots_YOLOv8/install/soccer_vision_3d_msgs/include/soccer_vision_3d_msgs/soccer_vision_3d_msgs/msg/ball_array.hpp
[1.253s] -- Up-to-date: /home/ivan/Webots_YOLOv8/install/soccer_vision_3d_msgs/include/soccer_vision_3d_msgs/soccer_vision_3d_msgs/msg/goalpost_array.hpp
[1.253s] -- Up-to-date: /home/ivan/Webots_YOLOv8/install/soccer_vision_3d_msgs/include/soccer_vision_3d_msgs/soccer_vision_3d_msgs/msg/ball.hpp
[1.253s] -- Up-to-date: /home/ivan/Webots_YOLOv8/install/soccer_vision_3d_msgs/include/soccer_vision_3d_msgs/soccer_vision_3d_msgs/msg/rosidl_generator_cpp__visibility_control.hpp
[1.253s] -- Up-to-date: /home/ivan/Webots_YOLOv8/install/soccer_vision_3d_msgs/include/soccer_vision_3d_msgs/soccer_vision_3d_msgs/msg/marking_ellipse.hpp
[1.253s] -- Up-to-date: /home/ivan/Webots_YOLOv8/install/soccer_vision_3d_msgs/include/soccer_vision_3d_msgs/soccer_vision_3d_msgs/msg/robot.hpp
[1.253s] -- Up-to-date: /home/ivan/Webots_YOLOv8/install/soccer_vision_3d_msgs/include/soccer_vision_3d_msgs/soccer_vision_3d_msgs/msg/obstacle_array.hpp
[1.253s] -- Up-to-date: /home/ivan/Webots_YOLOv8/install/soccer_vision_3d_msgs/include/soccer_vision_3d_msgs/soccer_vision_3d_msgs/msg/marking_array.hpp
[1.253s] -- Up-to-date: /home/ivan/Webots_YOLOv8/install/soccer_vision_3d_msgs/include/soccer_vision_3d_msgs/soccer_vision_3d_msgs/msg/marking_segment.hpp
[1.253s] -- Up-to-date: /home/ivan/Webots_YOLOv8/install/soccer_vision_3d_msgs/include/soccer_vision_3d_msgs/soccer_vision_3d_msgs/msg/goalpost.hpp
[1.254s] -- Up-to-date: /home/ivan/Webots_YOLOv8/install/soccer_vision_3d_msgs/include/soccer_vision_3d_msgs/soccer_vision_3d_msgs/msg/obstacle.hpp
[1.254s] -- Up-to-date: /home/ivan/Webots_YOLOv8/install/soccer_vision_3d_msgs/include/soccer_vision_3d_msgs/soccer_vision_3d_msgs/msg/marking_intersection.hpp
[1.254s] -- Up-to-date: /home/ivan/Webots_YOLOv8/install/soccer_vision_3d_msgs/include/soccer_vision_3d_msgs/soccer_vision_3d_msgs/msg/robot_array.hpp
[1.254s] -- Up-to-date: /home/ivan/Webots_YOLOv8/install/soccer_vision_3d_msgs/include/soccer_vision_3d_msgs/soccer_vision_3d_msgs/msg/field_boundary.hpp
[1.254s] -- Up-to-date: /home/ivan/Webots_YOLOv8/install/soccer_vision_3d_msgs/include/soccer_vision_3d_msgs/soccer_vision_3d_msgs
[1.254s] -- Up-to-date: /home/ivan/Webots_YOLOv8/install/soccer_vision_3d_msgs/include/soccer_vision_3d_msgs/soccer_vision_3d_msgs/msg
[1.254s] -- Up-to-date: /home/ivan/Webots_YOLOv8/install/soccer_vision_3d_msgs/include/soccer_vision_3d_msgs/soccer_vision_3d_msgs/msg/detail
[1.254s] -- Up-to-date: /home/ivan/Webots_YOLOv8/install/soccer_vision_3d_msgs/include/soccer_vision_3d_msgs/soccer_vision_3d_msgs/msg/detail/robot_array__rosidl_typesupport_fastrtps_cpp.hpp
[1.255s] -- Up-to-date: /home/ivan/Webots_YOLOv8/install/soccer_vision_3d_msgs/include/soccer_vision_3d_msgs/soccer_vision_3d_msgs/msg/detail/obstacle_array__rosidl_typesupport_fastrtps_cpp.hpp
[1.255s] -- Up-to-date: /home/ivan/Webots_YOLOv8/install/soccer_vision_3d_msgs/include/soccer_vision_3d_msgs/soccer_vision_3d_msgs/msg/detail/dds_fastrtps
[1.255s] -- Up-to-date: /home/ivan/Webots_YOLOv8/install/soccer_vision_3d_msgs/include/soccer_vision_3d_msgs/soccer_vision_3d_msgs/msg/detail/marking_ellipse__rosidl_typesupport_fastrtps_cpp.hpp
[1.255s] -- Up-to-date: /home/ivan/Webots_YOLOv8/install/soccer_vision_3d_msgs/include/soccer_vision_3d_msgs/soccer_vision_3d_msgs/msg/detail/obstacle__rosidl_typesupport_fastrtps_cpp.hpp
[1.255s] -- Up-to-date: /home/ivan/Webots_YOLOv8/install/soccer_vision_3d_msgs/include/soccer_vision_3d_msgs/soccer_vision_3d_msgs/msg/detail/robot__rosidl_typesupport_fastrtps_cpp.hpp
[1.255s] -- Up-to-date: /home/ivan/Webots_YOLOv8/install/soccer_vision_3d_msgs/include/soccer_vision_3d_msgs/soccer_vision_3d_msgs/msg/detail/marking_array__rosidl_typesupport_fastrtps_cpp.hpp
[1.255s] -- Up-to-date: /home/ivan/Webots_YOLOv8/install/soccer_vision_3d_msgs/include/soccer_vision_3d_msgs/soccer_vision_3d_msgs/msg/detail/ball__rosidl_typesupport_fastrtps_cpp.hpp
[1.255s] -- Up-to-date: /home/ivan/Webots_YOLOv8/install/soccer_vision_3d_msgs/include/soccer_vision_3d_msgs/soccer_vision_3d_msgs/msg/detail/field_boundary__rosidl_typesupport_fastrtps_cpp.hpp
[1.255s] -- Up-to-date: /home/ivan/Webots_YOLOv8/install/soccer_vision_3d_msgs/include/soccer_vision_3d_msgs/soccer_vision_3d_msgs/msg/detail/goalpost__rosidl_typesupport_fastrtps_cpp.hpp
[1.256s] -- Up-to-date: /home/ivan/Webots_YOLOv8/install/soccer_vision_3d_msgs/include/soccer_vision_3d_msgs/soccer_vision_3d_msgs/msg/detail/marking_segment__rosidl_typesupport_fastrtps_cpp.hpp
[1.256s] -- Up-to-date: /home/ivan/Webots_YOLOv8/install/soccer_vision_3d_msgs/include/soccer_vision_3d_msgs/soccer_vision_3d_msgs/msg/detail/goalpost_array__rosidl_typesupport_fastrtps_cpp.hpp
[1.256s] -- Up-to-date: /home/ivan/Webots_YOLOv8/install/soccer_vision_3d_msgs/include/soccer_vision_3d_msgs/soccer_vision_3d_msgs/msg/detail/ball_array__rosidl_typesupport_fastrtps_cpp.hpp
[1.256s] -- Up-to-date: /home/ivan/Webots_YOLOv8/install/soccer_vision_3d_msgs/include/soccer_vision_3d_msgs/soccer_vision_3d_msgs/msg/detail/marking_intersection__rosidl_typesupport_fastrtps_cpp.hpp
[1.256s] -- Up-to-date: /home/ivan/Webots_YOLOv8/install/soccer_vision_3d_msgs/include/soccer_vision_3d_msgs/soccer_vision_3d_msgs/msg/rosidl_typesupport_fastrtps_cpp__visibility_control.h
[1.256s] -- Up-to-date: /home/ivan/Webots_YOLOv8/install/soccer_vision_3d_msgs/lib/libsoccer_vision_3d_msgs__rosidl_typesupport_fastrtps_cpp.so
[1.256s] -- Up-to-date: /home/ivan/Webots_YOLOv8/install/soccer_vision_3d_msgs/include/soccer_vision_3d_msgs/soccer_vision_3d_msgs
[1.256s] -- Up-to-date: /home/ivan/Webots_YOLOv8/install/soccer_vision_3d_msgs/include/soccer_vision_3d_msgs/soccer_vision_3d_msgs/msg
[1.257s] -- Up-to-date: /home/ivan/Webots_YOLOv8/install/soccer_vision_3d_msgs/include/soccer_vision_3d_msgs/soccer_vision_3d_msgs/msg/detail
[1.257s] -- Up-to-date: /home/ivan/Webots_YOLOv8/install/soccer_vision_3d_msgs/include/soccer_vision_3d_msgs/soccer_vision_3d_msgs/msg/detail/marking_ellipse__type_support.cpp
[1.257s] -- Up-to-date: /home/ivan/Webots_YOLOv8/install/soccer_vision_3d_msgs/include/soccer_vision_3d_msgs/soccer_vision_3d_msgs/msg/detail/robot_array__type_support.cpp
[1.257s] -- Up-to-date: /home/ivan/Webots_YOLOv8/install/soccer_vision_3d_msgs/include/soccer_vision_3d_msgs/soccer_vision_3d_msgs/msg/detail/goalpost_array__type_support.cpp
[1.257s] -- Up-to-date: /home/ivan/Webots_YOLOv8/install/soccer_vision_3d_msgs/include/soccer_vision_3d_msgs/soccer_vision_3d_msgs/msg/detail/ball_array__type_support.cpp
[1.257s] -- Up-to-date: /home/ivan/Webots_YOLOv8/install/soccer_vision_3d_msgs/include/soccer_vision_3d_msgs/soccer_vision_3d_msgs/msg/detail/marking_segment__type_support.cpp
[1.257s] -- Up-to-date: /home/ivan/Webots_YOLOv8/install/soccer_vision_3d_msgs/include/soccer_vision_3d_msgs/soccer_vision_3d_msgs/msg/detail/robot__rosidl_typesupport_introspection_cpp.hpp
[1.257s] -- Up-to-date: /home/ivan/Webots_YOLOv8/install/soccer_vision_3d_msgs/include/soccer_vision_3d_msgs/soccer_vision_3d_msgs/msg/detail/field_boundary__rosidl_typesupport_introspection_cpp.hpp
[1.257s] -- Up-to-date: /home/ivan/Webots_YOLOv8/install/soccer_vision_3d_msgs/include/soccer_vision_3d_msgs/soccer_vision_3d_msgs/msg/detail/ball__rosidl_typesupport_introspection_cpp.hpp
[1.258s] -- Up-to-date: /home/ivan/Webots_YOLOv8/install/soccer_vision_3d_msgs/include/soccer_vision_3d_msgs/soccer_vision_3d_msgs/msg/detail/ball_array__rosidl_typesupport_introspection_cpp.hpp
[1.258s] -- Up-to-date: /home/ivan/Webots_YOLOv8/install/soccer_vision_3d_msgs/include/soccer_vision_3d_msgs/soccer_vision_3d_msgs/msg/detail/obstacle__rosidl_typesupport_introspection_cpp.hpp
[1.258s] -- Up-to-date: /home/ivan/Webots_YOLOv8/install/soccer_vision_3d_msgs/include/soccer_vision_3d_msgs/soccer_vision_3d_msgs/msg/detail/obstacle__type_support.cpp
[1.258s] -- Up-to-date: /home/ivan/Webots_YOLOv8/install/soccer_vision_3d_msgs/include/soccer_vision_3d_msgs/soccer_vision_3d_msgs/msg/detail/robot_array__rosidl_typesupport_introspection_cpp.hpp
[1.258s] -- Up-to-date: /home/ivan/Webots_YOLOv8/install/soccer_vision_3d_msgs/include/soccer_vision_3d_msgs/soccer_vision_3d_msgs/msg/detail/obstacle_array__type_support.cpp
[1.258s] -- Up-to-date: /home/ivan/Webots_YOLOv8/install/soccer_vision_3d_msgs/include/soccer_vision_3d_msgs/soccer_vision_3d_msgs/msg/detail/marking_segment__rosidl_typesupport_introspection_cpp.hpp
[1.258s] -- Up-to-date: /home/ivan/Webots_YOLOv8/install/soccer_vision_3d_msgs/include/soccer_vision_3d_msgs/soccer_vision_3d_msgs/msg/detail/goalpost__rosidl_typesupport_introspection_cpp.hpp
[1.259s] -- Up-to-date: /home/ivan/Webots_YOLOv8/install/soccer_vision_3d_msgs/include/soccer_vision_3d_msgs/soccer_vision_3d_msgs/msg/detail/marking_intersection__rosidl_typesupport_introspection_cpp.hpp
[1.259s] -- Up-to-date: /home/ivan/Webots_YOLOv8/install/soccer_vision_3d_msgs/include/soccer_vision_3d_msgs/soccer_vision_3d_msgs/msg/detail/marking_array__type_support.cpp
[1.259s] -- Up-to-date: /home/ivan/Webots_YOLOv8/install/soccer_vision_3d_msgs/include/soccer_vision_3d_msgs/soccer_vision_3d_msgs/msg/detail/marking_ellipse__rosidl_typesupport_introspection_cpp.hpp
[1.259s] -- Up-to-date: /home/ivan/Webots_YOLOv8/install/soccer_vision_3d_msgs/include/soccer_vision_3d_msgs/soccer_vision_3d_msgs/msg/detail/goalpost_array__rosidl_typesupport_introspection_cpp.hpp
[1.259s] -- Up-to-date: /home/ivan/Webots_YOLOv8/install/soccer_vision_3d_msgs/include/soccer_vision_3d_msgs/soccer_vision_3d_msgs/msg/detail/field_boundary__type_support.cpp
[1.259s] -- Up-to-date: /home/ivan/Webots_YOLOv8/install/soccer_vision_3d_msgs/include/soccer_vision_3d_msgs/soccer_vision_3d_msgs/msg/detail/ball__type_support.cpp
[1.259s] -- Up-to-date: /home/ivan/Webots_YOLOv8/install/soccer_vision_3d_msgs/include/soccer_vision_3d_msgs/soccer_vision_3d_msgs/msg/detail/goalpost__type_support.cpp
[1.259s] -- Up-to-date: /home/ivan/Webots_YOLOv8/install/soccer_vision_3d_msgs/include/soccer_vision_3d_msgs/soccer_vision_3d_msgs/msg/detail/obstacle_array__rosidl_typesupport_introspection_cpp.hpp
[1.260s] -- Up-to-date: /home/ivan/Webots_YOLOv8/install/soccer_vision_3d_msgs/include/soccer_vision_3d_msgs/soccer_vision_3d_msgs/msg/detail/marking_intersection__type_support.cpp
[1.260s] -- Up-to-date: /home/ivan/Webots_YOLOv8/install/soccer_vision_3d_msgs/include/soccer_vision_3d_msgs/soccer_vision_3d_msgs/msg/detail/marking_array__rosidl_typesupport_introspection_cpp.hpp
[1.260s] -- Up-to-date: /home/ivan/Webots_YOLOv8/install/soccer_vision_3d_msgs/include/soccer_vision_3d_msgs/soccer_vision_3d_msgs/msg/detail/robot__type_support.cpp
[1.260s] -- Up-to-date: /home/ivan/Webots_YOLOv8/install/soccer_vision_3d_msgs/lib/libsoccer_vision_3d_msgs__rosidl_typesupport_introspection_cpp.so
[1.260s] -- Up-to-date: /home/ivan/Webots_YOLOv8/install/soccer_vision_3d_msgs/lib/libsoccer_vision_3d_msgs__rosidl_typesupport_cpp.so
[1.260s] -- Up-to-date: /home/ivan/Webots_YOLOv8/install/soccer_vision_3d_msgs/share/soccer_vision_3d_msgs/environment/pythonpath.sh
[1.261s] -- Up-to-date: /home/ivan/Webots_YOLOv8/install/soccer_vision_3d_msgs/share/soccer_vision_3d_msgs/environment/pythonpath.dsv
[1.261s] -- Up-to-date: /home/ivan/Webots_YOLOv8/install/soccer_vision_3d_msgs/local/lib/python3.10/dist-packages/soccer_vision_3d_msgs-1.0.0-py3.10.egg-info
[1.261s] -- Installing: /home/ivan/Webots_YOLOv8/install/soccer_vision_3d_msgs/local/lib/python3.10/dist-packages/soccer_vision_3d_msgs-1.0.0-py3.10.egg-info/top_level.txt
[1.261s] -- Installing: /home/ivan/Webots_YOLOv8/install/soccer_vision_3d_msgs/local/lib/python3.10/dist-packages/soccer_vision_3d_msgs-1.0.0-py3.10.egg-info/dependency_links.txt
[1.261s] -- Installing: /home/ivan/Webots_YOLOv8/install/soccer_vision_3d_msgs/local/lib/python3.10/dist-packages/soccer_vision_3d_msgs-1.0.0-py3.10.egg-info/SOURCES.txt
[1.263s] -- Installing: /home/ivan/Webots_YOLOv8/install/soccer_vision_3d_msgs/local/lib/python3.10/dist-packages/soccer_vision_3d_msgs-1.0.0-py3.10.egg-info/PKG-INFO
[1.264s] -- Up-to-date: /home/ivan/Webots_YOLOv8/install/soccer_vision_3d_msgs/local/lib/python3.10/dist-packages/soccer_vision_3d_msgs
[1.264s] -- Up-to-date: /home/ivan/Webots_YOLOv8/install/soccer_vision_3d_msgs/local/lib/python3.10/dist-packages/soccer_vision_3d_msgs/soccer_vision_3d_msgs_s__rosidl_typesupport_c.cpython-310-x86_64-linux-gnu.so
[1.264s] -- Up-to-date: /home/ivan/Webots_YOLOv8/install/soccer_vision_3d_msgs/local/lib/python3.10/dist-packages/soccer_vision_3d_msgs/_soccer_vision_3d_msgs_s.ep.rosidl_typesupport_fastrtps_c.c
[1.264s] -- Up-to-date: /home/ivan/Webots_YOLOv8/install/soccer_vision_3d_msgs/local/lib/python3.10/dist-packages/soccer_vision_3d_msgs/msg
[1.264s] -- Up-to-date: /home/ivan/Webots_YOLOv8/install/soccer_vision_3d_msgs/local/lib/python3.10/dist-packages/soccer_vision_3d_msgs/msg/_ball_array.py
[1.264s] -- Up-to-date: /home/ivan/Webots_YOLOv8/install/soccer_vision_3d_msgs/local/lib/python3.10/dist-packages/soccer_vision_3d_msgs/msg/_marking_segment.py
[1.264s] -- Up-to-date: /home/ivan/Webots_YOLOv8/install/soccer_vision_3d_msgs/local/lib/python3.10/dist-packages/soccer_vision_3d_msgs/msg/_goalpost.py
[1.264s] -- Up-to-date: /home/ivan/Webots_YOLOv8/install/soccer_vision_3d_msgs/local/lib/python3.10/dist-packages/soccer_vision_3d_msgs/msg/_obstacle_s.c
[1.265s] -- Up-to-date: /home/ivan/Webots_YOLOv8/install/soccer_vision_3d_msgs/local/lib/python3.10/dist-packages/soccer_vision_3d_msgs/msg/_robot_s.c
[1.265s] -- Up-to-date: /home/ivan/Webots_YOLOv8/install/soccer_vision_3d_msgs/local/lib/python3.10/dist-packages/soccer_vision_3d_msgs/msg/_robot_array.py
[1.265s] -- Up-to-date: /home/ivan/Webots_YOLOv8/install/soccer_vision_3d_msgs/local/lib/python3.10/dist-packages/soccer_vision_3d_msgs/msg/_marking_array_s.c
[1.265s] -- Up-to-date: /home/ivan/Webots_YOLOv8/install/soccer_vision_3d_msgs/local/lib/python3.10/dist-packages/soccer_vision_3d_msgs/msg/_marking_array.py
[1.265s] -- Up-to-date: /home/ivan/Webots_YOLOv8/install/soccer_vision_3d_msgs/local/lib/python3.10/dist-packages/soccer_vision_3d_msgs/msg/_marking_intersection.py
[1.265s] -- Up-to-date: /home/ivan/Webots_YOLOv8/install/soccer_vision_3d_msgs/local/lib/python3.10/dist-packages/soccer_vision_3d_msgs/msg/_goalpost_array.py
[1.265s] -- Up-to-date: /home/ivan/Webots_YOLOv8/install/soccer_vision_3d_msgs/local/lib/python3.10/dist-packages/soccer_vision_3d_msgs/msg/_ball_array_s.c
[1.265s] -- Up-to-date: /home/ivan/Webots_YOLOv8/install/soccer_vision_3d_msgs/local/lib/python3.10/dist-packages/soccer_vision_3d_msgs/msg/_obstacle_array.py
[1.265s] -- Up-to-date: /home/ivan/Webots_YOLOv8/install/soccer_vision_3d_msgs/local/lib/python3.10/dist-packages/soccer_vision_3d_msgs/msg/__init__.py
[1.265s] -- Up-to-date: /home/ivan/Webots_YOLOv8/install/soccer_vision_3d_msgs/local/lib/python3.10/dist-packages/soccer_vision_3d_msgs/msg/_goalpost_array_s.c
[1.265s] -- Up-to-date: /home/ivan/Webots_YOLOv8/install/soccer_vision_3d_msgs/local/lib/python3.10/dist-packages/soccer_vision_3d_msgs/msg/_ball_s.c
[1.266s] -- Up-to-date: /home/ivan/Webots_YOLOv8/install/soccer_vision_3d_msgs/local/lib/python3.10/dist-packages/soccer_vision_3d_msgs/msg/_marking_intersection_s.c
[1.266s] -- Up-to-date: /home/ivan/Webots_YOLOv8/install/soccer_vision_3d_msgs/local/lib/python3.10/dist-packages/soccer_vision_3d_msgs/msg/_obstacle_array_s.c
[1.266s] -- Up-to-date: /home/ivan/Webots_YOLOv8/install/soccer_vision_3d_msgs/local/lib/python3.10/dist-packages/soccer_vision_3d_msgs/msg/_field_boundary_s.c
[1.266s] -- Up-to-date: /home/ivan/Webots_YOLOv8/install/soccer_vision_3d_msgs/local/lib/python3.10/dist-packages/soccer_vision_3d_msgs/msg/_obstacle.py
[1.266s] -- Up-to-date: /home/ivan/Webots_YOLOv8/install/soccer_vision_3d_msgs/local/lib/python3.10/dist-packages/soccer_vision_3d_msgs/msg/_marking_segment_s.c
[1.266s] -- Up-to-date: /home/ivan/Webots_YOLOv8/install/soccer_vision_3d_msgs/local/lib/python3.10/dist-packages/soccer_vision_3d_msgs/msg/_marking_ellipse_s.c
[1.266s] -- Up-to-date: /home/ivan/Webots_YOLOv8/install/soccer_vision_3d_msgs/local/lib/python3.10/dist-packages/soccer_vision_3d_msgs/msg/_field_boundary.py
[1.266s] -- Up-to-date: /home/ivan/Webots_YOLOv8/install/soccer_vision_3d_msgs/local/lib/python3.10/dist-packages/soccer_vision_3d_msgs/msg/_robot_array_s.c
[1.266s] -- Up-to-date: /home/ivan/Webots_YOLOv8/install/soccer_vision_3d_msgs/local/lib/python3.10/dist-packages/soccer_vision_3d_msgs/msg/_robot.py
[1.266s] -- Up-to-date: /home/ivan/Webots_YOLOv8/install/soccer_vision_3d_msgs/local/lib/python3.10/dist-packages/soccer_vision_3d_msgs/msg/_goalpost_s.c
[1.267s] -- Up-to-date: /home/ivan/Webots_YOLOv8/install/soccer_vision_3d_msgs/local/lib/python3.10/dist-packages/soccer_vision_3d_msgs/msg/_marking_ellipse.py
[1.267s] -- Up-to-date: /home/ivan/Webots_YOLOv8/install/soccer_vision_3d_msgs/local/lib/python3.10/dist-packages/soccer_vision_3d_msgs/msg/_ball.py
[1.267s] -- Up-to-date: /home/ivan/Webots_YOLOv8/install/soccer_vision_3d_msgs/local/lib/python3.10/dist-packages/soccer_vision_3d_msgs/_soccer_vision_3d_msgs_s.ep.rosidl_typesupport_introspection_c.c
[1.267s] -- Up-to-date: /home/ivan/Webots_YOLOv8/install/soccer_vision_3d_msgs/local/lib/python3.10/dist-packages/soccer_vision_3d_msgs/__init__.py
[1.267s] -- Up-to-date: /home/ivan/Webots_YOLOv8/install/soccer_vision_3d_msgs/local/lib/python3.10/dist-packages/soccer_vision_3d_msgs/soccer_vision_3d_msgs_s__rosidl_typesupport_fastrtps_c.cpython-310-x86_64-linux-gnu.so
[1.267s] -- Up-to-date: /home/ivan/Webots_YOLOv8/install/soccer_vision_3d_msgs/local/lib/python3.10/dist-packages/soccer_vision_3d_msgs/_soccer_vision_3d_msgs_s.ep.rosidl_typesupport_c.c
[1.267s] -- Up-to-date: /home/ivan/Webots_YOLOv8/install/soccer_vision_3d_msgs/local/lib/python3.10/dist-packages/soccer_vision_3d_msgs/soccer_vision_3d_msgs_s__rosidl_typesupport_introspection_c.cpython-310-x86_64-linux-gnu.so
[1.267s] -- Up-to-date: /home/ivan/Webots_YOLOv8/install/soccer_vision_3d_msgs/local/lib/python3.10/dist-packages/soccer_vision_3d_msgs/libsoccer_vision_3d_msgs__rosidl_generator_py.so
[1.286s] Listing '/home/ivan/Webots_YOLOv8/install/soccer_vision_3d_msgs/local/lib/python3.10/dist-packages/soccer_vision_3d_msgs'...
[1.287s] Listing '/home/ivan/Webots_YOLOv8/install/soccer_vision_3d_msgs/local/lib/python3.10/dist-packages/soccer_vision_3d_msgs/msg'...
[1.294s] -- Up-to-date: /home/ivan/Webots_YOLOv8/install/soccer_vision_3d_msgs/local/lib/python3.10/dist-packages/soccer_vision_3d_msgs/soccer_vision_3d_msgs_s__rosidl_typesupport_fastrtps_c.cpython-310-x86_64-linux-gnu.so
[1.294s] -- Up-to-date: /home/ivan/Webots_YOLOv8/install/soccer_vision_3d_msgs/local/lib/python3.10/dist-packages/soccer_vision_3d_msgs/soccer_vision_3d_msgs_s__rosidl_typesupport_introspection_c.cpython-310-x86_64-linux-gnu.so
[1.294s] -- Up-to-date: /home/ivan/Webots_YOLOv8/install/soccer_vision_3d_msgs/local/lib/python3.10/dist-packages/soccer_vision_3d_msgs/soccer_vision_3d_msgs_s__rosidl_typesupport_c.cpython-310-x86_64-linux-gnu.so
[1.294s] -- Up-to-date: /home/ivan/Webots_YOLOv8/install/soccer_vision_3d_msgs/lib/libsoccer_vision_3d_msgs__rosidl_generator_py.so
[1.295s] -- Up-to-date: /home/ivan/Webots_YOLOv8/install/soccer_vision_3d_msgs/share/soccer_vision_3d_msgs/msg/Ball.idl
[1.295s] -- Up-to-date: /home/ivan/Webots_YOLOv8/install/soccer_vision_3d_msgs/share/soccer_vision_3d_msgs/msg/BallArray.idl
[1.295s] -- Up-to-date: /home/ivan/Webots_YOLOv8/install/soccer_vision_3d_msgs/share/soccer_vision_3d_msgs/msg/FieldBoundary.idl
[1.295s] -- Up-to-date: /home/ivan/Webots_YOLOv8/install/soccer_vision_3d_msgs/share/soccer_vision_3d_msgs/msg/Goalpost.idl
[1.295s] -- Up-to-date: /home/ivan/Webots_YOLOv8/install/soccer_vision_3d_msgs/share/soccer_vision_3d_msgs/msg/GoalpostArray.idl
[1.295s] -- Up-to-date: /home/ivan/Webots_YOLOv8/install/soccer_vision_3d_msgs/share/soccer_vision_3d_msgs/msg/MarkingEllipse.idl
[1.295s] -- Up-to-date: /home/ivan/Webots_YOLOv8/install/soccer_vision_3d_msgs/share/soccer_vision_3d_msgs/msg/MarkingIntersection.idl
[1.295s] -- Up-to-date: /home/ivan/Webots_YOLOv8/install/soccer_vision_3d_msgs/share/soccer_vision_3d_msgs/msg/MarkingSegment.idl
[1.295s] -- Up-to-date: /home/ivan/Webots_YOLOv8/install/soccer_vision_3d_msgs/share/soccer_vision_3d_msgs/msg/MarkingArray.idl
[1.296s] -- Up-to-date: /home/ivan/Webots_YOLOv8/install/soccer_vision_3d_msgs/share/soccer_vision_3d_msgs/msg/Obstacle.idl
[1.296s] -- Up-to-date: /home/ivan/Webots_YOLOv8/install/soccer_vision_3d_msgs/share/soccer_vision_3d_msgs/msg/ObstacleArray.idl
[1.296s] -- Up-to-date: /home/ivan/Webots_YOLOv8/install/soccer_vision_3d_msgs/share/soccer_vision_3d_msgs/msg/Robot.idl
[1.296s] -- Up-to-date: /home/ivan/Webots_YOLOv8/install/soccer_vision_3d_msgs/share/soccer_vision_3d_msgs/msg/RobotArray.idl
[1.296s] -- Up-to-date: /home/ivan/Webots_YOLOv8/install/soccer_vision_3d_msgs/share/soccer_vision_3d_msgs/msg/Ball.msg
[1.296s] -- Up-to-date: /home/ivan/Webots_YOLOv8/install/soccer_vision_3d_msgs/share/soccer_vision_3d_msgs/msg/BallArray.msg
[1.296s] -- Up-to-date: /home/ivan/Webots_YOLOv8/install/soccer_vision_3d_msgs/share/soccer_vision_3d_msgs/msg/FieldBoundary.msg
[1.296s] -- Up-to-date: /home/ivan/Webots_YOLOv8/install/soccer_vision_3d_msgs/share/soccer_vision_3d_msgs/msg/Goalpost.msg
[1.296s] -- Up-to-date: /home/ivan/Webots_YOLOv8/install/soccer_vision_3d_msgs/share/soccer_vision_3d_msgs/msg/GoalpostArray.msg
[1.296s] -- Up-to-date: /home/ivan/Webots_YOLOv8/install/soccer_vision_3d_msgs/share/soccer_vision_3d_msgs/msg/MarkingEllipse.msg
[1.297s] -- Up-to-date: /home/ivan/Webots_YOLOv8/install/soccer_vision_3d_msgs/share/soccer_vision_3d_msgs/msg/MarkingIntersection.msg
[1.297s] -- Up-to-date: /home/ivan/Webots_YOLOv8/install/soccer_vision_3d_msgs/share/soccer_vision_3d_msgs/msg/MarkingSegment.msg
[1.297s] -- Up-to-date: /home/ivan/Webots_YOLOv8/install/soccer_vision_3d_msgs/share/soccer_vision_3d_msgs/msg/MarkingArray.msg
[1.297s] -- Up-to-date: /home/ivan/Webots_YOLOv8/install/soccer_vision_3d_msgs/share/soccer_vision_3d_msgs/msg/Obstacle.msg
[1.298s] -- Up-to-date: /home/ivan/Webots_YOLOv8/install/soccer_vision_3d_msgs/share/soccer_vision_3d_msgs/msg/ObstacleArray.msg
[1.298s] -- Up-to-date: /home/ivan/Webots_YOLOv8/install/soccer_vision_3d_msgs/share/soccer_vision_3d_msgs/msg/Robot.msg
[1.298s] -- Up-to-date: /home/ivan/Webots_YOLOv8/install/soccer_vision_3d_msgs/share/soccer_vision_3d_msgs/msg/RobotArray.msg
[1.298s] -- Up-to-date: /home/ivan/Webots_YOLOv8/install/soccer_vision_3d_msgs/share/ament_index/resource_index/package_run_dependencies/soccer_vision_3d_msgs
[1.298s] -- Up-to-date: /home/ivan/Webots_YOLOv8/install/soccer_vision_3d_msgs/share/ament_index/resource_index/parent_prefix_path/soccer_vision_3d_msgs
[1.298s] -- Up-to-date: /home/ivan/Webots_YOLOv8/install/soccer_vision_3d_msgs/share/soccer_vision_3d_msgs/environment/ament_prefix_path.sh
[1.298s] -- Up-to-date: /home/ivan/Webots_YOLOv8/install/soccer_vision_3d_msgs/share/soccer_vision_3d_msgs/environment/ament_prefix_path.dsv
[1.298s] -- Up-to-date: /home/ivan/Webots_YOLOv8/install/soccer_vision_3d_msgs/share/soccer_vision_3d_msgs/environment/path.sh
[1.298s] -- Up-to-date: /home/ivan/Webots_YOLOv8/install/soccer_vision_3d_msgs/share/soccer_vision_3d_msgs/environment/path.dsv
[1.298s] -- Up-to-date: /home/ivan/Webots_YOLOv8/install/soccer_vision_3d_msgs/share/soccer_vision_3d_msgs/local_setup.bash
[1.299s] -- Up-to-date: /home/ivan/Webots_YOLOv8/install/soccer_vision_3d_msgs/share/soccer_vision_3d_msgs/local_setup.sh
[1.299s] -- Up-to-date: /home/ivan/Webots_YOLOv8/install/soccer_vision_3d_msgs/share/soccer_vision_3d_msgs/local_setup.zsh
[1.299s] -- Up-to-date: /home/ivan/Webots_YOLOv8/install/soccer_vision_3d_msgs/share/soccer_vision_3d_msgs/local_setup.dsv
[1.299s] -- Installing: /home/ivan/Webots_YOLOv8/install/soccer_vision_3d_msgs/share/soccer_vision_3d_msgs/package.dsv
[1.299s] -- Up-to-date: /home/ivan/Webots_YOLOv8/install/soccer_vision_3d_msgs/share/ament_index/resource_index/packages/soccer_vision_3d_msgs
[1.299s] -- Up-to-date: /home/ivan/Webots_YOLOv8/install/soccer_vision_3d_msgs/share/soccer_vision_3d_msgs/cmake/export_soccer_vision_3d_msgs__rosidl_generator_cExport.cmake
[1.299s] -- Up-to-date: /home/ivan/Webots_YOLOv8/install/soccer_vision_3d_msgs/share/soccer_vision_3d_msgs/cmake/export_soccer_vision_3d_msgs__rosidl_generator_cExport-noconfig.cmake
[1.299s] -- Up-to-date: /home/ivan/Webots_YOLOv8/install/soccer_vision_3d_msgs/share/soccer_vision_3d_msgs/cmake/export_soccer_vision_3d_msgs__rosidl_typesupport_fastrtps_cExport.cmake
[1.299s] -- Up-to-date: /home/ivan/Webots_YOLOv8/install/soccer_vision_3d_msgs/share/soccer_vision_3d_msgs/cmake/export_soccer_vision_3d_msgs__rosidl_typesupport_fastrtps_cExport-noconfig.cmake
[1.300s] -- Up-to-date: /home/ivan/Webots_YOLOv8/install/soccer_vision_3d_msgs/share/soccer_vision_3d_msgs/cmake/soccer_vision_3d_msgs__rosidl_typesupport_introspection_cExport.cmake
[1.300s] -- Up-to-date: /home/ivan/Webots_YOLOv8/install/soccer_vision_3d_msgs/share/soccer_vision_3d_msgs/cmake/soccer_vision_3d_msgs__rosidl_typesupport_introspection_cExport-noconfig.cmake
[1.300s] -- Up-to-date: /home/ivan/Webots_YOLOv8/install/soccer_vision_3d_msgs/share/soccer_vision_3d_msgs/cmake/soccer_vision_3d_msgs__rosidl_typesupport_cExport.cmake
[1.300s] -- Up-to-date: /home/ivan/Webots_YOLOv8/install/soccer_vision_3d_msgs/share/soccer_vision_3d_msgs/cmake/soccer_vision_3d_msgs__rosidl_typesupport_cExport-noconfig.cmake
[1.300s] -- Up-to-date: /home/ivan/Webots_YOLOv8/install/soccer_vision_3d_msgs/share/soccer_vision_3d_msgs/cmake/export_soccer_vision_3d_msgs__rosidl_generator_cppExport.cmake
[1.300s] -- Up-to-date: /home/ivan/Webots_YOLOv8/install/soccer_vision_3d_msgs/share/soccer_vision_3d_msgs/cmake/export_soccer_vision_3d_msgs__rosidl_typesupport_fastrtps_cppExport.cmake
[1.300s] -- Up-to-date: /home/ivan/Webots_YOLOv8/install/soccer_vision_3d_msgs/share/soccer_vision_3d_msgs/cmake/export_soccer_vision_3d_msgs__rosidl_typesupport_fastrtps_cppExport-noconfig.cmake
[1.300s] -- Up-to-date: /home/ivan/Webots_YOLOv8/install/soccer_vision_3d_msgs/share/soccer_vision_3d_msgs/cmake/soccer_vision_3d_msgs__rosidl_typesupport_introspection_cppExport.cmake
[1.300s] -- Up-to-date: /home/ivan/Webots_YOLOv8/install/soccer_vision_3d_msgs/share/soccer_vision_3d_msgs/cmake/soccer_vision_3d_msgs__rosidl_typesupport_introspection_cppExport-noconfig.cmake
[1.300s] -- Up-to-date: /home/ivan/Webots_YOLOv8/install/soccer_vision_3d_msgs/share/soccer_vision_3d_msgs/cmake/soccer_vision_3d_msgs__rosidl_typesupport_cppExport.cmake
[1.301s] -- Up-to-date: /home/ivan/Webots_YOLOv8/install/soccer_vision_3d_msgs/share/soccer_vision_3d_msgs/cmake/soccer_vision_3d_msgs__rosidl_typesupport_cppExport-noconfig.cmake
[1.301s] -- Up-to-date: /home/ivan/Webots_YOLOv8/install/soccer_vision_3d_msgs/share/soccer_vision_3d_msgs/cmake/export_soccer_vision_3d_msgs__rosidl_generator_pyExport.cmake
[1.301s] -- Up-to-date: /home/ivan/Webots_YOLOv8/install/soccer_vision_3d_msgs/share/soccer_vision_3d_msgs/cmake/export_soccer_vision_3d_msgs__rosidl_generator_pyExport-noconfig.cmake
[1.301s] -- Up-to-date: /home/ivan/Webots_YOLOv8/install/soccer_vision_3d_msgs/share/soccer_vision_3d_msgs/cmake/rosidl_cmake-extras.cmake
[1.301s] -- Up-to-date: /home/ivan/Webots_YOLOv8/install/soccer_vision_3d_msgs/share/soccer_vision_3d_msgs/cmake/ament_cmake_export_dependencies-extras.cmake
[1.301s] -- Up-to-date: /home/ivan/Webots_YOLOv8/install/soccer_vision_3d_msgs/share/soccer_vision_3d_msgs/cmake/ament_cmake_export_include_directories-extras.cmake
[1.301s] -- Up-to-date: /home/ivan/Webots_YOLOv8/install/soccer_vision_3d_msgs/share/soccer_vision_3d_msgs/cmake/ament_cmake_export_libraries-extras.cmake
[1.301s] -- Up-to-date: /home/ivan/Webots_YOLOv8/install/soccer_vision_3d_msgs/share/soccer_vision_3d_msgs/cmake/ament_cmake_export_targets-extras.cmake
[1.301s] -- Up-to-date: /home/ivan/Webots_YOLOv8/install/soccer_vision_3d_msgs/share/soccer_vision_3d_msgs/cmake/rosidl_cmake_export_typesupport_targets-extras.cmake
[1.302s] -- Up-to-date: /home/ivan/Webots_YOLOv8/install/soccer_vision_3d_msgs/share/soccer_vision_3d_msgs/cmake/rosidl_cmake_export_typesupport_libraries-extras.cmake
[1.302s] -- Up-to-date: /home/ivan/Webots_YOLOv8/install/soccer_vision_3d_msgs/share/soccer_vision_3d_msgs/cmake/soccer_vision_3d_msgsConfig.cmake
[1.302s] -- Up-to-date: /home/ivan/Webots_YOLOv8/install/soccer_vision_3d_msgs/share/soccer_vision_3d_msgs/cmake/soccer_vision_3d_msgsConfig-version.cmake
[1.302s] -- Up-to-date: /home/ivan/Webots_YOLOv8/install/soccer_vision_3d_msgs/share/soccer_vision_3d_msgs/package.xml
[1.325s] Invoked command in '/home/ivan/Webots_YOLOv8/build/soccer_vision_3d_msgs' returned '0': CMAKE_PREFIX_PATH=/home/ivan/Webots_YOLOv8/install/soccer_vision_attribute_msgs:/home/ivan/Webots_YOLOv8/install/soccer_interfaces:/home/ivan/Webots_YOLOv8/install/soccer_vision_3d_msgs:/home/ivan/Webots_YOLOv8/install/soccer_vision_2d_msgs:/home/ivan/Webots_YOLOv8/install/soccer_model_msgs:/home/ivan/Webots_YOLOv8/install/soccer_geometry_msgs:/home/ivan/Webots_YOLOv8/install/ipm_interfaces:/home/ivan/ros2_ws/install/edrom_msgs:/home/ivan/Webots_YOLOv8/install/soccer_ipm:/home/ivan/Webots_YOLOv8/install/Webots_YOLOv8:/home/ivan/Webots_YOLOv8/install/my_package:/home/ivan/Webots_YOLOv8/install/ipm_service:/home/ivan/Webots_YOLOv8/install/ipm_image_node:/home/ivan/Webots_YOLOv8/install/ipm_library:/home/ivan/ros2_ws/install/object_finder_onnx:/home/ivan/ros2_ws/install/object_finder:/home/ivan/ros2_ws/install/my_package:/home/ivan/ros2_ws/install/Webots_YOLOv8:/opt/ros/humble LD_LIBRARY_PATH=/home/ivan/Webots_YOLOv8/install/soccer_vision_attribute_msgs/lib:/home/ivan/Webots_YOLOv8/install/soccer_vision_3d_msgs/lib:/home/ivan/Webots_YOLOv8/install/soccer_vision_2d_msgs/lib:/home/ivan/Webots_YOLOv8/install/soccer_model_msgs/lib:/home/ivan/Webots_YOLOv8/install/soccer_geometry_msgs/lib:/home/ivan/Webots_YOLOv8/install/ipm_interfaces/lib:/home/ivan/ros2_ws/install/edrom_msgs/lib:/opt/ros/humble/opt/rviz_ogre_vendor/lib:/opt/ros/humble/lib/x86_64-linux-gnu:/opt/ros/humble/lib /usr/bin/cmake --install /home/ivan/Webots_YOLOv8/build/soccer_vision_3d_msgs
